Python for Data Science/POS_Data.csv
SKU ID,Date,Manufacturer,Sector,Category,Segment,Brand,Revenue($),Unit_price,Units_sold,Page_traffic
SKU1029,05-01-21,Synergix solutions ,Oral Care,Toothpaste,Whitening Toothpaste,Close-up,0,,0,0
SKU1029,4/16/2022,Synergix solutions ,Oral Care,Toothpaste,Whitening Toothpaste,Close-up,23204,14.08864602,1647,4922
SKU1029,8/21/2021,Synergix solutions ,Oral Care,Toothpaste,Whitening Toothpaste,Close-up,0,,0,0
SKU1029,12/24/2022,Synergix solutions ,Oral Care,Toothpaste,Whitening Toothpaste,Close-up,0,,0,0
SKU1029,6/25/2022,Synergix solutions ,Oral Care,Toothpaste,Whitening Toothpaste,Close-up,24359,24.0701581,1012,4923
SKU1029,2/20/2021,Synergix solutions ,Oral Care,Toothpaste,Whitening Toothpaste,Close-up,0,,0,0
SKU1029,5/14/2022,Synergix solutions ,Oral Care,Toothpaste,Whitening Toothpaste,Close-up,33363,18.91326531,1764,5195
SKU1029,1/29/2022,Synergix solutions ,Oral Care,Toothpaste,Whitening Toothpaste,Close-up,0,,0,0
SKU1029,06-04-22,Synergix solutions ,Oral Care,Toothpaste,Whitening Toothpaste,Close-up,0,,0,0
SKU1029,02-12-22,Synergix solutions ,Oral Care,Toothpaste,Whitening Toothpaste,Close-up,22138,23.55106383,940,2738
SKU1029,3/20/2021,Synergix solutions ,Oral Care,Toothpaste,Whitening Toothpaste,Close-up,8280,13.248,625,3266
SKU1029,11-05-22,Synergix solutions ,Oral Care,Toothpaste,Whitening Toothpaste,Close-up,19998,19.3030888,1036,2478
SKU1029,8/28/2021,Synergix solutions ,Oral Care,Toothpaste,Whitening Toothpaste,Close-up,22088,38.48083624,574,5109
SKU1029,04-10-21,Synergix solutions ,Oral Care,Toothpaste,Whitening Toothpaste,Close-up,34250,24.90909091,1375,4644
SKU1029,07-10-21,Synergix solutions ,Oral Care,Toothpaste,Whitening Toothpaste,Close-up,19947,18.50371058,1078,4025
SKU1029,04-09-22,Synergix solutions ,Oral Care,Toothpaste,Whitening Toothpaste,Close-up,18801,13.19368421,1425,4761
SKU1029,5/21/2022,Synergix solutions ,Oral Care,Toothpaste,Whitening Toothpaste,Close-up,31319,26.90635739,1164,3790
SKU1029,09-03-22,Synergix solutions ,Oral Care,Toothpaste,Whitening Toothpaste,Close-up,0,,0,0
SKU1029,6/18/2022,Synergix solutions ,Oral Care,Toothpaste,Whitening Toothpaste,Close-up,35418,21.37477369,1657,4651
SKU1029,10/30/2021,Synergix solutions ,Oral Care,Toothpaste,Whitening Toothpaste,Close-up,20679,15.01742919,1377,2853
SKU1029,01-09-21,Synergix solutions ,Oral Care,Toothpaste,Whitening Toothpaste,Close-up,24815,20.20765472,1228,2725
SKU1029,07-09-22,Synergix solutions ,Oral Care,Toothpaste,Whitening Toothpaste,Close-up,0,,0,0
SKU1029,07-10-21,Synergix solutions ,Oral Care,Toothpaste,Whitening Toothpaste,Close-up,31733,26.75632378,1186,3203
SKU1029,2/27/2021,Synergix solutions ,Oral Care,Toothpaste,Whitening Toothpaste,Close-up,0,,0,0
SKU1029,07-10-21,Synergix solutions ,Oral Care,Toothpaste,Whitening Toothpaste,Close-up,0,,0,0
SKU1029,01-09-21,Synergix solutions ,Oral Care,Toothpaste,Whitening Toothpaste,Close-up,13210,16.43034826,804,5691
SKU1029,05-08-21,Synergix solutions ,Oral Care,Toothpaste,Whitening Toothpaste,Close-up,19688,23.35468565,843,1277
SKU1029,10-02-21,Synergix solutions ,Oral Care,Toothpaste,Whitening Toothpaste,Close-up,0,,0,0
SKU1029,12/18/2021,Synergix solutions ,Oral Care,Toothpaste,Whitening Toothpaste,Close-up,0,,0,0
SKU1029,4/24/2021,Synergix solutions ,Oral Care,Toothpaste,Whitening Toothpaste,Close-up,0,,0,0
SKU1029,2/27/2021,Synergix solutions ,Oral Care,Toothpaste,Whitening Toothpaste,Close-up,24226,20.44388186,1185,2637
SKU1029,9/25/2021,Synergix solutions ,Oral Care,Toothpaste,Whitening Toothpaste,Close-up,0,,0,0
SKU1029,2/26/2022,Synergix solutions ,Oral Care,Toothpaste,Whitening Toothpaste,Close-up,0,,0,0
SKU1029,09-04-21,Synergix solutions ,Oral Care,Toothpaste,Whitening Toothpaste,Close-up,10518,26.09925558,403,661
SKU1029,2/20/2021,Synergix solutions ,Oral Care,Toothpaste,Whitening Toothpaste,Close-up,15759,25.41774194,620,4103
SKU1029,10/30/2021,Synergix solutions ,Oral Care,Toothpaste,Whitening Toothpaste,Close-up,0,,0,0
SKU1029,02-12-22,Synergix solutions ,Oral Care,Toothpaste,Whitening Toothpaste,Close-up,26514,17.72326203,1496,4752
SKU1029,6/25/2022,Synergix solutions ,Oral Care,Toothpaste,Whitening Toothpaste,Close-up,15596,10.66028708,1463,5192
SKU1029,8/20/2022,Synergix solutions ,Oral Care,Toothpaste,Whitening Toothpaste,Close-up,37527,26.46473907,1418,3280
SKU1029,10-08-22,Synergix solutions ,Oral Care,Toothpaste,Whitening Toothpaste,Close-up,33107,37.62159091,880,3160
SKU1029,07-10-21,Synergix solutions ,Oral Care,Toothpaste,Whitening Toothpaste,Close-up,17540,15.71684588,1116,3207
SKU1029,2/19/2022,Synergix solutions ,Oral Care,Toothpaste,Whitening Toothpaste,Close-up,19008,15.98654331,1189,3290
SKU1029,04-02-22,Synergix solutions ,Oral Care,Toothpaste,Whitening Toothpaste,Close-up,41517,19.27437326,2154,6505
SKU1029,11/27/2021,Synergix solutions ,Oral Care,Toothpaste,Whitening Toothpaste,Close-up,0,,0,0
SKU1029,5/29/2021,Synergix solutions ,Oral Care,Toothpaste,Whitening Toothpaste,Close-up,33766,16.69930762,2022,4455
SKU1029,9/24/2022,Synergix solutions ,Oral Care,Toothpaste,Whitening Toothpaste,Close-up,40008,37.8147448,1058,1646
SKU1054,05-08-21,Synergix solutions ,Oral Care,Toothpaste,Fluoride-Free Toothpaste,Tom's of Maine,0,,0,0
SKU1054,8/14/2021,Synergix solutions ,Oral Care,Toothpaste,Fluoride-Free Toothpaste,Tom's of Maine,0,,0,0
SKU1054,09-11-21,Synergix solutions ,Oral Care,Toothpaste,Fluoride-Free Toothpaste,Tom's of Maine,0,,0,0
SKU1054,10/29/2022,Synergix solutions ,Oral Care,Toothpaste,Fluoride-Free Toothpaste,Tom's of Maine,0,,0,0
SKU1054,03-05-22,Synergix solutions ,Oral Care,Toothpaste,Fluoride-Free Toothpaste,Tom's of Maine,20780,14.61322082,1422,3513
SKU1054,5/21/2022,Synergix solutions ,Oral Care,Toothpaste,Fluoride-Free Toothpaste,Tom's of Maine,30185,31.64046122,954,3436
SKU1054,7/17/2021,Synergix solutions ,Oral Care,Toothpaste,Fluoride-Free Toothpaste,Tom's of Maine,10752,19.83763838,542,3624
SKU1054,05-01-21,Synergix solutions ,Oral Care,Toothpaste,Fluoride-Free Toothpaste,Tom's of Maine,36508,22.41129527,1629,5785
SKU1054,10/22/2022,Synergix solutions ,Oral Care,Toothpaste,Fluoride-Free Toothpaste,Tom's of Maine,39818,18.56317016,2145,4169
SKU1054,7/24/2021,Synergix solutions ,Oral Care,Toothpaste,Fluoride-Free Toothpaste,Tom's of Maine,18896,17.79284369,1062,2593
SKU1054,08-07-21,Synergix solutions ,Oral Care,Toothpaste,Fluoride-Free Toothpaste,Tom's of Maine,12932,15.88697789,814,2228
SKU1054,06-05-21,Synergix solutions ,Oral Care,Toothpaste,Fluoride-Free Toothpaste,Tom's of Maine,32398,20.58322745,1574,6092
SKU1054,06-05-21,Synergix solutions ,Oral Care,Toothpaste,Fluoride-Free Toothpaste,Tom's of Maine,12401,16.10519481,770,3115
SKU1054,02-12-22,Synergix solutions ,Oral Care,Toothpaste,Fluoride-Free Toothpaste,Tom's of Maine,0,,0,0
SKU1054,08-06-22,Synergix solutions ,Oral Care,Toothpaste,Fluoride-Free Toothpaste,Tom's of Maine,21827,20.82729008,1048,5320
SKU1054,5/15/2021,Synergix solutions ,Oral Care,Toothpaste,Fluoride-Free Toothpaste,Tom's of Maine,0,,0,0
SKU1054,07-10-21,Synergix solutions ,Oral Care,Toothpaste,Fluoride-Free Toothpaste,Tom's of Maine,14345,14.77342945,971,3528
SKU1054,07-02-22,Synergix solutions ,Oral Care,Toothpaste,Fluoride-Free Toothpaste,Tom's of Maine,0,,0,0
SKU1054,01-09-21,Synergix solutions ,Oral Care,Toothpaste,Fluoride-Free Toothpaste,Tom's of Maine,0,,0,0
SKU1054,12/17/2022,Synergix solutions ,Oral Care,Toothpaste,Fluoride-Free Toothpaste,Tom's of Maine,25460,22.49116608,1132,1823
SKU1054,02-12-22,Synergix solutions ,Oral Care,Toothpaste,Fluoride-Free Toothpaste,Tom's of Maine,6343,8.797503467,721,2225
SKU1054,6/26/2021,Synergix solutions ,Oral Care,Toothpaste,Fluoride-Free Toothpaste,Tom's of Maine,14419,16.9038687,853,3003
SKU1054,9/18/2021,Synergix solutions ,Oral Care,Toothpaste,Fluoride-Free Toothpaste,Tom's of Maine,0,,0,0
SKU1054,12/31/2022,Synergix solutions ,Oral Care,Toothpaste,Fluoride-Free Toothpaste,Tom's of Maine,21269,29.74685315,715,436
SKU1054,5/22/2021,Synergix solutions ,Oral Care,Toothpaste,Fluoride-Free Toothpaste,Tom's of Maine,28589,14.84371755,1926,5383
SKU1054,3/20/2021,Synergix solutions ,Oral Care,Toothpaste,Fluoride-Free Toothpaste,Tom's of Maine,23038,27.00820633,853,2446
SKU1054,01-01-22,Synergix solutions ,Oral Care,Toothpaste,Fluoride-Free Toothpaste,Tom's of Maine,0,,0,0
SKU1054,12/31/2022,Synergix solutions ,Oral Care,Toothpaste,Fluoride-Free Toothpaste,Tom's of Maine,0,,0,0
SKU1054,2/27/2021,Synergix solutions ,Oral Care,Toothpaste,Fluoride-Free Toothpaste,Tom's of Maine,0,,0,0
SKU1054,11/13/2021,Synergix solutions ,Oral Care,Toothpaste,Fluoride-Free Toothpaste,Tom's of Maine,0,,0,0
SKU1054,5/15/2021,Synergix solutions ,Oral Care,Toothpaste,Fluoride-Free Toothpaste,Tom's of Maine,0,,0,0
SKU1054,02-05-22,Synergix solutions ,Oral Care,Toothpaste,Fluoride-Free Toothpaste,Tom's of Maine,0,,0,0
SKU1054,05-01-21,Synergix solutions ,Oral Care,Toothpaste,Fluoride-Free Toothpaste,Tom's of Maine,0,,0,0
SKU1054,11-12-22,Synergix solutions ,Oral Care,Toothpaste,Fluoride-Free Toothpaste,Tom's of Maine,19908,15.91366906,1251,1155
SKU1068,01-08-22,Synergix solutions ,Oral Care,Toothpaste,Fluoride-Free Toothpaste,Himalaya Herbals,0,,0,0
SKU1068,4/24/2021,Synergix solutions ,Oral Care,Toothpaste,Fluoride-Free Toothpaste,Himalaya Herbals,17760,13.66153846,1300,4087
SKU1068,10-02-21,Synergix solutions ,Oral Care,Toothpaste,,Himalaya Herbals,24734,11.82879005,2091,5142
SKU1068,05-08-21,Synergix solutions ,Oral Care,Toothpaste,Fluoride-Free Toothpaste,Himalaya Herbals,11246,13.76499388,817,2478
SKU1068,12/31/2022,Synergix solutions ,Oral Care,Toothpaste,Fluoride-Free Toothpaste,Himalaya Herbals,0,,0,0
SKU1068,04-02-22,Synergix solutions ,Oral Care,Toothpaste,Fluoride-Free Toothpaste,Himalaya Herbals,0,,0,0
SKU1068,11/20/2021,Synergix solutions ,Oral Care,Toothpaste,Fluoride-Free Toothpaste,Himalaya Herbals,23697,15.67261905,1512,4902
SKU1068,10/23/2021,Synergix solutions ,Oral Care,Toothpaste,Fluoride-Free Toothpaste,Himalaya Herbals,0,,0,0
SKU1068,09-11-21,Synergix solutions ,Oral Care,Toothpaste,Fluoride-Free Toothpaste,Himalaya Herbals,0,,0,0
SKU1068,02-06-21,Synergix solutions ,Oral Care,Toothpaste,Fluoride-Free Toothpaste,Himalaya Herbals,28331,24.42327586,1160,5178
SKU1068,6/19/2021,Synergix solutions ,Oral Care,Toothpaste,Fluoride-Free Toothpaste,Himalaya Herbals,0,,0,2061
SKU1068,03-12-22,Synergix solutions ,Oral Care,Toothpaste,Fluoride-Free Toothpaste,Himalaya Herbals,0,,0,0
SKU1068,3/27/2021,Synergix solutions ,Oral Care,Toothpaste,Fluoride-Free Toothpaste,Himalaya Herbals,0,,0,0
SKU1068,06-04-22,Synergix solutions ,Oral Care,Toothpaste,Fluoride-Free Toothpaste,Himalaya Herbals,37391,37.92190669,986,3780
SKU1068,11/13/2021,Synergix solutions ,Oral Care,Toothpaste,Fluoride-Free Toothpaste,Himalaya Herbals,13439,17.25160462,779,1486
SKU1068,2/19/2022,Synergix solutions ,Oral Care,Toothpaste,Fluoride-Free Toothpaste,Himalaya Herbals,23199,30.97329773,749,582
SKU1068,6/18/2022,Synergix solutions ,Oral Care,Toothpaste,Fluoride-Free Toothpaste,Himalaya Herbals,12637,16.32687339,774,1125
SKU1068,11-12-22,Synergix solutions ,Oral Care,Toothpaste,Fluoride-Free Toothpaste,Himalaya Herbals,28601,20.59107271,1389,5617
SKU1068,04-02-22,Synergix solutions ,Oral Care,Toothpaste,Fluoride-Free Toothpaste,Himalaya Herbals,39904,21.28213333,1875,4802
SKU1068,10/30/2021,Synergix solutions ,Oral Care,Toothpaste,Fluoride-Free Toothpaste,Himalaya Herbals,0,,0,0
SKU1068,06-05-21,Synergix solutions ,Oral Care,Toothpaste,Fluoride-Free Toothpaste,Himalaya Herbals,8827,9.090628218,971,1651
SKU1068,11-06-21,Synergix solutions ,Oral Care,Toothpaste,Fluoride-Free Toothpaste,Himalaya Herbals,0,,0,0
SKU1068,04-02-22,Synergix solutions ,Oral Care,Toothpaste,Fluoride-Free Toothpaste,Himalaya Herbals,0,,0,0
SKU1068,09-11-21,Synergix solutions ,Oral Care,Toothpaste,Fluoride-Free Toothpaste,Himalaya Herbals,18421,12.13504611,1518,1429
SKU1068,11-05-22,Synergix solutions ,Oral Care,Toothpaste,Fluoride-Free Toothpaste,Himalaya Herbals,30774,45.52366864,676,1426
SKU1068,1/16/2021,Synergix solutions ,Oral Care,Toothpaste,Fluoride-Free Toothpaste,Himalaya Herbals,0,,0,687
SKU1068,08-06-22,Synergix solutions ,Oral Care,Toothpaste,Fluoride-Free Toothpaste,Himalaya Herbals,0,,0,0
SKU1068,06-11-22,Synergix solutions ,Oral Care,Toothpaste,Fluoride-Free Toothpaste,Himalaya Herbals,0,,0,0
SKU1068,12-04-21,Synergix solutions ,Oral Care,Toothpaste,Fluoride-Free Toothpaste,Himalaya Herbals,0,,0,0
SKU1068,3/13/2021,Synergix solutions ,Oral Care,Toothpaste,Fluoride-Free Toothpaste,Himalaya Herbals,27569,24.70340502,1116,2668
SKU1068,08-07-21,Synergix solutions ,Oral Care,Toothpaste,Fluoride-Free Toothpaste,Himalaya Herbals,30343,14.72961165,2060,5115
SKU1056,11-05-22,Synergix solutions ,Oral Care,Toothpaste,Fluoride-Free Toothpaste,Tom's of Maine,0,,0,0
SKU1056,10/15/2022,Synergix solutions ,Oral Care,Toothpaste,Fluoride-Free Toothpaste,Tom's of Maine,0,,0,0
SKU1056,10/30/2021,Synergix solutions ,Oral Care,Toothpaste,Fluoride-Free Toothpaste,Tom's of Maine,7580,11.04956268,686,2071
SKU1056,10-02-21,Synergix solutions ,Oral Care,Toothpaste,Fluoride-Free Toothpaste,Tom's of Maine,0,,0,0
SKU1056,2/13/2021,Synergix solutions ,Oral Care,Toothpaste,Fluoride-Free Toothpaste,Tom's of Maine,23775,24.9475341,953,45
SKU1056,5/14/2022,Synergix solutions ,Oral Care,Toothpaste,Fluoride-Free Toothpaste,Tom's of Maine,23611,36.94992175,639,1305.944962
SKU1056,07-10-21,Synergix solutions ,Oral Care,Toothpaste,Fluoride-Free Toothpaste,Tom's of Maine,15430,15.84188912,974,3961
SKU1056,12/24/2022,Synergix solutions ,Oral Care,Toothpaste,Fluoride-Free Toothpaste,Tom's of Maine,28285,19.75209497,1432,2485
SKU1056,3/27/2021,Synergix solutions ,Oral Care,Toothpaste,Fluoride-Free Toothpaste,Tom's of Maine,29387,21.8004451,1348,4937
SKU1056,06-12-21,Synergix solutions ,Oral Care,Toothpaste,Fluoride-Free Toothpaste,Tom's of Maine,0,,0,0
SKU1056,3/20/2021,Synergix solutions ,Oral Care,Toothpaste,Fluoride-Free Toothpaste,Tom's of Maine,12399,11.26158038,1101,3597
SKU1056,8/14/2021,Synergix solutions ,Oral Care,Toothpaste,Fluoride-Free Toothpaste,Tom's of Maine,0,,0,0
SKU1056,05-08-21,Synergix solutions ,Oral Care,Toothpaste,Fluoride-Free Toothpaste,Tom's of Maine,0,,0,0
SKU1056,2/27/2021,Synergix solutions ,Oral Care,Toothpaste,Fluoride-Free Toothpaste,Tom's of Maine,31305,19.71347607,1588,4531
SKU1056,06-11-22,Synergix solutions ,Oral Care,Toothpaste,Fluoride-Free Toothpaste,Tom's of Maine,16230,18.85017422,861,3380
SKU1056,06-05-21,Synergix solutions ,Oral Care,Toothpaste,Fluoride-Free Toothpaste,Tom's of Maine,27110,19.05130007,1423,5598
SKU1056,9/24/2022,Synergix solutions ,Oral Care,Toothpaste,Fluoride-Free Toothpaste,Tom's of Maine,417,59.57142857,7,157
SKU1056,12-03-22,Synergix solutions ,Oral Care,Toothpaste,Fluoride-Free Toothpaste,Tom's of Maine,0,,0,0
SKU1056,12/25/2021,Synergix solutions ,Oral Care,Toothpaste,Fluoride-Free Toothpaste,Tom's of Maine,0,,0,0
SKU1056,4/17/2021,Synergix solutions ,Oral Care,Toothpaste,Fluoride-Free Toothpaste,Tom's of Maine,0,,0,0
SKU1056,02-05-22,Synergix solutions ,Oral Care,Toothpaste,Fluoride-Free Toothpaste,Tom's of Maine,0,,0,0
SKU1056,2/20/2021,Synergix solutions ,Oral Care,Toothpaste,Fluoride-Free Toothpaste,Tom's of Maine,21270,19.46020128,1093,2548
SKU1056,8/13/2022,Synergix solutions ,Oral Care,Toothpaste,Fluoride-Free Toothpaste,Tom's of Maine,32166,28.74530831,1119,3515
SKU1056,2/26/2022,Synergix solutions ,Oral Care,Toothpaste,Fluoride-Free Toothpaste,Tom's of Maine,0,,0,387
SKU1056,11-05-22,Synergix solutions ,Oral Care,Toothpaste,Fluoride-Free Toothpaste,Tom's of Maine,0,,0,0
SKU1056,07-03-21,Synergix solutions ,Oral Care,Toothpaste,Fluoride-Free Toothpaste,Tom's of Maine,0,,0,0
SKU1056,1/29/2022,Synergix solutions ,Oral Care,Toothpaste,Fluoride-Free Toothpaste,Tom's of Maine,0,,0,0
SKU1056,5/21/2022,Synergix solutions ,Oral Care,Toothpaste,Fluoride-Free Toothpaste,Tom's of Maine,0,,0,0
SKU1056,10-08-22,Synergix solutions ,Oral Care,Toothpaste,Fluoride-Free Toothpaste,Tom's of Maine,33882,28.28213689,1198,2900
SKU1056,3/26/2022,Synergix solutions ,Oral Care,Toothpaste,Fluoride-Free Toothpaste,Tom's of Maine,29218,16.42383361,1779,3824
SKU1056,12-10-22,Synergix solutions ,Oral Care,Toothpaste,Fluoride-Free Toothpaste,Tom's of Maine,43641,20.67314069,2111,3985
SKU1056,5/21/2022,Synergix solutions ,Oral Care,Toothpaste,Fluoride-Free Toothpaste,Tom's of Maine,22773,21.08611111,1080,3437
SKU1056,11/26/2022,Synergix solutions ,Oral Care,Toothpaste,Fluoride-Free Toothpaste,Tom's of Maine,25895,18.9568082,1366,3684
SKU1056,12/17/2022,Synergix solutions ,Oral Care,Toothpaste,Fluoride-Free Toothpaste,Tom's of Maine,21419,13.21344849,1621,2484
SKU1056,12-03-22,Synergix solutions ,Oral Care,Toothpaste,Fluoride-Free Toothpaste,Tom's of Maine,0,,0,0
SKU1056,2/20/2021,Synergix solutions ,Oral Care,Toothpaste,Fluoride-Free Toothpaste,Tom's of Maine,22227,26.94181818,825,4404
