Python for Data Science/POS_Data.csv
SKU ID,Date,Manufacturer,Sector,Category,Segment,Brand,Revenue($),Unit_price,Units_sold,Page_traffic
SKU1061,12-10-22,Synergix solutions ,Oral Care,Toothpaste,Fluoride-Free Toothpaste,Himalaya Herbals,0,,0,0
SKU1061,11-12-22,Synergix solutions ,Oral Care,Toothpaste,Fluoride-Free Toothpaste,Himalaya Herbals,28488,17.89447236,1592,5892
SKU1061,11/20/2021,Synergix solutions ,Oral Care,Toothpaste,Fluoride-Free Toothpaste,Himalaya Herbals,23786,23.45759369,1014,2137
SKU1061,1/29/2022,Synergix solutions ,Oral Care,Toothpaste,Fluoride-Free Toothpaste,Himalaya Herbals,13398,25.76538462,520,1047.961486
SKU1061,8/28/2021,Synergix solutions ,Oral Care,Toothpaste,Fluoride-Free Toothpaste,Himalaya Herbals,11612,9.916310845,1171,1933
SKU1061,6/25/2022,Synergix solutions ,Oral Care,Toothpaste,Fluoride-Free Toothpaste,Himalaya Herbals,19683,26.56275304,741,2652
SKU1061,01-01-22,Synergix solutions ,Oral Care,Toothpaste,Fluoride-Free Toothpaste,Himalaya Herbals,30519,17.20349493,1774,6382
SKU1061,12-11-21,Synergix solutions ,Oral Care,Toothpaste,Fluoride-Free Toothpaste,Himalaya Herbals,0,,0,0
SKU1061,01-01-22,Synergix solutions ,Oral Care,Toothpaste,Fluoride-Free Toothpaste,Himalaya Herbals,0,,0,0
SKU1061,07-02-22,Synergix solutions ,Oral Care,Toothpaste,Fluoride-Free Toothpaste,Himalaya Herbals,0,,0,0
SKU1061,1/22/2022,Synergix solutions ,Oral Care,Toothpaste,Fluoride-Free Toothpaste,Himalaya Herbals,39200,19.20627144,2041,6886
SKU1061,08-06-22,Synergix solutions ,Oral Care,Toothpaste,Fluoride-Free Toothpaste,Himalaya Herbals,0,,0,0
SKU1061,10/30/2021,Synergix solutions ,Oral Care,Toothpaste,Fluoride-Free Toothpaste,Himalaya Herbals,748,24.93333333,30,1162
SKU1061,06-12-21,Synergix solutions ,Oral Care,Toothpaste,Fluoride-Free Toothpaste,Himalaya Herbals,0,,0,696
SKU1061,6/19/2021,Synergix solutions ,Oral Care,Toothpaste,Fluoride-Free Toothpaste,Himalaya Herbals,0,,0,2930
SKU1061,2/26/2022,Synergix solutions ,Oral Care,Toothpaste,Fluoride-Free Toothpaste,Himalaya Herbals,24237,25.37905759,955,3405
SKU1061,8/21/2021,Synergix solutions ,Oral Care,Toothpaste,Fluoride-Free Toothpaste,Himalaya Herbals,22523,22.61345382,996,3348
SKU1061,07-10-21,Synergix solutions ,Oral Care,Toothpaste,Fluoride-Free Toothpaste,Himalaya Herbals,17927,18.85068349,951,2235
SKU1061,10-09-21,Synergix solutions ,Oral Care,Toothpaste,Fluoride-Free Toothpaste,Himalaya Herbals,18139,23.64928292,767,3621
SKU1061,07-02-22,Synergix solutions ,Oral Care,Toothpaste,Fluoride-Free Toothpaste,Himalaya Herbals,16987,39.5967366,429,1416
SKU1061,8/27/2022,Synergix solutions ,Oral Care,Toothpaste,Fluoride-Free Toothpaste,Himalaya Herbals,42937,25.10935673,1710,4988
SKU1061,6/19/2021,Synergix solutions ,Oral Care,Toothpaste,Fluoride-Free Toothpaste,Himalaya Herbals,0,,0,0
SKU1061,9/18/2021,Synergix solutions ,Oral Care,Toothpaste,Fluoride-Free Toothpaste,Himalaya Herbals,16834,10.06216378,1673,5270
SKU1061,04-03-21,Synergix solutions ,Oral Care,Toothpaste,Fluoride-Free Toothpaste,Himalaya Herbals,6971,17.96649485,388,1996
SKU1061,9/25/2021,Synergix solutions ,Oral Care,Toothpaste,Fluoride-Free Toothpaste,Himalaya Herbals,24864,14.11925043,1761,2213
SKU1061,10/23/2021,Synergix solutions ,Oral Care,Toothpaste,Fluoride-Free Toothpaste,Himalaya Herbals,9403,25.20911528,373,1360
SKU1061,7/31/2021,Synergix solutions ,Oral Care,Toothpaste,Fluoride-Free Toothpaste,Himalaya Herbals,0,,0,0
SKU1061,09-11-21,Synergix solutions ,Oral Care,Toothpaste,Fluoride-Free Toothpaste,Himalaya Herbals,26451,27.43879668,964,2961
SKU1061,4/30/2022,Synergix solutions ,Oral Care,Toothpaste,Fluoride-Free Toothpaste,Himalaya Herbals,0,,0,0
SKU1061,7/24/2021,Synergix solutions ,Oral Care,Toothpaste,Fluoride-Free Toothpaste,Himalaya Herbals,32008,31.2578125,1024,2399
SKU1061,9/18/2021,Synergix solutions ,Oral Care,Toothpaste,Fluoride-Free Toothpaste,Himalaya Herbals,23829,24.41495902,976,2322
SKU1061,1/30/2021,Synergix solutions ,Oral Care,Toothpaste,Fluoride-Free Toothpaste,Himalaya Herbals,28818,16.09944134,1790,5560
SKU1061,10/30/2021,Synergix solutions ,Oral Care,Toothpaste,Fluoride-Free Toothpaste,Himalaya Herbals,7418,57.953125,128,241
SKU1019,3/20/2021,Synergix solutions ,Oral Care,Toothpaste,Whitening Toothpaste,Colgate,8239,9.53587963,864,3543
SKU1019,04-09-22,Synergix solutions ,Oral Care,Toothpaste,Whitening Toothpaste,Colgate,0,,0,0
SKU1019,1/23/2021,Synergix solutions ,Oral Care,Toothpaste,Whitening Toothpaste,Colgate,11441,28.96455696,395,1939
SKU1019,12-04-21,Synergix solutions ,Oral Care,Toothpaste,Whitening Toothpaste,Colgate,0,,0,0
SKU1019,07-10-21,Synergix solutions ,Oral Care,Toothpaste,Whitening Toothpaste,Colgate,0,,0,0
SKU1019,05-07-22,Synergix solutions ,Oral Care,Toothpaste,Whitening Toothpaste,Colgate,29457,31.91440953,923,3224
SKU1019,11-05-22,Synergix solutions ,Oral Care,Toothpaste,Whitening Toothpaste,Colgate,28692,18.61907852,1541,3450
SKU1019,7/17/2021,Synergix solutions ,Oral Care,Toothpaste,Whitening Toothpaste,Colgate,0,,0,0
SKU1019,06-04-22,Synergix solutions ,Oral Care,Toothpaste,Whitening Toothpaste,Colgate,36966,18.3,2020,5525
SKU1019,11/20/2021,Synergix solutions ,Oral Care,Toothpaste,Whitening Toothpaste,Colgate,27697,29.37115589,943,3501
SKU1019,02-06-21,Synergix solutions ,Oral Care,Toothpaste,Whitening Toothpaste,Colgate,0,,0,0
SKU1019,8/13/2022,Synergix solutions ,Oral Care,Toothpaste,Whitening Toothpaste,Colgate,0,,0,0
SKU1019,07-02-22,Synergix solutions ,Oral Care,Toothpaste,Whitening Toothpaste,Colgate,0,,0,0
SKU1019,02-05-22,Synergix solutions ,Oral Care,Toothpaste,Whitening Toothpaste,Colgate,28656,19.36216216,1480,4624
SKU1019,4/24/2021,Synergix solutions ,Oral Care,Toothpaste,Whitening Toothpaste,Colgate,11348,14.91195795,761,1064
SKU1019,05-01-21,Synergix solutions ,Oral Care,Toothpaste,Whitening Toothpaste,Colgate,23939,19.55800654,1224,1650
SKU1019,03-06-21,Synergix solutions ,Oral Care,Toothpaste,Whitening Toothpaste,Colgate,12910,26.18661258,493,2804
SKU1019,01-02-21,Synergix solutions ,Oral Care,Toothpaste,Whitening Toothpaste,Colgate,19318,16.53938356,1168,2365.675236
SKU1019,3/20/2021,Synergix solutions ,Oral Care,Toothpaste,Whitening Toothpaste,Colgate,19985,19.57394711,1021,2126
SKU1019,06-11-22,Synergix solutions ,Oral Care,Toothpaste,Whitening Toothpaste,Colgate,30100,27.46350365,1096,2335
SKU1019,11/20/2021,Synergix solutions ,Oral Care,Toothpaste,Whitening Toothpaste,Colgate,30432,20.97312198,1451,4594
SKU1019,07-03-21,Synergix solutions ,Oral Care,Toothpaste,Whitening Toothpaste,Colgate,16395,13.69674185,1197,2754
SKU1019,5/29/2021,Synergix solutions ,Oral Care,Toothpaste,Whitening Toothpaste,Colgate,0,,0,0
SKU1019,10-09-21,Synergix solutions ,Oral Care,Toothpaste,Whitening Toothpaste,Colgate,28446,14.24436655,1997,5888
SKU1019,12/31/2022,Synergix solutions ,Oral Care,Toothpaste,Whitening Toothpaste,Colgate,36739,15.64693356,2348,6786
SKU1019,5/15/2021,Synergix solutions ,Oral Care,Toothpaste,Whitening Toothpaste,Colgate,22014,22.85981308,963,3303
SKU1019,11-05-22,Synergix solutions ,Oral Care,Toothpaste,Whitening Toothpaste,Colgate,23670,12.12602459,1952,3491
SKU1019,11-06-21,Synergix solutions ,Oral Care,Toothpaste,Whitening Toothpaste,Colgate,0,,0,0
SKU1019,03-12-22,Synergix solutions ,Oral Care,Toothpaste,Whitening Toothpaste,Colgate,0,,0,0
SKU1021,04-09-22,Synergix solutions ,Oral Care,Toothpaste,Whitening Toothpaste,Close-up,25243,16.68407138,1513,5639
SKU1021,12-03-22,Synergix solutions ,Oral Care,Toothpaste,Whitening Toothpaste,Close-up,0,,0,0
SKU1021,03-06-21,Synergix solutions ,Oral Care,Toothpaste,Whitening Toothpaste,Close-up,0,,0,0
SKU1021,9/25/2021,Synergix solutions ,Oral Care,Toothpaste,Whitening Toothpaste,Close-up,15535,31.25754527,497,3103
SKU1021,7/31/2021,Synergix solutions ,Oral Care,Toothpaste,Whitening Toothpaste,Close-up,0,,0,0
SKU1021,7/16/2022,Synergix solutions ,Oral Care,Toothpaste,Whitening Toothpaste,Close-up,0,,0,0
SKU1021,01-02-21,Synergix solutions ,Oral Care,Toothpaste,Whitening Toothpaste,Close-up,0,,0,0
SKU1021,2/27/2021,Synergix solutions ,Oral Care,Toothpaste,Whitening Toothpaste,Close-up,14762,17.61575179,838,4106
SKU1021,4/17/2021,Synergix solutions ,Oral Care,Toothpaste,Whitening Toothpaste,Close-up,14520,19.86320109,731,1805
SKU1021,07-03-21,Synergix solutions ,Oral Care,Toothpaste,Whitening Toothpaste,Close-up,33561,20.1205036,1668,4910
SKU1021,06-04-22,Synergix solutions ,Oral Care,Toothpaste,Whitening Toothpaste,Close-up,29333,27.13506013,1081,2942
SKU1021,9/18/2021,Synergix solutions ,Oral Care,Toothpaste,Whitening Toothpaste,Close-up,0,72.61904762,0,0
SKU1021,4/16/2022,Synergix solutions ,Oral Care,Toothpaste,Whitening Toothpaste,Close-up,0,,0,0
SKU1021,2/26/2022,Synergix solutions ,Oral Care,Toothpaste,Whitening Toothpaste,Close-up,17759,25.8125,688,1203
SKU1021,04-10-21,Synergix solutions ,Oral Care,Toothpaste,Whitening Toothpaste,Close-up,29474,25.27787307,1166,4115
SKU1021,11-06-21,Synergix solutions ,Oral Care,Toothpaste,Whitening Toothpaste,Close-up,26038,16.13258984,1614,3896
SKU1021,2/19/2022,Synergix solutions ,Oral Care,Toothpaste,Whitening Toothpaste,Close-up,0,,0,0
SKU1021,2/27/2021,Synergix solutions ,Oral Care,Toothpaste,Whitening Toothpaste,Close-up,19454,33.02886248,589,2191
SKU1021,10-08-22,Synergix solutions ,Oral Care,Toothpaste,Whitening Toothpaste,Close-up,36683,31.76017316,1155,2896
SKU1021,05-01-21,Synergix solutions ,Oral Care,Toothpaste,Whitening Toothpaste,Close-up,6582,67.16326531,98,3295
SKU1021,8/27/2022,Synergix solutions ,Oral Care,Toothpaste,Whitening Toothpaste,Close-up,5672,17.34556575,327,4336
SKU1021,05-01-21,Synergix solutions ,Oral Care,Toothpaste,Whitening Toothpaste,Close-up,24434,56.29953917,434,3968
SKU1021,12/24/2022,Synergix solutions ,Oral Care,Toothpaste,Whitening Toothpaste,Close-up,16520,18.23399558,906,1473
SKU1021,12-11-21,Synergix solutions ,Oral Care,Toothpaste,Whitening Toothpaste,Close-up,25768,32.74205845,787,1954
SKU1021,10/29/2022,Synergix solutions ,Oral Care,Toothpaste,Whitening Toothpaste,Close-up,28956,35.88104089,807,1501
SKU1021,08-07-21,Synergix solutions ,Oral Care,Toothpaste,Whitening Toothpaste,Close-up,32294,22.27172414,1450,4600
SKU1021,11/13/2021,Synergix solutions ,Oral Care,Toothpaste,Whitening Toothpaste,Close-up,29708,30.56378601,972,2389
SKU1021,08-07-21,Synergix solutions ,Oral Care,Toothpaste,Whitening Toothpaste,Close-up,18392,18.3187251,1004,5150
SKU1021,6/19/2021,Synergix solutions ,Oral Care,Toothpaste,Whitening Toothpaste,Close-up,0,,0,0
SKU1044,4/23/2022,Synergix solutions ,Oral Care,Toothpaste,Sensitivity Toothpaste,Sensodyne,24707,16.37309476,1509,5161
SKU1044,4/17/2021,Synergix solutions ,Oral Care,Toothpaste,Sensitivity Toothpaste,Sensodyne,16106,12.73201581,1265,5351
SKU1044,06-04-22,Synergix solutions ,Oral Care,Toothpaste,Sensitivity Toothpaste,Sensodyne,0,,0,0
SKU1044,01-02-21,Synergix solutions ,Oral Care,Toothpaste,Sensitivity Toothpaste,Sensodyne,25601,22.69592199,1128,7817
SKU1044,06-05-21,Synergix solutions ,Oral Care,Toothpaste,Sensitivity Toothpaste,Sensodyne,0,,0,0
SKU1044,2/27/2021,Synergix solutions ,Oral Care,Toothpaste,Sensitivity Toothpaste,Sensodyne,25669,33.775,760,3157
SKU1044,3/27/2021,Synergix solutions ,Oral Care,Toothpaste,Sensitivity Toothpaste,Sensodyne,29960,18.50525015,1619,4800
SKU1044,07-03-21,Synergix solutions ,Oral Care,Toothpaste,Sensitivity Toothpaste,Sensodyne,22035,13.67783985,1611,5353
SKU1044,01-02-21,Synergix solutions ,Oral Care,Toothpaste,Sensitivity Toothpaste,Sensodyne,17240,21.28395062,810,4034
SKU1044,11/26/2022,Synergix solutions ,Oral Care,Toothpaste,Sensitivity Toothpaste,Sensodyne,18239,19.88985823,917,2411
SKU1044,1/16/2021,Synergix solutions ,Oral Care,Toothpaste,Sensitivity Toothpaste,Sensodyne,13087,15.00802752,872,3896
SKU1044,2/13/2021,Synergix solutions ,Oral Care,Toothpaste,Sensitivity Toothpaste,Sensodyne,19096,30.8,620,3042
SKU1044,11/26/2022,Synergix solutions ,Oral Care,Toothpaste,Sensitivity Toothpaste,Sensodyne,0,,0,0
SKU1044,07-02-22,Synergix solutions ,Oral Care,Toothpaste,Sensitivity Toothpaste,Sensodyne,0,,0,0
SKU1044,2/13/2021,Synergix solutions ,Oral Care,Toothpaste,Sensitivity Toothpaste,Sensodyne,0,8.22972973,0,0
SKU1044,5/28/2022,Synergix solutions ,Oral Care,Toothpaste,Sensitivity Toothpaste,Sensodyne,0,,0,0
SKU1044,08-06-22,Synergix solutions ,Oral Care,Toothpaste,Sensitivity Toothpaste,Sensodyne,27256,32.02820212,851,3528
SKU1044,1/15/2022,Synergix solutions ,Oral Care,Toothpaste,Sensitivity Toothpaste,Sensodyne,24345,23.63592233,1030,2038
SKU1044,7/23/2022,Synergix solutions ,Oral Care,Toothpaste,Sensitivity Toothpaste,Sensodyne,24144,25.28167539,955,1960
SKU1044,10/15/2022,Synergix solutions ,Oral Care,Toothpaste,Sensitivity Toothpaste,Sensodyne,0,,0,0
SKU1044,2/13/2021,Synergix solutions ,Oral Care,Toothpaste,Sensitivity Toothpaste,Sensodyne,18888,32.84869565,575,3527
SKU1044,5/29/2021,Synergix solutions ,Oral Care,Toothpaste,Sensitivity Toothpaste,Sensodyne,32305,15.2310231,2121,3312
SKU1044,12-10-22,Synergix solutions ,Oral Care,Toothpaste,Sensitivity Toothpaste,Sensodyne,23046,37.11111111,621,908
SKU1044,1/16/2021,Synergix solutions ,Oral Care,Toothpaste,Sensitivity Toothpaste,Sensodyne,0,,0,0
SKU1044,8/27/2022,Synergix solutions ,Oral Care,Toothpaste,Sensitivity Toothpaste,Sensodyne,40957,38.17054986,1073,1533
SKU1044,8/20/2022,Synergix solutions ,Oral Care,Toothpaste,Sensitivity Toothpaste,Sensodyne,28237,36.43483871,775,1097
SKU1044,1/23/2021,Synergix solutions ,Oral Care,Toothpaste,Sensitivity Toothpaste,Sensodyne,21002,19.05807623,1102,3498
SKU1044,7/31/2021,Synergix solutions ,Oral Care,Toothpaste,Sensitivity Toothpaste,Sensodyne,23944,23.4056696,1023,2817
SKU1044,04-02-22,Synergix solutions ,Oral Care,Toothpaste,Sensitivity Toothpaste,Sensodyne,23173,16.17096999,1433,2885
SKU1044,4/16/2022,Synergix solutions ,Oral Care,Toothpaste,Sensitivity Toothpaste,Sensodyne,22267,20.61759259,1080,3212
SKU1044,12-11-21,Synergix solutions ,Oral Care,Toothpaste,Sensitivity Toothpaste,Sensodyne,17577,19.86101695,885,2870
SKU1044,03-06-21,Synergix solutions ,Oral Care,Toothpaste,Sensitivity Toothpaste,Sensodyne,15329,24.5264,625,4876
SKU1044,4/24/2021,Synergix solutions ,Oral Care,Toothpaste,Sensitivity Toothpaste,Sensodyne,9918,26.03149606,381,448
SKU1044,8/27/2022,Synergix solutions ,Oral Care,Toothpaste,Sensitivity Toothpaste,Sensodyne,30413,34.59954494,879,953
SKU1044,08-07-21,Synergix solutions ,Oral Care,Toothpaste,Sensitivity Toothpaste,Sensodyne,0,,0,0
SKU1044,9/17/2022,Synergix solutions ,Oral Care,Toothpaste,Sensitivity Toothpaste,Sensodyne,0,,0,0
SKU1044,11-05-22,Synergix solutions ,Oral Care,Toothpaste,Sensitivity Toothpaste,Sensodyne,0,,0,0
