Python for Data Science/POS_Data.csv
SKU ID,Date,Manufacturer,Sector,Category,Segment,Brand,Revenue($),Unit_price,Units_sold,Page_traffic
SKU1017,06-11-22,Synergix solutions ,Oral Care,Toothpaste,Whitening Toothpaste,Colgate,25987,17.93443754,1449,4400
SKU1017,7/30/2022,Synergix solutions ,Oral Care,Toothpaste,Whitening Toothpaste,Colgate,25605,17.44209809,1468,4833
SKU1017,3/19/2022,Synergix solutions ,Oral Care,Toothpaste,Whitening Toothpaste,Colgate,0,,0,0
SKU1017,11-05-22,Synergix solutions ,Oral Care,Toothpaste,Whitening Toothpaste,Colgate,0,,0,0
SKU1017,02-06-21,Synergix solutions ,Oral Care,Toothpaste,Whitening Toothpaste,Colgate,0,,0,2650
SKU1017,8/28/2021,Synergix solutions ,Oral Care,Toothpaste,Whitening Toothpaste,Colgate,0,,0,0
SKU1017,10/23/2021,Synergix solutions ,Oral Care,Toothpaste,Whitening Toothpaste,Colgate,0,,0,0
SKU1017,7/31/2021,Synergix solutions ,Oral Care,Toothpaste,Whitening Toothpaste,Colgate,25077,21.88219895,1146,5023
SKU1017,12/25/2021,Synergix solutions ,Oral Care,Toothpaste,Whitening Toothpaste,Colgate,0,,0,0
SKU1017,5/21/2022,Synergix solutions ,Oral Care,Toothpaste,Whitening Toothpaste,Colgate,25808,17.92222222,1440,2202
SKU1017,06-04-22,Synergix solutions ,Oral Care,Toothpaste,Whitening Toothpaste,Colgate,0,,0,0
SKU1017,8/14/2021,Synergix solutions ,Oral Care,Toothpaste,Whitening Toothpaste,Colgate,24232,23.10009533,1049,3097
SKU1017,11-12-22,Synergix solutions ,Oral Care,Toothpaste,Whitening Toothpaste,Colgate,0,,0,0
SKU1017,6/19/2021,Synergix solutions ,Oral Care,Toothpaste,Whitening Toothpaste,Colgate,18090,21.2573443,851,1821.686171
SKU1017,5/14/2022,Synergix solutions ,Oral Care,Toothpaste,Whitening Toothpaste,Colgate,39415,32.12306438,1227,4253
SKU1017,10-02-21,Synergix solutions ,Oral Care,Toothpaste,Whitening Toothpaste,Colgate,17845,15.41018998,1158,3186
SKU1017,10/23/2021,Synergix solutions ,Oral Care,Toothpaste,Whitening Toothpaste,Colgate,17290,23.39648173,739,3598
SKU1017,8/14/2021,Synergix solutions ,Oral Care,Toothpaste,Whitening Toothpaste,Colgate,0,8.22972973,0,0
SKU1017,08-07-21,Synergix solutions ,Oral Care,Toothpaste,Whitening Toothpaste,Colgate,0,,0,0
SKU1017,1/22/2022,Synergix solutions ,Oral Care,Toothpaste,Whitening Toothpaste,Colgate,37544,19.56435644,1919,6002
SKU1017,3/13/2021,Synergix solutions ,Oral Care,Toothpaste,Whitening Toothpaste,Colgate,0,,0,0
SKU1017,12/25/2021,Synergix solutions ,Oral Care,Toothpaste,Whitening Toothpaste,Colgate,22161,29.46941489,752,1833
SKU1017,11/27/2021,Synergix solutions ,Oral Care,Toothpaste,Whitening Toothpaste,Colgate,28935,36.8129771,786,3313
SKU1017,7/17/2021,Synergix solutions ,Oral Care,Toothpaste,Whitening Toothpaste,Colgate,10095,23.97862233,421,1159
SKU1017,10/30/2021,Synergix solutions ,Oral Care,Toothpaste,Whitening Toothpaste,Colgate,1085,60.27777778,18,1105
SKU1017,11/13/2021,Synergix solutions ,Oral Care,Toothpaste,Whitening Toothpaste,Colgate,21177,14.88193956,1423,3781
SKU1017,12/24/2022,Synergix solutions ,Oral Care,Toothpaste,Whitening Toothpaste,Colgate,0,,0,0
SKU1017,9/18/2021,Synergix solutions ,Oral Care,Toothpaste,Whitening Toothpaste,Colgate,12241,19.87175325,616,981
SKU1017,3/27/2021,Synergix solutions ,Oral Care,Toothpaste,Whitening Toothpaste,Colgate,25657,25.91616162,990,1180
SKU1017,10-02-21,Synergix solutions ,Oral Care,Toothpaste,Whitening Toothpaste,Colgate,35080,23.46488294,1495,3631
SKU1017,3/20/2021,Synergix solutions ,Oral Care,Toothpaste,Whitening Toothpaste,Colgate,0,,0,0
SKU1017,3/27/2021,Synergix solutions ,Oral Care,Toothpaste,Whitening Toothpaste,Colgate,21132,20.3976834,1036,3473
SKU1017,01-01-22,Synergix solutions ,Oral Care,Toothpaste,Whitening Toothpaste,Colgate,23012,31.78453039,724,1500
SKU1017,2/20/2021,Synergix solutions ,Oral Care,Toothpaste,Whitening Toothpaste,Colgate,9348,9.480730223,986,3749
SKU1017,4/17/2021,Synergix solutions ,Oral Care,Toothpaste,Whitening Toothpaste,Colgate,0,,0,0
SKU1039,5/22/2021,Synergix solutions ,Oral Care,Toothpaste,Sensitivity Toothpaste,Colgate,0,,0,0
SKU1039,6/26/2021,Synergix solutions ,Oral Care,Toothpaste,Sensitivity Toothpaste,Colgate,17564,17.00290416,1033,752
SKU1039,08-06-22,Synergix solutions ,Oral Care,Toothpaste,Sensitivity Toothpaste,Colgate,0,,0,0
SKU1039,8/27/2022,Synergix solutions ,Oral Care,Toothpaste,Sensitivity Toothpaste,Colgate,33935,34.17421954,993,3513
SKU1039,3/19/2022,Synergix solutions ,Oral Care,Toothpaste,Sensitivity Toothpaste,Colgate,0,,0,0
SKU1039,04-02-22,Synergix solutions ,Oral Care,Toothpaste,Sensitivity Toothpaste,Colgate,0,,0,0
SKU1039,2/19/2022,Synergix solutions ,Oral Care,Toothpaste,Sensitivity Toothpaste,Colgate,20658,18.46112601,1119,3373
SKU1039,10-02-21,Synergix solutions ,Oral Care,Toothpaste,Sensitivity Toothpaste,Colgate,0,,0,0
SKU1039,12/25/2021,Synergix solutions ,Oral Care,Toothpaste,Sensitivity Toothpaste,Colgate,0,,0,0
SKU1039,8/20/2022,Synergix solutions ,Oral Care,Toothpaste,Sensitivity Toothpaste,Colgate,0,,0,0
SKU1039,11-05-22,Synergix solutions ,Oral Care,Toothpaste,Sensitivity Toothpaste,Colgate,37029,33.0026738,1122,3807
SKU1039,9/25/2021,Synergix solutions ,Oral Care,Toothpaste,Sensitivity Toothpaste,Colgate,18460,22.70602706,813,2153
SKU1039,05-08-21,Synergix solutions ,Oral Care,Toothpaste,Sensitivity Toothpaste,Colgate,0,,0,0
SKU1039,2/13/2021,Synergix solutions ,Oral Care,Toothpaste,Sensitivity Toothpaste,Colgate,23399,21.84780579,1071,3783
SKU1039,12/24/2022,Synergix solutions ,Oral Care,Toothpaste,Sensitivity Toothpaste,Colgate,17025,26.11196319,652,744
SKU1039,07-10-21,Synergix solutions ,Oral Care,Toothpaste,Sensitivity Toothpaste,Colgate,23303,23.18706468,1005,3489
SKU1039,11/26/2022,Synergix solutions ,Oral Care,Toothpaste,Sensitivity Toothpaste,Colgate,10464,24.56338028,426,1258
SKU1039,6/18/2022,Synergix solutions ,Oral Care,Toothpaste,Sensitivity Toothpaste,Colgate,35570,28.18541997,1262,3982
SKU1039,7/24/2021,Synergix solutions ,Oral Care,Toothpaste,Sensitivity Toothpaste,Colgate,0,,0,0
SKU1039,4/30/2022,Synergix solutions ,Oral Care,Toothpaste,Sensitivity Toothpaste,Colgate,16012,10.51346028,1523,4029
SKU1039,1/16/2021,Synergix solutions ,Oral Care,Toothpaste,Sensitivity Toothpaste,Colgate,19377,24.74712644,783,3111
SKU1039,09-11-21,Synergix solutions ,Oral Care,Toothpaste,Sensitivity Toothpaste,Colgate,10289,11.89479769,865,2604
SKU1039,12-10-22,Synergix solutions ,Oral Care,Toothpaste,Sensitivity Toothpaste,Colgate,27125,19.03508772,1425,3505
SKU1039,9/24/2022,Synergix solutions ,Oral Care,Toothpaste,Sensitivity Toothpaste,Colgate,17629,22.34347275,789,2330
SKU1039,4/24/2021,Synergix solutions ,Oral Care,Toothpaste,Sensitivity Toothpaste,Colgate,26748,17.82011992,1501,1513
SKU1039,06-12-21,Synergix solutions ,Oral Care,Toothpaste,Sensitivity Toothpaste,Colgate,0,,0,0
SKU1039,07-10-21,Synergix solutions ,Oral Care,Toothpaste,Sensitivity Toothpaste,Colgate,21927,19.54278075,1122,2948
SKU1039,10/22/2022,Synergix solutions ,Oral Care,Toothpaste,Sensitivity Toothpaste,Colgate,20313,23.98229044,847,3883
SKU1039,11-12-22,Synergix solutions ,Oral Care,Toothpaste,Sensitivity Toothpaste,Colgate,30583,19.54185304,1565,4134
SKU1039,07-02-22,Synergix solutions ,Oral Care,Toothpaste,Sensitivity Toothpaste,Colgate,0,,0,0
SKU1039,07-09-22,Synergix solutions ,Oral Care,Toothpaste,Sensitivity Toothpaste,Colgate,0,,0,0
SKU1060,8/13/2022,Synergix solutions ,Oral Care,Toothpaste,Fluoride-Free Toothpaste,Tom's of Maine,0,,0,87
SKU1060,09-10-22,Synergix solutions ,Oral Care,Toothpaste,Fluoride-Free Toothpaste,Tom's of Maine,0,,0,0
SKU1060,10/23/2021,Synergix solutions ,Oral Care,Toothpaste,Fluoride-Free Toothpaste,Tom's of Maine,24529,22.81767442,1075,2587
SKU1060,01-08-22,Synergix solutions ,Oral Care,Toothpaste,Fluoride-Free Toothpaste,Tom's of Maine,32194,24.65084227,1306,2786
SKU1060,7/17/2021,Synergix solutions ,Oral Care,Toothpaste,Fluoride-Free Toothpaste,Tom's of Maine,0,,0,541
SKU1060,7/16/2022,Synergix solutions ,Oral Care,Toothpaste,Fluoride-Free Toothpaste,Tom's of Maine,29821,19.68382838,1515,4957
SKU1060,3/19/2022,Synergix solutions ,Oral Care,Toothpaste,Fluoride-Free Toothpaste,Tom's of Maine,20687,15.92532717,1299,4773
SKU1060,9/17/2022,Synergix solutions ,Oral Care,Toothpaste,Fluoride-Free Toothpaste,Tom's of Maine,35326,25.28704366,1397,3232
SKU1060,4/30/2022,Synergix solutions ,Oral Care,Toothpaste,Fluoride-Free Toothpaste,Tom's of Maine,25175,16.47578534,1528,4105
SKU1060,07-09-22,Synergix solutions ,Oral Care,Toothpaste,Fluoride-Free Toothpaste,Tom's of Maine,25457,22.13652174,1150,2958
SKU1060,10/22/2022,Synergix solutions ,Oral Care,Toothpaste,Fluoride-Free Toothpaste,Tom's of Maine,32157,23.31907179,1379,2325
SKU1060,4/30/2022,Synergix solutions ,Oral Care,Toothpaste,Fluoride-Free Toothpaste,Tom's of Maine,0,,0,0
SKU1060,10/22/2022,Synergix solutions ,Oral Care,Toothpaste,Fluoride-Free Toothpaste,Tom's of Maine,36239,21.20479813,1709,3906
SKU1060,02-12-22,Synergix solutions ,Oral Care,Toothpaste,Fluoride-Free Toothpaste,Tom's of Maine,23729,20.42082616,1162,3784
SKU1060,8/21/2021,Synergix solutions ,Oral Care,Toothpaste,Fluoride-Free Toothpaste,Tom's of Maine,16759,17.11848825,979,2386
SKU1060,12-10-22,Synergix solutions ,Oral Care,Toothpaste,Fluoride-Free Toothpaste,Tom's of Maine,33890,25.75227964,1316,4788
SKU1060,6/19/2021,Synergix solutions ,Oral Care,Toothpaste,Fluoride-Free Toothpaste,Tom's of Maine,0,,0,932
SKU1060,05-08-21,Synergix solutions ,Oral Care,Toothpaste,Fluoride-Free Toothpaste,Tom's of Maine,140,1.217391304,115,1417
SKU1060,10/30/2021,Synergix solutions ,Oral Care,Toothpaste,Fluoride-Free Toothpaste,Tom's of Maine,20136,14.041841,1434,4332
SKU1060,03-12-22,Synergix solutions ,Oral Care,Toothpaste,Fluoride-Free Toothpaste,Tom's of Maine,0,,0,0
SKU1060,07-03-21,Synergix solutions ,Oral Care,Toothpaste,Fluoride-Free Toothpaste,Tom's of Maine,22735,18.57434641,1224,3362
SKU1060,12-04-21,Synergix solutions ,Oral Care,Toothpaste,Fluoride-Free Toothpaste,Tom's of Maine,17350,12.72927366,1363,5767
SKU1060,12-10-22,Synergix solutions ,Oral Care,Toothpaste,Fluoride-Free Toothpaste,Tom's of Maine,36550,28.18041635,1297,3451
SKU1060,06-05-21,Synergix solutions ,Oral Care,Toothpaste,Fluoride-Free Toothpaste,Tom's of Maine,13676,11.79982744,1159,2864
SKU1060,10/29/2022,Synergix solutions ,Oral Care,Toothpaste,Fluoride-Free Toothpaste,Tom's of Maine,29780,17.15437788,1736,5205
SKU1060,01-02-21,Synergix solutions ,Oral Care,Toothpaste,Fluoride-Free Toothpaste,Tom's of Maine,11850,20.25641026,585,4153
SKU1060,10/15/2022,Synergix solutions ,Oral Care,Toothpaste,Fluoride-Free Toothpaste,Tom's of Maine,0,,0,0
SKU1060,01-09-21,Synergix solutions ,Oral Care,Toothpaste,Fluoride-Free Toothpaste,Tom's of Maine,30046,26.21815009,1146,5585
SKU1060,1/15/2022,Synergix solutions ,Oral Care,Toothpaste,Fluoride-Free Toothpaste,Tom's of Maine,22238,24.54525386,906,4059
SKU1060,4/30/2022,Synergix solutions ,Oral Care,Toothpaste,Fluoride-Free Toothpaste,Tom's of Maine,32038,34.5237069,928,2416
SKU1060,6/19/2021,Synergix solutions ,Oral Care,Toothpaste,Fluoride-Free Toothpaste,Tom's of Maine,0,,0,0
SKU1060,5/15/2021,Synergix solutions ,Oral Care,Toothpaste,Fluoride-Free Toothpaste,Tom's of Maine,33952,16.07575758,2112,3732
SKU1060,04-02-22,Synergix solutions ,Oral Care,Toothpaste,Fluoride-Free Toothpaste,Tom's of Maine,0,,0,0
SKU1042,12/24/2022,Synergix solutions ,Oral Care,Toothpaste,Sensitivity Toothpaste,Sensodyne,0,,0,0
SKU1042,12-03-22,Synergix solutions ,Oral Care,Toothpaste,Sensitivity Toothpaste,Sensodyne,33426,17.409375,1920,6098
SKU1042,09-04-21,Synergix solutions ,Oral Care,Toothpaste,Sensitivity Toothpaste,Sensodyne,24876,17.07343857,1457,1757
SKU1042,7/23/2022,Synergix solutions ,Oral Care,Toothpaste,Sensitivity Toothpaste,Sensodyne,0,,0,0
SKU1042,10/22/2022,Synergix solutions ,Oral Care,Toothpaste,Sensitivity Toothpaste,Sensodyne,0,,0,0
SKU1042,3/26/2022,Synergix solutions ,Oral Care,Toothpaste,Sensitivity Toothpaste,Sensodyne,26075,44.72555746,583,1599
SKU1042,03-06-21,Synergix solutions ,Oral Care,Toothpaste,Sensitivity Toothpaste,Sensodyne,0,,0,0
SKU1042,8/20/2022,Synergix solutions ,Oral Care,Toothpaste,Sensitivity Toothpaste,Sensodyne,0,,0,0
SKU1042,07-02-22,Synergix solutions ,Oral Care,Toothpaste,Sensitivity Toothpaste,Sensodyne,23727,22.19550982,1069,2564
SKU1042,10/22/2022,Synergix solutions ,Oral Care,Toothpaste,Sensitivity Toothpaste,Sensodyne,33893,26.52034429,1278,3941
SKU1042,4/16/2022,Synergix solutions ,Oral Care,Toothpaste,Sensitivity Toothpaste,Sensodyne,33648,20.69372694,1626,4755
SKU1042,12-11-21,Synergix solutions ,Oral Care,Toothpaste,Sensitivity Toothpaste,Sensodyne,0,,0,0
SKU1042,11/19/2022,Synergix solutions ,Oral Care,Toothpaste,Sensitivity Toothpaste,Sensodyne,20729,19.97013487,1038,2554
SKU1042,02-05-22,Synergix solutions ,Oral Care,Toothpaste,Sensitivity Toothpaste,Sensodyne,0,,0,0
SKU1042,12/24/2022,Synergix solutions ,Oral Care,Toothpaste,Sensitivity Toothpaste,Sensodyne,0,,0,0
SKU1042,7/31/2021,Synergix solutions ,Oral Care,Toothpaste,Sensitivity Toothpaste,Sensodyne,0,,0,0
SKU1042,12/31/2022,Synergix solutions ,Oral Care,Toothpaste,Sensitivity Toothpaste,Sensodyne,10334,12.86924035,803,1208
SKU1042,10-01-22,Synergix solutions ,Oral Care,Toothpaste,Sensitivity Toothpaste,Sensodyne,32082,46.0286944,697,421
SKU1042,9/25/2021,Synergix solutions ,Oral Care,Toothpaste,Sensitivity Toothpaste,Sensodyne,12377,7.424715057,1667,3204
SKU1042,10-02-21,Synergix solutions ,Oral Care,Toothpaste,Sensitivity Toothpaste,Sensodyne,23516,12.22880915,1923,3677
SKU1042,09-11-21,Synergix solutions ,Oral Care,Toothpaste,Sensitivity Toothpaste,Sensodyne,11893,14.12470309,842,2207
SKU1042,07-09-22,Synergix solutions ,Oral Care,Toothpaste,Sensitivity Toothpaste,Sensodyne,26893,23.0445587,1167,1932
SKU1042,2/26/2022,Synergix solutions ,Oral Care,Toothpaste,Sensitivity Toothpaste,Sensodyne,22380,29.17861799,767,4162
SKU1042,12/18/2021,Synergix solutions ,Oral Care,Toothpaste,Sensitivity Toothpaste,Sensodyne,29452,19.80632145,1487,3689
SKU1042,5/28/2022,Synergix solutions ,Oral Care,Toothpaste,Sensitivity Toothpaste,Sensodyne,24360,29.59902795,823,3894
SKU1042,10-01-22,Synergix solutions ,Oral Care,Toothpaste,Sensitivity Toothpaste,Sensodyne,23438,25.61530055,915,1928
SKU1042,04-02-22,Synergix solutions ,Oral Care,Toothpaste,Sensitivity Toothpaste,Sensodyne,0,,0,0
SKU1042,12/18/2021,Synergix solutions ,Oral Care,Toothpaste,Sensitivity Toothpaste,Sensodyne,31620,21.97359277,1439,3860
SKU1042,11/19/2022,Synergix solutions ,Oral Care,Toothpaste,Sensitivity Toothpaste,Sensodyne,28553,19.51674641,1463,3218
SKU1042,4/30/2022,Synergix solutions ,Oral Care,Toothpaste,Sensitivity Toothpaste,Sensodyne,24502,16.33466667,1500,3872
SKU1042,12-11-21,Synergix solutions ,Oral Care,Toothpaste,Sensitivity Toothpaste,Sensodyne,20069,16.14561545,1243,4544
SKU1042,9/18/2021,Synergix solutions ,Oral Care,Toothpaste,Sensitivity Toothpaste,Sensodyne,0,,0,0
SKU1042,4/23/2022,Synergix solutions ,Oral Care,Toothpaste,Sensitivity Toothpaste,Sensodyne,40576,23.84018801,1702,4418
SKU1042,10-01-22,Synergix solutions ,Oral Care,Toothpaste,Sensitivity Toothpaste,Sensodyne,16375,18.23496659,898,2539
SKU1042,05-07-22,Synergix solutions ,Oral Care,Toothpaste,Sensitivity Toothpaste,Sensodyne,28415,23.60049834,1204,5509
SKU1042,5/14/2022,Synergix solutions ,Oral Care,Toothpaste,Sensitivity Toothpaste,Sensodyne,27630,24.10994764,1146,4940
SKU1042,5/14/2022,Synergix solutions ,Oral Care,Toothpaste,Sensitivity Toothpaste,Sensodyne,0,,0,0
SKU1042,5/21/2022,Synergix solutions ,Oral Care,Toothpaste,Sensitivity Toothpaste,Sensodyne,36521,32.20546737,1134,3054
SKU1042,12-04-21,Synergix solutions ,Oral Care,Toothpaste,Sensitivity Toothpaste,Sensodyne,42805,19.10084784,2241,5871
SKU1042,4/17/2021,Synergix solutions ,Oral Care,Toothpaste,Sensitivity Toothpaste,Sensodyne,8293,20.42610837,406,1243
SKU1042,9/17/2022,Synergix solutions ,Oral Care,Toothpaste,Sensitivity Toothpaste,Sensodyne,26145,17.1442623,1525,3325
