Python for Data Science/POS_Data.csv
SKU ID,Date,Manufacturer,Sector,Category,Segment,Brand,Revenue($),Unit_price,Units_sold,Page_traffic
SKU1069,10/29/2022,Synergix solutions ,,Toothpaste,Fluoride-Free Toothpaste,Himalaya Herbals,29246,16.48590755,1774,3593
SKU1069,12/31/2022,Synergix solutions ,Oral Care,Toothpaste,Fluoride-Free Toothpaste,Himalaya Herbals,20214,20.4388271,989,2483
SKU1069,7/31/2021,Synergix solutions ,Oral Care,Toothpaste,Fluoride-Free Toothpaste,Himalaya Herbals,33325,28.33758503,1176,3478
SKU1069,01-09-21,Synergix solutions ,Oral Care,Toothpaste,Fluoride-Free Toothpaste,Himalaya Herbals,9587,17.78664193,539,607
SKU1069,06-05-21,Synergix solutions ,Oral Care,Toothpaste,Fluoride-Free Toothpaste,Himalaya Herbals,0,,0,0
SKU1069,8/28/2021,Synergix solutions ,Oral Care,Toothpaste,Fluoride-Free Toothpaste,Himalaya Herbals,12422,21.19795222,586,2411
SKU1069,10-02-21,Synergix solutions ,Oral Care,Toothpaste,Fluoride-Free Toothpaste,Himalaya Herbals,0,,0,0
SKU1069,11/26/2022,Synergix solutions ,Oral Care,Toothpaste,Fluoride-Free Toothpaste,Himalaya Herbals,0,,0,0
SKU1069,4/24/2021,Synergix solutions ,Oral Care,Toothpaste,Fluoride-Free Toothpaste,Himalaya Herbals,39108,22.37299771,1748,5642
SKU1069,5/21/2022,Synergix solutions ,Oral Care,Toothpaste,Fluoride-Free Toothpaste,Himalaya Herbals,0,,0,0
SKU1069,11-05-22,Synergix solutions ,Oral Care,Toothpaste,Fluoride-Free Toothpaste,Himalaya Herbals,0,,0,0
SKU1069,1/29/2022,Synergix solutions ,Oral Care,Toothpaste,Fluoride-Free Toothpaste,Himalaya Herbals,0,,0,0
SKU1069,3/13/2021,Synergix solutions ,Oral Care,Toothpaste,Fluoride-Free Toothpaste,Himalaya Herbals,11503,14.1837238,811,1528
SKU1069,12-03-22,Synergix solutions ,Oral Care,Toothpaste,Fluoride-Free Toothpaste,Himalaya Herbals,28229,26.48123827,1066,1867
SKU1069,5/28/2022,Synergix solutions ,Oral Care,Toothpaste,Fluoride-Free Toothpaste,Himalaya Herbals,0,,0,0
SKU1069,10-09-21,Synergix solutions ,Oral Care,Toothpaste,Fluoride-Free Toothpaste,Himalaya Herbals,0,,0,0
SKU1069,04-03-21,Synergix solutions ,Oral Care,Toothpaste,Fluoride-Free Toothpaste,Himalaya Herbals,0,,0,0
SKU1069,11/13/2021,Synergix solutions ,Oral Care,Toothpaste,Fluoride-Free Toothpaste,Himalaya Herbals,0,,0,0
SKU1069,1/23/2021,Synergix solutions ,Oral Care,Toothpaste,Fluoride-Free Toothpaste,Himalaya Herbals,0,,0,0
SKU1069,07-10-21,Synergix solutions ,Oral Care,Toothpaste,Fluoride-Free Toothpaste,Himalaya Herbals,14345,14.77342945,971,3528
SKU1069,11/26/2022,Synergix solutions ,Oral Care,Toothpaste,Fluoride-Free Toothpaste,Himalaya Herbals,28694,22.20897833,1292,3626
SKU1069,5/29/2021,Synergix solutions ,Oral Care,Toothpaste,Fluoride-Free Toothpaste,Himalaya Herbals,22876,19.11111111,1197,3268
SKU1069,08-07-21,Synergix solutions ,Oral Care,Toothpaste,Fluoride-Free Toothpaste,Himalaya Herbals,0,,0,0
SKU1069,10-01-22,Synergix solutions ,Oral Care,Toothpaste,Fluoride-Free Toothpaste,Himalaya Herbals,0,,0,0
SKU1069,1/30/2021,Synergix solutions ,Oral Care,Toothpaste,Fluoride-Free Toothpaste,Himalaya Herbals,3158,4.865947612,649,2001
SKU1069,5/15/2021,Synergix solutions ,Oral Care,Toothpaste,Fluoride-Free Toothpaste,Himalaya Herbals,12389,8.77407932,1412,3007
SKU1069,06-05-21,Synergix solutions ,Oral Care,Toothpaste,Fluoride-Free Toothpaste,Himalaya Herbals,15015,17.33833718,866,733
SKU1033,12/24/2022,Synergix solutions ,Oral Care,Toothpaste,Sensitivity Toothpaste,Colgate,19870,14.89505247,1334,3037
SKU1033,06-11-22,Synergix solutions ,Oral Care,Toothpaste,Sensitivity Toothpaste,Colgate,32028,17.28440367,1853,5638
SKU1033,03-05-22,Synergix solutions ,Oral Care,Toothpaste,Sensitivity Toothpaste,Colgate,0,,0,0
SKU1033,06-11-22,Synergix solutions ,Oral Care,Toothpaste,Sensitivity Toothpaste,Colgate,0,,0,0
SKU1033,3/27/2021,Synergix solutions ,Oral Care,Toothpaste,Sensitivity Toothpaste,Colgate,29387,21.8004451,1348,4937
SKU1033,05-01-21,Synergix solutions ,Oral Care,Toothpaste,Sensitivity Toothpaste,Colgate,0,,0,0
SKU1033,11/20/2021,Synergix solutions ,Oral Care,Toothpaste,Sensitivity Toothpaste,Colgate,32112,16.60392968,1934,3838
SKU1033,3/26/2022,Synergix solutions ,Oral Care,Toothpaste,Sensitivity Toothpaste,Colgate,0,,0,0
SKU1033,11/13/2021,Synergix solutions ,Oral Care,Toothpaste,Sensitivity Toothpaste,Colgate,15414,12.65517241,1218,4538
SKU1033,4/30/2022,Synergix solutions ,Oral Care,Toothpaste,Sensitivity Toothpaste,Colgate,18789,16.26753247,1155,3957
SKU1033,6/19/2021,Synergix solutions ,Oral Care,Toothpaste,Sensitivity Toothpaste,Colgate,32091,21.46555184,1495,4821
SKU1033,1/16/2021,Synergix solutions ,Oral Care,Toothpaste,Sensitivity Toothpaste,Colgate,14017,18.18028534,771,3122
SKU1033,06-04-22,Synergix solutions ,Oral Care,Toothpaste,Sensitivity Toothpaste,Colgate,30099,23.01146789,1308,1758
SKU1033,11/13/2021,Synergix solutions ,Oral Care,Toothpaste,Sensitivity Toothpaste,Colgate,17884,21.08962264,848,3673
SKU1033,2/27/2021,Synergix solutions ,Oral Care,Toothpaste,Sensitivity Toothpaste,Colgate,0,,0,0
SKU1033,8/20/2022,Synergix solutions ,Oral Care,Toothpaste,Sensitivity Toothpaste,Colgate,20628,43.42736842,475,2901
SKU1033,1/30/2021,Synergix solutions ,Oral Care,Toothpaste,Sensitivity Toothpaste,Colgate,9108,16.47016275,553,2107
SKU1033,10/22/2022,Synergix solutions ,Oral Care,Toothpaste,Sensitivity Toothpaste,Colgate,30545,18.86658431,1619,4517
SKU1033,11-05-22,Synergix solutions ,Oral Care,Toothpaste,Sensitivity Toothpaste,Colgate,19308,26.37704918,732,3322
SKU1033,12-04-21,Synergix solutions ,Oral Care,Toothpaste,Sensitivity Toothpaste,Colgate,0,,0,0
SKU1033,8/14/2021,Synergix solutions ,Oral Care,Toothpaste,Sensitivity Toothpaste,Colgate,10711,11.83535912,905,1715
SKU1033,10/29/2022,Synergix solutions ,Oral Care,Toothpaste,Sensitivity Toothpaste,Colgate,25848,28.88044693,895,1211
SKU1033,12-11-21,Synergix solutions ,Oral Care,Toothpaste,Sensitivity Toothpaste,Colgate,14397,16.24943567,886,3007
SKU1033,10-01-22,Synergix solutions ,Oral Care,Toothpaste,Sensitivity Toothpaste,Colgate,23299,26.62742857,875,1042
SKU1033,4/24/2021,Synergix solutions ,Oral Care,Toothpaste,Sensitivity Toothpaste,Colgate,24581,19.15900234,1283,4629
SKU1033,08-07-21,Synergix solutions ,Oral Care,Toothpaste,Sensitivity Toothpaste,Colgate,22124,13.75015538,1609,2560
SKU1033,1/23/2021,Synergix solutions ,Oral Care,Toothpaste,Sensitivity Toothpaste,Colgate,38318,19.72104992,1943,8515
SKU1033,8/28/2021,Synergix solutions ,Oral Care,Toothpaste,Sensitivity Toothpaste,Colgate,26250,16.28411911,1612,3705
SKU1033,10/23/2021,Synergix solutions ,Oral Care,Toothpaste,Sensitivity Toothpaste,Colgate,0,,0,0
SKU1033,03-06-21,Synergix solutions ,Oral Care,Toothpaste,Sensitivity Toothpaste,Colgate,6569,10.01371951,656,1951
SKU1058,01-02-21,Synergix solutions ,Oral Care,Toothpaste,Fluoride-Free Toothpaste,Tom's of Maine,11314,13.56594724,834,5709
SKU1058,9/24/2022,Synergix solutions ,Oral Care,Toothpaste,Fluoride-Free Toothpaste,Tom's of Maine,24621,35.73439768,689,1988
SKU1058,6/18/2022,Synergix solutions ,Oral Care,Toothpaste,Fluoride-Free Toothpaste,Tom's of Maine,0,,0,0
SKU1058,10-08-22,Synergix solutions ,Oral Care,Toothpaste,Fluoride-Free Toothpaste,Tom's of Maine,22155,34.78021978,637,1333
SKU1058,10-01-22,Synergix solutions ,Oral Care,Toothpaste,Fluoride-Free Toothpaste,Tom's of Maine,0,,0,0
SKU1058,09-04-21,Synergix solutions ,Oral Care,Toothpaste,Fluoride-Free Toothpaste,Tom's of Maine,20492,19.42369668,1055,2599
SKU1058,10/15/2022,Synergix solutions ,Oral Care,Toothpaste,Fluoride-Free Toothpaste,Tom's of Maine,0,,0,0
SKU1058,12/31/2022,Synergix solutions ,Oral Care,Toothpaste,Fluoride-Free Toothpaste,Tom's of Maine,0,,0,0
SKU1058,8/27/2022,Synergix solutions ,Oral Care,Toothpaste,Fluoride-Free Toothpaste,Tom's of Maine,0,,0,0
SKU1058,2/13/2021,Synergix solutions ,Oral Care,Toothpaste,Fluoride-Free Toothpaste,Tom's of Maine,0,,0,0
SKU1058,02-05-22,Synergix solutions ,Oral Care,Toothpaste,Fluoride-Free Toothpaste,Tom's of Maine,34938,20.47948417,1706,5776
SKU1058,08-06-22,Synergix solutions ,Oral Care,Toothpaste,Fluoride-Free Toothpaste,Tom's of Maine,35492,26.48656716,1340,3452
SKU1058,09-04-21,Synergix solutions ,Oral Care,Toothpaste,Fluoride-Free Toothpaste,Tom's of Maine,26547,18.90811966,1404,2364
SKU1058,8/20/2022,Synergix solutions ,Oral Care,Toothpaste,Fluoride-Free Toothpaste,Tom's of Maine,17102,23.95238095,714,2642
SKU1058,10/22/2022,Synergix solutions ,Oral Care,Toothpaste,Fluoride-Free Toothpaste,Tom's of Maine,34211,22.56662269,1516,3991
SKU1058,05-01-21,Synergix solutions ,Oral Care,Toothpaste,Fluoride-Free Toothpaste,Tom's of Maine,0,,0,0
SKU1058,10-02-21,Synergix solutions ,Oral Care,Toothpaste,Fluoride-Free Toothpaste,Tom's of Maine,21963,12.65878963,1735,4007
SKU1058,01-09-21,Synergix solutions ,Oral Care,Toothpaste,Fluoride-Free Toothpaste,Tom's of Maine,20303,20.04244817,1013,2651
SKU1058,5/22/2021,Synergix solutions ,Oral Care,Toothpaste,Fluoride-Free Toothpaste,Tom's of Maine,35891,24.26707235,1479,1830
SKU1058,7/31/2021,Synergix solutions ,Oral Care,Toothpaste,Fluoride-Free Toothpaste,Tom's of Maine,8398,15.60966543,538,602
SKU1058,3/19/2022,Synergix solutions ,Oral Care,Toothpaste,Fluoride-Free Toothpaste,Tom's of Maine,29216,18.65644955,1566,3437
SKU1058,11/26/2022,Synergix solutions ,Oral Care,Toothpaste,Fluoride-Free Toothpaste,Tom's of Maine,33817,29.12747631,1161,4008
SKU1058,3/26/2022,Synergix solutions ,Oral Care,Toothpaste,Fluoride-Free Toothpaste,Tom's of Maine,0,,0,0
SKU1058,9/17/2022,Synergix solutions ,Oral Care,Toothpaste,Fluoride-Free Toothpaste,Tom's of Maine,26869,17.35723514,1548,3736
SKU1058,8/13/2022,Synergix solutions ,Oral Care,Toothpaste,Fluoride-Free Toothpaste,Tom's of Maine,22724,15.73684211,1444,4781
SKU1058,5/15/2021,Synergix solutions ,Oral Care,Toothpaste,Fluoride-Free Toothpaste,Tom's of Maine,12450,12.05227493,1033,2384
SKU1058,12/18/2021,Synergix solutions ,Oral Care,Toothpaste,Fluoride-Free Toothpaste,Tom's of Maine,33040,27.28323699,1211,3601
SKU1058,12-04-21,Synergix solutions ,Oral Care,Toothpaste,Fluoride-Free Toothpaste,Tom's of Maine,34879,18.66185126,1869,2964
SKU1040,5/15/2021,Synergix solutions ,Oral Care,Toothpaste,Sensitivity Toothpaste,Colgate,7743,8.555801105,905,3828
SKU1040,10/30/2021,Synergix solutions ,Oral Care,Toothpaste,Sensitivity Toothpaste,Colgate,0,,0,0
SKU1040,7/24/2021,Synergix solutions ,Oral Care,Toothpaste,Sensitivity Toothpaste,Colgate,0,,0,0
SKU1040,2/26/2022,Synergix solutions ,Oral Care,Toothpaste,Sensitivity Toothpaste,Colgate,31867,27.71043478,1150,3492
SKU1040,10/30/2021,Synergix solutions ,Oral Care,Toothpaste,Sensitivity Toothpaste,Colgate,22273,16.12816799,1381,3148
SKU1040,12/24/2022,Synergix solutions ,Oral Care,Toothpaste,Sensitivity Toothpaste,Colgate,11613,17.07794118,680,1012
SKU1040,2/13/2021,Synergix solutions ,Oral Care,Toothpaste,Sensitivity Toothpaste,Colgate,0,,0,0
SKU1040,08-06-22,Synergix solutions ,Oral Care,Toothpaste,Sensitivity Toothpaste,Colgate,22870,25.27071823,905,2485
SKU1040,8/21/2021,Synergix solutions ,Oral Care,Toothpaste,Sensitivity Toothpaste,Colgate,0,,0,0
SKU1040,7/16/2022,Synergix solutions ,Oral Care,Toothpaste,Sensitivity Toothpaste,Colgate,32082,22.29464906,1439,3447
SKU1040,9/18/2021,Synergix solutions ,Oral Care,Toothpaste,Sensitivity Toothpaste,Colgate,12241,19.87175325,616,981
SKU1040,10/15/2022,Synergix solutions ,Oral Care,Toothpaste,Sensitivity Toothpaste,Colgate,16272,30.18923933,539,1480
SKU1040,1/22/2022,Synergix solutions ,Oral Care,Toothpaste,Sensitivity Toothpaste,Colgate,42047,17.3175453,2428,4545
SKU1040,5/29/2021,Synergix solutions ,Oral Care,Toothpaste,Sensitivity Toothpaste,Colgate,32625,26.61092985,1226,3777
SKU1040,04-09-22,Synergix solutions ,Oral Care,Toothpaste,Sensitivity Toothpaste,Colgate,23477,21.24615385,1105,3685
SKU1040,1/22/2022,Synergix solutions ,Oral Care,Toothpaste,Sensitivity Toothpaste,Colgate,47838,17.94373593,2666,9883
SKU1040,09-11-21,Synergix solutions ,Oral Care,Toothpaste,Sensitivity Toothpaste,Colgate,19352,22.37225434,865,3471
SKU1040,03-05-22,Synergix solutions ,Oral Care,Toothpaste,Sensitivity Toothpaste,Colgate,0,,0,0
SKU1013,07-10-21,Synergix solutions ,Oral Care,Toothpaste,Whitening Toothpaste,Colgate,24570,15.76010263,1559,6354
SKU1013,11-05-22,Synergix solutions ,Oral Care,Toothpaste,Whitening Toothpaste,Colgate,19231,16.75174216,1148,4804
SKU1013,08-07-21,Synergix solutions ,Oral Care,Toothpaste,Whitening Toothpaste,Colgate,0,,0,0
SKU1013,5/28/2022,Synergix solutions ,Oral Care,Toothpaste,Whitening Toothpaste,Colgate,0,,0,0
SKU1013,6/19/2021,Synergix solutions ,Oral Care,Toothpaste,Whitening Toothpaste,Colgate,23837,18.18230359,1311,7466
SKU1013,12/17/2022,Synergix solutions ,Oral Care,Toothpaste,Whitening Toothpaste,Colgate,7264,12.85663717,565,781
SKU1013,11-05-22,Synergix solutions ,Oral Care,Toothpaste,Whitening Toothpaste,Colgate,22133,20.41789668,1084,2249.815132
SKU1013,10/15/2022,Synergix solutions ,Oral Care,Toothpaste,Whitening Toothpaste,Colgate,18552,13.03724526,1423,4644
SKU1013,07-03-21,Synergix solutions ,Oral Care,Toothpaste,Whitening Toothpaste,Colgate,0,,0,0
SKU1013,2/19/2022,Synergix solutions ,Oral Care,Toothpaste,Whitening Toothpaste,Colgate,8677,21.16341463,410,1599
SKU1013,9/25/2021,Synergix solutions ,Oral Care,Toothpaste,Whitening Toothpaste,Colgate,10007,8.793497364,1138,3693
SKU1013,11-12-22,Synergix solutions ,Oral Care,Toothpaste,Whitening Toothpaste,Colgate,0,,0,0
SKU1013,7/30/2022,Synergix solutions ,Oral Care,Toothpaste,Whitening Toothpaste,Colgate,29450,24.13934426,1220,4834
SKU1013,11-12-22,Synergix solutions ,Oral Care,Toothpaste,Whitening Toothpaste,Colgate,26149,17.91027397,1460,4406
SKU1013,8/28/2021,Synergix solutions ,Oral Care,Toothpaste,Whitening Toothpaste,Colgate,0,,0,0
SKU1013,2/19/2022,Synergix solutions ,Oral Care,Toothpaste,Whitening Toothpaste,Colgate,23199,30.97329773,749,582
SKU1013,9/18/2021,Synergix solutions ,Oral Care,Toothpaste,Whitening Toothpaste,Colgate,39746,30.57384615,1300,2705
SKU1013,02-12-22,Synergix solutions ,Oral Care,Toothpaste,Whitening Toothpaste,Colgate,29335,35.73081608,821,2669
SKU1013,5/14/2022,Synergix solutions ,Oral Care,Toothpaste,Whitening Toothpaste,Colgate,17185,13.60649248,1263,4481
SKU1013,5/22/2021,Synergix solutions ,Oral Care,Toothpaste,Whitening Toothpaste,Colgate,24498,17.15546218,1428,2043
SKU1013,5/22/2021,Synergix solutions ,Oral Care,Toothpaste,Whitening Toothpaste,Colgate,22803,19.17830109,1189,3874
SKU1013,12-03-22,Synergix solutions ,Oral Care,Toothpaste,Whitening Toothpaste,Colgate,39699,17.32068063,2292,2892
SKU1013,10-09-21,Synergix solutions ,Oral Care,Toothpaste,Whitening Toothpaste,Colgate,0,,0,0
SKU1013,09-11-21,Synergix solutions ,Oral Care,Toothpaste,Whitening Toothpaste,Colgate,24268,36.22089552,670,2993
SKU1013,7/31/2021,Synergix solutions ,Oral Care,Toothpaste,Whitening Toothpaste,Colgate,28263,18.96845638,1490,4080
