Python for Data Science/POS_Data.csv
SKU ID,Date,Manufacturer,Sector,Category,Segment,Brand,Revenue($),Unit_price,Units_sold,Page_traffic
SKU1038,7/17/2021,Synergix solutions ,Oral Care,Toothpaste,Sensitivity Toothpaste,Colgate,15019,14.0364486,1070,5808
SKU1038,3/13/2021,Synergix solutions ,Oral Care,Toothpaste,Sensitivity Toothpaste,Colgate,10152,18,564,535
SKU1038,10-02-21,Synergix solutions ,Oral Care,Toothpaste,Sensitivity Toothpaste,Colgate,0,,0,0
SKU1038,4/23/2022,Synergix solutions ,Oral Care,Toothpaste,Sensitivity Toothpaste,Colgate,0,,0,0
SKU1038,5/15/2021,Synergix solutions ,Oral Care,Toothpaste,Sensitivity Toothpaste,Colgate,0,,0,0
SKU1038,05-08-21,Synergix solutions ,Oral Care,Toothpaste,Sensitivity Toothpaste,Colgate,0,,0,0
SKU1038,5/28/2022,Synergix solutions ,Oral Care,Toothpaste,Sensitivity Toothpaste,Colgate,0,,0,0
SKU1038,12-10-22,Synergix solutions ,Oral Care,Toothpaste,Sensitivity Toothpaste,Colgate,0,,0,0
SKU1038,04-02-22,Synergix solutions ,Oral Care,Toothpaste,Sensitivity Toothpaste,Colgate,35538,20.44764097,1738,5727
SKU1038,02-06-21,Synergix solutions ,Oral Care,Toothpaste,Sensitivity Toothpaste,Colgate,8083,19.10874704,423,1458
SKU1038,06-12-21,Synergix solutions ,Oral Care,Toothpaste,Sensitivity Toothpaste,Colgate,14598,23.06161137,633,1353.017517
SKU1038,3/13/2021,Synergix solutions ,Oral Care,Toothpaste,Sensitivity Toothpaste,Colgate,24153,17.10552408,1412,4090
SKU1038,1/16/2021,Synergix solutions ,Oral Care,Toothpaste,Sensitivity Toothpaste,Colgate,12265,13.30260304,922,3607
SKU1038,3/20/2021,Synergix solutions ,Oral Care,Toothpaste,Sensitivity Toothpaste,Colgate,16187,16.02673267,1010,2514
SKU1038,9/17/2022,Synergix solutions ,Oral Care,Toothpaste,Sensitivity Toothpaste,Colgate,0,,0,0
SKU1038,06-05-21,Synergix solutions ,Oral Care,Toothpaste,Sensitivity Toothpaste,Colgate,41906,22.65189189,1850,6576
SKU1038,7/17/2021,Synergix solutions ,Oral Care,Toothpaste,Sensitivity Toothpaste,Colgate,0,,0,0
SKU1038,3/26/2022,Synergix solutions ,Oral Care,Toothpaste,Sensitivity Toothpaste,Colgate,26476,19.65553081,1347,4131
SKU1038,12/24/2022,Synergix solutions ,Oral Care,Toothpaste,Sensitivity Toothpaste,Colgate,16977,19.33599089,878,2791
SKU1038,4/17/2021,Synergix solutions ,Oral Care,Toothpaste,Sensitivity Toothpaste,Colgate,0,,0,0
SKU1038,05-01-21,Synergix solutions ,Oral Care,Toothpaste,Sensitivity Toothpaste,Colgate,207,0.3234375,640,3552
SKU1038,1/23/2021,Synergix solutions ,Oral Care,Toothpaste,Sensitivity Toothpaste,Colgate,23945,20.34409516,1177,3231
SKU1038,12/18/2021,Synergix solutions ,Oral Care,Toothpaste,Sensitivity Toothpaste,Colgate,29745,29.86445783,996,1972
SKU1038,11/19/2022,Synergix solutions ,Oral Care,Toothpaste,Sensitivity Toothpaste,Colgate,0,,0,0
SKU1038,09-03-22,Synergix solutions ,Oral Care,Toothpaste,Sensitivity Toothpaste,Colgate,39307,27.03370014,1454,3530
SKU1038,03-05-22,Synergix solutions ,Oral Care,Toothpaste,Sensitivity Toothpaste,Colgate,13216,12.05839416,1096,1466
SKU1038,05-01-21,Synergix solutions ,Oral Care,Toothpaste,Sensitivity Toothpaste,Colgate,32784,23.73931933,1381,3395
SKU1038,12/18/2021,Synergix solutions ,Oral Care,Toothpaste,Sensitivity Toothpaste,Colgate,22300,21.50433944,1037,3542
SKU1038,10/16/2021,Synergix solutions ,Oral Care,Toothpaste,Sensitivity Toothpaste,Colgate,0,,0,0
SKU1038,10-08-22,Synergix solutions ,Oral Care,Toothpaste,Sensitivity Toothpaste,Colgate,23270,39.57482993,588,1093
SKU1038,04-09-22,Synergix solutions ,Oral Care,Toothpaste,Sensitivity Toothpaste,Colgate,0,,0,0
SKU1038,04-03-21,Synergix solutions ,Oral Care,Toothpaste,Sensitivity Toothpaste,Colgate,0,,0,0
SKU1038,7/17/2021,Synergix solutions ,Oral Care,Toothpaste,Sensitivity Toothpaste,Colgate,0,,0,0
SKU1057,12/18/2021,Synergix solutions ,Oral Care,Toothpaste,Fluoride-Free Toothpaste,Tom's of Maine,21228,16.25421133,1306,4275
SKU1057,11-12-22,Synergix solutions ,Oral Care,Toothpaste,Fluoride-Free Toothpaste,Tom's of Maine,0,,0,0
SKU1057,1/22/2022,Synergix solutions ,Oral Care,Toothpaste,Fluoride-Free Toothpaste,Tom's of Maine,0,,0,0
SKU1057,04-10-21,Synergix solutions ,Oral Care,Toothpaste,Fluoride-Free Toothpaste,Tom's of Maine,0,,0,0
SKU1057,10/23/2021,Synergix solutions ,Oral Care,Toothpaste,Fluoride-Free Toothpaste,Tom's of Maine,27852,17.88824663,1557,4282
SKU1057,10/15/2022,Synergix solutions ,Oral Care,Toothpaste,Fluoride-Free Toothpaste,Tom's of Maine,25909,70.78961749,366,2690
SKU1057,6/19/2021,Synergix solutions ,Oral Care,Toothpaste,Fluoride-Free Toothpaste,Tom's of Maine,0,,0,90
SKU1057,1/15/2022,Synergix solutions ,Oral Care,Toothpaste,Fluoride-Free Toothpaste,Tom's of Maine,43405,24.22154018,1792,4535
SKU1057,1/30/2021,Synergix solutions ,Oral Care,Toothpaste,Fluoride-Free Toothpaste,Tom's of Maine,27752,17.76696543,1562,4626
SKU1057,04-09-22,Synergix solutions ,Oral Care,Toothpaste,Fluoride-Free Toothpaste,Tom's of Maine,0,,0,0
SKU1057,4/17/2021,Synergix solutions ,Oral Care,Toothpaste,Fluoride-Free Toothpaste,Tom's of Maine,28189,22.0571205,1278,5637
SKU1057,02-12-22,Synergix solutions ,Oral Care,Toothpaste,Fluoride-Free Toothpaste,Tom's of Maine,20542,16.85151764,1219,4212
SKU1057,10-09-21,Synergix solutions ,Oral Care,Toothpaste,Fluoride-Free Toothpaste,Tom's of Maine,18027,22.53375,800,2690
SKU1057,01-02-21,Synergix solutions ,Oral Care,Toothpaste,Fluoride-Free Toothpaste,Tom's of Maine,0,,0,0
SKU1057,10-02-21,Synergix solutions ,Oral Care,Toothpaste,Fluoride-Free Toothpaste,Tom's of Maine,14518,9.538764783,1522,3713
SKU1057,02-06-21,Synergix solutions ,Oral Care,Toothpaste,Fluoride-Free Toothpaste,Tom's of Maine,10100,14.49067432,697,2982
SKU1057,02-05-22,Synergix solutions ,Oral Care,Toothpaste,Fluoride-Free Toothpaste,Tom's of Maine,27829,20.43245228,1362,6807
SKU1057,10/15/2022,Synergix solutions ,Oral Care,Toothpaste,Fluoride-Free Toothpaste,Tom's of Maine,34398,19.02544248,1808,3906
SKU1057,11/13/2021,Synergix solutions ,Oral Care,Toothpaste,Fluoride-Free Toothpaste,Tom's of Maine,21200,19.08190819,1111,2507
SKU1057,05-08-21,Synergix solutions ,Oral Care,Toothpaste,Fluoride-Free Toothpaste,Tom's of Maine,0,,0,0
SKU1057,07-03-21,Synergix solutions ,Oral Care,Toothpaste,Fluoride-Free Toothpaste,Tom's of Maine,0,,0,0
SKU1057,10/15/2022,Synergix solutions ,Oral Care,Toothpaste,Fluoride-Free Toothpaste,Tom's of Maine,37662,22.10211268,1704,3659
SKU1057,10/29/2022,Synergix solutions ,Oral Care,Toothpaste,Fluoride-Free Toothpaste,Tom's of Maine,0,,0,0
SKU1057,1/30/2021,Synergix solutions ,Oral Care,Toothpaste,Fluoride-Free Toothpaste,Tom's of Maine,27752,17.76696543,1562,4626
SKU1057,01-09-21,Synergix solutions ,Oral Care,Toothpaste,Fluoride-Free Toothpaste,Tom's of Maine,25589,21.63060017,1183,3519
SKU1057,8/13/2022,Synergix solutions ,Oral Care,Toothpaste,Fluoride-Free Toothpaste,Tom's of Maine,23302,14.60940439,1595,3753
SKU1057,5/14/2022,Synergix solutions ,Oral Care,Toothpaste,Fluoride-Free Toothpaste,Tom's of Maine,35210,25.44075145,1384,4491
SKU1015,2/26/2022,Synergix solutions ,Oral Care,Toothpaste,Whitening Toothpaste,Colgate,16957,15.34570136,1105,4189
SKU1015,12-11-21,Synergix solutions ,Oral Care,Toothpaste,Whitening Toothpaste,Colgate,25260,25.48940464,991,1109
SKU1015,8/14/2021,Synergix solutions ,Oral Care,Toothpaste,Whitening Toothpaste,Colgate,11226,12.72789116,882,3009
SKU1015,3/13/2021,Synergix solutions ,Oral Care,Toothpaste,Whitening Toothpaste,Colgate,0,,0,249
SKU1015,06-12-21,Synergix solutions ,Oral Care,Toothpaste,Whitening Toothpaste,Colgate,14922,15.87446809,940,4532
SKU1015,11-12-22,Synergix solutions ,Oral Care,Toothpaste,Whitening Toothpaste,Colgate,0,,0,0
SKU1015,01-08-22,Synergix solutions ,Oral Care,Toothpaste,Whitening Toothpaste,Colgate,0,,0,0
SKU1015,7/24/2021,Synergix solutions ,Oral Care,Toothpaste,Whitening Toothpaste,Colgate,23799,23.40117994,1017,3281
SKU1015,03-12-22,Synergix solutions ,Oral Care,Toothpaste,Whitening Toothpaste,Colgate,27050,15.36059057,1761,4288
SKU1015,07-03-21,Synergix solutions ,Oral Care,Toothpaste,Whitening Toothpaste,Colgate,21651,21.04081633,1029,3099
SKU1015,10-08-22,Synergix solutions ,Oral Care,Toothpaste,Whitening Toothpaste,Colgate,0,59.57142857,0,0
SKU1015,2/26/2022,Synergix solutions ,Oral Care,Toothpaste,Whitening Toothpaste,Colgate,37996,29.94168637,1269,4261
SKU1015,7/24/2021,Synergix solutions ,Oral Care,Toothpaste,Whitening Toothpaste,Colgate,9387,15.18932039,618,2876
SKU1015,11-05-22,Synergix solutions ,Oral Care,Toothpaste,Whitening Toothpaste,Colgate,0,,0,0
SKU1015,12-10-22,Synergix solutions ,Oral Care,Toothpaste,Whitening Toothpaste,Colgate,38856,23.79424372,1633,3833
SKU1015,09-11-21,Synergix solutions ,Oral Care,Toothpaste,Whitening Toothpaste,Colgate,0,,0,0
SKU1015,3/26/2022,Synergix solutions ,Oral Care,Toothpaste,Whitening Toothpaste,Colgate,0,,0,0
SKU1015,7/16/2022,Synergix solutions ,Oral Care,Toothpaste,Whitening Toothpaste,Colgate,29191,21.93163035,1331,3797
SKU1015,06-04-22,Synergix solutions ,Oral Care,Toothpaste,Whitening Toothpaste,Colgate,23910,17.12750716,1396,3940
SKU1015,01-01-22,Synergix solutions ,Oral Care,Toothpaste,Whitening Toothpaste,Colgate,34490,32.38497653,1065,3042
SKU1015,10-08-22,Synergix solutions ,Oral Care,Toothpaste,Whitening Toothpaste,Colgate,0,,0,0
SKU1015,2/27/2021,Synergix solutions ,Oral Care,Toothpaste,Whitening Toothpaste,Colgate,44358,19.82923558,2237,8467
SKU1015,07-10-21,Synergix solutions ,Oral Care,Toothpaste,Whitening Toothpaste,Colgate,18258,11.57767914,1577,3096
SKU1028,4/30/2022,Synergix solutions ,Oral Care,Toothpaste,Whitening Toothpaste,Close-up,24651,16.62238705,1483,4601
SKU1028,07-02-22,Synergix solutions ,Oral Care,Toothpaste,Whitening Toothpaste,Close-up,0,,0,0
SKU1028,10-08-22,Synergix solutions ,Oral Care,Toothpaste,Whitening Toothpaste,Close-up,12953,14.48881432,894,3092
SKU1028,3/19/2022,Synergix solutions ,Oral Care,Toothpaste,Whitening Toothpaste,Close-up,17061,38.16778523,447,928.0310119
SKU1028,2/26/2022,Synergix solutions ,Oral Care,Toothpaste,Whitening Toothpaste,Close-up,0,,0,0
SKU1028,04-02-22,Synergix solutions ,Oral Care,Toothpaste,Whitening Toothpaste,Close-up,0,,0,0
SKU1028,12/25/2021,Synergix solutions ,Oral Care,Toothpaste,Whitening Toothpaste,Close-up,15366,27.73646209,554,2654
SKU1028,06-12-21,Synergix solutions ,Oral Care,Toothpaste,Whitening Toothpaste,Close-up,0,,0,0
SKU1028,11/20/2021,Synergix solutions ,Oral Care,Toothpaste,Whitening Toothpaste,Close-up,27585,20.17922458,1367,4221
SKU1028,09-04-21,Synergix solutions ,Oral Care,Toothpaste,Whitening Toothpaste,Close-up,0,72.61904762,0,0
SKU1028,4/17/2021,Synergix solutions ,Oral Care,Toothpaste,Whitening Toothpaste,Close-up,0,,0,0
SKU1028,12-03-22,Synergix solutions ,Oral Care,Toothpaste,Whitening Toothpaste,Close-up,0,,0,45
SKU1028,4/23/2022,Synergix solutions ,Oral Care,Toothpaste,Whitening Toothpaste,Close-up,17805,22.71045918,784,3405
SKU1028,05-08-21,Synergix solutions ,Oral Care,Toothpaste,Whitening Toothpaste,Close-up,20517,21.08633094,973,3261
SKU1028,7/30/2022,Synergix solutions ,Oral Care,Toothpaste,Whitening Toothpaste,Close-up,0,,0,0
SKU1028,7/31/2021,Synergix solutions ,Oral Care,Toothpaste,Whitening Toothpaste,Close-up,0,8.22972973,0,0
SKU1028,1/23/2021,Synergix solutions ,Oral Care,Toothpaste,Whitening Toothpaste,Close-up,19285,25.88590604,745,3659
SKU1028,12-10-22,Synergix solutions ,Oral Care,Toothpaste,Whitening Toothpaste,Close-up,0,,0,0
SKU1028,08-07-21,Synergix solutions ,Oral Care,Toothpaste,Whitening Toothpaste,Close-up,8635,7.148178808,1208,2903
SKU1028,12-10-22,Synergix solutions ,Oral Care,Toothpaste,Whitening Toothpaste,Close-up,0,,0,0
SKU1028,3/27/2021,Synergix solutions ,Oral Care,Toothpaste,Whitening Toothpaste,Close-up,0,,0,0
SKU1028,9/24/2022,Synergix solutions ,Oral Care,Toothpaste,Whitening Toothpaste,Close-up,22912,17.77501939,1289,3395
SKU1028,02-05-22,Synergix solutions ,Oral Care,Toothpaste,Whitening Toothpaste,Close-up,0,,0,0
SKU1028,6/19/2021,Synergix solutions ,Oral Care,Toothpaste,Whitening Toothpaste,Close-up,31031,19.77756533,1569,4896
SKU1028,7/17/2021,Synergix solutions ,Oral Care,Toothpaste,Whitening Toothpaste,Close-up,13192,17.13246753,770,2180
SKU1028,10-09-21,Synergix solutions ,Oral Care,Toothpaste,Whitening Toothpaste,Close-up,17674,22.51464968,785,2414
SKU1028,07-03-21,Synergix solutions ,Oral Care,Toothpaste,Whitening Toothpaste,Close-up,21175,16.11491629,1314,4444
SKU1028,12/24/2022,Synergix solutions ,Oral Care,Toothpaste,Whitening Toothpaste,Close-up,0,,0,0
SKU1028,4/16/2022,Synergix solutions ,Oral Care,Toothpaste,Whitening Toothpaste,Close-up,19062,14.99763965,1271,3421
SKU1028,07-10-21,Synergix solutions ,Oral Care,Toothpaste,Whitening Toothpaste,Close-up,25345,34.71917808,730,2974
SKU1028,7/24/2021,Synergix solutions ,Oral Care,Toothpaste,Whitening Toothpaste,Close-up,19833,11.24957459,1763,7780
SKU1028,3/26/2022,Synergix solutions ,Oral Care,Toothpaste,Whitening Toothpaste,Close-up,30901,25.88023451,1194,3807
SKU1028,05-01-21,Synergix solutions ,Oral Care,Toothpaste,Whitening Toothpaste,Close-up,36014,19.59412405,1838,5023
SKU1028,10-08-22,Synergix solutions ,Oral Care,Toothpaste,Whitening Toothpaste,Close-up,32118,22.50735809,1427,3745
SKU1028,06-05-21,Synergix solutions ,Oral Care,Toothpaste,Whitening Toothpaste,Close-up,17898,10.88024316,1645,3402
SKU1028,2/26/2022,Synergix solutions ,Oral Care,Toothpaste,Whitening Toothpaste,Close-up,35677,28.81825525,1238,3235
SKU1067,11/19/2022,Synergix solutions ,Oral Care,Toothpaste,Fluoride-Free Toothpaste,Himalaya Herbals,38978,21.36951754,1824,5414
SKU1067,02-05-22,Synergix solutions ,Oral Care,Toothpaste,Fluoride-Free Toothpaste,Himalaya Herbals,0,,0,0
SKU1067,1/29/2022,Synergix solutions ,Oral Care,Toothpaste,Fluoride-Free Toothpaste,Himalaya Herbals,0,,0,0
SKU1067,01-02-21,Synergix solutions ,Oral Care,Toothpaste,Fluoride-Free Toothpaste,Himalaya Herbals,20418,23.74186047,860,4568
SKU1067,6/25/2022,Synergix solutions ,Oral Care,Toothpaste,Fluoride-Free Toothpaste,Himalaya Herbals,30906,18.12668622,1705,3998
SKU1067,12-10-22,Synergix solutions ,Oral Care,Toothpaste,Fluoride-Free Toothpaste,Himalaya Herbals,27994,15.56086715,1799,6300
SKU1067,5/22/2021,Synergix solutions ,Oral Care,Toothpaste,Fluoride-Free Toothpaste,Himalaya Herbals,0,,0,0
SKU1067,10/23/2021,Synergix solutions ,Oral Care,Toothpaste,Fluoride-Free Toothpaste,Himalaya Herbals,0,,0,0
SKU1067,5/28/2022,Synergix solutions ,Oral Care,Toothpaste,Fluoride-Free Toothpaste,Himalaya Herbals,32043,22.59732017,1418,4243
SKU1067,04-10-21,Synergix solutions ,Oral Care,Toothpaste,Fluoride-Free Toothpaste,Himalaya Herbals,0,72.61904762,0,0
SKU1067,7/31/2021,Synergix solutions ,Oral Care,Toothpaste,Fluoride-Free Toothpaste,Himalaya Herbals,0,,0,0
SKU1067,5/14/2022,Synergix solutions ,Oral Care,Toothpaste,Fluoride-Free Toothpaste,Himalaya Herbals,23765,24.91090147,954,2150
SKU1067,7/16/2022,Synergix solutions ,Oral Care,Toothpaste,Fluoride-Free Toothpaste,Himalaya Herbals,22370,35.73482428,626,3756
SKU1067,04-03-21,Synergix solutions ,Oral Care,Toothpaste,Fluoride-Free Toothpaste,Himalaya Herbals,0,,0,0
SKU1067,04-10-21,Synergix solutions ,Oral Care,Toothpaste,Fluoride-Free Toothpaste,Himalaya Herbals,6126,12.89684211,475,2957
SKU1067,03-06-21,Synergix solutions ,Oral Care,Toothpaste,Fluoride-Free Toothpaste,Himalaya Herbals,0,,0,0
SKU1067,3/20/2021,Synergix solutions ,Oral Care,Toothpaste,Fluoride-Free Toothpaste,Himalaya Herbals,0,,0,0
SKU1067,11/13/2021,Synergix solutions ,Oral Care,Toothpaste,Fluoride-Free Toothpaste,Himalaya Herbals,26782,26.28263003,1019,4535
SKU1067,12-04-21,Synergix solutions ,Oral Care,Toothpaste,Fluoride-Free Toothpaste,Himalaya Herbals,18330,12.28552279,1492,4007
SKU1067,3/19/2022,Synergix solutions ,Oral Care,Toothpaste,Fluoride-Free Toothpaste,Himalaya Herbals,16616,28.06756757,592,2292
SKU1067,4/16/2022,Synergix solutions ,Oral Care,Toothpaste,Fluoride-Free Toothpaste,Himalaya Herbals,29449,23.07915361,1276,4290
SKU1067,8/20/2022,Synergix solutions ,Oral Care,Toothpaste,Fluoride-Free Toothpaste,Himalaya Herbals,19182,12.62804477,1519,3353
SKU1067,1/22/2022,Synergix solutions ,Oral Care,Toothpaste,Fluoride-Free Toothpaste,Himalaya Herbals,0,,0,0
SKU1067,12-03-22,Synergix solutions ,Oral Care,Toothpaste,Fluoride-Free Toothpaste,Himalaya Herbals,12882,20.6112,625,2313
SKU1067,09-04-21,Synergix solutions ,Oral Care,Toothpaste,Fluoride-Free Toothpaste,Himalaya Herbals,35272,21.86732796,1613,3104
SKU1067,1/15/2022,Synergix solutions ,Oral Care,Toothpaste,Fluoride-Free Toothpaste,Himalaya Herbals,15346,12.33601286,1244,3681
SKU1067,5/28/2022,Synergix solutions ,Oral Care,Toothpaste,Fluoride-Free Toothpaste,Himalaya Herbals,27315,28.39397089,962,2664
SKU1067,2/27/2021,Synergix solutions ,Oral Care,Toothpaste,Fluoride-Free Toothpaste,Himalaya Herbals,18514,13.01969058,1422,2273
SKU1067,12-04-21,Synergix solutions ,Oral Care,Toothpaste,Fluoride-Free Toothpaste,Himalaya Herbals,24786,13.5442623,1830,2570
SKU1067,11-05-22,Synergix solutions ,Oral Care,Toothpaste,Fluoride-Free Toothpaste,Himalaya Herbals,19658,31.4528,625,3243
SKU1067,09-03-22,Synergix solutions ,Oral Care,Toothpaste,Fluoride-Free Toothpaste,Himalaya Herbals,40218,22.94238448,1753,3276
SKU1067,04-10-21,Synergix solutions ,Oral Care,Toothpaste,Fluoride-Free Toothpaste,Himalaya Herbals,35624,18.57351408,1918,6019
SKU1067,8/28/2021,Synergix solutions ,Oral Care,Toothpaste,Fluoride-Free Toothpaste,Himalaya Herbals,19619,12.14798762,1615,1393
