Python for Data Science/POS_Data.csv
SKU ID,Date,Manufacturer,Sector,Category,Segment,Brand,Revenue($),Unit_price,Units_sold,Page_traffic
SKU1048,06-05-21,Synergix solutions ,Oral Care,Toothpaste,Sensitivity Toothpaste,Sensodyne,0,,0,0
SKU1048,5/28/2022,Synergix solutions ,Oral Care,Toothpaste,Sensitivity Toothpaste,Sensodyne,0,,0,0
SKU1048,10-09-21,Synergix solutions ,Oral Care,Toothpaste,Sensitivity Toothpaste,Sensodyne,19771,31.13543307,635,2623
SKU1048,01-02-21,Synergix solutions ,Oral Care,Toothpaste,Sensitivity Toothpaste,Sensodyne,16778,25.81230769,650,985
SKU1048,1/22/2022,Synergix solutions ,Oral Care,Toothpaste,Sensitivity Toothpaste,Sensodyne,32212,19.58176292,1645,5740
SKU1048,04-09-22,Synergix solutions ,Oral Care,Toothpaste,Sensitivity Toothpaste,Sensodyne,16287,13.96826758,1166,4635
SKU1048,1/22/2022,Synergix solutions ,Oral Care,Toothpaste,Sensitivity Toothpaste,Sensodyne,0,,0,0
SKU1048,10/22/2022,Synergix solutions ,Oral Care,Toothpaste,Sensitivity Toothpaste,Sensodyne,18941,22.12733645,856,1936
SKU1048,3/13/2021,Synergix solutions ,Oral Care,Toothpaste,Sensitivity Toothpaste,Sensodyne,0,,0,0
SKU1048,8/21/2021,Synergix solutions ,Oral Care,Toothpaste,Sensitivity Toothpaste,Sensodyne,19948,22.48928974,887,126
SKU1048,8/28/2021,Synergix solutions ,Oral Care,Toothpaste,Sensitivity Toothpaste,Sensodyne,28602,15.26254002,1874,4085
SKU1048,06-05-21,Synergix solutions ,Oral Care,Toothpaste,Sensitivity Toothpaste,Sensodyne,0,,0,0
SKU1048,04-10-21,Synergix solutions ,Oral Care,Toothpaste,Sensitivity Toothpaste,Sensodyne,16150,20.49492386,788,3636
SKU1048,06-11-22,Synergix solutions ,Oral Care,Toothpaste,Sensitivity Toothpaste,Sensodyne,0,,0,0
SKU1048,7/23/2022,Synergix solutions ,Oral Care,Toothpaste,Sensitivity Toothpaste,Sensodyne,0,,0,0
SKU1048,06-05-21,Synergix solutions ,Oral Care,Toothpaste,Sensitivity Toothpaste,Sensodyne,21509,26.95363409,798,2716
SKU1048,6/26/2021,Synergix solutions ,Oral Care,Toothpaste,Sensitivity Toothpaste,Sensodyne,19433,22.26002291,873,3203
SKU1048,02-05-22,Synergix solutions ,Oral Care,Toothpaste,Sensitivity Toothpaste,Sensodyne,0,,0,0
SKU1048,03-05-22,Synergix solutions ,Oral Care,Toothpaste,Sensitivity Toothpaste,Sensodyne,27280,18.69773818,1459,4310
SKU1048,5/22/2021,Synergix solutions ,Oral Care,Toothpaste,Sensitivity Toothpaste,Sensodyne,13565,21.91437803,619,1689
SKU1048,09-11-21,Synergix solutions ,Oral Care,Toothpaste,Sensitivity Toothpaste,Sensodyne,0,,0,0
SKU1048,12-11-21,Synergix solutions ,Oral Care,Toothpaste,Sensitivity Toothpaste,Sensodyne,19106,24.81298701,770,1580
SKU1048,5/22/2021,Synergix solutions ,Oral Care,Toothpaste,Sensitivity Toothpaste,Sensodyne,0,,0,0
SKU1048,5/15/2021,Synergix solutions ,Oral Care,Toothpaste,Sensitivity Toothpaste,Sensodyne,8407,8.146317829,1032,2546
SKU1048,12/17/2022,Synergix solutions ,Oral Care,Toothpaste,Sensitivity Toothpaste,Sensodyne,29456,19.18957655,1535,2783
SKU1048,2/19/2022,Synergix solutions ,Oral Care,Toothpaste,Sensitivity Toothpaste,Sensodyne,8820,13.00884956,678,3146
SKU1048,4/24/2021,Synergix solutions ,Oral Care,Toothpaste,Sensitivity Toothpaste,Sensodyne,18655,20.18939394,924,2797
SKU1048,01-08-22,Synergix solutions ,Oral Care,Toothpaste,Sensitivity Toothpaste,Sensodyne,13806,17.65473146,782,3725
SKU1048,6/26/2021,Synergix solutions ,Oral Care,Toothpaste,Sensitivity Toothpaste,Sensodyne,10222,8.618887015,1186,4492
SKU1048,11-12-22,Synergix solutions ,Oral Care,Toothpaste,Sensitivity Toothpaste,Sensodyne,34775,18.10255075,1921,3997
SKU1048,4/23/2022,Synergix solutions ,Oral Care,Toothpaste,Sensitivity Toothpaste,Sensodyne,0,,0,0
SKU1048,12/31/2022,Synergix solutions ,Oral Care,Toothpaste,Sensitivity Toothpaste,Sensodyne,0,,0,0
SKU1025,10/23/2021,Synergix solutions ,Oral Care,Toothpaste,Whitening Toothpaste,Close-up,0,,0,0
SKU1025,7/17/2021,Synergix solutions ,Oral Care,Toothpaste,Whitening Toothpaste,Close-up,0,,0,0
SKU1025,12/18/2021,Synergix solutions ,Oral Care,Toothpaste,Whitening Toothpaste,Close-up,0,,0,0
SKU1025,8/13/2022,Synergix solutions ,Oral Care,Toothpaste,Whitening Toothpaste,Close-up,20131,40.8336714,493,1003.589491
SKU1025,10-09-21,Synergix solutions ,Oral Care,Toothpaste,Whitening Toothpaste,Close-up,0,,0,0
SKU1025,11/26/2022,Synergix solutions ,Oral Care,Toothpaste,Whitening Toothpaste,Close-up,0,,0,0
SKU1025,6/25/2022,Synergix solutions ,Oral Care,Toothpaste,Whitening Toothpaste,Close-up,17719,28.57903226,620,3877
SKU1025,8/28/2021,Synergix solutions ,Oral Care,Toothpaste,Whitening Toothpaste,Close-up,25660,19.19222139,1337,3378
SKU1025,4/23/2022,Synergix solutions ,Oral Care,Toothpaste,Whitening Toothpaste,Close-up,0,,0,0
SKU1025,1/23/2021,Synergix solutions ,Oral Care,Toothpaste,Whitening Toothpaste,Close-up,16040,16.16935484,992,2861
SKU1025,11/26/2022,Synergix solutions ,Oral Care,Toothpaste,Whitening Toothpaste,Close-up,0,,0,0
SKU1025,1/29/2022,Synergix solutions ,Oral Care,Toothpaste,Whitening Toothpaste,Close-up,31807,15.52318204,2049,5468
SKU1025,03-06-21,Synergix solutions ,Oral Care,Toothpaste,Whitening Toothpaste,Close-up,21983,27.96819338,786,3300
SKU1025,6/25/2022,Synergix solutions ,Oral Care,Toothpaste,Whitening Toothpaste,Close-up,0,,0,0
SKU1025,7/16/2022,Synergix solutions ,Oral Care,Toothpaste,Whitening Toothpaste,Close-up,6788,11.95070423,568,935
SKU1025,4/24/2021,Synergix solutions ,Oral Care,Toothpaste,Whitening Toothpaste,Close-up,0,,0,0
SKU1025,12/31/2022,Synergix solutions ,Oral Care,Toothpaste,Whitening Toothpaste,Close-up,0,,0,0
SKU1025,04-09-22,Synergix solutions ,Oral Care,Toothpaste,Whitening Toothpaste,Close-up,0,,0,0
SKU1025,5/15/2021,Synergix solutions ,Oral Care,Toothpaste,Whitening Toothpaste,Close-up,19364,52.76294278,367,3943
SKU1025,06-12-21,Synergix solutions ,Oral Care,Toothpaste,Whitening Toothpaste,Close-up,22239,21.38365385,1040,3287
SKU1025,4/16/2022,Synergix solutions ,Oral Care,Toothpaste,Whitening Toothpaste,Close-up,31697,24.12252664,1314,3571
SKU1025,6/18/2022,Synergix solutions ,Oral Care,Toothpaste,Whitening Toothpaste,Close-up,26498,24.02357208,1103,2813
SKU1025,07-03-21,Synergix solutions ,Oral Care,Toothpaste,Whitening Toothpaste,Close-up,0,,0,0
SKU1025,4/23/2022,Synergix solutions ,Oral Care,Toothpaste,Whitening Toothpaste,Close-up,0,,0,0
SKU1025,5/14/2022,Synergix solutions ,Oral Care,Toothpaste,Whitening Toothpaste,Close-up,35760,21.85819071,1636,3472
SKU1025,11/19/2022,Synergix solutions ,Oral Care,Toothpaste,Whitening Toothpaste,Close-up,28851,16.79336438,1718,3288
SKU1025,11/19/2022,Synergix solutions ,Oral Care,Toothpaste,Whitening Toothpaste,Close-up,0,,0,0
SKU1025,2/13/2021,Synergix solutions ,Oral Care,Toothpaste,Whitening Toothpaste,Close-up,0,,0,0
SKU1025,12/24/2022,Synergix solutions ,Oral Care,Toothpaste,Whitening Toothpaste,Close-up,0,,0,0
SKU1025,7/16/2022,Synergix solutions ,Oral Care,Toothpaste,Whitening Toothpaste,Close-up,1618,2.163101604,748,3580
SKU1025,02-05-22,Synergix solutions ,Oral Care,Toothpaste,Whitening Toothpaste,Close-up,17683,13.697134,1291,6623
SKU1025,11/19/2022,Synergix solutions ,Oral Care,Toothpaste,Whitening Toothpaste,Close-up,18478,17.87040619,1034,3928
SKU1025,9/25/2021,Synergix solutions ,Oral Care,Toothpaste,Whitening Toothpaste,Close-up,17184,84.65024631,203,3616
SKU1025,11/19/2022,Synergix solutions ,Oral Care,Toothpaste,Whitening Toothpaste,Close-up,26972,11.53142369,2339,4805
SKU1025,11-05-22,Synergix solutions ,Oral Care,Toothpaste,Whitening Toothpaste,Close-up,0,,0,0
SKU1050,5/14/2022,Synergix solutions ,Oral Care,Toothpaste,Sensitivity Toothpaste,Sensodyne,0,,0,0
SKU1050,07-09-22,Synergix solutions ,Oral Care,Toothpaste,Sensitivity Toothpaste,Sensodyne,19035,27.58695652,690,2735
SKU1050,03-12-22,Synergix solutions ,Oral Care,Toothpaste,Sensitivity Toothpaste,Sensodyne,0,,0,0
SKU1050,8/27/2022,Synergix solutions ,Oral Care,Toothpaste,Sensitivity Toothpaste,Sensodyne,0,,0,0
SKU1050,01-08-22,Synergix solutions ,Oral Care,Toothpaste,Sensitivity Toothpaste,Sensodyne,0,,0,0
SKU1050,1/15/2022,Synergix solutions ,Oral Care,Toothpaste,Sensitivity Toothpaste,Sensodyne,0,,0,0
SKU1050,04-03-21,Synergix solutions ,Oral Care,Toothpaste,Sensitivity Toothpaste,Sensodyne,0,,0,0
SKU1050,4/30/2022,Synergix solutions ,Oral Care,Toothpaste,Sensitivity Toothpaste,Sensodyne,29612,23.82300885,1243,3900
SKU1050,06-12-21,Synergix solutions ,Oral Care,Toothpaste,Sensitivity Toothpaste,Sensodyne,12539,14.26507395,879,909
SKU1050,07-03-21,Synergix solutions ,Oral Care,Toothpaste,Sensitivity Toothpaste,Sensodyne,14383,10.84690799,1326,4574
SKU1050,11-06-21,Synergix solutions ,Oral Care,Toothpaste,Sensitivity Toothpaste,Sensodyne,0,72.61904762,0,0
SKU1050,2/26/2022,Synergix solutions ,Oral Care,Toothpaste,Sensitivity Toothpaste,Sensodyne,0,,0,0
SKU1050,1/29/2022,Synergix solutions ,Oral Care,Toothpaste,Sensitivity Toothpaste,Sensodyne,33286,24.36749634,1366,4167
SKU1050,09-03-22,Synergix solutions ,Oral Care,Toothpaste,Sensitivity Toothpaste,Sensodyne,18292,24.25994695,754,1386
SKU1050,4/17/2021,Synergix solutions ,Oral Care,Toothpaste,Sensitivity Toothpaste,Sensodyne,0,,0,0
SKU1050,3/19/2022,Synergix solutions ,Oral Care,Toothpaste,Sensitivity Toothpaste,Sensodyne,24170,22.56769374,1071,4991
SKU1050,6/26/2021,Synergix solutions ,Oral Care,Toothpaste,Sensitivity Toothpaste,Sensodyne,35564,26.36323202,1349,4047
SKU1050,07-10-21,Synergix solutions ,Oral Care,Toothpaste,Sensitivity Toothpaste,Sensodyne,0,,0,0
SKU1050,09-04-21,Synergix solutions ,Oral Care,Toothpaste,Sensitivity Toothpaste,Sensodyne,0,,0,0
SKU1050,3/13/2021,Synergix solutions ,Oral Care,Toothpaste,Sensitivity Toothpaste,Sensodyne,21973,21.41617934,1026,2666
SKU1050,5/21/2022,Synergix solutions ,Oral Care,Toothpaste,Sensitivity Toothpaste,Sensodyne,0,,0,0
SKU1050,4/16/2022,Synergix solutions ,Oral Care,Toothpaste,Sensitivity Toothpaste,Sensodyne,0,,0,0
SKU1050,7/23/2022,Synergix solutions ,Oral Care,Toothpaste,Sensitivity Toothpaste,Sensodyne,16081,29.6697417,542,1376
SKU1050,04-10-21,Synergix solutions ,Oral Care,Toothpaste,Sensitivity Toothpaste,Sensodyne,0,,0,0
SKU1050,3/13/2021,Synergix solutions ,Oral Care,Toothpaste,Sensitivity Toothpaste,Sensodyne,25051,23.23840445,1078,966
SKU1050,09-03-22,Synergix solutions ,Oral Care,Toothpaste,Sensitivity Toothpaste,Sensodyne,29921,37.1689441,805,494
SKU1050,10-09-21,Synergix solutions ,Oral Care,Toothpaste,Sensitivity Toothpaste,Sensodyne,2236,2.520856821,887,2357
SKU1050,12-11-21,Synergix solutions ,Oral Care,Toothpaste,Sensitivity Toothpaste,Sensodyne,14995,18.48951911,811,2527
SKU1050,10-02-21,Synergix solutions ,Oral Care,Toothpaste,Sensitivity Toothpaste,Sensodyne,25635,23.4109589,1095,2135
SKU1050,05-08-21,Synergix solutions ,Oral Care,Toothpaste,Sensitivity Toothpaste,Sensodyne,16963,10.99351912,1543,2889
SKU1050,10-01-22,Synergix solutions ,Oral Care,Toothpaste,Sensitivity Toothpaste,Sensodyne,0,,0,0
SKU1050,4/16/2022,Synergix solutions ,Oral Care,Toothpaste,Sensitivity Toothpaste,Sensodyne,0,,0,0
SKU1050,12-04-21,Synergix solutions ,Oral Care,Toothpaste,Sensitivity Toothpaste,Sensodyne,0,,0,0
SKU1050,11-12-22,Synergix solutions ,Oral Care,Toothpaste,Sensitivity Toothpaste,Sensodyne,39931,30.83474903,1295,3561
SKU1059,10-01-22,Synergix solutions ,Oral Care,Toothpaste,Fluoride-Free Toothpaste,Tom's of Maine,0,,0,0
SKU1059,01-08-22,Synergix solutions ,Oral Care,Toothpaste,Fluoride-Free Toothpaste,Tom's of Maine,29294,30.16889804,971,4125
SKU1059,8/13/2022,Synergix solutions ,Oral Care,Toothpaste,Fluoride-Free Toothpaste,Tom's of Maine,43257,30.65698086,1411,4920
SKU1059,8/27/2022,Synergix solutions ,Oral Care,Toothpaste,Fluoride-Free Toothpaste,Tom's of Maine,0,,0,0
SKU1059,3/27/2021,Synergix solutions ,Oral Care,Toothpaste,Fluoride-Free Toothpaste,Tom's of Maine,18000,17.04545455,1056,5217
SKU1059,06-05-21,Synergix solutions ,Oral Care,Toothpaste,Fluoride-Free Toothpaste,Tom's of Maine,17322,12.57039187,1378,4151
SKU1059,11/20/2021,Synergix solutions ,Oral Care,Toothpaste,Fluoride-Free Toothpaste,Tom's of Maine,0,,0,0
SKU1059,2/13/2021,Synergix solutions ,Oral Care,Toothpaste,Fluoride-Free Toothpaste,Tom's of Maine,0,,0,0
SKU1059,10-01-22,Synergix solutions ,Oral Care,Toothpaste,Fluoride-Free Toothpaste,Tom's of Maine,0,,0,0
SKU1059,04-10-21,Synergix solutions ,Oral Care,Toothpaste,Fluoride-Free Toothpaste,Tom's of Maine,25639,21.31255195,1203,4625
SKU1059,5/28/2022,Synergix solutions ,Oral Care,Toothpaste,Fluoride-Free Toothpaste,Tom's of Maine,34355,22.75165563,1510,4329
SKU1059,6/19/2021,Synergix solutions ,Oral Care,Toothpaste,Fluoride-Free Toothpaste,Tom's of Maine,0,,0,2944
SKU1059,12-10-22,Synergix solutions ,Oral Care,Toothpaste,Fluoride-Free Toothpaste,Tom's of Maine,33589,20.86273292,1610,2478
SKU1059,04-10-21,Synergix solutions ,Oral Care,Toothpaste,Fluoride-Free Toothpaste,Tom's of Maine,0,,0,0
SKU1059,03-12-22,Synergix solutions ,Oral Care,Toothpaste,Fluoride-Free Toothpaste,Tom's of Maine,0,,0,0
SKU1059,7/31/2021,Synergix solutions ,Oral Care,Toothpaste,Fluoride-Free Toothpaste,Tom's of Maine,9649,13.88345324,695,2509
SKU1059,6/18/2022,Synergix solutions ,Oral Care,Toothpaste,Fluoride-Free Toothpaste,Tom's of Maine,40608,31.18894009,1302,3776
SKU1059,10/16/2021,Synergix solutions ,Oral Care,Toothpaste,Fluoride-Free Toothpaste,Tom's of Maine,19957,15.22273074,1311,4291
SKU1059,10-08-22,Synergix solutions ,Oral Care,Toothpaste,Fluoride-Free Toothpaste,Tom's of Maine,27985,16.12039171,1736,4565
SKU1059,07-10-21,Synergix solutions ,Oral Care,Toothpaste,Fluoride-Free Toothpaste,Tom's of Maine,2548,5.330543933,478,574
SKU1059,11/20/2021,Synergix solutions ,Oral Care,Toothpaste,Fluoride-Free Toothpaste,Tom's of Maine,25013,18.32454212,1365,5527
SKU1059,04-10-21,Synergix solutions ,Oral Care,Toothpaste,Fluoride-Free Toothpaste,Tom's of Maine,27060,20.23934181,1337,2929
SKU1059,10-09-21,Synergix solutions ,Oral Care,Toothpaste,Fluoride-Free Toothpaste,Tom's of Maine,11961,31.1484375,384,787.1410495
SKU1059,4/23/2022,Synergix solutions ,Oral Care,Toothpaste,Fluoride-Free Toothpaste,Tom's of Maine,25433,21.2118432,1199,3020
SKU1059,01-02-21,Synergix solutions ,Oral Care,Toothpaste,Fluoride-Free Toothpaste,Tom's of Maine,16575,17.30167015,958,3824
SKU1059,09-04-21,Synergix solutions ,Oral Care,Toothpaste,Fluoride-Free Toothpaste,Tom's of Maine,20993,25.38452237,827,1223
SKU1059,10/15/2022,Synergix solutions ,Oral Care,Toothpaste,Fluoride-Free Toothpaste,Tom's of Maine,41467,22.59782016,1835,1831
SKU1059,01-09-21,Synergix solutions ,Oral Care,Toothpaste,Fluoride-Free Toothpaste,Tom's of Maine,35411,21.52644377,1645,5496
SKU1059,02-12-22,Synergix solutions ,Oral Care,Toothpaste,Fluoride-Free Toothpaste,Tom's of Maine,24794,26.01678909,953,4813
SKU1059,3/20/2021,Synergix solutions ,Oral Care,Toothpaste,Fluoride-Free Toothpaste,Tom's of Maine,28759,27.20813623,1057,5489
SKU1059,02-05-22,Synergix solutions ,Oral Care,Toothpaste,Fluoride-Free Toothpaste,Tom's of Maine,27782,26.56022945,1046,3409
SKU1059,9/18/2021,Synergix solutions ,Oral Care,Toothpaste,Fluoride-Free Toothpaste,Tom's of Maine,15597,10.05609284,1551,3056
SKU1059,5/22/2021,Synergix solutions ,Oral Care,Toothpaste,Fluoride-Free Toothpaste,Tom's of Maine,0,,0,0
