Python for Data Science/POS_Data.csv
SKU ID,Date,Manufacturer,Sector,Category,Segment,Brand,Revenue($),Unit_price,Units_sold,Page_traffic
SKU1070,11/26/2022,Synergix solutions ,Oral Care,Toothpaste,Fluoride-Free Toothpaste,Himalaya Herbals,0,,0,0
SKU1070,02-06-21,Synergix solutions ,Oral Care,Toothpaste,Fluoride-Free Toothpaste,Himalaya Herbals,25469,17.02473262,1496,4134
SKU1070,5/15/2021,Synergix solutions ,Oral Care,Toothpaste,Fluoride-Free Toothpaste,Himalaya Herbals,18000,11.47227533,1569,2808
SKU1070,7/23/2022,Synergix solutions ,Oral Care,Toothpaste,Fluoride-Free Toothpaste,Himalaya Herbals,0,,0,0
SKU1070,10-08-22,Synergix solutions ,Oral Care,Toothpaste,Fluoride-Free Toothpaste,Himalaya Herbals,0,,0,0
SKU1070,5/28/2022,Synergix solutions ,Oral Care,Toothpaste,Fluoride-Free Toothpaste,Himalaya Herbals,0,,0,0
SKU1070,12-11-21,Synergix solutions ,Oral Care,Toothpaste,Fluoride-Free Toothpaste,Himalaya Herbals,0,,0,0
SKU1070,11/26/2022,Synergix solutions ,Oral Care,Toothpaste,Fluoride-Free Toothpaste,Himalaya Herbals,15687,14.28688525,1098,2849
SKU1070,04-03-21,Synergix solutions ,Oral Care,Toothpaste,Fluoride-Free Toothpaste,Himalaya Herbals,11944,11.82574257,1010,3214
SKU1070,06-12-21,Synergix solutions ,Oral Care,Toothpaste,Fluoride-Free Toothpaste,Himalaya Herbals,19337,13.87159254,1394,5604
SKU1070,09-04-21,Synergix solutions ,Oral Care,Toothpaste,Fluoride-Free Toothpaste,Himalaya Herbals,0,,0,0
SKU1070,11-12-22,Synergix solutions ,Oral Care,Toothpaste,Fluoride-Free Toothpaste,Himalaya Herbals,22890,21.96737044,1042,2168
SKU1070,1/30/2021,Synergix solutions ,Oral Care,Toothpaste,Fluoride-Free Toothpaste,Himalaya Herbals,0,,0,0
SKU1070,03-12-22,Synergix solutions ,Oral Care,Toothpaste,Fluoride-Free Toothpaste,Himalaya Herbals,0,15.61832061,0,0
SKU1070,3/13/2021,Synergix solutions ,Oral Care,Toothpaste,Fluoride-Free Toothpaste,Himalaya Herbals,0,,0,0
SKU1070,10-08-22,Synergix solutions ,Oral Care,Toothpaste,Fluoride-Free Toothpaste,Himalaya Herbals,0,,0,0
SKU1070,1/15/2022,Synergix solutions ,Oral Care,Toothpaste,Fluoride-Free Toothpaste,Himalaya Herbals,11465,10.4894785,1093,4418
SKU1070,11/27/2021,Synergix solutions ,Oral Care,Toothpaste,Fluoride-Free Toothpaste,Himalaya Herbals,18469,13.93886792,1325,2050
SKU1070,04-10-21,Synergix solutions ,Oral Care,Toothpaste,Fluoride-Free Toothpaste,Himalaya Herbals,21991,22.69453044,969,5714
SKU1070,08-07-21,Synergix solutions ,Oral Care,Toothpaste,Fluoride-Free Toothpaste,Himalaya Herbals,0,,0,0
SKU1070,06-12-21,Synergix solutions ,Oral Care,Toothpaste,Fluoride-Free Toothpaste,Himalaya Herbals,10613,9.578519856,1108,2559
SKU1070,4/16/2022,Synergix solutions ,Oral Care,Toothpaste,Fluoride-Free Toothpaste,Himalaya Herbals,21939,15.89782609,1380,4681
SKU1070,4/17/2021,Synergix solutions ,Oral Care,Toothpaste,Fluoride-Free Toothpaste,Himalaya Herbals,0,,0,0
SKU1070,10/30/2021,Synergix solutions ,Oral Care,Toothpaste,Fluoride-Free Toothpaste,Himalaya Herbals,0,,0,0
SKU1070,11-12-22,Synergix solutions ,Oral Care,Toothpaste,Fluoride-Free Toothpaste,Himalaya Herbals,27112,29.53376906,918,3021
SKU1070,7/23/2022,Synergix solutions ,Oral Care,Toothpaste,Fluoride-Free Toothpaste,Himalaya Herbals,30733,22.11007194,1390,3763
SKU1070,4/30/2022,Synergix solutions ,Oral Care,Toothpaste,Fluoride-Free Toothpaste,Himalaya Herbals,33670,23.59495445,1427,3602
SKU1070,7/23/2022,Synergix solutions ,Oral Care,Toothpaste,Fluoride-Free Toothpaste,Himalaya Herbals,25943,32.38826467,801,2115
SKU1070,09-03-22,Synergix solutions ,Oral Care,Toothpaste,Fluoride-Free Toothpaste,Himalaya Herbals,0,,0,0
SKU1070,1/30/2021,Synergix solutions ,Oral Care,Toothpaste,Fluoride-Free Toothpaste,Himalaya Herbals,33641,25.48560606,1320,2964
SKU1070,02-12-22,Synergix solutions ,Oral Care,Toothpaste,Fluoride-Free Toothpaste,Himalaya Herbals,31499,29.00460405,1086,2775
SKU1070,3/19/2022,Synergix solutions ,Oral Care,Toothpaste,Fluoride-Free Toothpaste,Himalaya Herbals,26372,35.02257636,753,2211
SKU1064,01-09-21,Synergix solutions ,Oral Care,Toothpaste,Fluoride-Free Toothpaste,Himalaya Herbals,0,,0,0
SKU1064,10-02-21,Synergix solutions ,Oral Care,Toothpaste,Fluoride-Free Toothpaste,Himalaya Herbals,0,,0,0
SKU1064,5/14/2022,Synergix solutions ,Oral Care,Toothpaste,Fluoride-Free Toothpaste,Himalaya Herbals,19028,18.54580897,1026,3720
SKU1064,02-12-22,Synergix solutions ,Oral Care,Toothpaste,Fluoride-Free Toothpaste,Himalaya Herbals,0,,0,0
SKU1064,04-09-22,Synergix solutions ,Oral Care,Toothpaste,Fluoride-Free Toothpaste,Himalaya Herbals,29851,23.63499604,1263,3880
SKU1064,1/30/2021,Synergix solutions ,Oral Care,Toothpaste,Fluoride-Free Toothpaste,Himalaya Herbals,19108,19.24269889,993,3885
SKU1064,12-10-22,Synergix solutions ,Oral Care,Toothpaste,Fluoride-Free Toothpaste,Himalaya Herbals,33535,21.80429129,1538,3269
SKU1064,11/26/2022,Synergix solutions ,Oral Care,Toothpaste,Fluoride-Free Toothpaste,Himalaya Herbals,0,24.93333333,0,1322
SKU1064,1/15/2022,Synergix solutions ,Oral Care,Toothpaste,Fluoride-Free Toothpaste,Himalaya Herbals,25004,20.42810458,1224,6117
SKU1064,05-08-21,Synergix solutions ,Oral Care,Toothpaste,Fluoride-Free Toothpaste,Himalaya Herbals,35123,31.95905369,1099,4469
SKU1064,2/26/2022,Synergix solutions ,Oral Care,Toothpaste,Fluoride-Free Toothpaste,Himalaya Herbals,0,8.22972973,0,283
SKU1064,05-08-21,Synergix solutions ,Oral Care,Toothpaste,Fluoride-Free Toothpaste,Himalaya Herbals,22245,32.14595376,692,2661
SKU1064,5/14/2022,Synergix solutions ,Oral Care,Toothpaste,Fluoride-Free Toothpaste,Himalaya Herbals,24405,18.13150074,1346,4286
SKU1064,05-08-21,Synergix solutions ,Oral Care,Toothpaste,Fluoride-Free Toothpaste,Himalaya Herbals,0,,0,0
SKU1064,6/26/2021,Synergix solutions ,Oral Care,Toothpaste,Fluoride-Free Toothpaste,Himalaya Herbals,27389,30.29756637,904,7275
SKU1064,06-04-22,Synergix solutions ,Oral Care,Toothpaste,Fluoride-Free Toothpaste,Himalaya Herbals,0,,0,0
SKU1064,11/19/2022,Synergix solutions ,Oral Care,Toothpaste,Fluoride-Free Toothpaste,Himalaya Herbals,0,,0,0
SKU1064,2/27/2021,Synergix solutions ,Oral Care,Toothpaste,Fluoride-Free Toothpaste,Himalaya Herbals,0,,0,0
SKU1064,11/13/2021,Synergix solutions ,Oral Care,Toothpaste,Fluoride-Free Toothpaste,Himalaya Herbals,25477,16.04345088,1588,6306
SKU1064,01-09-21,Synergix solutions ,Oral Care,Toothpaste,Fluoride-Free Toothpaste,Himalaya Herbals,0,,0,0
SKU1064,3/19/2022,Synergix solutions ,Oral Care,Toothpaste,Fluoride-Free Toothpaste,Himalaya Herbals,9247,11.74968234,787,2542
SKU1064,01-02-21,Synergix solutions ,Oral Care,Toothpaste,Fluoride-Free Toothpaste,Himalaya Herbals,26442,22.69699571,1165,3858
SKU1064,8/13/2022,Synergix solutions ,Oral Care,Toothpaste,Fluoride-Free Toothpaste,Himalaya Herbals,39568,42.09361702,940,1138
SKU1064,1/15/2022,Synergix solutions ,Oral Care,Toothpaste,Fluoride-Free Toothpaste,Himalaya Herbals,37049,35.45358852,1045,4012
SKU1064,11/27/2021,Synergix solutions ,Oral Care,Toothpaste,Fluoride-Free Toothpaste,Himalaya Herbals,27937,19.50907821,1432,3233
SKU1064,6/18/2022,Synergix solutions ,Oral Care,Toothpaste,Fluoride-Free Toothpaste,Himalaya Herbals,24905,21.90413369,1137,2607
SKU1064,10-02-21,Synergix solutions ,Oral Care,Toothpaste,Fluoride-Free Toothpaste,Himalaya Herbals,14602,14.32973503,1019,2838
SKU1064,12/31/2022,Synergix solutions ,Oral Care,Toothpaste,Fluoride-Free Toothpaste,Himalaya Herbals,11763,20.31606218,579,2458
SKU1064,7/24/2021,Synergix solutions ,Oral Care,Toothpaste,Fluoride-Free Toothpaste,Himalaya Herbals,26272,18.19390582,1444,4249
SKU1064,12-03-22,Synergix solutions ,Oral Care,Toothpaste,Fluoride-Free Toothpaste,Himalaya Herbals,34628,23.6207367,1466,4597
SKU1064,1/30/2021,Synergix solutions ,Oral Care,Toothpaste,Fluoride-Free Toothpaste,Himalaya Herbals,23010,19.81912145,1161,4745
SKU1064,09-10-22,Synergix solutions ,Oral Care,Toothpaste,Fluoride-Free Toothpaste,Himalaya Herbals,32297,29.07020702,1111,2409
SKU1064,05-07-22,Synergix solutions ,Oral Care,Toothpaste,Fluoride-Free Toothpaste,Himalaya Herbals,0,,0,0
SKU1064,12-04-21,Synergix solutions ,Oral Care,Toothpaste,Fluoride-Free Toothpaste,Himalaya Herbals,0,,0,0
SKU1064,9/24/2022,Synergix solutions ,Oral Care,Toothpaste,Fluoride-Free Toothpaste,Himalaya Herbals,0,,0,0
SKU1064,11/19/2022,Synergix solutions ,Oral Care,Toothpaste,Fluoride-Free Toothpaste,Himalaya Herbals,0,,0,0
SKU1064,1/23/2021,Synergix solutions ,Oral Care,Toothpaste,Fluoride-Free Toothpaste,Himalaya Herbals,0,,0,0
SKU1064,10-09-21,Synergix solutions ,Oral Care,Toothpaste,Fluoride-Free Toothpaste,Himalaya Herbals,0,,0,0
SKU1066,02-06-21,Synergix solutions ,Oral Care,Toothpaste,Fluoride-Free Toothpaste,Himalaya Herbals,0,,0,0
SKU1066,8/28/2021,Synergix solutions ,Oral Care,Toothpaste,Fluoride-Free Toothpaste,Himalaya Herbals,0,,0,33
SKU1066,11-12-22,Synergix solutions ,Oral Care,Toothpaste,Fluoride-Free Toothpaste,Himalaya Herbals,0,,0,0
SKU1066,7/16/2022,Synergix solutions ,Oral Care,Toothpaste,Fluoride-Free Toothpaste,Himalaya Herbals,13032,17.95041322,726,3590
SKU1066,10/29/2022,Synergix solutions ,Oral Care,Toothpaste,Fluoride-Free Toothpaste,Himalaya Herbals,0,,0,0
SKU1066,4/23/2022,Synergix solutions ,Oral Care,Toothpaste,Fluoride-Free Toothpaste,Himalaya Herbals,0,,0,0
SKU1066,1/16/2021,Synergix solutions ,Oral Care,Toothpaste,Fluoride-Free Toothpaste,Himalaya Herbals,29714,24.86527197,1195,6276
SKU1066,9/18/2021,Synergix solutions ,Oral Care,Toothpaste,Fluoride-Free Toothpaste,Himalaya Herbals,0,,0,0
SKU1066,5/15/2021,Synergix solutions ,Oral Care,Toothpaste,Fluoride-Free Toothpaste,Himalaya Herbals,19960,14.8622487,1343,4281
SKU1066,8/14/2021,Synergix solutions ,Oral Care,Toothpaste,Fluoride-Free Toothpaste,Himalaya Herbals,18880,16.63436123,1135,2909
SKU1066,10-02-21,Synergix solutions ,Oral Care,Toothpaste,Fluoride-Free Toothpaste,Himalaya Herbals,0,,0,0
SKU1066,2/27/2021,Synergix solutions ,Oral Care,Toothpaste,Fluoride-Free Toothpaste,Himalaya Herbals,0,,0,0
SKU1066,8/28/2021,Synergix solutions ,Oral Care,Toothpaste,Fluoride-Free Toothpaste,Himalaya Herbals,0,,0,0
SKU1066,07-03-21,Synergix solutions ,Oral Care,Toothpaste,Fluoride-Free Toothpaste,Himalaya Herbals,18235,32.10387324,568,3547
SKU1066,11/26/2022,Synergix solutions ,Oral Care,Toothpaste,Fluoride-Free Toothpaste,Himalaya Herbals,9606,15.72176759,611,1794
SKU1066,04-10-21,Synergix solutions ,Oral Care,Toothpaste,Fluoride-Free Toothpaste,Himalaya Herbals,28604,22.08803089,1295,1849
SKU1066,10-09-21,Synergix solutions ,Oral Care,Toothpaste,Fluoride-Free Toothpaste,Himalaya Herbals,27001,13.54112337,1994,4714
SKU1066,7/31/2021,Synergix solutions ,Oral Care,Toothpaste,Fluoride-Free Toothpaste,Himalaya Herbals,24830,17.33938547,1432,5061
SKU1066,5/15/2021,Synergix solutions ,Oral Care,Toothpaste,Fluoride-Free Toothpaste,Himalaya Herbals,16667,18.70594837,891,2022
SKU1066,11-06-21,Synergix solutions ,Oral Care,Toothpaste,Fluoride-Free Toothpaste,Himalaya Herbals,0,,0,0
SKU1066,3/26/2022,Synergix solutions ,Oral Care,Toothpaste,Fluoride-Free Toothpaste,Himalaya Herbals,0,,0,0
SKU1066,01-02-21,Synergix solutions ,Oral Care,Toothpaste,Fluoride-Free Toothpaste,Himalaya Herbals,15571,29.4905303,528,2855
SKU1066,02-05-22,Synergix solutions ,Oral Care,Toothpaste,Fluoride-Free Toothpaste,Himalaya Herbals,0,,0,30
SKU1066,10/23/2021,Synergix solutions ,Oral Care,Toothpaste,Fluoride-Free Toothpaste,Himalaya Herbals,30851,14.35597953,2149,4268
SKU1066,2/13/2021,Synergix solutions ,Oral Care,Toothpaste,Fluoride-Free Toothpaste,Himalaya Herbals,0,,0,3077
SKU1066,10-08-22,Synergix solutions ,Oral Care,Toothpaste,Fluoride-Free Toothpaste,Himalaya Herbals,27844,26.95450145,1033,2075
SKU1066,02-06-21,Synergix solutions ,Oral Care,Toothpaste,Fluoride-Free Toothpaste,Himalaya Herbals,0,,0,0
SKU1066,10/15/2022,Synergix solutions ,Oral Care,Toothpaste,Fluoride-Free Toothpaste,Himalaya Herbals,29011,13.71678487,2115,2494
SKU1066,10/30/2021,Synergix solutions ,Oral Care,Toothpaste,Fluoride-Free Toothpaste,Himalaya Herbals,19080,29.95290424,637,1849
SKU1066,10/15/2022,Synergix solutions ,Oral Care,Toothpaste,Fluoride-Free Toothpaste,Himalaya Herbals,0,,0,0
SKU1066,5/15/2021,Synergix solutions ,Oral Care,Toothpaste,Fluoride-Free Toothpaste,Himalaya Herbals,20005,28.37588652,705,1421
SKU1066,11/26/2022,Synergix solutions ,Oral Care,Toothpaste,Fluoride-Free Toothpaste,Himalaya Herbals,22393,27.99125,800,6235
SKU1066,01-08-22,Synergix solutions ,Oral Care,Toothpaste,Fluoride-Free Toothpaste,Himalaya Herbals,0,,0,0
SKU1051,10/23/2021,Synergix solutions ,Oral Care,Toothpaste,Fluoride-Free Toothpaste,Tom's of Maine,0,,0,0
SKU1051,01-02-21,Synergix solutions ,Oral Care,Toothpaste,Fluoride-Free Toothpaste,Tom's of Maine,0,,0,3116
SKU1051,07-09-22,Synergix solutions ,Oral Care,Toothpaste,Fluoride-Free Toothpaste,Tom's of Maine,0,,0,0
SKU1051,11-06-21,Synergix solutions ,Oral Care,Toothpaste,Fluoride-Free Toothpaste,Tom's of Maine,0,,0,0
SKU1051,9/18/2021,Synergix solutions ,Oral Care,Toothpaste,Fluoride-Free Toothpaste,Tom's of Maine,25968,31.55285541,823,4028
SKU1051,12/31/2022,Synergix solutions ,Oral Care,Toothpaste,Fluoride-Free Toothpaste,Tom's of Maine,0,,0,0
SKU1051,7/31/2021,Synergix solutions ,Oral Care,Toothpaste,Fluoride-Free Toothpaste,Tom's of Maine,26331,14.56360619,1808,3068
SKU1051,1/29/2022,Synergix solutions ,Oral Care,Toothpaste,Fluoride-Free Toothpaste,Tom's of Maine,0,,0,0
SKU1051,12/31/2022,Synergix solutions ,Oral Care,Toothpaste,Fluoride-Free Toothpaste,Tom's of Maine,43173,26.78225806,1612,3316
SKU1051,11/26/2022,Synergix solutions ,Oral Care,Toothpaste,Fluoride-Free Toothpaste,Tom's of Maine,0,72.61904762,0,0
SKU1051,9/24/2022,Synergix solutions ,Oral Care,Toothpaste,Fluoride-Free Toothpaste,Tom's of Maine,0,,0,0
SKU1051,11/19/2022,Synergix solutions ,Oral Care,Toothpaste,Fluoride-Free Toothpaste,Tom's of Maine,24359,21.27423581,1145,4098
SKU1051,03-12-22,Synergix solutions ,Oral Care,Toothpaste,Fluoride-Free Toothpaste,Tom's of Maine,24834,19.94698795,1245,4002
SKU1051,11/13/2021,Synergix solutions ,Oral Care,Toothpaste,Fluoride-Free Toothpaste,Tom's of Maine,21662,27.04369538,801,3525
SKU1051,2/26/2022,Synergix solutions ,Oral Care,Toothpaste,Fluoride-Free Toothpaste,Tom's of Maine,29093,29.90030832,973,3295
SKU1051,11/13/2021,Synergix solutions ,Oral Care,Toothpaste,Fluoride-Free Toothpaste,Tom's of Maine,0,,0,0
SKU1051,05-07-22,Synergix solutions ,Oral Care,Toothpaste,Fluoride-Free Toothpaste,Tom's of Maine,39376,31.32537788,1257,3593
SKU1051,5/21/2022,Synergix solutions ,Oral Care,Toothpaste,Fluoride-Free Toothpaste,Tom's of Maine,21090,25.59466019,824,2872
SKU1051,1/22/2022,Synergix solutions ,Oral Care,Toothpaste,Fluoride-Free Toothpaste,Tom's of Maine,30389,25.51553317,1191,5335
SKU1051,4/24/2021,Synergix solutions ,Oral Care,Toothpaste,Fluoride-Free Toothpaste,Tom's of Maine,9596,10.45315904,918,409
SKU1051,01-01-22,Synergix solutions ,Oral Care,Toothpaste,Fluoride-Free Toothpaste,Tom's of Maine,0,,0,0
SKU1051,10/30/2021,Synergix solutions ,Oral Care,Toothpaste,Fluoride-Free Toothpaste,Tom's of Maine,0,,0,0
SKU1051,2/20/2021,Synergix solutions ,Oral Care,Toothpaste,Fluoride-Free Toothpaste,Tom's of Maine,14397,21.58470765,667,5398
SKU1051,04-03-21,Synergix solutions ,Oral Care,Toothpaste,Fluoride-Free Toothpaste,Tom's of Maine,37796,23.4757764,1610,3341
SKU1051,04-03-21,Synergix solutions ,Oral Care,Toothpaste,Fluoride-Free Toothpaste,Tom's of Maine,925,1.376488095,672,536
SKU1051,10/16/2021,Synergix solutions ,Oral Care,Toothpaste,Fluoride-Free Toothpaste,Tom's of Maine,24512,32.29512516,759,2959
SKU1051,10-01-22,Synergix solutions ,Oral Care,Toothpaste,Fluoride-Free Toothpaste,Tom's of Maine,0,,0,0
SKU1051,07-10-21,Synergix solutions ,Oral Care,Toothpaste,Fluoride-Free Toothpaste,Tom's of Maine,33360,16.99439633,1963,7009
SKU1051,9/24/2022,Synergix solutions ,Oral Care,Toothpaste,Fluoride-Free Toothpaste,Tom's of Maine,12606,40.92857143,308,2493
SKU1051,8/14/2021,Synergix solutions ,Oral Care,Toothpaste,Fluoride-Free Toothpaste,Tom's of Maine,0,,0,0
SKU1051,03-06-21,Synergix solutions ,Oral Care,Toothpaste,Fluoride-Free Toothpaste,Tom's of Maine,0,,0,0
SKU1051,12-04-21,Synergix solutions ,Oral Care,Toothpaste,Fluoride-Free Toothpaste,Tom's of Maine,0,,0,0
SKU1051,7/30/2022,Synergix solutions ,Oral Care,Toothpaste,Fluoride-Free Toothpaste,Tom's of Maine,15153,32.30916844,469,1387
SKU1051,06-11-22,Synergix solutions ,Oral Care,Toothpaste,Fluoride-Free Toothpaste,Tom's of Maine,32641,18.95528455,1722,3750
SKU1051,11/20/2021,Synergix solutions ,Oral Care,Toothpaste,Fluoride-Free Toothpaste,Tom's of Maine,34006,19.90983607,1708,2701
SKU1051,09-10-22,Synergix solutions ,Oral Care,Toothpaste,Fluoride-Free Toothpaste,Tom's of Maine,0,,0,0
