Python for Data Science/POS_Data.csv
SKU ID,Date,Manufacturer,Sector,Category,Segment,Brand,Revenue($),Unit_price,Units_sold,Page_traffic
SKU1049,2/26/2022,Synergix solutions ,Oral Care,Toothpaste,Sensitivity Toothpaste,Sensodyne,0,,0,0
SKU1049,3/26/2022,Synergix solutions ,Oral Care,Toothpaste,Sensitivity Toothpaste,Sensodyne,0,,0,0
SKU1049,3/27/2021,Synergix solutions ,Oral Care,Toothpaste,Sensitivity Toothpaste,Sensodyne,25850,25,1034,448
SKU1049,9/25/2021,Synergix solutions ,Oral Care,Toothpaste,Sensitivity Toothpaste,Sensodyne,0,,0,0
SKU1049,4/24/2021,Synergix solutions ,Oral Care,Toothpaste,Sensitivity Toothpaste,Sensodyne,0,,0,564
SKU1049,04-03-21,Synergix solutions ,Oral Care,Toothpaste,Sensitivity Toothpaste,Sensodyne,0,,0,0
SKU1049,7/31/2021,Synergix solutions ,Oral Care,Toothpaste,Sensitivity Toothpaste,Sensodyne,0,,0,0
SKU1049,05-08-21,Synergix solutions ,Oral Care,Toothpaste,Sensitivity Toothpaste,Sensodyne,0,,0,0
SKU1049,2/27/2021,Synergix solutions ,Oral Care,Toothpaste,Sensitivity Toothpaste,Sensodyne,0,,0,0
SKU1049,8/21/2021,Synergix solutions ,Oral Care,Toothpaste,Sensitivity Toothpaste,Sensodyne,28973,17.11340815,1693,4309
SKU1049,3/26/2022,Synergix solutions ,Oral Care,Toothpaste,Sensitivity Toothpaste,Sensodyne,27607,24.7374552,1116,5571
SKU1049,9/18/2021,Synergix solutions ,Oral Care,Toothpaste,Sensitivity Toothpaste,Sensodyne,30598,21.90264853,1397,3861
SKU1049,5/21/2022,Synergix solutions ,Oral Care,Toothpaste,Sensitivity Toothpaste,Sensodyne,0,15.61832061,0,0
SKU1049,8/14/2021,Synergix solutions ,Oral Care,Toothpaste,Sensitivity Toothpaste,Sensodyne,24704,15.45932416,1598,4325
SKU1049,09-10-22,Synergix solutions ,Oral Care,Toothpaste,Sensitivity Toothpaste,Sensodyne,0,,0,0
SKU1049,04-03-21,Synergix solutions ,Oral Care,Toothpaste,Sensitivity Toothpaste,Sensodyne,0,,0,0
SKU1049,4/24/2021,Synergix solutions ,Oral Care,Toothpaste,Sensitivity Toothpaste,Sensodyne,14614,33.8287037,432,3519
SKU1049,12/18/2021,Synergix solutions ,Oral Care,Toothpaste,Sensitivity Toothpaste,Sensodyne,0,88.74117647,0,0
SKU1049,8/27/2022,Synergix solutions ,Oral Care,Toothpaste,Sensitivity Toothpaste,Sensodyne,34276,29.12149533,1177,5025
SKU1049,4/30/2022,Synergix solutions ,Oral Care,Toothpaste,Sensitivity Toothpaste,Sensodyne,30613,23.95383412,1278,3530
SKU1049,9/17/2022,Synergix solutions ,Oral Care,Toothpaste,Sensitivity Toothpaste,Sensodyne,12198,27.65986395,441,1080
SKU1049,06-12-21,Synergix solutions ,Oral Care,Toothpaste,Sensitivity Toothpaste,Sensodyne,0,,0,0
SKU1049,2/19/2022,Synergix solutions ,Oral Care,Toothpaste,Sensitivity Toothpaste,Sensodyne,33826,20.34034877,1663,5046
SKU1049,09-04-21,Synergix solutions ,Oral Care,Toothpaste,Sensitivity Toothpaste,Sensodyne,24774,22.52181818,1100,3988
SKU1049,7/24/2021,Synergix solutions ,Oral Care,Toothpaste,Sensitivity Toothpaste,Sensodyne,0,,0,0
SKU1049,01-01-22,Synergix solutions ,Oral Care,Toothpaste,Sensitivity Toothpaste,Sensodyne,0,,0,0
SKU1049,3/19/2022,Synergix solutions ,Oral Care,Toothpaste,Sensitivity Toothpaste,Sensodyne,29283,20.99139785,1395,3163
SKU1049,5/22/2021,Synergix solutions ,Oral Care,Toothpaste,Sensitivity Toothpaste,Sensodyne,27043,21.70385233,1246,2468
SKU1049,10/22/2022,Synergix solutions ,Oral Care,Toothpaste,Sensitivity Toothpaste,Sensodyne,0,,0,0
SKU1049,10/15/2022,Synergix solutions ,Oral Care,Toothpaste,Sensitivity Toothpaste,Sensodyne,46746,35.14736842,1330,2972
SKU1049,3/13/2021,Synergix solutions ,Oral Care,Toothpaste,Sensitivity Toothpaste,Sensodyne,27087,16.3964891,1652,4687
SKU1049,02-12-22,Synergix solutions ,Oral Care,Toothpaste,Sensitivity Toothpaste,Sensodyne,32415,17.70344074,1831,6351
SKU1049,07-02-22,Synergix solutions ,Oral Care,Toothpaste,Sensitivity Toothpaste,Sensodyne,25813,14.46106443,1785,4322
SKU1049,01-02-21,Synergix solutions ,Oral Care,Toothpaste,Sensitivity Toothpaste,Sensodyne,35772,24.13765182,1482,2735
SKU1049,8/21/2021,Synergix solutions ,Oral Care,Toothpaste,Sensitivity Toothpaste,Sensodyne,26088,15.78221416,1653,2474
SKU1036,3/19/2022,Synergix solutions ,Oral Care,Toothpaste,Sensitivity Toothpaste,Colgate,0,,0,0
SKU1036,02-12-22,Synergix solutions ,Oral Care,Toothpaste,Sensitivity Toothpaste,Colgate,11314,34.07831325,332,720.3156881
SKU1036,10/22/2022,Synergix solutions ,Oral Care,Toothpaste,Sensitivity Toothpaste,Colgate,31147,31.24072217,997,2470
SKU1036,11/20/2021,Synergix solutions ,Oral Care,Toothpaste,Sensitivity Toothpaste,Colgate,0,,0,0
SKU1036,5/15/2021,Synergix solutions ,Oral Care,Toothpaste,Sensitivity Toothpaste,Colgate,10626,13.1509901,808,2133
SKU1036,4/16/2022,Synergix solutions ,Oral Care,Toothpaste,Sensitivity Toothpaste,Colgate,0,,0,0
SKU1036,8/27/2022,Synergix solutions ,Oral Care,Toothpaste,Sensitivity Toothpaste,Colgate,0,,0,0
SKU1036,7/30/2022,Synergix solutions ,Oral Care,Toothpaste,Sensitivity Toothpaste,Colgate,36824,27.85476551,1322,4274
SKU1036,07-03-21,Synergix solutions ,Oral Care,Toothpaste,Sensitivity Toothpaste,Colgate,6590,10.85667216,607,559
SKU1036,11/19/2022,Synergix solutions ,Oral Care,Toothpaste,Sensitivity Toothpaste,Colgate,13405,26.33595285,509,1632
SKU1036,8/27/2022,Synergix solutions ,Oral Care,Toothpaste,Sensitivity Toothpaste,Colgate,0,15.61832061,0,340
SKU1036,12-04-21,Synergix solutions ,Oral Care,Toothpaste,Sensitivity Toothpaste,Colgate,33871,19.98289086,1695,5463
SKU1036,7/30/2022,Synergix solutions ,Oral Care,Toothpaste,Sensitivity Toothpaste,Colgate,32890,27.73187184,1186,3819
SKU1036,1/16/2021,Synergix solutions ,Oral Care,Toothpaste,Sensitivity Toothpaste,Colgate,0,,0,0
SKU1036,10/16/2021,Synergix solutions ,Oral Care,Toothpaste,Sensitivity Toothpaste,Colgate,26043,21.95868465,1186,4181
SKU1036,03-06-21,Synergix solutions ,Oral Care,Toothpaste,Sensitivity Toothpaste,Colgate,19378,28.53902798,679,2331
SKU1036,06-11-22,Synergix solutions ,Oral Care,Toothpaste,Sensitivity Toothpaste,Colgate,18592,31.83561644,584,5070
SKU1036,8/13/2022,Synergix solutions ,Oral Care,Toothpaste,Sensitivity Toothpaste,Colgate,0,,0,0
SKU1036,1/30/2021,Synergix solutions ,Oral Care,Toothpaste,Sensitivity Toothpaste,Colgate,13048,24.94837476,523,2858
SKU1036,9/24/2022,Synergix solutions ,Oral Care,Toothpaste,Sensitivity Toothpaste,Colgate,20969,22.2837407,941,2482
SKU1036,7/23/2022,Synergix solutions ,Oral Care,Toothpaste,Sensitivity Toothpaste,Colgate,23382,29.82397959,784,3424
SKU1036,7/24/2021,Synergix solutions ,Oral Care,Toothpaste,Sensitivity Toothpaste,Colgate,18877,12.76335362,1479,2322
SKU1036,9/24/2022,Synergix solutions ,Oral Care,Toothpaste,Sensitivity Toothpaste,Colgate,0,,0,0
SKU1036,10/29/2022,Synergix solutions ,Oral Care,Toothpaste,Sensitivity Toothpaste,Colgate,26889,14.37145911,1871,1998
SKU1036,3/13/2021,Synergix solutions ,Oral Care,Toothpaste,Sensitivity Toothpaste,Colgate,11101,15.0624152,737,1803
SKU1036,03-12-22,Synergix solutions ,Oral Care,Toothpaste,Sensitivity Toothpaste,Colgate,34357,20.42627824,1682,4574
SKU1036,02-06-21,Synergix solutions ,Oral Care,Toothpaste,Sensitivity Toothpaste,Colgate,30867,16.8856674,1828,6869
SKU1036,9/18/2021,Synergix solutions ,Oral Care,Toothpaste,Sensitivity Toothpaste,Colgate,18256,12.4275017,1469,3707
SKU1036,1/22/2022,Synergix solutions ,Oral Care,Toothpaste,Sensitivity Toothpaste,Colgate,19443,13.10175202,1484,3882
SKU1036,06-05-21,Synergix solutions ,Oral Care,Toothpaste,Sensitivity Toothpaste,Colgate,26080,16.06900801,1623,3560
SKU1036,03-05-22,Synergix solutions ,Oral Care,Toothpaste,Sensitivity Toothpaste,Colgate,18845,14.86198738,1268,4266
SKU1036,01-09-21,Synergix solutions ,Oral Care,Toothpaste,Sensitivity Toothpaste,Colgate,18209,19.30965005,943,3093
SKU1036,12/24/2022,Synergix solutions ,Oral Care,Toothpaste,Sensitivity Toothpaste,Colgate,0,,0,0
SKU1036,6/25/2022,Synergix solutions ,Oral Care,Toothpaste,Sensitivity Toothpaste,Colgate,37089,28.79580745,1288,5447
SKU1046,12/24/2022,Synergix solutions ,Oral Care,Toothpaste,Sensitivity Toothpaste,Sensodyne,0,,0,0
SKU1046,05-08-21,Synergix solutions ,Oral Care,Toothpaste,Sensitivity Toothpaste,Sensodyne,0,,0,0
SKU1046,12/24/2022,Synergix solutions ,Oral Care,Toothpaste,Sensitivity Toothpaste,Sensodyne,37583,21.26938314,1767,2396
SKU1046,2/20/2021,Synergix solutions ,Oral Care,Toothpaste,Sensitivity Toothpaste,Sensodyne,0,,0,0
SKU1046,11/27/2021,Synergix solutions ,Oral Care,Toothpaste,Sensitivity Toothpaste,Sensodyne,0,,0,0
SKU1046,09-10-22,Synergix solutions ,Oral Care,Toothpaste,Sensitivity Toothpaste,Sensodyne,0,,0,0
SKU1046,05-01-21,Synergix solutions ,Oral Care,Toothpaste,Sensitivity Toothpaste,Sensodyne,21392,17.62108731,1214,2282
SKU1046,01-01-22,Synergix solutions ,Oral Care,Toothpaste,Sensitivity Toothpaste,Sensodyne,31664,23.8075188,1330,5192
SKU1046,05-01-21,Synergix solutions ,Oral Care,Toothpaste,Sensitivity Toothpaste,Sensodyne,0,72.61904762,0,0
SKU1046,9/17/2022,Synergix solutions ,Oral Care,Toothpaste,Sensitivity Toothpaste,Sensodyne,34224,32.19567262,1063,1846
SKU1046,9/18/2021,Synergix solutions ,Oral Care,Toothpaste,Sensitivity Toothpaste,Sensodyne,23202,15.28458498,1518,4827
SKU1046,06-04-22,Synergix solutions ,Oral Care,Toothpaste,Sensitivity Toothpaste,Sensodyne,26090,26.64964249,979,3928
SKU1046,4/24/2021,Synergix solutions ,Oral Care,Toothpaste,Sensitivity Toothpaste,Sensodyne,0,8.22972973,0,0
SKU1046,09-10-22,Synergix solutions ,Oral Care,Toothpaste,Sensitivity Toothpaste,Sensodyne,0,,0,0
SKU1046,4/30/2022,Synergix solutions ,Oral Care,Toothpaste,Sensitivity Toothpaste,Sensodyne,25546,24.30637488,1051,3525
SKU1046,1/29/2022,Synergix solutions ,Oral Care,Toothpaste,Sensitivity Toothpaste,Sensodyne,0,,0,585
SKU1046,10/29/2022,Synergix solutions ,Oral Care,Toothpaste,Sensitivity Toothpaste,Sensodyne,0,,0,0
SKU1046,4/23/2022,Synergix solutions ,Oral Care,Toothpaste,Sensitivity Toothpaste,Sensodyne,32290,24.51784358,1317,6341
SKU1046,8/13/2022,Synergix solutions ,Oral Care,Toothpaste,Sensitivity Toothpaste,Sensodyne,0,,0,0
SKU1046,2/26/2022,Synergix solutions ,Oral Care,Toothpaste,Sensitivity Toothpaste,Sensodyne,33485,23.09310345,1450,4684
SKU1046,03-05-22,Synergix solutions ,Oral Care,Toothpaste,Sensitivity Toothpaste,Sensodyne,33295,21.86145765,1523,3267
SKU1046,3/13/2021,Synergix solutions ,Oral Care,Toothpaste,Sensitivity Toothpaste,Sensodyne,10645,23.76116071,448,2478
SKU1046,12-11-21,Synergix solutions ,Oral Care,Toothpaste,Sensitivity Toothpaste,Sensodyne,0,,0,0
SKU1046,12-03-22,Synergix solutions ,Oral Care,Toothpaste,Sensitivity Toothpaste,Sensodyne,40727,32.8178888,1241,4123
SKU1046,4/30/2022,Synergix solutions ,Oral Care,Toothpaste,Sensitivity Toothpaste,Sensodyne,19806,14.97052154,1323,3155
SKU1046,7/16/2022,Synergix solutions ,Oral Care,Toothpaste,Sensitivity Toothpaste,Sensodyne,29560,30.63212435,965,2289
SKU1046,04-02-22,Synergix solutions ,Oral Care,Toothpaste,Sensitivity Toothpaste,Sensodyne,36736,19.64491979,1870,6467
SKU1046,01-09-21,Synergix solutions ,Oral Care,Toothpaste,Sensitivity Toothpaste,Sensodyne,0,,0,0
SKU1046,04-03-21,Synergix solutions ,Oral Care,Toothpaste,Sensitivity Toothpaste,Sensodyne,26251,16.39662711,1601,3480
SKU1046,8/14/2021,Synergix solutions ,Oral Care,Toothpaste,Sensitivity Toothpaste,Sensodyne,18373,11.62112587,1581,2483
SKU1034,01-09-21,Synergix solutions ,Oral Care,Toothpaste,Sensitivity Toothpaste,Colgate,34248,20.55702281,1666,1439
SKU1034,09-10-22,Synergix solutions ,Oral Care,Toothpaste,Sensitivity Toothpaste,Colgate,0,,0,0
SKU1034,09-03-22,Synergix solutions ,Oral Care,Toothpaste,Sensitivity Toothpaste,Colgate,0,,0,0
SKU1034,06-11-22,Synergix solutions ,Oral Care,Toothpaste,Sensitivity Toothpaste,Colgate,24345,19.26028481,1264,4621
SKU1034,1/29/2022,Synergix solutions ,Oral Care,Toothpaste,Sensitivity Toothpaste,Colgate,26128,40.825,640,1374.351635
SKU1034,1/29/2022,Synergix solutions ,Oral Care,Toothpaste,Sensitivity Toothpaste,Colgate,25076,27.43544858,914,3534
SKU1034,01-02-21,Synergix solutions ,Oral Care,Toothpaste,Sensitivity Toothpaste,Colgate,17307,13.62755906,1270,1671
SKU1034,05-07-22,Synergix solutions ,Oral Care,Toothpaste,Sensitivity Toothpaste,Colgate,0,,0,0
SKU1034,09-03-22,Synergix solutions ,Oral Care,Toothpaste,Sensitivity Toothpaste,Colgate,13863,16.94743276,818,2015
SKU1034,10/29/2022,Synergix solutions ,Oral Care,Toothpaste,Sensitivity Toothpaste,Colgate,31339,22.32122507,1404,3622
SKU1034,1/16/2021,Synergix solutions ,Oral Care,Toothpaste,Sensitivity Toothpaste,Colgate,0,,0,0
SKU1034,10/30/2021,Synergix solutions ,Oral Care,Toothpaste,Sensitivity Toothpaste,Colgate,0,,0,0
SKU1034,11/13/2021,Synergix solutions ,Oral Care,Toothpaste,Sensitivity Toothpaste,Colgate,32811,19.3119482,1699,3058
SKU1034,11/20/2021,Synergix solutions ,Oral Care,Toothpaste,Sensitivity Toothpaste,Colgate,18864,26.75744681,705,3030
SKU1034,08-07-21,Synergix solutions ,Oral Care,Toothpaste,Sensitivity Toothpaste,Colgate,0,8.22972973,0,0
SKU1034,3/19/2022,Synergix solutions ,Oral Care,Toothpaste,Sensitivity Toothpaste,Colgate,35194,23.63599731,1489,4432
SKU1034,04-09-22,Synergix solutions ,Oral Care,Toothpaste,Sensitivity Toothpaste,Colgate,29496,22.49885584,1311,4955
SKU1034,01-08-22,Synergix solutions ,Oral Care,Toothpaste,Sensitivity Toothpaste,Colgate,0,,0,0
SKU1034,01-09-21,Synergix solutions ,Oral Care,Toothpaste,Sensitivity Toothpaste,Colgate,0,,0,0
SKU1034,10/30/2021,Synergix solutions ,Oral Care,Toothpaste,Sensitivity Toothpaste,Colgate,31735,17.01608579,1865,5239
SKU1034,08-06-22,Synergix solutions ,Oral Care,Toothpaste,Sensitivity Toothpaste,Colgate,21601,16.62894534,1299,2679
SKU1034,3/26/2022,Synergix solutions ,Oral Care,Toothpaste,Sensitivity Toothpaste,Colgate,22154,25.3768614,873,3279
SKU1034,02-05-22,Synergix solutions ,Oral Care,Toothpaste,Sensitivity Toothpaste,Colgate,15716,25.89126853,607,2838
SKU1034,01-02-21,Synergix solutions ,Oral Care,Toothpaste,Sensitivity Toothpaste,Colgate,15065,16.14683816,933,4186
SKU1034,10-01-22,Synergix solutions ,Oral Care,Toothpaste,Sensitivity Toothpaste,Colgate,0,,0,0
SKU1034,03-06-21,Synergix solutions ,Oral Care,Toothpaste,Sensitivity Toothpaste,Colgate,15242,21.46760563,710,3775
SKU1034,8/13/2022,Synergix solutions ,Oral Care,Toothpaste,Sensitivity Toothpaste,Colgate,32733,23.71956522,1380,4160
SKU1034,8/27/2022,Synergix solutions ,Oral Care,Toothpaste,Sensitivity Toothpaste,Colgate,34634,24.66809117,1404,2949
SKU1034,8/21/2021,Synergix solutions ,Oral Care,Toothpaste,Sensitivity Toothpaste,Colgate,28974,17.17486663,1687,7719
SKU1034,12-03-22,Synergix solutions ,Oral Care,Toothpaste,Sensitivity Toothpaste,Colgate,35737,28.11723053,1271,2202
SKU1034,03-05-22,Synergix solutions ,Oral Care,Toothpaste,Sensitivity Toothpaste,Colgate,26869,26.68222443,1007,3250
SKU1034,5/14/2022,Synergix solutions ,Oral Care,Toothpaste,Sensitivity Toothpaste,Colgate,28313,26.38676608,1073,3301
SKU1034,06-12-21,Synergix solutions ,Oral Care,Toothpaste,Sensitivity Toothpaste,Colgate,12640,19.38650307,652,4024
SKU1034,09-11-21,Synergix solutions ,Oral Care,Toothpaste,Sensitivity Toothpaste,Colgate,17444,11.6138482,1502,2270
SKU1034,02-05-22,Synergix solutions ,Oral Care,Toothpaste,Sensitivity Toothpaste,Colgate,0,,0,0
SKU1034,9/18/2021,Synergix solutions ,Oral Care,Toothpaste,Sensitivity Toothpaste,Colgate,13676,46.35932203,295,614
SKU1034,03-12-22,Synergix solutions ,Oral Care,Toothpaste,Sensitivity Toothpaste,Colgate,0,,0,0
SKU1034,7/31/2021,Synergix solutions ,Oral Care,Toothpaste,Sensitivity Toothpaste,Colgate,25545,23.45730028,1089,3502
