Python for Data Science/POS_Data.csv
SKU ID,Date,Manufacturer,Sector,Category,Segment,Brand,Revenue($),Unit_price,Units_sold,Page_traffic
SKU1037,3/27/2021,Synergix solutions ,Oral Care,Toothpaste,Sensitivity Toothpaste,Colgate,34753,22.75900458,1527,3575
SKU1037,10-08-22,Synergix solutions ,Oral Care,Toothpaste,Sensitivity Toothpaste,Colgate,27564,23.06610879,1195,3541
SKU1037,5/14/2022,Synergix solutions ,Oral Care,Toothpaste,Sensitivity Toothpaste,Colgate,22323,25.02578475,892,4666
SKU1037,9/25/2021,Synergix solutions ,Oral Care,Toothpaste,Sensitivity Toothpaste,Colgate,23188,33.17310443,699,2474
SKU1037,1/22/2022,Synergix solutions ,Oral Care,Toothpaste,Sensitivity Toothpaste,Colgate,0,,0,0
SKU1037,6/19/2021,Synergix solutions ,Oral Care,Toothpaste,Sensitivity Toothpaste,Colgate,0,,0,0
SKU1037,1/22/2022,Synergix solutions ,Oral Care,Toothpaste,Sensitivity Toothpaste,Colgate,19384,17.26090828,1123,4227
SKU1037,07-10-21,Synergix solutions ,Oral Care,Toothpaste,Sensitivity Toothpaste,Colgate,26602,22.5440678,1180,4168
SKU1037,5/28/2022,Synergix solutions ,Oral Care,Toothpaste,Sensitivity Toothpaste,Colgate,0,,0,0
SKU1037,2/26/2022,Synergix solutions ,Oral Care,Toothpaste,Sensitivity Toothpaste,Colgate,0,,0,387
SKU1037,11-05-22,Synergix solutions ,Oral Care,Toothpaste,Sensitivity Toothpaste,Colgate,29391,21.35973837,1376,4062
SKU1037,6/26/2021,Synergix solutions ,Oral Care,Toothpaste,Sensitivity Toothpaste,Colgate,0,,0,1716
SKU1037,04-03-21,Synergix solutions ,Oral Care,Toothpaste,Sensitivity Toothpaste,Colgate,0,,0,0
SKU1037,1/30/2021,Synergix solutions ,Oral Care,Toothpaste,Sensitivity Toothpaste,Colgate,0,,0,0
SKU1037,1/22/2022,Synergix solutions ,Oral Care,Toothpaste,Sensitivity Toothpaste,Colgate,31929,19.70925926,1620,7280
SKU1037,9/17/2022,Synergix solutions ,Oral Care,Toothpaste,Sensitivity Toothpaste,Colgate,31005,42.58928571,728,1626
SKU1037,4/16/2022,Synergix solutions ,Oral Care,Toothpaste,Sensitivity Toothpaste,Colgate,18970,12.62142382,1503,3956
SKU1037,10-08-22,Synergix solutions ,Oral Care,Toothpaste,Sensitivity Toothpaste,Colgate,0,,0,0
SKU1037,10/23/2021,Synergix solutions ,Oral Care,Toothpaste,Sensitivity Toothpaste,Colgate,28902,21.8623298,1322,3852
SKU1037,11/13/2021,Synergix solutions ,Oral Care,Toothpaste,Sensitivity Toothpaste,Colgate,19607,13.71118881,1430,3473
SKU1037,02-05-22,Synergix solutions ,Oral Care,Toothpaste,Sensitivity Toothpaste,Colgate,26803,24.14684685,1110,5900
SKU1037,12-11-21,Synergix solutions ,Oral Care,Toothpaste,Sensitivity Toothpaste,Colgate,0,,0,0
SKU1037,01-01-22,Synergix solutions ,Oral Care,Toothpaste,Sensitivity Toothpaste,Colgate,0,,0,0
SKU1037,10-08-22,Synergix solutions ,Oral Care,Toothpaste,Sensitivity Toothpaste,Colgate,0,,0,0
SKU1037,9/24/2022,Synergix solutions ,Oral Care,Toothpaste,Sensitivity Toothpaste,Colgate,29225,23.77949552,1229,3435
SKU1037,4/24/2021,Synergix solutions ,Oral Care,Toothpaste,Sensitivity Toothpaste,Colgate,20074,27.01749664,743,4722
SKU1037,12-03-22,Synergix solutions ,Oral Care,Toothpaste,Sensitivity Toothpaste,Colgate,11405,21.64136622,527,2023
SKU1037,2/19/2022,Synergix solutions ,Oral Care,Toothpaste,Sensitivity Toothpaste,Colgate,0,,0,0
SKU1037,4/23/2022,Synergix solutions ,Oral Care,Toothpaste,Sensitivity Toothpaste,Colgate,0,,0,0
SKU1037,5/14/2022,Synergix solutions ,Oral Care,Toothpaste,Sensitivity Toothpaste,Colgate,0,,0,0
SKU1063,12-11-21,Synergix solutions ,Oral Care,Toothpaste,Fluoride-Free Toothpaste,Himalaya Herbals,14617,34.15186916,428,769
SKU1063,8/28/2021,Synergix solutions ,Oral Care,Toothpaste,Fluoride-Free Toothpaste,Himalaya Herbals,24543,31.18551461,787,4300
SKU1063,04-09-22,Synergix solutions ,Oral Care,Toothpaste,Fluoride-Free Toothpaste,Himalaya Herbals,17344,22.58333333,768,1064
SKU1063,3/27/2021,Synergix solutions ,Oral Care,Toothpaste,Fluoride-Free Toothpaste,Himalaya Herbals,14176,17.47965475,811,4897
SKU1063,10-08-22,Synergix solutions ,Oral Care,Toothpaste,Fluoride-Free Toothpaste,Himalaya Herbals,40952,33.51227496,1222,3659
SKU1063,01-09-21,Synergix solutions ,Oral Care,Toothpaste,Fluoride-Free Toothpaste,Himalaya Herbals,15216,23.73790952,641,1878
SKU1063,06-05-21,Synergix solutions ,Oral Care,Toothpaste,Fluoride-Free Toothpaste,Himalaya Herbals,27889,21.40368381,1303,3737
SKU1063,06-04-22,Synergix solutions ,Oral Care,Toothpaste,Fluoride-Free Toothpaste,Himalaya Herbals,30624,23.50268611,1303,3157
SKU1063,2/27/2021,Synergix solutions ,Oral Care,Toothpaste,Fluoride-Free Toothpaste,Himalaya Herbals,19408,22.38523645,867,1834.98599
SKU1063,4/17/2021,Synergix solutions ,Oral Care,Toothpaste,Fluoride-Free Toothpaste,Himalaya Herbals,0,,0,273
SKU1063,1/15/2022,Synergix solutions ,Oral Care,Toothpaste,Fluoride-Free Toothpaste,Himalaya Herbals,37912,24.61818182,1540,5802
SKU1063,09-11-21,Synergix solutions ,Oral Care,Toothpaste,Fluoride-Free Toothpaste,Himalaya Herbals,24267,18.78250774,1292,3153
SKU1063,12/31/2022,Synergix solutions ,Oral Care,Toothpaste,Fluoride-Free Toothpaste,Himalaya Herbals,22712,12.39737991,1832,5872
SKU1063,03-06-21,Synergix solutions ,Oral Care,Toothpaste,Fluoride-Free Toothpaste,Himalaya Herbals,11696,13.21581921,885,3716
SKU1063,4/17/2021,Synergix solutions ,Oral Care,Toothpaste,Fluoride-Free Toothpaste,Himalaya Herbals,19950,17.45406824,1143,3097
SKU1063,03-12-22,Synergix solutions ,Oral Care,Toothpaste,Fluoride-Free Toothpaste,Himalaya Herbals,0,,0,0
SKU1063,7/24/2021,Synergix solutions ,Oral Care,Toothpaste,Fluoride-Free Toothpaste,Himalaya Herbals,20450,18.3572711,1114,2485
SKU1063,03-06-21,Synergix solutions ,Oral Care,Toothpaste,Fluoride-Free Toothpaste,Himalaya Herbals,19728,22.83333333,864,2691
SKU1063,5/29/2021,Synergix solutions ,Oral Care,Toothpaste,Fluoride-Free Toothpaste,Himalaya Herbals,31999,15.45845411,2070,5897
SKU1063,11/20/2021,Synergix solutions ,Oral Care,Toothpaste,Fluoride-Free Toothpaste,Himalaya Herbals,0,,0,0
SKU1063,08-06-22,Synergix solutions ,Oral Care,Toothpaste,Fluoride-Free Toothpaste,Himalaya Herbals,22979,15.56842818,1476,2090
SKU1063,02-05-22,Synergix solutions ,Oral Care,Toothpaste,Fluoride-Free Toothpaste,Himalaya Herbals,0,,0,0
SKU1063,10-08-22,Synergix solutions ,Oral Care,Toothpaste,Fluoride-Free Toothpaste,Himalaya Herbals,0,,0,0
SKU1063,6/25/2022,Synergix solutions ,Oral Care,Toothpaste,Fluoride-Free Toothpaste,Himalaya Herbals,20216,12.8846399,1569,3886
SKU1063,02-12-22,Synergix solutions ,Oral Care,Toothpaste,Fluoride-Free Toothpaste,Himalaya Herbals,0,,0,0
SKU1063,07-10-21,Synergix solutions ,Oral Care,Toothpaste,Fluoride-Free Toothpaste,Himalaya Herbals,25448,21.24207012,1198,4612
SKU1022,2/26/2022,Synergix solutions ,Oral Care,Toothpaste,Whitening Toothpaste,Close-up,14432,41.23428571,350,738.8410569
SKU1022,05-01-21,Synergix solutions ,Oral Care,Toothpaste,Whitening Toothpaste,Close-up,0,,0,0
SKU1022,8/27/2022,Synergix solutions ,Oral Care,Toothpaste,Whitening Toothpaste,Close-up,48004,37.38629283,1284,4138
SKU1022,01-09-21,Synergix solutions ,Oral Care,Toothpaste,Whitening Toothpaste,Close-up,22535,14.56690368,1547,1591
SKU1022,11/26/2022,Synergix solutions ,Oral Care,Toothpaste,Whitening Toothpaste,Close-up,0,,0,0
SKU1022,5/22/2021,Synergix solutions ,Oral Care,Toothpaste,Whitening Toothpaste,Close-up,24285,32.77327935,741,4063
SKU1022,4/16/2022,Synergix solutions ,Oral Care,Toothpaste,Whitening Toothpaste,Close-up,0,,0,0
SKU1022,06-11-22,Synergix solutions ,Oral Care,Toothpaste,Whitening Toothpaste,Close-up,35036,22.8694517,1532,2922
SKU1022,4/23/2022,Synergix solutions ,Oral Care,Toothpaste,Whitening Toothpaste,Close-up,0,,0,0
SKU1022,8/28/2021,Synergix solutions ,Oral Care,Toothpaste,Whitening Toothpaste,Close-up,0,72.61904762,0,0
SKU1022,1/16/2021,Synergix solutions ,Oral Care,Toothpaste,Whitening Toothpaste,Close-up,0,,0,646
SKU1022,04-09-22,Synergix solutions ,Oral Care,Toothpaste,Whitening Toothpaste,Close-up,19549,18.76103647,1042,3890
SKU1022,06-11-22,Synergix solutions ,Oral Care,Toothpaste,Whitening Toothpaste,Close-up,20231,19.50916104,1037,1075
SKU1022,1/15/2022,Synergix solutions ,Oral Care,Toothpaste,Whitening Toothpaste,Close-up,17944,21.38736591,839,3387
SKU1022,9/25/2021,Synergix solutions ,Oral Care,Toothpaste,Whitening Toothpaste,Close-up,30433,12.70158598,2396,2570
SKU1022,06-05-21,Synergix solutions ,Oral Care,Toothpaste,Whitening Toothpaste,Close-up,11015,18.02782324,611,1297.991845
SKU1022,02-12-22,Synergix solutions ,Oral Care,Toothpaste,Whitening Toothpaste,Close-up,33517,22.83174387,1468,4992
SKU1022,5/21/2022,Synergix solutions ,Oral Care,Toothpaste,Whitening Toothpaste,Close-up,23544,16.80513919,1401,2279
SKU1022,5/15/2021,Synergix solutions ,Oral Care,Toothpaste,Whitening Toothpaste,Close-up,15739,17.12622416,919,1542
SKU1022,12-10-22,Synergix solutions ,Oral Care,Toothpaste,Whitening Toothpaste,Close-up,26270,20.93227092,1255,710
SKU1022,10-08-22,Synergix solutions ,Oral Care,Toothpaste,Whitening Toothpaste,Close-up,33237,18.09308655,1837,6377
SKU1022,8/20/2022,Synergix solutions ,Oral Care,Toothpaste,Whitening Toothpaste,Close-up,22788,18.69401148,1219,4006
SKU1022,12/17/2022,Synergix solutions ,Oral Care,Toothpaste,Whitening Toothpaste,Close-up,32355,24.21781437,1336,3499
SKU1022,07-09-22,Synergix solutions ,Oral Care,Toothpaste,Whitening Toothpaste,Close-up,0,,0,0
SKU1022,08-07-21,Synergix solutions ,Oral Care,Toothpaste,Whitening Toothpaste,Close-up,0,,0,0
SKU1041,11/20/2021,Synergix solutions ,Oral Care,Toothpaste,Sensitivity Toothpaste,Sensodyne,0,,0,0
SKU1041,10/30/2021,Synergix solutions ,Oral Care,Toothpaste,Sensitivity Toothpaste,Sensodyne,29589,21.04480797,1406,5092
SKU1041,10-09-21,Synergix solutions ,Oral Care,Toothpaste,Sensitivity Toothpaste,Sensodyne,34910,20.52322163,1701,3504
SKU1041,10/23/2021,Synergix solutions ,Oral Care,Toothpaste,Sensitivity Toothpaste,Sensodyne,0,24.93333333,0,398
SKU1041,9/18/2021,Synergix solutions ,Oral Care,Toothpaste,Sensitivity Toothpaste,Sensodyne,0,,0,0
SKU1041,5/21/2022,Synergix solutions ,Oral Care,Toothpaste,Sensitivity Toothpaste,Sensodyne,38599,20.43356273,1889,5114
SKU1041,10-01-22,Synergix solutions ,Oral Care,Toothpaste,Sensitivity Toothpaste,Sensodyne,23438,25.61530055,915,1928
SKU1041,1/23/2021,Synergix solutions ,Oral Care,Toothpaste,Sensitivity Toothpaste,Sensodyne,0,,0,0
SKU1041,10/23/2021,Synergix solutions ,Oral Care,Toothpaste,Sensitivity Toothpaste,Sensodyne,0,,0,0
SKU1041,2/26/2022,Synergix solutions ,Oral Care,Toothpaste,Sensitivity Toothpaste,Sensodyne,25469,29.30840046,869,3619
SKU1041,05-01-21,Synergix solutions ,Oral Care,Toothpaste,Sensitivity Toothpaste,Sensodyne,0,,0,0
SKU1041,8/28/2021,Synergix solutions ,Oral Care,Toothpaste,Sensitivity Toothpaste,Sensodyne,14482,22.38330757,647,888
SKU1041,6/26/2021,Synergix solutions ,Oral Care,Toothpaste,Sensitivity Toothpaste,Sensodyne,0,,0,0
SKU1041,2/27/2021,Synergix solutions ,Oral Care,Toothpaste,Sensitivity Toothpaste,Sensodyne,0,,0,0
SKU1041,1/15/2022,Synergix solutions ,Oral Care,Toothpaste,Sensitivity Toothpaste,Sensodyne,0,,0,0
SKU1041,12/24/2022,Synergix solutions ,Oral Care,Toothpaste,Sensitivity Toothpaste,Sensodyne,37583,21.26938314,1767,2396
SKU1041,4/30/2022,Synergix solutions ,Oral Care,Toothpaste,Sensitivity Toothpaste,Sensodyne,0,,0,0
SKU1041,1/30/2021,Synergix solutions ,Oral Care,Toothpaste,Sensitivity Toothpaste,Sensodyne,11587,17.19139466,674,349
SKU1041,12/31/2022,Synergix solutions ,Oral Care,Toothpaste,Sensitivity Toothpaste,Sensodyne,0,,0,468
SKU1041,05-01-21,Synergix solutions ,Oral Care,Toothpaste,Sensitivity Toothpaste,Sensodyne,17333,19.96889401,868,3673
SKU1041,04-09-22,Synergix solutions ,Oral Care,Toothpaste,Sensitivity Toothpaste,Sensodyne,28166,13.80686275,2040,5990
SKU1041,04-02-22,Synergix solutions ,Oral Care,Toothpaste,Sensitivity Toothpaste,Sensodyne,25707,25.37709773,1013,3464
SKU1041,06-04-22,Synergix solutions ,Oral Care,Toothpaste,Sensitivity Toothpaste,Sensodyne,0,,0,0
SKU1041,4/30/2022,Synergix solutions ,Oral Care,Toothpaste,Sensitivity Toothpaste,Sensodyne,0,,0,0
SKU1041,8/14/2021,Synergix solutions ,Oral Care,Toothpaste,Sensitivity Toothpaste,Sensodyne,10710,23.48684211,456,2776
SKU1012,12/25/2021,Synergix solutions ,Oral Care,Toothpaste,Whitening Toothpaste,Colgate,0,,0,0
SKU1012,4/17/2021,Synergix solutions ,Oral Care,Toothpaste,Whitening Toothpaste,Colgate,20673,22.91906874,902,2055
SKU1012,1/16/2021,Synergix solutions ,Oral Care,Toothpaste,Whitening Toothpaste,Colgate,0,,0,0
SKU1012,10-09-21,Synergix solutions ,Oral Care,Toothpaste,Whitening Toothpaste,Colgate,0,,0,0
SKU1012,1/29/2022,Synergix solutions ,Oral Care,Toothpaste,Whitening Toothpaste,Colgate,0,,0,0
SKU1012,3/26/2022,Synergix solutions ,Oral Care,Toothpaste,Whitening Toothpaste,Colgate,38029,21.42478873,1775,5450
SKU1012,12/24/2022,Synergix solutions ,Oral Care,Toothpaste,Whitening Toothpaste,Colgate,0,24.93333333,0,769
SKU1012,05-08-21,Synergix solutions ,Oral Care,Toothpaste,Whitening Toothpaste,Colgate,22417,26.8145933,836,3961
SKU1012,11-05-22,Synergix solutions ,Oral Care,Toothpaste,Whitening Toothpaste,Colgate,25581,32.79615385,780,3231
SKU1012,2/19/2022,Synergix solutions ,Oral Care,Toothpaste,Whitening Toothpaste,Colgate,0,,0,0
SKU1012,12/25/2021,Synergix solutions ,Oral Care,Toothpaste,Whitening Toothpaste,Colgate,13911,17.28074534,805,3782
SKU1012,09-04-21,Synergix solutions ,Oral Care,Toothpaste,Whitening Toothpaste,Colgate,16883,16.63349754,1015,1899
SKU1012,1/29/2022,Synergix solutions ,Oral Care,Toothpaste,Whitening Toothpaste,Colgate,37144,20.60122019,1803,7076
SKU1012,10/29/2022,Synergix solutions ,Oral Care,Toothpaste,Whitening Toothpaste,Colgate,29413,19.29986877,1524,2647
SKU1012,5/29/2021,Synergix solutions ,Oral Care,Toothpaste,Whitening Toothpaste,Colgate,18739,19.12142857,980,3432
SKU1012,10/22/2022,Synergix solutions ,Oral Care,Toothpaste,Whitening Toothpaste,Colgate,36584,46.7826087,782,2458
SKU1012,07-02-22,Synergix solutions ,Oral Care,Toothpaste,Whitening Toothpaste,Colgate,0,,0,0
SKU1012,6/26/2021,Synergix solutions ,Oral Care,Toothpaste,Whitening Toothpaste,Colgate,0,,0,0
SKU1012,8/14/2021,Synergix solutions ,Oral Care,Toothpaste,Whitening Toothpaste,Colgate,35712,22.47451227,1589,5122
SKU1012,1/23/2021,Synergix solutions ,Oral Care,Toothpaste,Whitening Toothpaste,Colgate,32449,26.25323625,1236,3369
SKU1012,05-07-22,Synergix solutions ,Oral Care,Toothpaste,Whitening Toothpaste,Colgate,0,,0,0
SKU1012,10/15/2022,Synergix solutions ,Oral Care,Toothpaste,Whitening Toothpaste,Colgate,17697,8.857357357,1998,5138
SKU1012,1/29/2022,Synergix solutions ,Oral Care,Toothpaste,Whitening Toothpaste,Colgate,0,,0,0
SKU1012,4/16/2022,Synergix solutions ,Oral Care,Toothpaste,Whitening Toothpaste,Colgate,11916,21.94475138,543,947
