Python for Data Science/POS_Data.csv
SKU ID,Date,Manufacturer,Sector,Category,Segment,Brand,Revenue($),Unit_price,Units_sold,Page_traffic
SKU1023,10/23/2021,Synergix solutions ,Oral Care,Toothpaste,Whitening Toothpaste,Close-up,0,,0,0
SKU1023,10-08-22,Synergix solutions ,Oral Care,Toothpaste,Whitening Toothpaste,Close-up,0,,0,0
SKU1023,06-11-22,Synergix solutions ,Oral Care,Toothpaste,Whitening Toothpaste,Close-up,12278,16.21928666,757,4179
SKU1023,4/17/2021,Synergix solutions ,Oral Care,Toothpaste,Whitening Toothpaste,Close-up,0,,0,0
SKU1023,06-05-21,Synergix solutions ,Oral Care,Toothpaste,Whitening Toothpaste,Close-up,0,,0,0
SKU1023,4/23/2022,Synergix solutions ,Oral Care,Toothpaste,Whitening Toothpaste,Close-up,31825,18.77581121,1695,6190
SKU1023,2/20/2021,Synergix solutions ,Oral Care,Toothpaste,Whitening Toothpaste,Close-up,0,,0,0
SKU1023,04-03-21,Synergix solutions ,Oral Care,Toothpaste,Whitening Toothpaste,Close-up,0,,0,0
SKU1023,09-10-22,Synergix solutions ,Oral Care,Toothpaste,Whitening Toothpaste,Close-up,0,,0,0
SKU1023,09-03-22,Synergix solutions ,Oral Care,Toothpaste,Whitening Toothpaste,Close-up,0,72.61904762,0,0
SKU1023,1/22/2022,Synergix solutions ,Oral Care,Toothpaste,Whitening Toothpaste,Close-up,31570,19.20316302,1644,5949
SKU1023,02-05-22,Synergix solutions ,Oral Care,Toothpaste,Whitening Toothpaste,Close-up,26986,53.43762376,505,1731
SKU1023,3/26/2022,Synergix solutions ,Oral Care,Toothpaste,Whitening Toothpaste,Close-up,19779,25.10025381,788,2042
SKU1023,5/29/2021,Synergix solutions ,Oral Care,Toothpaste,Whitening Toothpaste,Close-up,16385,16.36863137,1001,389
SKU1023,05-01-21,Synergix solutions ,Oral Care,Toothpaste,Whitening Toothpaste,Close-up,25389,24.4831244,1037,1986
SKU1023,12-03-22,Synergix solutions ,Oral Care,Toothpaste,Whitening Toothpaste,Close-up,28696,21.11552612,1359,1933
SKU1023,8/21/2021,Synergix solutions ,Oral Care,Toothpaste,Whitening Toothpaste,Close-up,0,,0,0
SKU1023,04-02-22,Synergix solutions ,Oral Care,Toothpaste,Whitening Toothpaste,Close-up,25466,27.09148936,940,4775
SKU1023,03-12-22,Synergix solutions ,Oral Care,Toothpaste,Whitening Toothpaste,Close-up,0,,0,0
SKU1023,07-02-22,Synergix solutions ,Oral Care,Toothpaste,Whitening Toothpaste,Close-up,0,,0,0
SKU1023,08-06-22,Synergix solutions ,Oral Care,Toothpaste,Whitening Toothpaste,Close-up,21645,35.71782178,606,1450
SKU1023,8/21/2021,Synergix solutions ,Oral Care,Toothpaste,Whitening Toothpaste,Close-up,28664,19.4860639,1471,1752
SKU1023,10/30/2021,Synergix solutions ,Oral Care,Toothpaste,Whitening Toothpaste,Close-up,31226,19.01705238,1642,3662
SKU1023,12/24/2022,Synergix solutions ,Oral Care,Toothpaste,Whitening Toothpaste,Close-up,23787,15.22855314,1562,2234
SKU1023,12/17/2022,Synergix solutions ,Oral Care,Toothpaste,Whitening Toothpaste,Close-up,4512,52.46511628,86,187.7358773
SKU1023,01-01-22,Synergix solutions ,Oral Care,Toothpaste,Whitening Toothpaste,Close-up,34350,18.95695364,1812,5745
SKU1023,12/18/2021,Synergix solutions ,Oral Care,Toothpaste,Whitening Toothpaste,Close-up,33511,35.34915612,948,2519
SKU1023,9/17/2022,Synergix solutions ,Oral Care,Toothpaste,Whitening Toothpaste,Close-up,5231,4.536860364,1153,2933
SKU1023,12/17/2022,Synergix solutions ,Oral Care,Toothpaste,Whitening Toothpaste,Close-up,17419,11.12324393,1566,2815
SKU1023,10/29/2022,Synergix solutions ,Oral Care,Toothpaste,Whitening Toothpaste,Close-up,19207,14.79738059,1298,3520
SKU1023,01-09-21,Synergix solutions ,Oral Care,Toothpaste,Whitening Toothpaste,Close-up,20994,18.33537118,1145,3407
SKU1023,12-04-21,Synergix solutions ,Oral Care,Toothpaste,Whitening Toothpaste,Close-up,23856,23.36532811,1021,3124
SKU1023,5/21/2022,Synergix solutions ,Oral Care,Toothpaste,Whitening Toothpaste,Close-up,21184,23.74887892,892,3699
SKU1023,01-01-22,Synergix solutions ,Oral Care,Toothpaste,Whitening Toothpaste,Close-up,11453,10.97030651,1044,4673
SKU1023,12/24/2022,Synergix solutions ,Oral Care,Toothpaste,Whitening Toothpaste,Close-up,31658,32.73836608,967,2059
SKU1023,1/15/2022,Synergix solutions ,Oral Care,Toothpaste,Whitening Toothpaste,Close-up,33165,29.01574803,1143,4136
SKU1023,03-06-21,Synergix solutions ,Oral Care,Toothpaste,Whitening Toothpaste,Close-up,12221,15.74871134,776,1063
SKU1023,3/13/2021,Synergix solutions ,Oral Care,Toothpaste,Whitening Toothpaste,Close-up,29094,25.81543922,1127,5576
SKU1023,10/16/2021,Synergix solutions ,Oral Care,Toothpaste,Whitening Toothpaste,Close-up,0,,0,0
SKU1023,1/16/2021,Synergix solutions ,Oral Care,Toothpaste,Whitening Toothpaste,Close-up,0,,0,0
SKU1023,3/13/2021,Synergix solutions ,Oral Care,Toothpaste,Whitening Toothpaste,Close-up,8790,21.81141439,403,823
SKU1023,06-12-21,Synergix solutions ,Oral Care,Toothpaste,Whitening Toothpaste,Close-up,20879,21.7037422,962,3244
SKU1023,3/19/2022,Synergix solutions ,Oral Care,Toothpaste,Whitening Toothpaste,Close-up,0,,0,0
SKU1030,07-02-22,Synergix solutions ,Oral Care,Toothpaste,Whitening Toothpaste,Close-up,0,,0,0
SKU1030,9/24/2022,Synergix solutions ,Oral Care,Toothpaste,Whitening Toothpaste,Close-up,0,,0,0
SKU1030,3/13/2021,Synergix solutions ,Oral Care,Toothpaste,Whitening Toothpaste,Close-up,0,,0,400
SKU1030,10/16/2021,Synergix solutions ,Oral Care,Toothpaste,Whitening Toothpaste,Close-up,0,,0,0
SKU1030,2/26/2022,Synergix solutions ,Oral Care,Toothpaste,Whitening Toothpaste,Close-up,11091,22.5885947,491,929
SKU1030,03-12-22,Synergix solutions ,Oral Care,Toothpaste,Whitening Toothpaste,Close-up,26962,22.39368771,1204,2506
SKU1030,8/14/2021,Synergix solutions ,Oral Care,Toothpaste,Whitening Toothpaste,Close-up,26211,23.63480613,1109,4860
SKU1030,12-10-22,Synergix solutions ,Oral Care,Toothpaste,Whitening Toothpaste,Close-up,13690,22.2601626,615,1620
SKU1030,5/15/2021,Synergix solutions ,Oral Care,Toothpaste,Whitening Toothpaste,Close-up,0,,0,0
SKU1030,2/27/2021,Synergix solutions ,Oral Care,Toothpaste,Whitening Toothpaste,Close-up,31889,22.76159886,1401,3280
SKU1030,01-09-21,Synergix solutions ,Oral Care,Toothpaste,Whitening Toothpaste,Close-up,24218,33.68289291,719,4877
SKU1030,10-09-21,Synergix solutions ,Oral Care,Toothpaste,Whitening Toothpaste,Close-up,22033,12.22018857,1803,3711
SKU1030,05-07-22,Synergix solutions ,Oral Care,Toothpaste,Whitening Toothpaste,Close-up,0,,0,0
SKU1030,3/27/2021,Synergix solutions ,Oral Care,Toothpaste,Whitening Toothpaste,Close-up,0,,0,0
SKU1030,5/21/2022,Synergix solutions ,Oral Care,Toothpaste,Whitening Toothpaste,Close-up,26792,20.86604361,1284,4924
SKU1030,06-04-22,Synergix solutions ,Oral Care,Toothpaste,Whitening Toothpaste,Close-up,36493,22.14381068,1648,4962
SKU1030,09-11-21,Synergix solutions ,Oral Care,Toothpaste,Whitening Toothpaste,Close-up,0,,0,0
SKU1030,12/17/2022,Synergix solutions ,Oral Care,Toothpaste,Whitening Toothpaste,Close-up,0,,0,0
SKU1030,07-09-22,Synergix solutions ,Oral Care,Toothpaste,Whitening Toothpaste,Close-up,1855,2.513550136,738,2667
SKU1030,5/14/2022,Synergix solutions ,Oral Care,Toothpaste,Whitening Toothpaste,Close-up,24405,18.13150074,1346,4286
SKU1030,11-05-22,Synergix solutions ,Oral Care,Toothpaste,Whitening Toothpaste,Close-up,28909,17.55251973,1647,3934
SKU1030,01-02-21,Synergix solutions ,Oral Care,Toothpaste,Whitening Toothpaste,Close-up,21355,22.36125654,955,3592
SKU1030,5/22/2021,Synergix solutions ,Oral Care,Toothpaste,Whitening Toothpaste,Close-up,0,,0,0
SKU1030,10/29/2022,Synergix solutions ,Oral Care,Toothpaste,Whitening Toothpaste,Close-up,23890,18.44787645,1295,2952
SKU1030,10/22/2022,Synergix solutions ,Oral Care,Toothpaste,Whitening Toothpaste,Close-up,29233,17.24660767,1695,2031
SKU1030,12-03-22,Synergix solutions ,Oral Care,Toothpaste,Whitening Toothpaste,Close-up,29528,26.10786914,1131,2840
SKU1030,10-08-22,Synergix solutions ,Oral Care,Toothpaste,Whitening Toothpaste,Close-up,0,,0,0
SKU1030,11-05-22,Synergix solutions ,Oral Care,Toothpaste,Whitening Toothpaste,Close-up,0,,0,0
SKU1030,08-06-22,Synergix solutions ,Oral Care,Toothpaste,Whitening Toothpaste,Close-up,0,,0,0
SKU1030,7/24/2021,Synergix solutions ,Oral Care,Toothpaste,Whitening Toothpaste,Close-up,20334,30.03545052,677,1354.970268
SKU1030,12-04-21,Synergix solutions ,Oral Care,Toothpaste,Whitening Toothpaste,Close-up,0,,0,0
SKU1026,7/24/2021,Synergix solutions ,Oral Care,Toothpaste,Whitening Toothpaste,Close-up,0,,0,0
SKU1026,2/20/2021,Synergix solutions ,Oral Care,Toothpaste,Whitening Toothpaste,Close-up,0,,0,0
SKU1026,10/23/2021,Synergix solutions ,Oral Care,Toothpaste,Whitening Toothpaste,Close-up,0,,0,0
SKU1026,7/16/2022,Synergix solutions ,Oral Care,Toothpaste,Whitening Toothpaste,Close-up,17041,17.78810021,958,2183
SKU1026,7/24/2021,Synergix solutions ,Oral Care,Toothpaste,Whitening Toothpaste,Close-up,27927,17.94794344,1556,5583
SKU1026,5/28/2022,Synergix solutions ,Oral Care,Toothpaste,Whitening Toothpaste,Close-up,34097,24.355,1400,3372
SKU1026,11/20/2021,Synergix solutions ,Oral Care,Toothpaste,Whitening Toothpaste,Close-up,0,,0,0
SKU1026,2/19/2022,Synergix solutions ,Oral Care,Toothpaste,Whitening Toothpaste,Close-up,0,,0,0
SKU1026,9/18/2021,Synergix solutions ,Oral Care,Toothpaste,Whitening Toothpaste,Close-up,0,,0,0
SKU1026,10-08-22,Synergix solutions ,Oral Care,Toothpaste,Whitening Toothpaste,Close-up,0,,0,0
SKU1026,8/27/2022,Synergix solutions ,Oral Care,Toothpaste,Whitening Toothpaste,Close-up,0,,0,0
SKU1026,03-12-22,Synergix solutions ,Oral Care,Toothpaste,Whitening Toothpaste,Close-up,17869,20.70567787,863,1232
SKU1026,7/30/2022,Synergix solutions ,Oral Care,Toothpaste,Whitening Toothpaste,Close-up,30880,21.06412005,1466,4019
SKU1026,10-02-21,Synergix solutions ,Oral Care,Toothpaste,Whitening Toothpaste,Close-up,0,,0,0
SKU1026,8/20/2022,Synergix solutions ,Oral Care,Toothpaste,Whitening Toothpaste,Close-up,0,,0,0
SKU1026,10/30/2021,Synergix solutions ,Oral Care,Toothpaste,Whitening Toothpaste,Close-up,0,,0,0
SKU1026,10/29/2022,Synergix solutions ,Oral Care,Toothpaste,Whitening Toothpaste,Close-up,25733,27.69967707,929,1533
SKU1026,5/14/2022,Synergix solutions ,Oral Care,Toothpaste,Whitening Toothpaste,Close-up,23350,20.71872227,1127,3824
SKU1026,2/13/2021,Synergix solutions ,Oral Care,Toothpaste,Whitening Toothpaste,Close-up,11767,14.35,820,1467
SKU1026,03-06-21,Synergix solutions ,Oral Care,Toothpaste,Whitening Toothpaste,Close-up,8964,9.119023398,983,2996
SKU1026,7/17/2021,Synergix solutions ,Oral Care,Toothpaste,Whitening Toothpaste,Close-up,16892,14.07666667,1200,3303
SKU1026,11/26/2022,Synergix solutions ,Oral Care,Toothpaste,Whitening Toothpaste,Close-up,26207,15.37067449,1705,4623
SKU1026,6/19/2021,Synergix solutions ,Oral Care,Toothpaste,Whitening Toothpaste,Close-up,15183,16.72136564,908,929
SKU1026,8/21/2021,Synergix solutions ,Oral Care,Toothpaste,Whitening Toothpaste,Close-up,10415,15.92507645,654,1480
SKU1026,06-12-21,Synergix solutions ,Oral Care,Toothpaste,Whitening Toothpaste,Close-up,18196,19.54457573,931,1995.098658
SKU1026,1/29/2022,Synergix solutions ,Oral Care,Toothpaste,Whitening Toothpaste,Close-up,27386,19.29950669,1419,6977
SKU1026,02-05-22,Synergix solutions ,Oral Care,Toothpaste,Whitening Toothpaste,Close-up,35683,16.792,2125,6582
SKU1026,1/30/2021,Synergix solutions ,Oral Care,Toothpaste,Whitening Toothpaste,Close-up,16224,18.7995365,863,4809
SKU1026,2/19/2022,Synergix solutions ,Oral Care,Toothpaste,Whitening Toothpaste,Close-up,0,,0,0
SKU1026,5/28/2022,Synergix solutions ,Oral Care,Toothpaste,Whitening Toothpaste,Close-up,33147,24.28351648,1365,3449
SKU1026,7/23/2022,Synergix solutions ,Oral Care,Toothpaste,Whitening Toothpaste,Close-up,25194,23.28465804,1082,2372
SKU1026,07-10-21,Synergix solutions ,Oral Care,Toothpaste,Whitening Toothpaste,Close-up,0,,0,0
SKU1026,4/30/2022,Synergix solutions ,Oral Care,Toothpaste,Whitening Toothpaste,Close-up,29945,24.72749794,1211,4011
SKU1026,3/26/2022,Synergix solutions ,Oral Care,Toothpaste,Whitening Toothpaste,Close-up,0,,0,0
SKU1024,8/21/2021,Synergix solutions ,Oral Care,Toothpaste,Whitening Toothpaste,Close-up,0,,0,0
SKU1024,03-06-21,Synergix solutions ,Oral Care,Toothpaste,Whitening Toothpaste,Close-up,12649,19.13615734,661,5075
SKU1024,8/27/2022,Synergix solutions ,Oral Care,Toothpaste,Whitening Toothpaste,Close-up,28602,20.02941176,1428,4678
SKU1024,4/23/2022,Synergix solutions ,Oral Care,Toothpaste,Whitening Toothpaste,Close-up,34315,29.30401366,1171,4138
SKU1024,10-09-21,Synergix solutions ,Oral Care,Toothpaste,Whitening Toothpaste,Close-up,24796,25.74870197,963,3079
SKU1024,8/20/2022,Synergix solutions ,Oral Care,Toothpaste,Whitening Toothpaste,Close-up,0,,0,0
SKU1024,9/25/2021,Synergix solutions ,Oral Care,Toothpaste,Whitening Toothpaste,Close-up,0,,0,0
SKU1024,02-06-21,Synergix solutions ,Oral Care,Toothpaste,Whitening Toothpaste,Close-up,23434,17.01815541,1377,5627
SKU1024,08-06-22,Synergix solutions ,Oral Care,Toothpaste,Whitening Toothpaste,Close-up,18610,14.76984127,1260,6118
SKU1024,6/18/2022,Synergix solutions ,Oral Care,Toothpaste,Whitening Toothpaste,Close-up,19783,24.3034398,814,1788
SKU1024,10/30/2021,Synergix solutions ,Oral Care,Toothpaste,Whitening Toothpaste,Close-up,0,,0,0
SKU1024,11/26/2022,Synergix solutions ,Oral Care,Toothpaste,Whitening Toothpaste,Close-up,26209,17.27686223,1517,4644
SKU1024,12-04-21,Synergix solutions ,Oral Care,Toothpaste,Whitening Toothpaste,Close-up,37615,36.41335915,1033,2936
SKU1024,11/27/2021,Synergix solutions ,Oral Care,Toothpaste,Whitening Toothpaste,Close-up,0,,0,0
SKU1024,2/20/2021,Synergix solutions ,Oral Care,Toothpaste,Whitening Toothpaste,Close-up,17456,30.41114983,574,3988
SKU1024,6/26/2021,Synergix solutions ,Oral Care,Toothpaste,Whitening Toothpaste,Close-up,23071,14.31203474,1612,855
SKU1024,04-09-22,Synergix solutions ,Oral Care,Toothpaste,Whitening Toothpaste,Close-up,0,,0,0
SKU1024,7/30/2022,Synergix solutions ,Oral Care,Toothpaste,Whitening Toothpaste,Close-up,0,,0,0
SKU1024,11-06-21,Synergix solutions ,Oral Care,Toothpaste,Whitening Toothpaste,Close-up,26477,21.77384868,1216,2960
SKU1024,07-03-21,Synergix solutions ,Oral Care,Toothpaste,Whitening Toothpaste,Close-up,15987,22.93687231,697,4309
SKU1024,1/30/2021,Synergix solutions ,Oral Care,Toothpaste,Whitening Toothpaste,Close-up,0,,0,0
SKU1024,8/21/2021,Synergix solutions ,Oral Care,Toothpaste,Whitening Toothpaste,Close-up,10956,23.8173913,460,3216
SKU1024,09-10-22,Synergix solutions ,Oral Care,Toothpaste,Whitening Toothpaste,Close-up,22937,35.72741433,642,1310.340611
SKU1024,11-12-22,Synergix solutions ,Oral Care,Toothpaste,Whitening Toothpaste,Close-up,41094,23.85026117,1723,4002
SKU1024,03-12-22,Synergix solutions ,Oral Care,Toothpaste,Whitening Toothpaste,Close-up,12351,14.42873832,856,1082
SKU1024,2/27/2021,Synergix solutions ,Oral Care,Toothpaste,Whitening Toothpaste,Close-up,14571,16.35353535,891,782
SKU1024,1/16/2021,Synergix solutions ,Oral Care,Toothpaste,Whitening Toothpaste,Close-up,14544,20.2,720,5639
SKU1024,8/13/2022,Synergix solutions ,Oral Care,Toothpaste,Whitening Toothpaste,Close-up,34189,22.33115611,1531,7432
SKU1024,8/20/2022,Synergix solutions ,Oral Care,Toothpaste,Whitening Toothpaste,Close-up,0,,0,0
SKU1024,12-11-21,Synergix solutions ,Oral Care,Toothpaste,Whitening Toothpaste,Close-up,23622,27.05841924,873,3028
SKU1024,4/17/2021,Synergix solutions ,Oral Care,Toothpaste,Whitening Toothpaste,Close-up,13533,15.68134415,863,3149
SKU1024,12-03-22,Synergix solutions ,Oral Care,Toothpaste,Whitening Toothpaste,Close-up,32583,19.26848019,1691,4397
SKU1024,04-02-22,Synergix solutions ,Oral Care,Toothpaste,Whitening Toothpaste,Close-up,22880,17.73643411,1290,3834
SKU1024,12/24/2022,Synergix solutions ,Oral Care,Toothpaste,Whitening Toothpaste,Close-up,17190,18.17124736,946,1838
SKU1024,5/28/2022,Synergix solutions ,Oral Care,Toothpaste,Whitening Toothpaste,Close-up,29347,30.89157895,950,3909
SKU1024,4/23/2022,Synergix solutions ,Oral Care,Toothpaste,Whitening Toothpaste,Close-up,0,,0,0
