Python for Data Science/POS_Data.csv
SKU ID,Date,Manufacturer,Sector,Category,Segment,Brand,Revenue($),Unit_price,Units_sold,Page_traffic
SKU1027,10-08-22,Synergix solutions ,Oral Care,Toothpaste,Whitening Toothpaste,Close-up,0,,0,0
SKU1027,11-06-21,Synergix solutions ,Oral Care,Toothpaste,Whitening Toothpaste,Close-up,0,,0,0
SKU1027,4/16/2022,Synergix solutions ,Oral Care,Toothpaste,Whitening Toothpaste,Close-up,23249,25.21583514,922,1916
SKU1027,12/18/2021,Synergix solutions ,Oral Care,Toothpaste,Whitening Toothpaste,Close-up,19308,16.96660808,1138,3809
SKU1027,12-04-21,Synergix solutions ,Oral Care,Toothpaste,Whitening Toothpaste,Close-up,28207,26.9665392,1046,2611
SKU1027,8/14/2021,Synergix solutions ,Oral Care,Toothpaste,Whitening Toothpaste,Close-up,0,,0,0
SKU1027,10-02-21,Synergix solutions ,Oral Care,Toothpaste,Whitening Toothpaste,Close-up,0,,0,0
SKU1027,4/16/2022,Synergix solutions ,Oral Care,Toothpaste,Whitening Toothpaste,Close-up,0,,0,0
SKU1027,06-04-22,Synergix solutions ,Oral Care,Toothpaste,Whitening Toothpaste,Close-up,0,,0,0
SKU1027,8/20/2022,Synergix solutions ,Oral Care,Toothpaste,Whitening Toothpaste,Close-up,24416,22.27737226,1096,3887
SKU1027,11-06-21,Synergix solutions ,Oral Care,Toothpaste,Whitening Toothpaste,Close-up,25798,21.75210793,1186,3432
SKU1027,03-05-22,Synergix solutions ,Oral Care,Toothpaste,Whitening Toothpaste,Close-up,25058,24.02492809,1043,1515
SKU1027,07-09-22,Synergix solutions ,Oral Care,Toothpaste,Whitening Toothpaste,Close-up,29500,26.74524025,1103,1948
SKU1027,01-02-21,Synergix solutions ,Oral Care,Toothpaste,Whitening Toothpaste,Close-up,19342,21.04678999,919,2836
SKU1027,12/18/2021,Synergix solutions ,Oral Care,Toothpaste,Whitening Toothpaste,Close-up,0,15.61832061,0,0
SKU1027,10/15/2022,Synergix solutions ,Oral Care,Toothpaste,Whitening Toothpaste,Close-up,0,,0,0
SKU1027,12-11-21,Synergix solutions ,Oral Care,Toothpaste,Whitening Toothpaste,Close-up,6559,10.59612278,619,1286
SKU1027,1/30/2021,Synergix solutions ,Oral Care,Toothpaste,Whitening Toothpaste,Close-up,19157,26.42344828,725,4123
SKU1027,11/26/2022,Synergix solutions ,Oral Care,Toothpaste,Whitening Toothpaste,Close-up,33455,17.71980932,1888,2654
SKU1027,1/22/2022,Synergix solutions ,Oral Care,Toothpaste,Whitening Toothpaste,Close-up,0,,0,0
SKU1027,02-12-22,Synergix solutions ,Oral Care,Toothpaste,Whitening Toothpaste,Close-up,17490,12.93639053,1352,4452
SKU1027,8/27/2022,Synergix solutions ,Oral Care,Toothpaste,Whitening Toothpaste,Close-up,34288,26.03492787,1317,2093
SKU1027,04-10-21,Synergix solutions ,Oral Care,Toothpaste,Whitening Toothpaste,Close-up,0,,0,0
SKU1027,04-03-21,Synergix solutions ,Oral Care,Toothpaste,Whitening Toothpaste,Close-up,20584,22.25297297,925,5478
SKU1027,1/30/2021,Synergix solutions ,Oral Care,Toothpaste,Whitening Toothpaste,Close-up,18597,27.18859649,684,1044
SKU1027,12/25/2021,Synergix solutions ,Oral Care,Toothpaste,Whitening Toothpaste,Close-up,13522,20.80307692,650,3840
SKU1027,06-05-21,Synergix solutions ,Oral Care,Toothpaste,Whitening Toothpaste,Close-up,33098,22.59249147,1465,5799
SKU1052,08-07-21,Synergix solutions ,Oral Care,Toothpaste,Fluoride-Free Toothpaste,Tom's of Maine,0,,0,0
SKU1052,12/17/2022,Synergix solutions ,Oral Care,Toothpaste,Fluoride-Free Toothpaste,Tom's of Maine,29211,29.18181818,1001,2491
SKU1052,7/24/2021,Synergix solutions ,Oral Care,Toothpaste,Fluoride-Free Toothpaste,Tom's of Maine,34240,22.96445339,1491,4732
SKU1052,10/23/2021,Synergix solutions ,Oral Care,Toothpaste,Fluoride-Free Toothpaste,Tom's of Maine,24158,12.91181187,1871,3814
SKU1052,12/31/2022,Synergix solutions ,Oral Care,Toothpaste,Fluoride-Free Toothpaste,Tom's of Maine,0,,0,0
SKU1052,8/13/2022,Synergix solutions ,Oral Care,Toothpaste,Fluoride-Free Toothpaste,Tom's of Maine,23264,18.36148382,1267,4175
SKU1052,9/24/2022,Synergix solutions ,Oral Care,Toothpaste,Fluoride-Free Toothpaste,Tom's of Maine,27556,23.92013889,1152,3084
SKU1052,3/13/2021,Synergix solutions ,Oral Care,Toothpaste,Fluoride-Free Toothpaste,Tom's of Maine,0,24.93333333,0,0
SKU1052,7/30/2022,Synergix solutions ,Oral Care,Toothpaste,Fluoride-Free Toothpaste,Tom's of Maine,0,,0,0
SKU1052,9/17/2022,Synergix solutions ,Oral Care,Toothpaste,Fluoride-Free Toothpaste,Tom's of Maine,14126,13.06753006,1081,3535
SKU1052,4/16/2022,Synergix solutions ,Oral Care,Toothpaste,Fluoride-Free Toothpaste,Tom's of Maine,0,,0,0
SKU1052,12/24/2022,Synergix solutions ,Oral Care,Toothpaste,Fluoride-Free Toothpaste,Tom's of Maine,0,,0,0
SKU1052,4/16/2022,Synergix solutions ,Oral Care,Toothpaste,Fluoride-Free Toothpaste,Tom's of Maine,31317,26.69820972,1173,4213
SKU1052,7/30/2022,Synergix solutions ,Oral Care,Toothpaste,Fluoride-Free Toothpaste,Tom's of Maine,0,,0,0
SKU1052,07-09-22,Synergix solutions ,Oral Care,Toothpaste,Fluoride-Free Toothpaste,Tom's of Maine,0,,0,0
SKU1052,12/24/2022,Synergix solutions ,Oral Care,Toothpaste,Fluoride-Free Toothpaste,Tom's of Maine,0,,0,0
SKU1052,12/18/2021,Synergix solutions ,Oral Care,Toothpaste,Fluoride-Free Toothpaste,Tom's of Maine,0,,0,0
SKU1052,12/24/2022,Synergix solutions ,Oral Care,Toothpaste,Fluoride-Free Toothpaste,Tom's of Maine,0,,0,0
SKU1052,1/30/2021,Synergix solutions ,Oral Care,Toothpaste,Fluoride-Free Toothpaste,Tom's of Maine,0,,0,0
SKU1052,03-12-22,Synergix solutions ,Oral Care,Toothpaste,Fluoride-Free Toothpaste,Tom's of Maine,0,,0,0
SKU1052,07-02-22,Synergix solutions ,Oral Care,Toothpaste,Fluoride-Free Toothpaste,Tom's of Maine,0,,0,0
SKU1052,07-03-21,Synergix solutions ,Oral Care,Toothpaste,Fluoride-Free Toothpaste,Tom's of Maine,27491,20.4546131,1344,4865
SKU1052,11/26/2022,Synergix solutions ,Oral Care,Toothpaste,Fluoride-Free Toothpaste,Tom's of Maine,0,,0,0
SKU1052,6/18/2022,Synergix solutions ,Oral Care,Toothpaste,Fluoride-Free Toothpaste,Tom's of Maine,35753,19.59068493,1825,4445
SKU1052,11/27/2021,Synergix solutions ,Oral Care,Toothpaste,Fluoride-Free Toothpaste,Tom's of Maine,26035,21.25306122,1225,4201
SKU1052,12/18/2021,Synergix solutions ,Oral Care,Toothpaste,Fluoride-Free Toothpaste,Tom's of Maine,16206,12.04011887,1346,3377
SKU1052,02-12-22,Synergix solutions ,Oral Care,Toothpaste,Fluoride-Free Toothpaste,Tom's of Maine,14682,14.13089509,1039,3645
SKU1052,2/13/2021,Synergix solutions ,Oral Care,Toothpaste,Fluoride-Free Toothpaste,Tom's of Maine,25992,28.46878423,913,3780
SKU1052,8/27/2022,Synergix solutions ,Oral Care,Toothpaste,Fluoride-Free Toothpaste,Tom's of Maine,0,,0,0
SKU1052,7/16/2022,Synergix solutions ,Oral Care,Toothpaste,Fluoride-Free Toothpaste,Tom's of Maine,0,,0,0
SKU1052,3/13/2021,Synergix solutions ,Oral Care,Toothpaste,Fluoride-Free Toothpaste,Tom's of Maine,0,,0,0
SKU1052,10/29/2022,Synergix solutions ,Oral Care,Toothpaste,Fluoride-Free Toothpaste,Tom's of Maine,0,,0,0
SKU1052,01-09-21,Synergix solutions ,Oral Care,Toothpaste,Fluoride-Free Toothpaste,Tom's of Maine,0,,0,0
SKU1052,3/26/2022,Synergix solutions ,Oral Care,Toothpaste,Fluoride-Free Toothpaste,Tom's of Maine,22082,20.05631244,1101,3232
SKU1020,11/26/2022,Synergix solutions ,Oral Care,Toothpaste,Whitening Toothpaste,Colgate,0,,0,1447
SKU1020,10-02-21,Synergix solutions ,Oral Care,Toothpaste,Whitening Toothpaste,Colgate,26851,16.07844311,1670,3737
SKU1020,05-08-21,Synergix solutions ,Oral Care,Toothpaste,Whitening Toothpaste,Colgate,31363,17.92171429,1750,3638
SKU1020,5/21/2022,Synergix solutions ,Oral Care,Toothpaste,Whitening Toothpaste,Colgate,13396,16.12033694,831,3927
SKU1020,06-05-21,Synergix solutions ,Oral Care,Toothpaste,Whitening Toothpaste,Colgate,24569,24.94314721,985,4474
SKU1020,01-08-22,Synergix solutions ,Oral Care,Toothpaste,Whitening Toothpaste,Colgate,0,,0,0
SKU1020,08-06-22,Synergix solutions ,Oral Care,Toothpaste,Whitening Toothpaste,Colgate,0,72.61904762,0,0
SKU1020,8/14/2021,Synergix solutions ,Oral Care,Toothpaste,Whitening Toothpaste,Colgate,26463,31.39145907,843,5003
SKU1020,01-02-21,Synergix solutions ,Oral Care,Toothpaste,Whitening Toothpaste,Colgate,0,,0,0
SKU1020,04-10-21,Synergix solutions ,Oral Care,Toothpaste,Whitening Toothpaste,Colgate,0,,0,0
SKU1020,01-08-22,Synergix solutions ,Oral Care,Toothpaste,Whitening Toothpaste,Colgate,0,,0,0
SKU1020,07-02-22,Synergix solutions ,Oral Care,Toothpaste,Whitening Toothpaste,Colgate,33279,27.34511093,1217,3609
SKU1020,5/22/2021,Synergix solutions ,Oral Care,Toothpaste,Whitening Toothpaste,Colgate,15013,12.11702986,1239,3235
SKU1020,1/16/2021,Synergix solutions ,Oral Care,Toothpaste,Whitening Toothpaste,Colgate,0,,0,0
SKU1020,04-02-22,Synergix solutions ,Oral Care,Toothpaste,Whitening Toothpaste,Colgate,37487,29.30961689,1279,2461
SKU1020,7/23/2022,Synergix solutions ,Oral Care,Toothpaste,Whitening Toothpaste,Colgate,0,88.74117647,0,0
SKU1020,9/18/2021,Synergix solutions ,Oral Care,Toothpaste,Whitening Toothpaste,Colgate,9297,11.01540284,844,2986
SKU1020,01-01-22,Synergix solutions ,Oral Care,Toothpaste,Whitening Toothpaste,Colgate,20141,24.17887155,833,1899
SKU1020,5/22/2021,Synergix solutions ,Oral Care,Toothpaste,Whitening Toothpaste,Colgate,23183,26.34431818,880,4374
SKU1020,6/19/2021,Synergix solutions ,Oral Care,Toothpaste,Whitening Toothpaste,Colgate,17699,18.28409091,968,3583
SKU1020,09-04-21,Synergix solutions ,Oral Care,Toothpaste,Whitening Toothpaste,Colgate,25222,15.68532338,1608,1904
SKU1020,05-01-21,Synergix solutions ,Oral Care,Toothpaste,Whitening Toothpaste,Colgate,0,,0,0
SKU1020,08-07-21,Synergix solutions ,Oral Care,Toothpaste,Whitening Toothpaste,Colgate,11766,26.14666667,450,2492
SKU1020,10-02-21,Synergix solutions ,Oral Care,Toothpaste,Whitening Toothpaste,Colgate,0,,0,0
SKU1020,09-10-22,Synergix solutions ,Oral Care,Toothpaste,Whitening Toothpaste,Colgate,31238,28.95088044,1079,3808
SKU1020,8/20/2022,Synergix solutions ,Oral Care,Toothpaste,Whitening Toothpaste,Colgate,38105,24.27070064,1570,3461
SKU1020,10/30/2021,Synergix solutions ,Oral Care,Toothpaste,Whitening Toothpaste,Colgate,16024,12.36419753,1296,2217
SKU1020,06-11-22,Synergix solutions ,Oral Care,Toothpaste,Whitening Toothpaste,Colgate,38113,39.95073375,954,1098
SKU1020,08-06-22,Synergix solutions ,Oral Care,Toothpaste,Whitening Toothpaste,Colgate,35896,41.11798396,873,1734
SKU1020,11/26/2022,Synergix solutions ,Oral Care,Toothpaste,Whitening Toothpaste,Colgate,20996,32.20245399,652,4589
SKU1020,2/13/2021,Synergix solutions ,Oral Care,Toothpaste,Whitening Toothpaste,Colgate,0,,0,0
SKU1020,08-06-22,Synergix solutions ,Oral Care,Toothpaste,Whitening Toothpaste,Colgate,0,,0,0
SKU1020,05-08-21,Synergix solutions ,Oral Care,Toothpaste,Whitening Toothpaste,Colgate,0,,0,0
SKU1035,04-03-21,Synergix solutions ,Oral Care,Toothpaste,Sensitivity Toothpaste,Colgate,32631,25.61302983,1274,4172
SKU1035,12-04-21,Synergix solutions ,Oral Care,Toothpaste,Sensitivity Toothpaste,Colgate,0,,0,0
SKU1035,12-04-21,Synergix solutions ,Oral Care,Toothpaste,Sensitivity Toothpaste,Colgate,0,,0,0
SKU1035,7/17/2021,Synergix solutions ,Oral Care,Toothpaste,Sensitivity Toothpaste,Colgate,23115,26.87790698,860,3838
SKU1035,7/24/2021,Synergix solutions ,Oral Care,Toothpaste,Sensitivity Toothpaste,Colgate,0,,0,0
SKU1035,06-11-22,Synergix solutions ,Oral Care,Toothpaste,Sensitivity Toothpaste,Colgate,0,,0,0
SKU1035,6/25/2022,Synergix solutions ,Oral Care,Toothpaste,Sensitivity Toothpaste,Colgate,28859,22.84956453,1263,2960
SKU1035,4/23/2022,Synergix solutions ,Oral Care,Toothpaste,Sensitivity Toothpaste,Colgate,0,,0,0
SKU1035,6/26/2021,Synergix solutions ,Oral Care,Toothpaste,Sensitivity Toothpaste,Colgate,13022,11.95775941,1089,2055
SKU1035,10/30/2021,Synergix solutions ,Oral Care,Toothpaste,Sensitivity Toothpaste,Colgate,14548,18.02726146,807,2978
SKU1035,12/18/2021,Synergix solutions ,Oral Care,Toothpaste,Sensitivity Toothpaste,Colgate,22422,15.76793249,1422,3855
SKU1035,2/13/2021,Synergix solutions ,Oral Care,Toothpaste,Sensitivity Toothpaste,Colgate,20495,18.36469534,1116,2976
SKU1035,07-02-22,Synergix solutions ,Oral Care,Toothpaste,Sensitivity Toothpaste,Colgate,27791,18.35601057,1514,3450
SKU1035,01-08-22,Synergix solutions ,Oral Care,Toothpaste,Sensitivity Toothpaste,Colgate,7174,6.56959707,1092,3508
SKU1035,08-06-22,Synergix solutions ,Oral Care,Toothpaste,Sensitivity Toothpaste,Colgate,17654,27.9335443,632,950
SKU1035,9/25/2021,Synergix solutions ,Oral Care,Toothpaste,Sensitivity Toothpaste,Colgate,25983,13.71858501,1894,3082
SKU1035,09-03-22,Synergix solutions ,Oral Care,Toothpaste,Sensitivity Toothpaste,Colgate,37150,30.82987552,1205,3148
SKU1035,5/15/2021,Synergix solutions ,Oral Care,Toothpaste,Sensitivity Toothpaste,Colgate,16974,11.91157895,1425,2610
SKU1035,9/25/2021,Synergix solutions ,Oral Care,Toothpaste,Sensitivity Toothpaste,Colgate,0,,0,0
SKU1035,10/16/2021,Synergix solutions ,Oral Care,Toothpaste,Sensitivity Toothpaste,Colgate,0,,0,0
SKU1035,11/19/2022,Synergix solutions ,Oral Care,Toothpaste,Sensitivity Toothpaste,Colgate,0,,0,0
SKU1035,07-03-21,Synergix solutions ,Oral Care,Toothpaste,Sensitivity Toothpaste,Colgate,22735,18.57434641,1224,3362
SKU1014,09-11-21,Synergix solutions ,Oral Care,Toothpaste,Whitening Toothpaste,Colgate,32295,36.90857143,875,2253
SKU1014,11/13/2021,Synergix solutions ,Oral Care,Toothpaste,Whitening Toothpaste,Colgate,21625,22.64397906,955,1299
SKU1014,10/15/2022,Synergix solutions ,Oral Care,Toothpaste,Whitening Toothpaste,Colgate,0,,0,0
SKU1014,7/16/2022,Synergix solutions ,Oral Care,Toothpaste,Whitening Toothpaste,Colgate,13282,32.55392157,408,1807
SKU1014,1/16/2021,Synergix solutions ,Oral Care,Toothpaste,Whitening Toothpaste,Colgate,0,,0,0
SKU1014,09-04-21,Synergix solutions ,Oral Care,Toothpaste,Whitening Toothpaste,Colgate,0,,0,118
SKU1014,12/25/2021,Synergix solutions ,Oral Care,Toothpaste,Whitening Toothpaste,Colgate,0,,0,0
SKU1014,04-10-21,Synergix solutions ,Oral Care,Toothpaste,Whitening Toothpaste,Colgate,0,,0,0
SKU1014,7/24/2021,Synergix solutions ,Oral Care,Toothpaste,Whitening Toothpaste,Colgate,31908,27.41237113,1164,4350
SKU1014,05-08-21,Synergix solutions ,Oral Care,Toothpaste,Whitening Toothpaste,Colgate,0,72.61904762,0,0
SKU1014,10/22/2022,Synergix solutions ,Oral Care,Toothpaste,Whitening Toothpaste,Colgate,17565,16.68091168,1053,5069
SKU1014,05-07-22,Synergix solutions ,Oral Care,Toothpaste,Whitening Toothpaste,Colgate,0,,0,0
SKU1014,11/13/2021,Synergix solutions ,Oral Care,Toothpaste,Whitening Toothpaste,Colgate,12856,30.39243499,423,494
SKU1014,03-05-22,Synergix solutions ,Oral Care,Toothpaste,Whitening Toothpaste,Colgate,35169,22.14672544,1588,2010
SKU1014,11/19/2022,Synergix solutions ,Oral Care,Toothpaste,Whitening Toothpaste,Colgate,21156,24.91872792,849,2516
SKU1014,10/29/2022,Synergix solutions ,Oral Care,Toothpaste,Whitening Toothpaste,Colgate,0,,0,0
SKU1014,2/19/2022,Synergix solutions ,Oral Care,Toothpaste,Whitening Toothpaste,Colgate,15737,17.40818584,904,1240
SKU1014,11/26/2022,Synergix solutions ,Oral Care,Toothpaste,Whitening Toothpaste,Colgate,23824,40.44821732,589,1166
SKU1014,7/17/2021,Synergix solutions ,Oral Care,Toothpaste,Whitening Toothpaste,Colgate,20490,19.11380597,1072,825
SKU1014,10/29/2022,Synergix solutions ,Oral Care,Toothpaste,Whitening Toothpaste,Colgate,21965,19.00086505,1156,1400
SKU1014,6/26/2021,Synergix solutions ,Oral Care,Toothpaste,Whitening Toothpaste,Colgate,0,,0,0
SKU1014,8/21/2021,Synergix solutions ,Oral Care,Toothpaste,Whitening Toothpaste,Colgate,26313,21.30607287,1235,3302
SKU1014,10/23/2021,Synergix solutions ,Oral Care,Toothpaste,Whitening Toothpaste,Colgate,20205,15.48275862,1305,3971
SKU1014,01-08-22,Synergix solutions ,Oral Care,Toothpaste,Whitening Toothpaste,Colgate,29004,47.54754098,610,1278.515639
SKU1014,5/14/2022,Synergix solutions ,Oral Care,Toothpaste,Whitening Toothpaste,Colgate,16216,17.38049303,933,3900
SKU1014,2/26/2022,Synergix solutions ,Oral Care,Toothpaste,Whitening Toothpaste,Colgate,33372,22.05684071,1513,5318
SKU1014,2/13/2021,Synergix solutions ,Oral Care,Toothpaste,Whitening Toothpaste,Colgate,0,,0,0
SKU1014,11-12-22,Synergix solutions ,Oral Care,Toothpaste,Whitening Toothpaste,Colgate,27112,29.53376906,918,3021
SKU1014,07-03-21,Synergix solutions ,Oral Care,Toothpaste,Whitening Toothpaste,Colgate,26225,25.83743842,1015,3265
SKU1014,06-05-21,Synergix solutions ,Oral Care,Toothpaste,Whitening Toothpaste,Colgate,23978,21.20070734,1131,5219
SKU1014,04-03-21,Synergix solutions ,Oral Care,Toothpaste,Whitening Toothpaste,Colgate,15452,16.77741585,921,2179
SKU1014,2/20/2021,Synergix solutions ,Oral Care,Toothpaste,Whitening Toothpaste,Colgate,18021,22.49812734,801,6513
SKU1014,01-01-22,Synergix solutions ,Oral Care,Toothpaste,Whitening Toothpaste,Colgate,19374,23.20239521,835,4493
SKU1014,09-11-21,Synergix solutions ,Oral Care,Toothpaste,Whitening Toothpaste,Colgate,28130,16.90504808,1664,5338
SKU1014,4/30/2022,Synergix solutions ,Oral Care,Toothpaste,Whitening Toothpaste,Colgate,0,,0,0
SKU1014,07-02-22,Synergix solutions ,Oral Care,Toothpaste,Whitening Toothpaste,Colgate,0,,0,0
SKU1014,04-10-21,Synergix solutions ,Oral Care,Toothpaste,Whitening Toothpaste,Colgate,0,,0,0
SKU1014,09-03-22,Synergix solutions ,Oral Care,Toothpaste,Whitening Toothpaste,Colgate,24141,16.71814404,1444,2793
