Python for Data Science/POS_Data.csv
SKU ID,Date,Manufacturer,Sector,Category,Segment,Brand,Revenue($),Unit_price,Units_sold,Page_traffic
SKU1031,06-05-21,Synergix solutions ,Oral Care,Toothpaste,Sensitivity Toothpaste,Colgate,0,,0,0
SKU1031,12/24/2022,Synergix solutions ,Oral Care,Toothpaste,Sensitivity Toothpaste,Colgate,0,,0,0
SKU1031,06-11-22,Synergix solutions ,Oral Care,Toothpaste,Sensitivity Toothpaste,Colgate,20817,37.84909091,550,1186.51631
SKU1031,7/17/2021,Synergix solutions ,Oral Care,Toothpaste,Sensitivity Toothpaste,Colgate,0,,0,0
SKU1031,02-06-21,Synergix solutions ,Oral Care,Toothpaste,Sensitivity Toothpaste,Colgate,0,,0,0
SKU1031,06-05-21,Synergix solutions ,Oral Care,Toothpaste,Sensitivity Toothpaste,Colgate,0,,0,994
SKU1031,5/28/2022,Synergix solutions ,Oral Care,Toothpaste,Sensitivity Toothpaste,Colgate,0,,0,0
SKU1031,01-02-21,Synergix solutions ,Oral Care,Toothpaste,Sensitivity Toothpaste,Colgate,20418,23.74186047,860,4568
SKU1031,07-10-21,Synergix solutions ,Oral Care,Toothpaste,Sensitivity Toothpaste,Colgate,13802,30.94618834,446,3398
SKU1031,8/14/2021,Synergix solutions ,Oral Care,Toothpaste,Sensitivity Toothpaste,Colgate,0,,0,0
SKU1031,10-01-22,Synergix solutions ,Oral Care,Toothpaste,Sensitivity Toothpaste,Colgate,25911,19.7492378,1312,2935
SKU1031,2/20/2021,Synergix solutions ,Oral Care,Toothpaste,Sensitivity Toothpaste,Colgate,7763,16.55223881,469,1845
SKU1031,6/19/2021,Synergix solutions ,Oral Care,Toothpaste,Sensitivity Toothpaste,Colgate,22871,27.22738095,840,3511
SKU1031,1/16/2021,Synergix solutions ,Oral Care,Toothpaste,Sensitivity Toothpaste,Colgate,21640,33.39506173,648,4203
SKU1031,02-06-21,Synergix solutions ,Oral Care,Toothpaste,Sensitivity Toothpaste,Colgate,15943,26.09328969,611,4167
SKU1031,5/15/2021,Synergix solutions ,Oral Care,Toothpaste,Sensitivity Toothpaste,Colgate,19119,20.08298319,952,3231
SKU1031,04-10-21,Synergix solutions ,Oral Care,Toothpaste,Sensitivity Toothpaste,Colgate,21034,17.36911643,1211,3172
SKU1031,7/23/2022,Synergix solutions ,Oral Care,Toothpaste,Sensitivity Toothpaste,Colgate,30548,24.30230708,1257,3267
SKU1031,10/30/2021,Synergix solutions ,Oral Care,Toothpaste,Sensitivity Toothpaste,Colgate,25830,13.46715328,1918,5411
SKU1031,01-01-22,Synergix solutions ,Oral Care,Toothpaste,Sensitivity Toothpaste,Colgate,29397,16.6178632,1769,4692
SKU1031,1/23/2021,Synergix solutions ,Oral Care,Toothpaste,Sensitivity Toothpaste,Colgate,17768,21.10213777,842,3780
SKU1031,12/17/2022,Synergix solutions ,Oral Care,Toothpaste,Sensitivity Toothpaste,Colgate,31826,17.17539126,1853,6714
SKU1031,06-05-21,Synergix solutions ,Oral Care,Toothpaste,Sensitivity Toothpaste,Colgate,25620,19.26315789,1330,1916
SKU1031,1/29/2022,Synergix solutions ,Oral Care,Toothpaste,Sensitivity Toothpaste,Colgate,24205,21.17672791,1143,2378
SKU1031,10/16/2021,Synergix solutions ,Oral Care,Toothpaste,Sensitivity Toothpaste,Colgate,23362,30.26165803,772,2380
SKU1031,4/23/2022,Synergix solutions ,Oral Care,Toothpaste,Sensitivity Toothpaste,Colgate,35085,26.92632387,1303,5401
SKU1031,8/27/2022,Synergix solutions ,Oral Care,Toothpaste,Sensitivity Toothpaste,Colgate,0,,0,0
SKU1031,12/31/2022,Synergix solutions ,Oral Care,Toothpaste,Sensitivity Toothpaste,Colgate,33323,21.18436109,1573,4597
SKU1031,5/29/2021,Synergix solutions ,Oral Care,Toothpaste,Sensitivity Toothpaste,Colgate,22420,29.30718954,765,1155
SKU1031,6/25/2022,Synergix solutions ,Oral Care,Toothpaste,Sensitivity Toothpaste,Colgate,0,,0,0
SKU1032,5/28/2022,Synergix solutions ,Oral Care,Toothpaste,Sensitivity Toothpaste,Colgate,0,,0,0
SKU1032,03-05-22,Synergix solutions ,Oral Care,Toothpaste,Sensitivity Toothpaste,Colgate,27124,16.55921856,1638,4775
SKU1032,06-05-21,Synergix solutions ,Oral Care,Toothpaste,Sensitivity Toothpaste,Colgate,0,,0,0
SKU1032,9/25/2021,Synergix solutions ,Oral Care,Toothpaste,Sensitivity Toothpaste,Colgate,0,,0,0
SKU1032,09-04-21,Synergix solutions ,Oral Care,Toothpaste,Sensitivity Toothpaste,Colgate,19469,27.65482955,704,3936
SKU1032,07-10-21,Synergix solutions ,Oral Care,Toothpaste,Sensitivity Toothpaste,Colgate,0,,0,0
SKU1032,1/16/2021,Synergix solutions ,Oral Care,Toothpaste,Sensitivity Toothpaste,Colgate,0,,0,0
SKU1032,1/15/2022,Synergix solutions ,Oral Care,Toothpaste,Sensitivity Toothpaste,Colgate,23106,21.41427247,1079,3681
SKU1032,03-06-21,Synergix solutions ,Oral Care,Toothpaste,Sensitivity Toothpaste,Colgate,30083,23.28405573,1292,4452
SKU1032,1/15/2022,Synergix solutions ,Oral Care,Toothpaste,Sensitivity Toothpaste,Colgate,40886,25.44243933,1607,4461
SKU1032,5/21/2022,Synergix solutions ,Oral Care,Toothpaste,Sensitivity Toothpaste,Colgate,39350,30.93553459,1272,4991
SKU1032,4/17/2021,Synergix solutions ,Oral Care,Toothpaste,Sensitivity Toothpaste,Colgate,6111,17.81632653,343,1604
SKU1032,04-03-21,Synergix solutions ,Oral Care,Toothpaste,Sensitivity Toothpaste,Colgate,32631,25.61302983,1274,4172
SKU1032,8/27/2022,Synergix solutions ,Oral Care,Toothpaste,Sensitivity Toothpaste,Colgate,0,,0,0
SKU1032,10/15/2022,Synergix solutions ,Oral Care,Toothpaste,Sensitivity Toothpaste,Colgate,1310,24.25925926,54,2330
SKU1032,02-06-21,Synergix solutions ,Oral Care,Toothpaste,Sensitivity Toothpaste,Colgate,0,,0,0
SKU1032,10/22/2022,Synergix solutions ,Oral Care,Toothpaste,Sensitivity Toothpaste,Colgate,26729,17.80746169,1501,2765
SKU1032,05-01-21,Synergix solutions ,Oral Care,Toothpaste,Sensitivity Toothpaste,Colgate,4746,10.14102564,468,3292
SKU1032,05-07-22,Synergix solutions ,Oral Care,Toothpaste,Sensitivity Toothpaste,Colgate,27073,17.55706874,1542,5470
SKU1032,8/28/2021,Synergix solutions ,Oral Care,Toothpaste,Sensitivity Toothpaste,Colgate,22783,11.98474487,1901,3239
SKU1032,05-07-22,Synergix solutions ,Oral Care,Toothpaste,Sensitivity Toothpaste,Colgate,36082,21.59305805,1671,3806
SKU1032,9/25/2021,Synergix solutions ,Oral Care,Toothpaste,Sensitivity Toothpaste,Colgate,0,,0,0
SKU1032,06-04-22,Synergix solutions ,Oral Care,Toothpaste,Sensitivity Toothpaste,Colgate,20391,38.40112994,531,1169.868877
SKU1032,1/23/2021,Synergix solutions ,Oral Care,Toothpaste,Sensitivity Toothpaste,Colgate,13245,17.45059289,759,4933
SKU1032,8/21/2021,Synergix solutions ,Oral Care,Toothpaste,Sensitivity Toothpaste,Colgate,33359,26.8159164,1244,3912
SKU1032,04-03-21,Synergix solutions ,Oral Care,Toothpaste,Sensitivity Toothpaste,Colgate,0,,0,0
SKU1032,8/27/2022,Synergix solutions ,Oral Care,Toothpaste,Sensitivity Toothpaste,Colgate,0,,0,0
SKU1032,01-09-21,Synergix solutions ,Oral Care,Toothpaste,Sensitivity Toothpaste,Colgate,0,,0,666
SKU1032,1/22/2022,Synergix solutions ,Oral Care,Toothpaste,Sensitivity Toothpaste,Colgate,0,,0,0
SKU1032,2/27/2021,Synergix solutions ,Oral Care,Toothpaste,Sensitivity Toothpaste,Colgate,30639,26.48141746,1157,4747
SKU1032,4/16/2022,Synergix solutions ,Oral Care,Toothpaste,Sensitivity Toothpaste,Colgate,0,,0,0
SKU1032,09-10-22,Synergix solutions ,Oral Care,Toothpaste,Sensitivity Toothpaste,Colgate,30162,30.0119403,1005,3594
SKU1011,1/15/2022,Synergix solutions ,Oral Care,Toothpaste,Whitening Toothpaste,Colgate,25569,22.06125971,1159,3260
SKU1011,2/13/2021,Synergix solutions ,Oral Care,Toothpaste,Whitening Toothpaste,Colgate,20984,23.34149055,899,4346
SKU1011,3/13/2021,Synergix solutions ,Oral Care,Toothpaste,Whitening Toothpaste,Colgate,0,,0,0
SKU1011,03-05-22,Synergix solutions ,Oral Care,Toothpaste,Whitening Toothpaste,Colgate,30003,26.11227154,1149,3631
SKU1011,4/17/2021,Synergix solutions ,Oral Care,Toothpaste,Whitening Toothpaste,Colgate,0,8.22972973,0,0
SKU1011,9/25/2021,Synergix solutions ,Oral Care,Toothpaste,Whitening Toothpaste,Colgate,21151,16.01135503,1321,3249
SKU1011,8/20/2022,Synergix solutions ,Oral Care,Toothpaste,Whitening Toothpaste,Colgate,29651,24.10650407,1230,5611
SKU1011,03-12-22,Synergix solutions ,Oral Care,Toothpaste,Whitening Toothpaste,Colgate,28199,41.22660819,684,1358
SKU1011,05-01-21,Synergix solutions ,Oral Care,Toothpaste,Whitening Toothpaste,Colgate,38535,30.39037855,1268,4306
SKU1011,6/26/2021,Synergix solutions ,Oral Care,Toothpaste,Whitening Toothpaste,Colgate,0,,0,0
SKU1011,9/25/2021,Synergix solutions ,Oral Care,Toothpaste,Whitening Toothpaste,Colgate,0,,0,0
SKU1011,12/24/2022,Synergix solutions ,Oral Care,Toothpaste,Whitening Toothpaste,Colgate,28241,28.10049751,1005,1326
SKU1011,3/19/2022,Synergix solutions ,Oral Care,Toothpaste,Whitening Toothpaste,Colgate,27660,26.80232558,1032,4716
SKU1011,01-02-21,Synergix solutions ,Oral Care,Toothpaste,Whitening Toothpaste,Colgate,0,,0,0
SKU1011,4/30/2022,Synergix solutions ,Oral Care,Toothpaste,Whitening Toothpaste,Colgate,23111,27.91183575,828,4284
SKU1011,7/24/2021,Synergix solutions ,Oral Care,Toothpaste,Whitening Toothpaste,Colgate,0,,0,0
SKU1011,10/15/2022,Synergix solutions ,Oral Care,Toothpaste,Whitening Toothpaste,Colgate,34398,19.02544248,1808,3906
SKU1011,8/27/2022,Synergix solutions ,Oral Care,Toothpaste,Whitening Toothpaste,Colgate,17454,21.44226044,814,2577
SKU1011,7/17/2021,Synergix solutions ,Oral Care,Toothpaste,Whitening Toothpaste,Colgate,21842,14.72825354,1483,4600
SKU1011,11/13/2021,Synergix solutions ,Oral Care,Toothpaste,Whitening Toothpaste,Colgate,20105,23.99164678,838,3865
SKU1011,7/24/2021,Synergix solutions ,Oral Care,Toothpaste,Whitening Toothpaste,Colgate,18877,12.76335362,1479,2322
SKU1062,10/29/2022,Synergix solutions ,Oral Care,Toothpaste,Fluoride-Free Toothpaste,Himalaya Herbals,21130,36.87609075,573,1482
SKU1062,05-01-21,Synergix solutions ,Oral Care,Toothpaste,Fluoride-Free Toothpaste,Himalaya Herbals,26448,21.43273906,1234,1000
SKU1062,5/28/2022,Synergix solutions ,Oral Care,Toothpaste,Fluoride-Free Toothpaste,Himalaya Herbals,23305,44.56022945,523,1138.229789
SKU1062,12/24/2022,Synergix solutions ,Oral Care,Toothpaste,Fluoride-Free Toothpaste,Himalaya Herbals,0,,0,0
SKU1062,5/15/2021,Synergix solutions ,Oral Care,Toothpaste,Fluoride-Free Toothpaste,Himalaya Herbals,23736,33.95708155,699,3266
SKU1062,11/13/2021,Synergix solutions ,Oral Care,Toothpaste,Fluoride-Free Toothpaste,Himalaya Herbals,25655,18.02881237,1423,3439
SKU1062,01-09-21,Synergix solutions ,Oral Care,Toothpaste,Fluoride-Free Toothpaste,Himalaya Herbals,0,,0,0
SKU1062,4/16/2022,Synergix solutions ,Oral Care,Toothpaste,Fluoride-Free Toothpaste,Himalaya Herbals,0,,0,0
SKU1062,8/13/2022,Synergix solutions ,Oral Care,Toothpaste,Fluoride-Free Toothpaste,Himalaya Herbals,22502,22.56970913,997,3593
SKU1062,4/30/2022,Synergix solutions ,Oral Care,Toothpaste,Fluoride-Free Toothpaste,Himalaya Herbals,24994,17.8401142,1401,4454
SKU1062,12-04-21,Synergix solutions ,Oral Care,Toothpaste,Fluoride-Free Toothpaste,Himalaya Herbals,0,24.93333333,0,0
SKU1062,05-01-21,Synergix solutions ,Oral Care,Toothpaste,Fluoride-Free Toothpaste,Himalaya Herbals,22911,21.69602273,1056,1398
SKU1062,1/22/2022,Synergix solutions ,Oral Care,Toothpaste,Fluoride-Free Toothpaste,Himalaya Herbals,31400,18.94990947,1657,3894
SKU1062,07-03-21,Synergix solutions ,Oral Care,Toothpaste,Fluoride-Free Toothpaste,Himalaya Herbals,19313,22.45697674,860,3777
SKU1062,9/25/2021,Synergix solutions ,Oral Care,Toothpaste,Fluoride-Free Toothpaste,Himalaya Herbals,30738,22.01862464,1396,2356
SKU1062,09-03-22,Synergix solutions ,Oral Care,Toothpaste,Fluoride-Free Toothpaste,Himalaya Herbals,19601,27.76345609,706,3473
SKU1062,09-03-22,Synergix solutions ,Oral Care,Toothpaste,Fluoride-Free Toothpaste,Himalaya Herbals,21469,28.39814815,756,2756
SKU1062,2/20/2021,Synergix solutions ,Oral Care,Toothpaste,Fluoride-Free Toothpaste,Himalaya Herbals,17244,22.0793854,781,2655
SKU1062,01-08-22,Synergix solutions ,Oral Care,Toothpaste,Fluoride-Free Toothpaste,Himalaya Herbals,30678,14.63645038,2096,3739
SKU1062,11/13/2021,Synergix solutions ,Oral Care,Toothpaste,Fluoride-Free Toothpaste,Himalaya Herbals,21662,27.04369538,801,3525
SKU1062,3/13/2021,Synergix solutions ,Oral Care,Toothpaste,Fluoride-Free Toothpaste,Himalaya Herbals,0,,0,52
SKU1062,10/22/2022,Synergix solutions ,Oral Care,Toothpaste,Fluoride-Free Toothpaste,Himalaya Herbals,0,,0,0
SKU1062,1/22/2022,Synergix solutions ,Oral Care,Toothpaste,Fluoride-Free Toothpaste,Himalaya Herbals,16890,12.76643991,1323,3732
SKU1062,1/29/2022,Synergix solutions ,Oral Care,Toothpaste,Fluoride-Free Toothpaste,Himalaya Herbals,27981,25.02772809,1118,2018
SKU1062,11/13/2021,Synergix solutions ,Oral Care,Toothpaste,Fluoride-Free Toothpaste,Himalaya Herbals,23285,17.24814815,1350,4837
SKU1062,07-03-21,Synergix solutions ,Oral Care,Toothpaste,Fluoride-Free Toothpaste,Himalaya Herbals,13186,11.52622378,1144,3298
SKU1062,09-04-21,Synergix solutions ,Oral Care,Toothpaste,Fluoride-Free Toothpaste,Himalaya Herbals,3850,5.281207133,729,1500
SKU1062,08-07-21,Synergix solutions ,Oral Care,Toothpaste,Fluoride-Free Toothpaste,Himalaya Herbals,0,,0,0
SKU1062,6/26/2021,Synergix solutions ,Oral Care,Toothpaste,Fluoride-Free Toothpaste,Himalaya Herbals,22070,25.75262544,857,1090
SKU1062,6/26/2021,Synergix solutions ,Oral Care,Toothpaste,Fluoride-Free Toothpaste,Himalaya Herbals,0,,0,0
SKU1062,5/21/2022,Synergix solutions ,Oral Care,Toothpaste,Fluoride-Free Toothpaste,Himalaya Herbals,0,,0,0
SKU1062,3/19/2022,Synergix solutions ,Oral Care,Toothpaste,Fluoride-Free Toothpaste,Himalaya Herbals,0,,0,0
SKU1047,5/14/2022,Synergix solutions ,Oral Care,Toothpaste,Sensitivity Toothpaste,Sensodyne,11922,15.3042362,779,3488
SKU1047,04-09-22,Synergix solutions ,Oral Care,Toothpaste,Sensitivity Toothpaste,Sensodyne,0,,0,0
SKU1047,1/15/2022,Synergix solutions ,Oral Care,Toothpaste,Sensitivity Toothpaste,Sensodyne,0,,0,0
SKU1047,7/30/2022,Synergix solutions ,Oral Care,Toothpaste,Sensitivity Toothpaste,Sensodyne,0,,0,0
SKU1047,11/20/2021,Synergix solutions ,Oral Care,Toothpaste,Sensitivity Toothpaste,Sensodyne,26275,19.39114391,1355,4255
SKU1047,02-06-21,Synergix solutions ,Oral Care,Toothpaste,Sensitivity Toothpaste,Sensodyne,33601,21.11942175,1591,6373
SKU1047,06-11-22,Synergix solutions ,Oral Care,Toothpaste,Sensitivity Toothpaste,Sensodyne,19903,18.0444243,1103,4151
SKU1047,03-12-22,Synergix solutions ,Oral Care,Toothpaste,Sensitivity Toothpaste,Sensodyne,0,72.61904762,0,0
SKU1047,1/22/2022,Synergix solutions ,Oral Care,Toothpaste,Sensitivity Toothpaste,Sensodyne,0,,0,0
SKU1047,5/29/2021,Synergix solutions ,Oral Care,Toothpaste,Sensitivity Toothpaste,Sensodyne,26434,13.74622985,1923,4658
SKU1047,11/27/2021,Synergix solutions ,Oral Care,Toothpaste,Sensitivity Toothpaste,Sensodyne,28490,22.68312102,1256,4177
SKU1047,5/22/2021,Synergix solutions ,Oral Care,Toothpaste,Sensitivity Toothpaste,Sensodyne,0,,0,0
SKU1047,12/24/2022,Synergix solutions ,Oral Care,Toothpaste,Sensitivity Toothpaste,Sensodyne,24534,18.15988157,1351,3379
SKU1047,7/23/2022,Synergix solutions ,Oral Care,Toothpaste,Sensitivity Toothpaste,Sensodyne,0,,0,0
SKU1047,5/22/2021,Synergix solutions ,Oral Care,Toothpaste,Sensitivity Toothpaste,Sensodyne,16032,19.04038005,842,5121
SKU1047,10-01-22,Synergix solutions ,Oral Care,Toothpaste,Sensitivity Toothpaste,Sensodyne,31635,21.66780822,1460,2915
SKU1047,01-01-22,Synergix solutions ,Oral Care,Toothpaste,Sensitivity Toothpaste,Sensodyne,30154,18.74083282,1609,5435
SKU1047,12-10-22,Synergix solutions ,Oral Care,Toothpaste,Sensitivity Toothpaste,Sensodyne,43784,25.83126844,1695,2724
SKU1047,10/23/2021,Synergix solutions ,Oral Care,Toothpaste,Sensitivity Toothpaste,Sensodyne,24062,13.61743067,1767,4588
SKU1047,9/24/2022,Synergix solutions ,Oral Care,Toothpaste,Sensitivity Toothpaste,Sensodyne,15368,14.7062201,1045,2791
SKU1047,4/24/2021,Synergix solutions ,Oral Care,Toothpaste,Sensitivity Toothpaste,Sensodyne,0,,0,0
SKU1047,03-06-21,Synergix solutions ,Oral Care,Toothpaste,Sensitivity Toothpaste,Sensodyne,18352,25.81153305,711,3211
SKU1047,10/22/2022,Synergix solutions ,Oral Care,Toothpaste,Sensitivity Toothpaste,Sensodyne,25921,17.92600277,1446,3427
SKU1047,9/18/2021,Synergix solutions ,Oral Care,Toothpaste,Sensitivity Toothpaste,Sensodyne,20665,36.00174216,574,3817
SKU1047,8/20/2022,Synergix solutions ,Oral Care,Toothpaste,Sensitivity Toothpaste,Sensodyne,26008,24.81679389,1048,3934
SKU1047,11/19/2022,Synergix solutions ,Oral Care,Toothpaste,Sensitivity Toothpaste,Sensodyne,0,,0,0
SKU1047,3/20/2021,Synergix solutions ,Oral Care,Toothpaste,Sensitivity Toothpaste,Sensodyne,9773,24.67929293,396,1009
SKU1047,5/28/2022,Synergix solutions ,Oral Care,Toothpaste,Sensitivity Toothpaste,Sensodyne,0,,0,0
