Python for Data Science/POS_Data.csv
SKU ID,Date,Manufacturer,Sector,Category,Segment,Brand,Revenue($),Unit_price,Units_sold,Page_traffic
SKU1065,6/25/2022,Synergix solutions ,Oral Care,Toothpaste,Fluoride-Free Toothpaste,Himalaya Herbals,18400,31.88908146,577,1195.414812
SKU1065,12-11-21,Synergix solutions ,Oral Care,Toothpaste,Fluoride-Free Toothpaste,Himalaya Herbals,23128,14.73121019,1570,5387
SKU1065,3/20/2021,Synergix solutions ,Oral Care,Toothpaste,Fluoride-Free Toothpaste,Himalaya Herbals,32681,22.30784983,1465,5134
SKU1065,07-02-22,Synergix solutions ,Oral Care,Toothpaste,Fluoride-Free Toothpaste,Himalaya Herbals,12592,18.51764706,680,1585
SKU1065,11-06-21,Synergix solutions ,Oral Care,Toothpaste,Fluoride-Free Toothpaste,Himalaya Herbals,0,,0,0
SKU1065,2/19/2022,Synergix solutions ,Oral Care,Toothpaste,Fluoride-Free Toothpaste,Himalaya Herbals,0,,0,0
SKU1065,10/29/2022,Synergix solutions ,Oral Care,Toothpaste,Fluoride-Free Toothpaste,Himalaya Herbals,19911,26.5126498,751,3153
SKU1065,11/20/2021,Synergix solutions ,Oral Care,Toothpaste,Fluoride-Free Toothpaste,Himalaya Herbals,0,,0,0
SKU1065,2/27/2021,Synergix solutions ,Oral Care,Toothpaste,Fluoride-Free Toothpaste,Himalaya Herbals,0,,0,0
SKU1065,06-11-22,Synergix solutions ,Oral Care,Toothpaste,Fluoride-Free Toothpaste,Himalaya Herbals,0,,0,0
SKU1065,03-12-22,Synergix solutions ,Oral Care,Toothpaste,Fluoride-Free Toothpaste,Himalaya Herbals,28536,25.11971831,1136,3884
SKU1065,11/13/2021,Synergix solutions ,Oral Care,Toothpaste,Fluoride-Free Toothpaste,Himalaya Herbals,0,,0,0
SKU1065,10-09-21,Synergix solutions ,Oral Care,Toothpaste,Fluoride-Free Toothpaste,Himalaya Herbals,7757,16.12681913,481,1669
SKU1065,10-01-22,Synergix solutions ,Oral Care,Toothpaste,Fluoride-Free Toothpaste,Himalaya Herbals,19355,33.14212329,584,2369
SKU1065,5/15/2021,Synergix solutions ,Oral Care,Toothpaste,Fluoride-Free Toothpaste,Himalaya Herbals,23017,20.53256021,1121,2631
SKU1065,3/20/2021,Synergix solutions ,Oral Care,Toothpaste,Fluoride-Free Toothpaste,Himalaya Herbals,5367,18.76573427,286,793
SKU1065,4/24/2021,Synergix solutions ,Oral Care,Toothpaste,Fluoride-Free Toothpaste,Himalaya Herbals,0,,0,0
SKU1065,3/26/2022,Synergix solutions ,Oral Care,Toothpaste,Fluoride-Free Toothpaste,Himalaya Herbals,0,,0,0
SKU1065,06-04-22,Synergix solutions ,Oral Care,Toothpaste,Fluoride-Free Toothpaste,Himalaya Herbals,25050,22.20744681,1128,1939
SKU1065,02-06-21,Synergix solutions ,Oral Care,Toothpaste,Fluoride-Free Toothpaste,Himalaya Herbals,24634,21.38368056,1152,4208
SKU1065,5/14/2022,Synergix solutions ,Oral Care,Toothpaste,Fluoride-Free Toothpaste,Himalaya Herbals,32672,25.56494523,1278,2988
SKU1065,07-02-22,Synergix solutions ,Oral Care,Toothpaste,Fluoride-Free Toothpaste,Himalaya Herbals,30061,20.36653117,1476,5038
SKU1065,8/14/2021,Synergix solutions ,Oral Care,Toothpaste,Fluoride-Free Toothpaste,Himalaya Herbals,0,,0,0
SKU1065,01-09-21,Synergix solutions ,Oral Care,Toothpaste,Fluoride-Free Toothpaste,Himalaya Herbals,7291,18.09181141,403,834.9076996
SKU1065,09-03-22,Synergix solutions ,Oral Care,Toothpaste,Fluoride-Free Toothpaste,Himalaya Herbals,41678,32.30852713,1290,2000
SKU1065,10/15/2022,Synergix solutions ,Oral Care,Toothpaste,Fluoride-Free Toothpaste,Himalaya Herbals,35127,31.27960819,1123,3345
SKU1065,12/31/2022,Synergix solutions ,Oral Care,Toothpaste,Fluoride-Free Toothpaste,Himalaya Herbals,0,,0,1231
SKU1065,4/23/2022,Synergix solutions ,Oral Care,Toothpaste,Fluoride-Free Toothpaste,Himalaya Herbals,20857,20.63006924,1011,2670
SKU1065,5/22/2021,Synergix solutions ,Oral Care,Toothpaste,Fluoride-Free Toothpaste,Himalaya Herbals,13041,14.68581081,888,3689
SKU1065,3/27/2021,Synergix solutions ,Oral Care,Toothpaste,Fluoride-Free Toothpaste,Himalaya Herbals,0,,0,0
SKU1065,04-10-21,Synergix solutions ,Oral Care,Toothpaste,Fluoride-Free Toothpaste,Himalaya Herbals,0,,0,0
SKU1065,4/23/2022,Synergix solutions ,Oral Care,Toothpaste,Fluoride-Free Toothpaste,Himalaya Herbals,19125,17.37057221,1101,2742
SKU1065,12-04-21,Synergix solutions ,Oral Care,Toothpaste,Fluoride-Free Toothpaste,Himalaya Herbals,0,,0,0
SKU1065,11-05-22,Synergix solutions ,Oral Care,Toothpaste,Fluoride-Free Toothpaste,Himalaya Herbals,31358,27.77502214,1129,3194
SKU1065,10-02-21,Synergix solutions ,Oral Care,Toothpaste,Fluoride-Free Toothpaste,Himalaya Herbals,24360,18.03108808,1351,1383
SKU1065,6/26/2021,Synergix solutions ,Oral Care,Toothpaste,Fluoride-Free Toothpaste,Himalaya Herbals,0,,0,0
SKU1065,02-12-22,Synergix solutions ,Oral Care,Toothpaste,Fluoride-Free Toothpaste,Himalaya Herbals,0,,0,0
SKU1018,5/21/2022,Synergix solutions ,Oral Care,Toothpaste,Whitening Toothpaste,Colgate,0,,0,0
SKU1018,8/13/2022,Synergix solutions ,Oral Care,Toothpaste,Whitening Toothpaste,Colgate,0,,0,0
SKU1018,12/25/2021,Synergix solutions ,Oral Care,Toothpaste,Whitening Toothpaste,Colgate,0,,0,0
SKU1018,12/18/2021,Synergix solutions ,Oral Care,Toothpaste,Whitening Toothpaste,Colgate,0,,0,0
SKU1018,11/27/2021,Synergix solutions ,Oral Care,Toothpaste,Whitening Toothpaste,Colgate,0,,0,0
SKU1018,12/17/2022,Synergix solutions ,Oral Care,Toothpaste,Whitening Toothpaste,Colgate,34796,17.12401575,2032,5552
SKU1018,3/20/2021,Synergix solutions ,Oral Care,Toothpaste,Whitening Toothpaste,Colgate,17499,15.21652174,1150,3965
SKU1018,06-12-21,Synergix solutions ,Oral Care,Toothpaste,Whitening Toothpaste,Colgate,0,,0,0
SKU1018,4/24/2021,Synergix solutions ,Oral Care,Toothpaste,Whitening Toothpaste,Colgate,24968,19.72195893,1266,3746
SKU1018,9/24/2022,Synergix solutions ,Oral Care,Toothpaste,Whitening Toothpaste,Colgate,16950,22.09908735,767,3524
SKU1018,11/26/2022,Synergix solutions ,Oral Care,Toothpaste,Whitening Toothpaste,Colgate,21822,18.43074324,1184,3551
SKU1018,05-07-22,Synergix solutions ,Oral Care,Toothpaste,Whitening Toothpaste,Colgate,21944,13.8186398,1588,5150
SKU1018,7/16/2022,Synergix solutions ,Oral Care,Toothpaste,Whitening Toothpaste,Colgate,27631,19.55484784,1413,5608
SKU1018,7/24/2021,Synergix solutions ,Oral Care,Toothpaste,Whitening Toothpaste,Colgate,18905,24.94063325,758,3468
SKU1018,11/13/2021,Synergix solutions ,Oral Care,Toothpaste,Whitening Toothpaste,Colgate,0,,0,0
SKU1018,2/26/2022,Synergix solutions ,Oral Care,Toothpaste,Whitening Toothpaste,Colgate,0,,0,0
SKU1018,05-07-22,Synergix solutions ,Oral Care,Toothpaste,Whitening Toothpaste,Colgate,19362,20.27434555,955,1246
SKU1018,02-06-21,Synergix solutions ,Oral Care,Toothpaste,Whitening Toothpaste,Colgate,18048,28.42204724,635,2836
SKU1018,2/26/2022,Synergix solutions ,Oral Care,Toothpaste,Whitening Toothpaste,Colgate,39948,22.98504028,1738,4627
SKU1018,11-06-21,Synergix solutions ,Oral Care,Toothpaste,Whitening Toothpaste,Colgate,13530,11.78571429,1148,3746
SKU1018,12-03-22,Synergix solutions ,Oral Care,Toothpaste,Whitening Toothpaste,Colgate,32430,33.12563841,979,3959
SKU1018,08-06-22,Synergix solutions ,Oral Care,Toothpaste,Whitening Toothpaste,Colgate,0,,0,0
SKU1018,11/19/2022,Synergix solutions ,Oral Care,Toothpaste,Whitening Toothpaste,Colgate,0,,0,0
SKU1018,12/25/2021,Synergix solutions ,Oral Care,Toothpaste,Whitening Toothpaste,Colgate,3013,18.15060241,166,642
SKU1018,04-02-22,Synergix solutions ,Oral Care,Toothpaste,Whitening Toothpaste,Colgate,34700,22.66492489,1531,3841
SKU1018,10-01-22,Synergix solutions ,Oral Care,Toothpaste,Whitening Toothpaste,Colgate,30623,24.75586095,1237,3110
SKU1018,3/26/2022,Synergix solutions ,Oral Care,Toothpaste,Whitening Toothpaste,Colgate,33920,34.47154472,984,1657
SKU1018,2/26/2022,Synergix solutions ,Oral Care,Toothpaste,Whitening Toothpaste,Colgate,33166,16.85264228,1968,5284
SKU1018,2/19/2022,Synergix solutions ,Oral Care,Toothpaste,Whitening Toothpaste,Colgate,35550,21.32573485,1667,4750
SKU1018,02-05-22,Synergix solutions ,Oral Care,Toothpaste,Whitening Toothpaste,Colgate,0,,0,0
SKU1018,06-04-22,Synergix solutions ,Oral Care,Toothpaste,Whitening Toothpaste,Colgate,0,,0,0
SKU1018,05-08-21,Synergix solutions ,Oral Care,Toothpaste,Whitening Toothpaste,Colgate,10743,10.60513327,1013,2147
SKU1016,4/17/2021,Synergix solutions ,Oral Care,Toothpaste,Whitening Toothpaste,Colgate,38136,23.21119903,1643,5700
SKU1016,5/14/2022,Synergix solutions ,Oral Care,Toothpaste,Whitening Toothpaste,Colgate,0,,0,0
SKU1016,1/30/2021,Synergix solutions ,Oral Care,Toothpaste,Whitening Toothpaste,Colgate,3658,13.3992674,273,3113
SKU1016,03-06-21,Synergix solutions ,Oral Care,Toothpaste,Whitening Toothpaste,Colgate,0,,0,0
SKU1016,7/30/2022,Synergix solutions ,Oral Care,Toothpaste,Whitening Toothpaste,Colgate,0,,0,0
SKU1016,10-02-21,Synergix solutions ,Oral Care,Toothpaste,Whitening Toothpaste,Colgate,11873,10.27965368,1155,4125
SKU1016,5/15/2021,Synergix solutions ,Oral Care,Toothpaste,Whitening Toothpaste,Colgate,19058,18.30739673,1041,1956
SKU1016,10/23/2021,Synergix solutions ,Oral Care,Toothpaste,Whitening Toothpaste,Colgate,30836,17.50056754,1762,4200
SKU1016,04-02-22,Synergix solutions ,Oral Care,Toothpaste,Whitening Toothpaste,Colgate,0,,0,0
SKU1016,6/26/2021,Synergix solutions ,Oral Care,Toothpaste,Whitening Toothpaste,Colgate,25492,23.38715596,1090,2442
SKU1016,09-11-21,Synergix solutions ,Oral Care,Toothpaste,Whitening Toothpaste,Colgate,0,,0,0
SKU1016,06-05-21,Synergix solutions ,Oral Care,Toothpaste,Whitening Toothpaste,Colgate,0,8.22972973,0,0
SKU1016,03-12-22,Synergix solutions ,Oral Care,Toothpaste,Whitening Toothpaste,Colgate,1999,11.75882353,170,816
SKU1016,09-04-21,Synergix solutions ,Oral Care,Toothpaste,Whitening Toothpaste,Colgate,4109,7.39028777,556,1426
SKU1016,1/15/2022,Synergix solutions ,Oral Care,Toothpaste,Whitening Toothpaste,Colgate,0,,0,0
SKU1016,11/26/2022,Synergix solutions ,Oral Care,Toothpaste,Whitening Toothpaste,Colgate,18664,23.50629723,794,2211
SKU1016,8/27/2022,Synergix solutions ,Oral Care,Toothpaste,Whitening Toothpaste,Colgate,38662,27.1502809,1424,3276
SKU1016,1/30/2021,Synergix solutions ,Oral Care,Toothpaste,Whitening Toothpaste,Colgate,0,,0,0
SKU1016,03-12-22,Synergix solutions ,Oral Care,Toothpaste,Whitening Toothpaste,Colgate,0,,0,0
SKU1016,10-09-21,Synergix solutions ,Oral Care,Toothpaste,Whitening Toothpaste,Colgate,17674,22.51464968,785,2414
SKU1016,01-09-21,Synergix solutions ,Oral Care,Toothpaste,Whitening Toothpaste,Colgate,33666,19.19384265,1754,3886
SKU1016,3/19/2022,Synergix solutions ,Oral Care,Toothpaste,Whitening Toothpaste,Colgate,26099,22.00590219,1186,3665
SKU1016,07-03-21,Synergix solutions ,Oral Care,Toothpaste,Whitening Toothpaste,Colgate,15292,13.85144928,1104,3758
SKU1016,12-03-22,Synergix solutions ,Oral Care,Toothpaste,Whitening Toothpaste,Colgate,29478,20.86199575,1413,1664
SKU1016,09-11-21,Synergix solutions ,Oral Care,Toothpaste,Whitening Toothpaste,Colgate,33596,25.78357636,1303,4583
SKU1016,11/19/2022,Synergix solutions ,Oral Care,Toothpaste,Whitening Toothpaste,Colgate,40883,31.06610942,1316,4991
SKU1016,05-08-21,Synergix solutions ,Oral Care,Toothpaste,Whitening Toothpaste,Colgate,0,,0,0
SKU1016,3/13/2021,Synergix solutions ,Oral Care,Toothpaste,Whitening Toothpaste,Colgate,0,,0,0
SKU1016,01-09-21,Synergix solutions ,Oral Care,Toothpaste,Whitening Toothpaste,Colgate,0,,0,0
SKU1016,01-02-21,Synergix solutions ,Oral Care,Toothpaste,Whitening Toothpaste,Colgate,20448,21.86951872,935,2279
SKU1124,09-11-21,Synergix solutions ,Oral Care,Toothbrushes,Manual Toothbrushes,Colgate,0,,0,0
SKU1124,06-12-21,Synergix solutions ,Oral Care,Toothbrushes,Manual Toothbrushes,Colgate,0,,0,0
SKU1124,8/21/2021,Synergix solutions ,Oral Care,Toothbrushes,Manual Toothbrushes,Colgate,0,,0,0
SKU1124,09-11-21,Synergix solutions ,Oral Care,Toothbrushes,Manual Toothbrushes,Colgate,0,,0,0
SKU1124,3/27/2021,Synergix solutions ,Oral Care,Toothbrushes,Manual Toothbrushes,Colgate,23665,16.05495251,1474,3442
SKU1124,8/14/2021,Synergix solutions ,Oral Care,Toothbrushes,Manual Toothbrushes,Colgate,0,,0,0
SKU1124,9/17/2022,Synergix solutions ,Oral Care,Toothbrushes,Manual Toothbrushes,Colgate,35326,25.28704366,1397,3232
SKU1124,8/21/2021,Synergix solutions ,Oral Care,Toothbrushes,Manual Toothbrushes,Colgate,25485,21.76345004,1171,6140
SKU1124,12-11-21,Synergix solutions ,Oral Care,Toothbrushes,Manual Toothbrushes,Colgate,24097,35.54129794,678,2089
SKU1124,10-09-21,Synergix solutions ,Oral Care,Toothbrushes,Manual Toothbrushes,Colgate,0,,0,0
SKU1124,12/18/2021,Synergix solutions ,Oral Care,Toothbrushes,Manual Toothbrushes,Colgate,0,,0,0
SKU1124,10/15/2022,Synergix solutions ,Oral Care,Toothbrushes,Manual Toothbrushes,Colgate,9915,27.23901099,364,1615
SKU1124,2/27/2021,Synergix solutions ,Oral Care,Toothbrushes,Manual Toothbrushes,Colgate,31174,17.88525531,1743,5171
SKU1124,3/13/2021,Synergix solutions ,Oral Care,Toothbrushes,Manual Toothbrushes,Colgate,0,,0,0
SKU1124,11-12-22,Synergix solutions ,Oral Care,Toothbrushes,Manual Toothbrushes,Colgate,15820,17.48066298,905,3696
SKU1124,5/21/2022,Synergix solutions ,Oral Care,Toothbrushes,Manual Toothbrushes,Colgate,20199,19.66796495,1027,3734
SKU1124,12-03-22,Synergix solutions ,Oral Care,Toothbrushes,Manual Toothbrushes,Colgate,0,,0,0
SKU1124,3/27/2021,Synergix solutions ,Oral Care,Toothbrushes,Manual Toothbrushes,Colgate,10185,13.52589641,753,3896
SKU1124,2/26/2022,Synergix solutions ,Oral Care,Toothbrushes,Manual Toothbrushes,Colgate,39185,26.28101945,1491,4727
SKU1124,10/23/2021,Synergix solutions ,Oral Care,Toothbrushes,Manual Toothbrushes,Colgate,25088,17.93280915,1399,4997
SKU1124,12/18/2021,Synergix solutions ,Oral Care,Toothbrushes,Manual Toothbrushes,Colgate,23152,18.56615878,1247,4350
SKU1124,05-08-21,Synergix solutions ,Oral Care,Toothbrushes,Manual Toothbrushes,Colgate,16520,21.09833972,783,3420
SKU1124,05-08-21,Synergix solutions ,Oral Care,Toothbrushes,Manual Toothbrushes,Colgate,0,,0,0
SKU1124,8/14/2021,Synergix solutions ,Oral Care,Toothbrushes,Manual Toothbrushes,Colgate,0,,0,0
SKU1124,11/19/2022,Synergix solutions ,Oral Care,Toothbrushes,Manual Toothbrushes,Colgate,0,,0,0
SKU1128,10-09-21,Synergix solutions ,Oral Care,Toothbrushes,Manual Toothbrushes,Colgate,0,,0,0
SKU1128,11/20/2021,Synergix solutions ,Oral Care,Toothbrushes,Manual Toothbrushes,Colgate,0,,0,0
SKU1128,04-03-21,Synergix solutions ,Oral Care,Toothbrushes,Manual Toothbrushes,Colgate,18223,20.40649496,893,1540
SKU1128,7/24/2021,Synergix solutions ,Oral Care,Toothbrushes,Manual Toothbrushes,Colgate,0,,0,0
SKU1128,12/18/2021,Synergix solutions ,Oral Care,Toothbrushes,Manual Toothbrushes,Colgate,0,,0,0
SKU1128,9/17/2022,Synergix solutions ,Oral Care,Toothbrushes,Manual Toothbrushes,Colgate,0,,0,0
SKU1128,2/19/2022,Synergix solutions ,Oral Care,Toothbrushes,Manual Toothbrushes,Colgate,0,,0,0
SKU1128,3/27/2021,Synergix solutions ,Oral Care,Toothbrushes,Manual Toothbrushes,Colgate,0,,0,0
SKU1128,12/18/2021,Synergix solutions ,Oral Care,Toothbrushes,Manual Toothbrushes,Colgate,30864,36.4822695,846,2308
SKU1128,06-04-22,Synergix solutions ,Oral Care,Toothbrushes,Manual Toothbrushes,Colgate,14334,23.4599018,611,1312
SKU1128,01-08-22,Synergix solutions ,Oral Care,Toothbrushes,Manual Toothbrushes,Colgate,39025,21.12885761,1847,5650
SKU1128,8/27/2022,Synergix solutions ,Oral Care,Toothbrushes,Manual Toothbrushes,Colgate,10487,17.74450085,591,2932
SKU1128,12-10-22,Synergix solutions ,Oral Care,Toothbrushes,Manual Toothbrushes,Colgate,31739,16.5049402,1923,4011
SKU1128,1/29/2022,Synergix solutions ,Oral Care,Toothbrushes,Manual Toothbrushes,Colgate,0,,0,0
SKU1128,06-05-21,Synergix solutions ,Oral Care,Toothbrushes,Manual Toothbrushes,Colgate,0,,0,0
SKU1128,9/18/2021,Synergix solutions ,Oral Care,Toothbrushes,Manual Toothbrushes,Colgate,0,,0,0
SKU1128,6/18/2022,Synergix solutions ,Oral Care,Toothbrushes,Manual Toothbrushes,Colgate,0,,0,0
SKU1128,7/24/2021,Synergix solutions ,Oral Care,Toothbrushes,Manual Toothbrushes,Colgate,0,,0,0
SKU1128,08-06-22,Synergix solutions ,Oral Care,Toothbrushes,Manual Toothbrushes,Colgate,0,,0,0
SKU1128,03-06-21,Synergix solutions ,Oral Care,Toothbrushes,Manual Toothbrushes,Colgate,32349,24.03343239,1346,6292
SKU1128,2/19/2022,Synergix solutions ,Oral Care,Toothbrushes,Manual Toothbrushes,Colgate,0,,0,0
SKU1128,6/26/2021,Synergix solutions ,Oral Care,Toothbrushes,Manual Toothbrushes,Colgate,23926,17.02918149,1405,5704
SKU1128,7/16/2022,Synergix solutions ,Oral Care,Toothbrushes,Manual Toothbrushes,Colgate,28188,30.14759358,935,2208
SKU1128,10/22/2022,Synergix solutions ,Oral Care,Toothbrushes,Manual Toothbrushes,Colgate,0,,0,0
SKU1128,04-02-22,Synergix solutions ,Oral Care,Toothbrushes,Manual Toothbrushes,Colgate,25558,23.84141791,1072,5554
SKU1128,01-09-21,Synergix solutions ,Oral Care,Toothbrushes,Manual Toothbrushes,Colgate,18002,18.31332655,983,2581
SKU1128,10/15/2022,Synergix solutions ,Oral Care,Toothbrushes,Manual Toothbrushes,Colgate,27736,17.83665595,1555,3518
SKU1128,11/26/2022,Synergix solutions ,Oral Care,Toothbrushes,Manual Toothbrushes,Colgate,22749,22.97878788,990,3318
SKU1128,07-10-21,Synergix solutions ,Oral Care,Toothbrushes,Manual Toothbrushes,Colgate,0,,0,0
SKU1128,10/23/2021,Synergix solutions ,Oral Care,Toothbrushes,Manual Toothbrushes,Colgate,0,,0,0
SKU1128,10/23/2021,Synergix solutions ,Oral Care,Toothbrushes,Manual Toothbrushes,Colgate,0,,0,0
SKU1128,10/16/2021,Synergix solutions ,Oral Care,Toothbrushes,Manual Toothbrushes,Colgate,0,,0,0
SKU1128,02-06-21,Synergix solutions ,Oral Care,Toothbrushes,Manual Toothbrushes,Colgate,0,,0,0
SKU1128,8/28/2021,Synergix solutions ,Oral Care,Toothbrushes,Manual Toothbrushes,Colgate,17198,23.0227577,747,2300
