Python for Data Science/POS_Data.csv
SKU ID,Date,Manufacturer,Sector,Category,Segment,Brand,Revenue($),Unit_price,Units_sold,Page_traffic
SKU1080,10/16/2021,Synergix solutions ,Oral Care,Toothbrushes,Electric Toothbrushes,Philips,0,,0,0
SKU1080,9/18/2021,Synergix solutions ,Oral Care,Toothbrushes,Electric Toothbrushes,Philips,0,,0,0
SKU1080,7/31/2021,Synergix solutions ,Oral Care,Toothbrushes,Electric Toothbrushes,Philips,0,,0,0
SKU1080,09-10-22,Synergix solutions ,Oral Care,Toothbrushes,Electric Toothbrushes,Philips,0,,0,530
SKU1080,7/16/2022,Synergix solutions ,Oral Care,Toothbrushes,Electric Toothbrushes,Philips,20214,37.02197802,546,2100
SKU1080,10/15/2022,Synergix solutions ,Oral Care,Toothbrushes,Electric Toothbrushes,Philips,19437,22.81338028,852,3646
SKU1080,3/19/2022,Synergix solutions ,Oral Care,Toothbrushes,Electric Toothbrushes,Philips,0,,0,0
SKU1080,12/18/2021,Synergix solutions ,Oral Care,Toothbrushes,Electric Toothbrushes,Philips,0,,0,0
SKU1080,8/13/2022,Synergix solutions ,Oral Care,Toothbrushes,Electric Toothbrushes,Philips,0,,0,0
SKU1080,09-03-22,Synergix solutions ,Oral Care,Toothbrushes,Electric Toothbrushes,Philips,0,,0,0
SKU1080,10-01-22,Synergix solutions ,Oral Care,Toothbrushes,Electric Toothbrushes,Philips,28772,22.69085174,1268,3358
SKU1080,10-01-22,Synergix solutions ,Oral Care,Toothbrushes,Electric Toothbrushes,Philips,0,,0,0
SKU1080,3/13/2021,Synergix solutions ,Oral Care,Toothbrushes,Electric Toothbrushes,Philips,0,,0,0
SKU1080,7/17/2021,Synergix solutions ,Oral Care,Toothbrushes,Electric Toothbrushes,Philips,0,,0,0
SKU1080,8/21/2021,Synergix solutions ,Oral Care,Toothbrushes,Electric Toothbrushes,Philips,15918,14.07427056,1131,6456
SKU1080,06-05-21,Synergix solutions ,Oral Care,Toothbrushes,Electric Toothbrushes,Philips,12348,8.580958999,1439,3816
SKU1080,04-02-22,Synergix solutions ,Oral Care,Toothbrushes,Electric Toothbrushes,Philips,21847,20.43685688,1069,3816
SKU1080,11/27/2021,Synergix solutions ,Oral Care,Toothbrushes,Electric Toothbrushes,Philips,15339,12.60394412,1217,3887
SKU1080,3/26/2022,Synergix solutions ,Oral Care,Toothbrushes,Electric Toothbrushes,Philips,0,24.93333333,0,0
SKU1080,01-01-22,Synergix solutions ,Oral Care,Toothbrushes,Electric Toothbrushes,Philips,0,,0,0
SKU1080,1/16/2021,Synergix solutions ,Oral Care,Toothbrushes,Electric Toothbrushes,Philips,18900,20.43243243,925,1769
SKU1080,7/31/2021,Synergix solutions ,Oral Care,Toothbrushes,Electric Toothbrushes,Philips,0,15.61832061,0,5
SKU1080,10-08-22,Synergix solutions ,Oral Care,Toothbrushes,Electric Toothbrushes,Philips,18262,28.44548287,642,1589
SKU1080,2/27/2021,Synergix solutions ,Oral Care,Toothbrushes,Electric Toothbrushes,Philips,0,,0,0
SKU1080,10-02-21,Synergix solutions ,Oral Care,Toothbrushes,Electric Toothbrushes,Philips,0,8.22972973,0,0
SKU1080,11/13/2021,Synergix solutions ,Oral Care,Toothbrushes,Electric Toothbrushes,Philips,0,,0,0
SKU1080,11/20/2021,Synergix solutions ,Oral Care,Toothbrushes,Electric Toothbrushes,Philips,34911,34.98096192,998,2704
SKU1080,4/24/2021,Synergix solutions ,Oral Care,Toothbrushes,Electric Toothbrushes,Philips,0,88.74117647,0,0
SKU1120,11/20/2021,Synergix solutions ,Oral Care,Toothbrushes,Manual Toothbrushes,Oral-B,0,,0,0
SKU1120,12-11-21,Synergix solutions ,Oral Care,Toothbrushes,Manual Toothbrushes,Oral-B,15573,14.10597826,1104,4175
SKU1120,1/30/2021,Synergix solutions ,Oral Care,Toothbrushes,Manual Toothbrushes,Oral-B,31276,24.62677165,1270,5114
SKU1120,5/15/2021,Synergix solutions ,Oral Care,Toothbrushes,Manual Toothbrushes,Oral-B,17377,36.50630252,476,2425
SKU1120,2/26/2022,Synergix solutions ,Oral Care,Toothbrushes,Manual Toothbrushes,Oral-B,11756,16.28254848,722,3916
SKU1120,06-04-22,Synergix solutions ,Oral Care,Toothbrushes,Manual Toothbrushes,Oral-B,12374,17.06758621,725,3665
SKU1120,2/26/2022,Synergix solutions ,Oral Care,Toothbrushes,Manual Toothbrushes,Oral-B,33395,30.30399274,1102,4256
SKU1120,2/19/2022,Synergix solutions ,Oral Care,Toothbrushes,Manual Toothbrushes,Oral-B,0,,0,0
SKU1120,2/13/2021,Synergix solutions ,Oral Care,Toothbrushes,Manual Toothbrushes,Oral-B,0,,0,980
SKU1120,09-11-21,Synergix solutions ,Oral Care,Toothbrushes,Manual Toothbrushes,Oral-B,0,,0,0
SKU1120,7/16/2022,Synergix solutions ,Oral Care,Toothbrushes,Manual Toothbrushes,Oral-B,0,,0,0
SKU1120,01-09-21,Synergix solutions ,Oral Care,Toothbrushes,Manual Toothbrushes,Oral-B,12473,18.81297134,663,1691
SKU1120,8/13/2022,Synergix solutions ,Oral Care,Toothbrushes,Manual Toothbrushes,Oral-B,21108,19.78256795,1067,5491
SKU1120,11-12-22,Synergix solutions ,Oral Care,Toothbrushes,Manual Toothbrushes,Oral-B,0,,0,0
SKU1120,5/22/2021,Synergix solutions ,Oral Care,Toothbrushes,Manual Toothbrushes,Oral-B,0,72.61904762,0,0
SKU1120,10/16/2021,Synergix solutions ,Oral Care,Toothbrushes,Manual Toothbrushes,Oral-B,12673,11.20512821,1131,4152
SKU1120,02-05-22,Synergix solutions ,Oral Care,Toothbrushes,Manual Toothbrushes,Oral-B,22591,22.43396226,1007,3400
SKU1120,10/23/2021,Synergix solutions ,Oral Care,Toothbrushes,Manual Toothbrushes,Oral-B,0,,0,0
SKU1120,4/16/2022,Synergix solutions ,Oral Care,Toothbrushes,Manual Toothbrushes,Oral-B,12953,21.06178862,615,2104
SKU1120,06-05-21,Synergix solutions ,Oral Care,Toothbrushes,Manual Toothbrushes,Oral-B,25197,14.05298383,1793,4554
SKU1120,04-02-22,Synergix solutions ,Oral Care,Toothbrushes,Manual Toothbrushes,Oral-B,17235,12.79510022,1347,4574
SKU1120,10-01-22,Synergix solutions ,Oral Care,Toothbrushes,Manual Toothbrushes,Oral-B,14689,31.05496829,473,1422
SKU1120,4/23/2022,Synergix solutions ,Oral Care,Toothbrushes,Manual Toothbrushes,Oral-B,32008,20.29676601,1577,5030
SKU1120,01-02-21,Synergix solutions ,Oral Care,Toothbrushes,Manual Toothbrushes,Oral-B,0,,0,0
SKU1120,7/31/2021,Synergix solutions ,Oral Care,Toothbrushes,Manual Toothbrushes,Oral-B,0,,0,0
SKU1120,08-06-22,Synergix solutions ,Oral Care,Toothbrushes,Manual Toothbrushes,Oral-B,31710,25.51086082,1243,4959
SKU1120,1/30/2021,Synergix solutions ,Oral Care,Toothbrushes,Manual Toothbrushes,Oral-B,0,,0,0
SKU1120,01-01-22,Synergix solutions ,Oral Care,Toothbrushes,Manual Toothbrushes,Oral-B,0,,0,0
SKU1120,12/25/2021,Synergix solutions ,Oral Care,Toothbrushes,Manual Toothbrushes,Oral-B,15731,26.43865546,595,2086
SKU1120,10-08-22,Synergix solutions ,Oral Care,Toothbrushes,Manual Toothbrushes,Oral-B,26106,23.37153089,1117,3977
SKU1120,9/17/2022,Synergix solutions ,Oral Care,Toothbrushes,Manual Toothbrushes,Oral-B,0,41.84520124,0,1105
SKU1120,01-02-21,Synergix solutions ,Oral Care,Toothbrushes,Manual Toothbrushes,Oral-B,30258,23.95724466,1263,3314
SKU1120,01-02-21,Synergix solutions ,Oral Care,Toothbrushes,Manual Toothbrushes,Oral-B,20197,27.29324324,740,1723
SKU1120,7/30/2022,Synergix solutions ,Oral Care,Toothbrushes,Manual Toothbrushes,Oral-B,35152,31.86944696,1103,3154
SKU1127,12-04-21,Synergix solutions ,Oral Care,Toothbrushes,Manual Toothbrushes,Colgate,0,,0,0
SKU1127,1/15/2022,Synergix solutions ,Oral Care,Toothbrushes,Manual Toothbrushes,Colgate,0,,0,0
SKU1127,5/22/2021,Synergix solutions ,Oral Care,Toothbrushes,Manual Toothbrushes,Colgate,0,,0,0
SKU1127,2/13/2021,Synergix solutions ,Oral Care,Toothbrushes,Manual Toothbrushes,Colgate,0,,0,0
SKU1127,12-10-22,Synergix solutions ,Oral Care,Toothbrushes,Manual Toothbrushes,Colgate,26561,20.229246,1313,2900
SKU1127,5/22/2021,Synergix solutions ,Oral Care,Toothbrushes,Manual Toothbrushes,Colgate,0,,0,0
SKU1127,10-02-21,Synergix solutions ,Oral Care,Toothbrushes,Manual Toothbrushes,Colgate,0,,0,0
SKU1127,4/23/2022,Synergix solutions ,Oral Care,Toothbrushes,Manual Toothbrushes,Colgate,28014,33.46953405,837,3487
SKU1127,5/22/2021,Synergix solutions ,Oral Care,Toothbrushes,Manual Toothbrushes,Colgate,0,,0,0
SKU1127,11-12-22,Synergix solutions ,Oral Care,Toothbrushes,Manual Toothbrushes,Colgate,0,,0,0
SKU1127,2/26/2022,Synergix solutions ,Oral Care,Toothbrushes,Manual Toothbrushes,Colgate,0,,0,0
SKU1127,5/29/2021,Synergix solutions ,Oral Care,Toothbrushes,Manual Toothbrushes,Colgate,27300,22.12317666,1234,1725
SKU1127,04-03-21,Synergix solutions ,Oral Care,Toothbrushes,Manual Toothbrushes,Colgate,34159,21.1118665,1618,5722
SKU1127,11/19/2022,Synergix solutions ,Oral Care,Toothbrushes,Manual Toothbrushes,Colgate,28553,19.51674641,1463,3218
SKU1127,10/30/2021,Synergix solutions ,Oral Care,Toothbrushes,Manual Toothbrushes,Colgate,21866,14.76434841,1481,4293
SKU1127,8/27/2022,Synergix solutions ,Oral Care,Toothbrushes,Manual Toothbrushes,Colgate,35064,19.11886587,1834,5217
SKU1127,12-10-22,Synergix solutions ,Oral Care,Toothbrushes,Manual Toothbrushes,Colgate,0,,0,0
SKU1127,12/25/2021,Synergix solutions ,Oral Care,Toothbrushes,Manual Toothbrushes,Colgate,0,24.93333333,0,0
SKU1127,9/24/2022,Synergix solutions ,Oral Care,Toothbrushes,Manual Toothbrushes,Colgate,0,24.93333333,0,580
SKU1127,04-10-21,Synergix solutions ,Oral Care,Toothbrushes,Manual Toothbrushes,Colgate,0,,0,0
SKU1127,8/14/2021,Synergix solutions ,Oral Care,Toothbrushes,Manual Toothbrushes,Colgate,0,,0,0
SKU1127,04-03-21,Synergix solutions ,Oral Care,Toothbrushes,Manual Toothbrushes,Colgate,17345,17.8998968,969,2808
SKU1127,8/21/2021,Synergix solutions ,Oral Care,Toothbrushes,Manual Toothbrushes,Colgate,21592,13.85879332,1558,2604
SKU1127,1/15/2022,Synergix solutions ,Oral Care,Toothbrushes,Manual Toothbrushes,Colgate,29823,15.89712154,1876,6053
SKU1127,4/23/2022,Synergix solutions ,Oral Care,Toothbrushes,Manual Toothbrushes,Colgate,0,,0,0
SKU1127,1/30/2021,Synergix solutions ,Oral Care,Toothbrushes,Manual Toothbrushes,Colgate,0,,0,0
SKU1127,03-05-22,Synergix solutions ,Oral Care,Toothbrushes,Manual Toothbrushes,Colgate,19613,23.57331731,832,2719
SKU1127,6/25/2022,Synergix solutions ,Oral Care,Toothbrushes,Manual Toothbrushes,Colgate,19729,35.42010772,557,2853
SKU1127,7/17/2021,Synergix solutions ,Oral Care,Toothbrushes,Manual Toothbrushes,Colgate,18033,14.06630265,1282,1806
SKU1127,12/25/2021,Synergix solutions ,Oral Care,Toothbrushes,Manual Toothbrushes,Colgate,0,,0,0
SKU1127,1/23/2021,Synergix solutions ,Oral Care,Toothbrushes,Manual Toothbrushes,Colgate,18839,24.33979328,774,2657
SKU1127,9/17/2022,Synergix solutions ,Oral Care,Toothbrushes,Manual Toothbrushes,Colgate,0,88.74117647,0,0
SKU1127,2/20/2021,Synergix solutions ,Oral Care,Toothbrushes,Manual Toothbrushes,Colgate,25657,23.40967153,1096,2985
SKU1127,2/19/2022,Synergix solutions ,Oral Care,Toothbrushes,Manual Toothbrushes,Colgate,0,,0,0
SKU1078,01-01-22,Synergix solutions ,Oral Care,Toothbrushes,Electric Toothbrushes,Philips,0,,0,0
SKU1078,5/14/2022,Synergix solutions ,Oral Care,Toothbrushes,Electric Toothbrushes,Philips,36829,21.3377752,1726,3219
SKU1078,06-05-21,Synergix solutions ,Oral Care,Toothbrushes,Electric Toothbrushes,Philips,19761,16.00080972,1235,5679
SKU1078,08-06-22,Synergix solutions ,Oral Care,Toothbrushes,Electric Toothbrushes,Philips,22915,35.41731066,647,2010
SKU1078,12-11-21,Synergix solutions ,Oral Care,Toothbrushes,Electric Toothbrushes,Philips,22643,26.67020024,849,3174
SKU1078,1/23/2021,Synergix solutions ,Oral Care,Toothbrushes,Electric Toothbrushes,Philips,0,,0,0
SKU1078,10-08-22,Synergix solutions ,Oral Care,Toothbrushes,Electric Toothbrushes,Philips,22398,18.69616027,1198,4910
SKU1078,12/18/2021,Synergix solutions ,Oral Care,Toothbrushes,Electric Toothbrushes,Philips,0,,0,0
SKU1078,11-05-22,Synergix solutions ,Oral Care,Toothbrushes,Electric Toothbrushes,Philips,0,,0,0
SKU1078,08-06-22,Synergix solutions ,Oral Care,Toothbrushes,Electric Toothbrushes,Philips,33124,21.48119326,1542,3634
SKU1078,05-01-21,Synergix solutions ,Oral Care,Toothbrushes,Electric Toothbrushes,Philips,28141,24.07271172,1169,1523
SKU1078,5/29/2021,Synergix solutions ,Oral Care,Toothbrushes,Electric Toothbrushes,Philips,26522,19.53019146,1358,4790
SKU1078,05-01-21,Synergix solutions ,Oral Care,Toothbrushes,Electric Toothbrushes,Philips,9091,8.520149953,1067,2999
SKU1078,3/26/2022,Synergix solutions ,Oral Care,Toothbrushes,Electric Toothbrushes,Philips,0,,0,0
SKU1078,6/26/2021,Synergix solutions ,Oral Care,Toothbrushes,Electric Toothbrushes,Philips,26641,14.39276067,1851,4006
SKU1078,5/28/2022,Synergix solutions ,Oral Care,Toothbrushes,Electric Toothbrushes,Philips,26772,17.90769231,1495,4775
SKU1078,7/30/2022,Synergix solutions ,Oral Care,Toothbrushes,Electric Toothbrushes,Philips,25738,24.37310606,1056,3116
SKU1078,12/25/2021,Synergix solutions ,Oral Care,Toothbrushes,Electric Toothbrushes,Philips,0,,0,0
SKU1078,12/24/2022,Synergix solutions ,Oral Care,Toothbrushes,Electric Toothbrushes,Philips,18055,22.6821608,796,2541
SKU1078,09-03-22,Synergix solutions ,Oral Care,Toothbrushes,Electric Toothbrushes,Philips,24597,25.0733945,981,2606
SKU1078,9/18/2021,Synergix solutions ,Oral Care,Toothbrushes,Electric Toothbrushes,Philips,30560,25.17298188,1214,2680
SKU1078,06-11-22,Synergix solutions ,Oral Care,Toothbrushes,Electric Toothbrushes,Philips,0,,0,0
SKU1091,06-04-22,Synergix solutions ,Oral Care,Toothbrushes,Kids Toothbrushes,Colgate,0,,0,0
SKU1091,7/23/2022,Synergix solutions ,Oral Care,Toothbrushes,Kids Toothbrushes,Colgate,26417,17.82523617,1482,5065
SKU1091,2/20/2021,Synergix solutions ,Oral Care,Toothbrushes,Kids Toothbrushes,Colgate,15345,20.76454668,739,1454
SKU1091,03-06-21,Synergix solutions ,Oral Care,Toothbrushes,Kids Toothbrushes,Colgate,12731,17.0885906,745,3645
SKU1091,12/17/2022,Synergix solutions ,Oral Care,Toothbrushes,Kids Toothbrushes,Colgate,44903,31.64411557,1419,2912
SKU1091,1/16/2021,Synergix solutions ,Oral Care,Toothbrushes,Kids Toothbrushes,Colgate,31332,21.75833333,1440,5637
SKU1091,8/27/2022,Synergix solutions ,Oral Care,Toothbrushes,Kids Toothbrushes,Colgate,12298,17.51851852,702,1642
SKU1091,3/20/2021,Synergix solutions ,Oral Care,Toothbrushes,Kids Toothbrushes,Colgate,7518,16.34347826,460,1115
SKU1091,2/19/2022,Synergix solutions ,Oral Care,Toothbrushes,Kids Toothbrushes,Colgate,28469,21.05695266,1352,3495
SKU1091,10/22/2022,Synergix solutions ,Oral Care,Toothbrushes,Kids Toothbrushes,Colgate,25233,15.82998745,1594,2382
SKU1091,8/21/2021,Synergix solutions ,Oral Care,Toothbrushes,Kids Toothbrushes,Colgate,0,72.61904762,0,0
SKU1091,05-01-21,Synergix solutions ,Oral Care,Toothbrushes,Kids Toothbrushes,Colgate,38423,25.94395679,1481,4518
SKU1091,7/23/2022,Synergix solutions ,Oral Care,Toothbrushes,Kids Toothbrushes,Colgate,30048,21.64841499,1388,3377
SKU1091,5/29/2021,Synergix solutions ,Oral Care,Toothbrushes,Kids Toothbrushes,Colgate,0,,0,0
SKU1091,10-09-21,Synergix solutions ,Oral Care,Toothbrushes,Kids Toothbrushes,Colgate,25993,14.83618721,1752,4600
SKU1091,2/20/2021,Synergix solutions ,Oral Care,Toothbrushes,Kids Toothbrushes,Colgate,24131,27.86489607,866,1796
SKU1091,01-01-22,Synergix solutions ,Oral Care,Toothbrushes,Kids Toothbrushes,Colgate,19374,23.20239521,835,4493
SKU1091,11-12-22,Synergix solutions ,Oral Care,Toothbrushes,Kids Toothbrushes,Colgate,25843,19.83346124,1303,4255
SKU1091,4/23/2022,Synergix solutions ,Oral Care,Toothbrushes,Kids Toothbrushes,Colgate,0,,0,0
SKU1091,07-03-21,Synergix solutions ,Oral Care,Toothbrushes,Kids Toothbrushes,Colgate,0,,0,0
SKU1091,8/21/2021,Synergix solutions ,Oral Care,Toothbrushes,Kids Toothbrushes,Colgate,31542,30.29971182,1041,4485
SKU1091,10/29/2022,Synergix solutions ,Oral Care,Toothbrushes,Kids Toothbrushes,Colgate,13552,15.72157773,862,855
SKU1091,2/26/2022,Synergix solutions ,Oral Care,Toothbrushes,Kids Toothbrushes,Colgate,0,,0,0
SKU1091,12-04-21,Synergix solutions ,Oral Care,Toothbrushes,Kids Toothbrushes,Colgate,0,,0,0
SKU1091,8/13/2022,Synergix solutions ,Oral Care,Toothbrushes,Kids Toothbrushes,Colgate,0,,0,0
SKU1091,6/26/2021,Synergix solutions ,Oral Care,Toothbrushes,Kids Toothbrushes,Colgate,0,,0,0
SKU1091,6/19/2021,Synergix solutions ,Oral Care,Toothbrushes,Kids Toothbrushes,Colgate,9019,10.69869514,843,2753
SKU1091,7/17/2021,Synergix solutions ,Oral Care,Toothbrushes,Kids Toothbrushes,Colgate,21986,13.79297365,1594,3487
SKU1091,1/29/2022,Synergix solutions ,Oral Care,Toothbrushes,Kids Toothbrushes,Colgate,35254,34.36062378,1026,5171
SKU1091,06-04-22,Synergix solutions ,Oral Care,Toothbrushes,Kids Toothbrushes,Colgate,21958,27.51629073,798,1856
