Python for Data Science/POS_Data.csv
SKU ID,Date,Manufacturer,Sector,Category,Segment,Brand,Revenue($),Unit_price,Units_sold,Page_traffic
SKU1100,07-09-22,Synergix solutions ,Oral Care,Toothbrushes,Kids Toothbrushes,Colgate,0,,0,0
SKU1100,07-09-22,Synergix solutions ,Oral Care,Toothbrushes,Kids Toothbrushes,Colgate,0,,0,0
SKU1100,03-05-22,Synergix solutions ,Oral Care,Toothbrushes,Kids Toothbrushes,Colgate,0,,0,0
SKU1100,3/26/2022,Synergix solutions ,Oral Care,Toothbrushes,Kids Toothbrushes,Colgate,0,,0,0
SKU1100,03-06-21,Synergix solutions ,Oral Care,Toothbrushes,Kids Toothbrushes,Colgate,9797,15.18914729,645,2428
SKU1100,11-05-22,Synergix solutions ,Oral Care,Toothbrushes,Kids Toothbrushes,Colgate,0,,0,0
SKU1100,07-02-22,Synergix solutions ,Oral Care,Toothbrushes,Kids Toothbrushes,Colgate,21704,22.77439664,953,1382
SKU1100,9/17/2022,Synergix solutions ,Oral Care,Toothbrushes,Kids Toothbrushes,Colgate,0,,0,0
SKU1100,06-11-22,Synergix solutions ,Oral Care,Toothbrushes,Kids Toothbrushes,Colgate,33675,29.61741425,1137,3695
SKU1100,2/19/2022,Synergix solutions ,Oral Care,Toothbrushes,Kids Toothbrushes,Colgate,0,,0,0
SKU1100,8/13/2022,Synergix solutions ,Oral Care,Toothbrushes,Kids Toothbrushes,Colgate,0,,0,0
SKU1100,8/13/2022,Synergix solutions ,Oral Care,Toothbrushes,Kids Toothbrushes,Colgate,0,,0,0
SKU1100,03-05-22,Synergix solutions ,Oral Care,Toothbrushes,Kids Toothbrushes,Colgate,30654,28.25253456,1085,561
SKU1100,09-11-21,Synergix solutions ,Oral Care,Toothbrushes,Kids Toothbrushes,Colgate,0,,0,0
SKU1100,10-09-21,Synergix solutions ,Oral Care,Toothbrushes,Kids Toothbrushes,Colgate,22017,26.49458484,831,3004
SKU1100,12/18/2021,Synergix solutions ,Oral Care,Toothbrushes,Kids Toothbrushes,Colgate,0,,0,0
SKU1100,10/30/2021,Synergix solutions ,Oral Care,Toothbrushes,Kids Toothbrushes,Colgate,17960,21.87576127,821,1581
SKU1100,10/23/2021,Synergix solutions ,Oral Care,Toothbrushes,Kids Toothbrushes,Colgate,0,,0,0
SKU1100,4/30/2022,Synergix solutions ,Oral Care,Toothbrushes,Kids Toothbrushes,Colgate,43328,21.65317341,2001,5469
SKU1100,4/16/2022,Synergix solutions ,Oral Care,Toothbrushes,Kids Toothbrushes,Colgate,0,,0,0
SKU1100,5/29/2021,Synergix solutions ,Oral Care,Toothbrushes,Kids Toothbrushes,Colgate,0,15.61832061,0,0
SKU1100,05-08-21,Synergix solutions ,Oral Care,Toothbrushes,Kids Toothbrushes,Colgate,29658,20.28590971,1462,2383
SKU1100,1/23/2021,Synergix solutions ,Oral Care,Toothbrushes,Kids Toothbrushes,Colgate,12636,17.59888579,718,4768
SKU1100,09-03-22,Synergix solutions ,Oral Care,Toothbrushes,Kids Toothbrushes,Colgate,0,8.22972973,0,44
SKU1100,06-12-21,Synergix solutions ,Oral Care,Toothbrushes,Kids Toothbrushes,Colgate,0,,0,0
SKU1100,12/31/2022,Synergix solutions ,Oral Care,Toothbrushes,Kids Toothbrushes,Colgate,31807,23.91503759,1330,4943
SKU1100,7/16/2022,Synergix solutions ,Oral Care,Toothbrushes,Kids Toothbrushes,Colgate,0,,0,0
SKU1100,12-11-21,Synergix solutions ,Oral Care,Toothbrushes,Kids Toothbrushes,Colgate,0,,0,0
SKU1100,11/13/2021,Synergix solutions ,Oral Care,Toothbrushes,Kids Toothbrushes,Colgate,36739,34.23951538,1073,3393
SKU1100,3/19/2022,Synergix solutions ,Oral Care,Toothbrushes,Kids Toothbrushes,Colgate,9247,11.74968234,787,2542
SKU1100,3/27/2021,Synergix solutions ,Oral Care,Toothbrushes,Kids Toothbrushes,Colgate,20991,33.21360759,632,3499
SKU1094,7/30/2022,Synergix solutions ,Oral Care,Toothbrushes,Kids Toothbrushes,Colgate,0,,0,0
SKU1094,11/19/2022,Synergix solutions ,Oral Care,Toothbrushes,Kids Toothbrushes,Colgate,0,,0,0
SKU1094,7/31/2021,Synergix solutions ,Oral Care,Toothbrushes,Kids Toothbrushes,Colgate,33996,31.01824818,1096,3312
SKU1094,8/27/2022,Synergix solutions ,Oral Care,Toothbrushes,Kids Toothbrushes,Colgate,20057,20.63477366,972,4618
SKU1094,04-10-21,Synergix solutions ,Oral Care,Toothbrushes,Kids Toothbrushes,Colgate,19021,22.59026128,842,3302
SKU1094,05-08-21,Synergix solutions ,Oral Care,Toothbrushes,Kids Toothbrushes,Colgate,0,,0,0
SKU1094,6/19/2021,Synergix solutions ,Oral Care,Toothbrushes,Kids Toothbrushes,Colgate,0,,0,0
SKU1094,05-08-21,Synergix solutions ,Oral Care,Toothbrushes,Kids Toothbrushes,Colgate,0,,0,0
SKU1094,7/24/2021,Synergix solutions ,Oral Care,Toothbrushes,Kids Toothbrushes,Colgate,0,,0,0
SKU1094,12-10-22,Synergix solutions ,Oral Care,Toothbrushes,Kids Toothbrushes,Colgate,0,,0,0
SKU1094,06-12-21,Synergix solutions ,Oral Care,Toothbrushes,Kids Toothbrushes,Colgate,0,,0,0
SKU1094,7/31/2021,Synergix solutions ,Oral Care,Toothbrushes,Kids Toothbrushes,Colgate,20534,19.19065421,1070,3050
SKU1094,8/13/2022,Synergix solutions ,Oral Care,Toothbrushes,Kids Toothbrushes,Colgate,21586,14.35239362,1504,4152
SKU1094,8/28/2021,Synergix solutions ,Oral Care,Toothbrushes,Kids Toothbrushes,Colgate,15150,11.0745614,1368,3598
SKU1094,01-09-21,Synergix solutions ,Oral Care,Toothbrushes,Kids Toothbrushes,Colgate,0,,0,0
SKU1094,10/23/2021,Synergix solutions ,Oral Care,Toothbrushes,Kids Toothbrushes,Colgate,0,,0,0
SKU1094,9/18/2021,Synergix solutions ,Oral Care,Toothbrushes,Kids Toothbrushes,Colgate,28978,19.37032086,1496,3774
SKU1094,04-03-21,Synergix solutions ,Oral Care,Toothbrushes,Kids Toothbrushes,Colgate,29490,24.80235492,1189,3558
SKU1094,5/22/2021,Synergix solutions ,Oral Care,Toothbrushes,Kids Toothbrushes,Colgate,0,,0,0
SKU1094,5/29/2021,Synergix solutions ,Oral Care,Toothbrushes,Kids Toothbrushes,Colgate,15699,19.09854015,822,1817
SKU1094,02-05-22,Synergix solutions ,Oral Care,Toothbrushes,Kids Toothbrushes,Colgate,16345,18.61617312,878,3694
SKU1094,11/27/2021,Synergix solutions ,Oral Care,Toothbrushes,Kids Toothbrushes,Colgate,0,,0,0
SKU1094,4/30/2022,Synergix solutions ,Oral Care,Toothbrushes,Kids Toothbrushes,Colgate,24889,26.00731452,957,4013
SKU1094,06-04-22,Synergix solutions ,Oral Care,Toothbrushes,Kids Toothbrushes,Colgate,38541,29.42061069,1310,2581
SKU1094,11-12-22,Synergix solutions ,Oral Care,Toothbrushes,Kids Toothbrushes,Colgate,0,,0,0
SKU1094,1/29/2022,Synergix solutions ,Oral Care,Toothbrushes,Kids Toothbrushes,Colgate,27752,30.46322722,911,3582
SKU1094,09-03-22,Synergix solutions ,Oral Care,Toothbrushes,Kids Toothbrushes,Colgate,32620,42.47395833,768,1877
SKU1094,7/16/2022,Synergix solutions ,Oral Care,Toothbrushes,Kids Toothbrushes,Colgate,0,,0,0
SKU1094,07-03-21,Synergix solutions ,Oral Care,Toothbrushes,Kids Toothbrushes,Colgate,0,,0,0
SKU1094,11/19/2022,Synergix solutions ,Oral Care,Toothbrushes,Kids Toothbrushes,Colgate,0,88.74117647,0,0
SKU1094,9/24/2022,Synergix solutions ,Oral Care,Toothbrushes,Kids Toothbrushes,Colgate,0,,0,0
SKU1117,10/15/2022,Synergix solutions ,Oral Care,Toothbrushes,Manual Toothbrushes,Oral-B,0,,0,0
SKU1117,11-12-22,Synergix solutions ,Oral Care,Toothbrushes,Manual Toothbrushes,Oral-B,26149,17.91027397,1460,4406
SKU1117,07-02-22,Synergix solutions ,Oral Care,Toothbrushes,Manual Toothbrushes,Oral-B,34905,20.43618267,1708,2539
SKU1117,02-05-22,Synergix solutions ,Oral Care,Toothbrushes,Manual Toothbrushes,Oral-B,13281,42.02848101,316,678.6099751
SKU1117,7/31/2021,Synergix solutions ,Oral Care,Toothbrushes,Manual Toothbrushes,Oral-B,0,,0,0
SKU1117,7/24/2021,Synergix solutions ,Oral Care,Toothbrushes,Manual Toothbrushes,Oral-B,17735,30.47250859,582,2214
SKU1117,09-11-21,Synergix solutions ,Oral Care,Toothbrushes,Manual Toothbrushes,Oral-B,0,,0,0
SKU1117,9/25/2021,Synergix solutions ,Oral Care,Toothbrushes,Manual Toothbrushes,Oral-B,0,,0,0
SKU1117,03-06-21,Synergix solutions ,Oral Care,Toothbrushes,Manual Toothbrushes,Oral-B,0,,0,0
SKU1117,12-04-21,Synergix solutions ,Oral Care,Toothbrushes,Manual Toothbrushes,Oral-B,21519,15.57091172,1382,4641
SKU1117,5/28/2022,Synergix solutions ,Oral Care,Toothbrushes,Manual Toothbrushes,Oral-B,0,,0,0
SKU1117,07-09-22,Synergix solutions ,Oral Care,Toothbrushes,Manual Toothbrushes,Oral-B,25966,31.32207479,829,405
SKU1117,11/26/2022,Synergix solutions ,Oral Care,Toothbrushes,Manual Toothbrushes,Oral-B,16873,28.5499154,591,1066
SKU1117,12-03-22,Synergix solutions ,Oral Care,Toothbrushes,Manual Toothbrushes,Oral-B,24916,28.87137891,863,1393
SKU1117,07-02-22,Synergix solutions ,Oral Care,Toothbrushes,Manual Toothbrushes,Oral-B,32075,21.12977602,1518,2934
SKU1117,5/28/2022,Synergix solutions ,Oral Care,Toothbrushes,Manual Toothbrushes,Oral-B,27043,24.87856486,1087,5321
SKU1117,01-08-22,Synergix solutions ,Oral Care,Toothbrushes,Manual Toothbrushes,Oral-B,42539,27.28608082,1559,2347
SKU1117,1/23/2021,Synergix solutions ,Oral Care,Toothbrushes,Manual Toothbrushes,Oral-B,0,,0,0
SKU1117,12-11-21,Synergix solutions ,Oral Care,Toothbrushes,Manual Toothbrushes,Oral-B,0,,0,0
SKU1117,07-03-21,Synergix solutions ,Oral Care,Toothbrushes,Manual Toothbrushes,Oral-B,0,,0,0
SKU1117,12-04-21,Synergix solutions ,Oral Care,Toothbrushes,Manual Toothbrushes,Oral-B,0,,0,0
SKU1117,1/30/2021,Synergix solutions ,Oral Care,Toothbrushes,Manual Toothbrushes,Oral-B,0,12.34715026,0,0
SKU1117,10-01-22,Synergix solutions ,Oral Care,Toothbrushes,Manual Toothbrushes,Oral-B,0,15.61832061,0,726
SKU1117,8/14/2021,Synergix solutions ,Oral Care,Toothbrushes,Manual Toothbrushes,Oral-B,26885,22.5545302,1192,754
SKU1117,11-12-22,Synergix solutions ,Oral Care,Toothbrushes,Manual Toothbrushes,Oral-B,28369,18.02350699,1574,3287
SKU1117,11/20/2021,Synergix solutions ,Oral Care,Toothbrushes,Manual Toothbrushes,Oral-B,0,,0,0
SKU1117,11/20/2021,Synergix solutions ,Oral Care,Toothbrushes,Manual Toothbrushes,Oral-B,0,,0,0
SKU1117,4/16/2022,Synergix solutions ,Oral Care,Toothbrushes,Manual Toothbrushes,Oral-B,0,,0,0
SKU1117,11/13/2021,Synergix solutions ,Oral Care,Toothbrushes,Manual Toothbrushes,Oral-B,11970,26.42384106,453,3441
SKU1117,04-09-22,Synergix solutions ,Oral Care,Toothbrushes,Manual Toothbrushes,Oral-B,16255,31.19961612,521,4189
SKU1081,10/22/2022,Synergix solutions ,Oral Care,Toothbrushes,Electric Toothbrushes,Oral-B,0,,0,0
SKU1081,7/24/2021,Synergix solutions ,Oral Care,Toothbrushes,Electric Toothbrushes,Oral-B,0,,0,0
SKU1081,09-04-21,Synergix solutions ,Oral Care,Toothbrushes,Electric Toothbrushes,Oral-B,32057,22.07782369,1452,2813
SKU1081,04-02-22,Synergix solutions ,Oral Care,Toothbrushes,Electric Toothbrushes,Oral-B,31279,25.28617623,1237,3900
SKU1081,7/24/2021,Synergix solutions ,Oral Care,Toothbrushes,Electric Toothbrushes,Oral-B,0,,0,0
SKU1081,02-06-21,Synergix solutions ,Oral Care,Toothbrushes,Electric Toothbrushes,Oral-B,0,,0,0
SKU1081,04-10-21,Synergix solutions ,Oral Care,Toothbrushes,Electric Toothbrushes,Oral-B,0,,0,0
SKU1081,02-12-22,Synergix solutions ,Oral Care,Toothbrushes,Electric Toothbrushes,Oral-B,0,,0,0
SKU1081,7/30/2022,Synergix solutions ,Oral Care,Toothbrushes,Electric Toothbrushes,Oral-B,0,72.61904762,0,0
SKU1081,04-09-22,Synergix solutions ,Oral Care,Toothbrushes,Electric Toothbrushes,Oral-B,16287,13.96826758,1166,4635
SKU1081,9/25/2021,Synergix solutions ,Oral Care,Toothbrushes,Electric Toothbrushes,Oral-B,0,,0,0
SKU1081,05-07-22,Synergix solutions ,Oral Care,Toothbrushes,Electric Toothbrushes,Oral-B,33354,23.63855422,1411,3703
SKU1081,1/22/2022,Synergix solutions ,Oral Care,Toothbrushes,Electric Toothbrushes,Oral-B,20565,19.71716203,1043,3497
SKU1081,12-04-21,Synergix solutions ,Oral Care,Toothbrushes,Electric Toothbrushes,Oral-B,0,,0,0
SKU1081,4/30/2022,Synergix solutions ,Oral Care,Toothbrushes,Electric Toothbrushes,Oral-B,19443,20.59639831,944,3358
SKU1081,07-03-21,Synergix solutions ,Oral Care,Toothbrushes,Electric Toothbrushes,Oral-B,26630,20.69153069,1287,3171
SKU1081,07-09-22,Synergix solutions ,Oral Care,Toothbrushes,Electric Toothbrushes,Oral-B,18206,13.08842559,1391,3905
SKU1081,3/20/2021,Synergix solutions ,Oral Care,Toothbrushes,Electric Toothbrushes,Oral-B,19639,28.79618768,682,3117
SKU1081,3/19/2022,Synergix solutions ,Oral Care,Toothbrushes,Electric Toothbrushes,Oral-B,18120,15.47395389,1171,4268
SKU1081,5/14/2022,Synergix solutions ,Oral Care,Toothbrushes,Electric Toothbrushes,Oral-B,20672,19.12303423,1081,3559
SKU1081,12/24/2022,Synergix solutions ,Oral Care,Toothbrushes,Electric Toothbrushes,Oral-B,18370,16.97781885,1082,1910
SKU1081,3/26/2022,Synergix solutions ,Oral Care,Toothbrushes,Electric Toothbrushes,Oral-B,0,,0,0
SKU1081,8/27/2022,Synergix solutions ,Oral Care,Toothbrushes,Electric Toothbrushes,Oral-B,31517,38.95797281,809,2469
SKU1081,07-03-21,Synergix solutions ,Oral Care,Toothbrushes,Electric Toothbrushes,Oral-B,0,,0,0
SKU1081,05-08-21,Synergix solutions ,Oral Care,Toothbrushes,Electric Toothbrushes,Oral-B,0,,0,0
SKU1081,1/29/2022,Synergix solutions ,Oral Care,Toothbrushes,Electric Toothbrushes,Oral-B,0,,0,0
SKU1081,6/18/2022,Synergix solutions ,Oral Care,Toothbrushes,Electric Toothbrushes,Oral-B,17944,11.93085106,1504,3717
SKU1081,8/14/2021,Synergix solutions ,Oral Care,Toothbrushes,Electric Toothbrushes,Oral-B,29447,46.59335443,632,1625
SKU1081,03-12-22,Synergix solutions ,Oral Care,Toothbrushes,Electric Toothbrushes,Oral-B,11609,26.9350348,431,2922
SKU1114,04-10-21,Synergix solutions ,Oral Care,Toothbrushes,Manual Toothbrushes,Oral-B,8007,8.82800441,907,3854
SKU1114,05-07-22,Synergix solutions ,Oral Care,Toothbrushes,Manual Toothbrushes,Oral-B,0,,0,0
SKU1114,08-06-22,Synergix solutions ,Oral Care,Toothbrushes,Manual Toothbrushes,Oral-B,0,,0,0
SKU1114,9/18/2021,Synergix solutions ,Oral Care,Toothbrushes,Manual Toothbrushes,Oral-B,26354,34.31510417,768,2889
SKU1114,8/20/2022,Synergix solutions ,Oral Care,Toothbrushes,Manual Toothbrushes,Oral-B,0,,0,0
SKU1114,01-09-21,Synergix solutions ,Oral Care,Toothbrushes,Manual Toothbrushes,Oral-B,0,,0,0
SKU1114,11/20/2021,Synergix solutions ,Oral Care,Toothbrushes,Manual Toothbrushes,Oral-B,0,,0,0
SKU1114,10-08-22,Synergix solutions ,Oral Care,Toothbrushes,Manual Toothbrushes,Oral-B,0,,0,0
SKU1114,1/22/2022,Synergix solutions ,Oral Care,Toothbrushes,Manual Toothbrushes,Oral-B,36210,24.40026954,1484,5046
SKU1114,09-03-22,Synergix solutions ,Oral Care,Toothbrushes,Manual Toothbrushes,Oral-B,37150,30.82987552,1205,3148
SKU1114,11/27/2021,Synergix solutions ,Oral Care,Toothbrushes,Manual Toothbrushes,Oral-B,0,,0,0
SKU1114,05-07-22,Synergix solutions ,Oral Care,Toothbrushes,Manual Toothbrushes,Oral-B,28018,25.03842717,1119,3207
SKU1114,11-12-22,Synergix solutions ,Oral Care,Toothbrushes,Manual Toothbrushes,Oral-B,0,,0,0
SKU1114,10-02-21,Synergix solutions ,Oral Care,Toothbrushes,Manual Toothbrushes,Oral-B,15712,14.82264151,1060,3640
SKU1114,12-10-22,Synergix solutions ,Oral Care,Toothbrushes,Manual Toothbrushes,Oral-B,22778,23.05465587,988,2450
SKU1114,11/19/2022,Synergix solutions ,Oral Care,Toothbrushes,Manual Toothbrushes,Oral-B,0,,0,0
SKU1114,3/20/2021,Synergix solutions ,Oral Care,Toothbrushes,Manual Toothbrushes,Oral-B,15823,14.48992674,1092,3815
SKU1114,11-05-22,Synergix solutions ,Oral Care,Toothbrushes,Manual Toothbrushes,Oral-B,0,72.61904762,0,0
SKU1114,9/18/2021,Synergix solutions ,Oral Care,Toothbrushes,Manual Toothbrushes,Oral-B,0,,0,0
SKU1114,5/21/2022,Synergix solutions ,Oral Care,Toothbrushes,Manual Toothbrushes,Oral-B,0,,0,0
SKU1114,07-03-21,Synergix solutions ,Oral Care,Toothbrushes,Manual Toothbrushes,Oral-B,26606,20.85109718,1276,3263
SKU1114,12/18/2021,Synergix solutions ,Oral Care,Toothbrushes,Manual Toothbrushes,Oral-B,0,,0,0
SKU1114,10/30/2021,Synergix solutions ,Oral Care,Toothbrushes,Manual Toothbrushes,Oral-B,24592,15.6936822,1567,2987
SKU1114,5/21/2022,Synergix solutions ,Oral Care,Toothbrushes,Manual Toothbrushes,Oral-B,29992,21.90796202,1369,5063
SKU1114,7/16/2022,Synergix solutions ,Oral Care,Toothbrushes,Manual Toothbrushes,Oral-B,0,,0,0
SKU1114,07-09-22,Synergix solutions ,Oral Care,Toothbrushes,Manual Toothbrushes,Oral-B,16666,11.91279485,1399,4484
SKU1114,12/24/2022,Synergix solutions ,Oral Care,Toothbrushes,Manual Toothbrushes,Oral-B,26110,36.41562064,717,2233
SKU1114,10-01-22,Synergix solutions ,Oral Care,Toothbrushes,Manual Toothbrushes,Oral-B,14592,22.69362364,643,1949
