Python for Data Science/POS_Data.csv
SKU ID,Date,Manufacturer,Sector,Category,Segment,Brand,Revenue($),Unit_price,Units_sold,Page_traffic
SKU1119,4/24/2021,Synergix solutions ,Oral Care,Toothbrushes,Manual Toothbrushes,Oral-B,2819,3.861643836,730,3485
SKU1119,2/27/2021,Synergix solutions ,Oral Care,Toothbrushes,Manual Toothbrushes,Oral-B,29036,22.28396009,1303,1030
SKU1119,04-03-21,Synergix solutions ,Oral Care,Toothbrushes,Manual Toothbrushes,Oral-B,0,,0,0
SKU1119,2/13/2021,Synergix solutions ,Oral Care,Toothbrushes,Manual Toothbrushes,Oral-B,0,,0,0
SKU1119,01-02-21,Synergix solutions ,Oral Care,Toothbrushes,Manual Toothbrushes,Oral-B,31102,23.56212121,1320,5092
SKU1119,7/23/2022,Synergix solutions ,Oral Care,Toothbrushes,Manual Toothbrushes,Oral-B,16612,27.54892206,603,2594
SKU1119,7/31/2021,Synergix solutions ,Oral Care,Toothbrushes,Manual Toothbrushes,Oral-B,0,,0,0
SKU1119,10/30/2021,Synergix solutions ,Oral Care,Toothbrushes,Manual Toothbrushes,Oral-B,0,,0,0
SKU1119,07-10-21,Synergix solutions ,Oral Care,Toothbrushes,Manual Toothbrushes,Oral-B,18541,11.06925373,1675,2655
SKU1119,3/27/2021,Synergix solutions ,Oral Care,Toothbrushes,Manual Toothbrushes,Oral-B,20599,18.11697449,1137,4541
SKU1119,11/20/2021,Synergix solutions ,Oral Care,Toothbrushes,Manual Toothbrushes,Oral-B,0,,0,0
SKU1119,07-02-22,Synergix solutions ,Oral Care,Toothbrushes,Manual Toothbrushes,Oral-B,0,,0,0
SKU1119,12-03-22,Synergix solutions ,Oral Care,Toothbrushes,Manual Toothbrushes,Oral-B,18377,17.53530534,1048,3020
SKU1119,8/21/2021,Synergix solutions ,Oral Care,Toothbrushes,Manual Toothbrushes,Oral-B,0,,0,0
SKU1119,10-01-22,Synergix solutions ,Oral Care,Toothbrushes,Manual Toothbrushes,Oral-B,0,72.61904762,0,0
SKU1119,11-05-22,Synergix solutions ,Oral Care,Toothbrushes,Manual Toothbrushes,Oral-B,0,,0,0
SKU1119,12-11-21,Synergix solutions ,Oral Care,Toothbrushes,Manual Toothbrushes,Oral-B,0,,0,0
SKU1119,6/26/2021,Synergix solutions ,Oral Care,Toothbrushes,Manual Toothbrushes,Oral-B,9898,15.27469136,648,1099
SKU1119,11-05-22,Synergix solutions ,Oral Care,Toothbrushes,Manual Toothbrushes,Oral-B,24688,20.88663283,1182,3801
SKU1119,3/13/2021,Synergix solutions ,Oral Care,Toothbrushes,Manual Toothbrushes,Oral-B,0,,0,0
SKU1119,1/29/2022,Synergix solutions ,Oral Care,Toothbrushes,Manual Toothbrushes,Oral-B,28570,19.11036789,1495,5579
SKU1119,02-12-22,Synergix solutions ,Oral Care,Toothbrushes,Manual Toothbrushes,Oral-B,15114,25.57360406,591,2261
SKU1119,02-12-22,Synergix solutions ,Oral Care,Toothbrushes,Manual Toothbrushes,Oral-B,0,,0,0
SKU1119,4/23/2022,Synergix solutions ,Oral Care,Toothbrushes,Manual Toothbrushes,Oral-B,30725,21.33680556,1440,2067
SKU1119,04-03-21,Synergix solutions ,,Toothbrushes,Manual Toothbrushes,Oral-B,16435,20.80379747,790,4014
SKU1119,10/15/2022,Synergix solutions ,Oral Care,Toothbrushes,Manual Toothbrushes,Oral-B,0,,0,0
SKU1119,09-04-21,Synergix solutions ,Oral Care,Toothbrushes,Manual Toothbrushes,Oral-B,0,,0,0
SKU1119,10/15/2022,Synergix solutions ,Oral Care,Toothbrushes,Manual Toothbrushes,Oral-B,0,,0,0
SKU1119,5/21/2022,Synergix solutions ,Oral Care,Toothbrushes,Manual Toothbrushes,Oral-B,0,,0,0
SKU1112,10-09-21,Synergix solutions ,Oral Care,Toothbrushes,Manual Toothbrushes,Oral-B,11399,8.30225783,1373,4591
SKU1112,10/22/2022,Synergix solutions ,Oral Care,Toothbrushes,Manual Toothbrushes,Oral-B,34276,31.04710145,1104,3520
SKU1112,7/30/2022,Synergix solutions ,Oral Care,Toothbrushes,Manual Toothbrushes,Oral-B,0,,0,0
SKU1112,10/29/2022,Synergix solutions ,Oral Care,Toothbrushes,Manual Toothbrushes,Oral-B,0,,0,0
SKU1112,08-06-22,Synergix solutions ,Oral Care,Toothbrushes,Manual Toothbrushes,Oral-B,0,,0,0
SKU1112,07-10-21,Synergix solutions ,Oral Care,Toothbrushes,Manual Toothbrushes,Oral-B,0,,0,0
SKU1112,11-06-21,Synergix solutions ,Oral Care,Toothbrushes,Manual Toothbrushes,Oral-B,0,,0,0
SKU1112,07-10-21,Synergix solutions ,Oral Care,Toothbrushes,Manual Toothbrushes,Oral-B,34415,20.62013182,1669,6532
SKU1112,10/16/2021,Synergix solutions ,Oral Care,Toothbrushes,Manual Toothbrushes,Oral-B,0,,0,0
SKU1112,11-05-22,Synergix solutions ,Oral Care,Toothbrushes,Manual Toothbrushes,Oral-B,0,,0,0
SKU1112,5/15/2021,Synergix solutions ,Oral Care,Toothbrushes,Manual Toothbrushes,Oral-B,27309,18.02574257,1515,3644
SKU1112,02-05-22,Synergix solutions ,Oral Care,Toothbrushes,Manual Toothbrushes,Oral-B,34387,25.75805243,1335,3929
SKU1112,10-02-21,Synergix solutions ,Oral Care,Toothbrushes,Manual Toothbrushes,Oral-B,0,,0,0
SKU1112,02-12-22,Synergix solutions ,Oral Care,Toothbrushes,Manual Toothbrushes,Oral-B,0,,0,0
SKU1112,1/22/2022,Synergix solutions ,Oral Care,Toothbrushes,Manual Toothbrushes,Oral-B,24472,17.30693069,1414,5094
SKU1112,04-02-22,Synergix solutions ,Oral Care,Toothbrushes,Manual Toothbrushes,Oral-B,25733,46.87249545,549,1865
SKU1112,7/30/2022,Synergix solutions ,Oral Care,Toothbrushes,Manual Toothbrushes,Oral-B,0,,0,0
SKU1112,10-01-22,Synergix solutions ,Oral Care,Toothbrushes,Manual Toothbrushes,Oral-B,0,,0,0
SKU1112,11/26/2022,Synergix solutions ,Oral Care,Toothbrushes,Manual Toothbrushes,Oral-B,25114,13.26677232,1893,4544
SKU1112,07-03-21,Synergix solutions ,Oral Care,Toothbrushes,Manual Toothbrushes,Oral-B,20525,21.4921466,955,4094
SKU1116,1/15/2022,Synergix solutions ,Oral Care,Toothbrushes,Manual Toothbrushes,Oral-B,25327,13.38636364,1892,7177
SKU1116,11/20/2021,Synergix solutions ,Oral Care,Toothbrushes,Manual Toothbrushes,Oral-B,31930,19.17717718,1665,3872
SKU1116,1/29/2022,Synergix solutions ,Oral Care,Toothbrushes,Manual Toothbrushes,Oral-B,37108,20.04754187,1851,4900
SKU1116,1/29/2022,Synergix solutions ,Oral Care,Toothbrushes,Manual Toothbrushes,Oral-B,0,,0,0
SKU1116,03-12-22,Synergix solutions ,Oral Care,Toothbrushes,Manual Toothbrushes,Oral-B,16162,30.37969925,532,573
SKU1116,5/14/2022,Synergix solutions ,Oral Care,Toothbrushes,Manual Toothbrushes,Oral-B,0,,0,0
SKU1116,04-09-22,Synergix solutions ,Oral Care,Toothbrushes,Manual Toothbrushes,Oral-B,0,,0,0
SKU1116,7/24/2021,Synergix solutions ,Oral Care,Toothbrushes,Manual Toothbrushes,Oral-B,13910,17.78772379,782,4239
SKU1116,08-06-22,Synergix solutions ,Oral Care,Toothbrushes,Manual Toothbrushes,Oral-B,17099,16.40978887,1042,2653
SKU1116,1/22/2022,Synergix solutions ,Oral Care,Toothbrushes,Manual Toothbrushes,Oral-B,21248,14.17478319,1499,2745
SKU1116,5/21/2022,Synergix solutions ,Oral Care,Toothbrushes,Manual Toothbrushes,Oral-B,0,,0,0
SKU1116,09-03-22,Synergix solutions ,Oral Care,Toothbrushes,Manual Toothbrushes,Oral-B,22214,18.55806182,1197,5927
SKU1116,11-06-21,Synergix solutions ,Oral Care,Toothbrushes,Manual Toothbrushes,Oral-B,0,,0,0
SKU1116,5/14/2022,Synergix solutions ,Oral Care,Toothbrushes,Manual Toothbrushes,Oral-B,0,,0,0
SKU1116,2/13/2021,Synergix solutions ,Oral Care,Toothbrushes,Manual Toothbrushes,Oral-B,12103,16.35540541,740,4143
SKU1116,09-03-22,Synergix solutions ,Oral Care,Toothbrushes,Manual Toothbrushes,Oral-B,36545,22.33801956,1636,3504
SKU1116,10-02-21,Synergix solutions ,Oral Care,Toothbrushes,Manual Toothbrushes,Oral-B,0,,0,0
SKU1116,07-02-22,Synergix solutions ,Oral Care,Toothbrushes,Manual Toothbrushes,Oral-B,0,,0,0
SKU1116,7/30/2022,Synergix solutions ,Oral Care,Toothbrushes,Manual Toothbrushes,Oral-B,13694,12.79813084,1070,2900
SKU1116,10-01-22,Synergix solutions ,Oral Care,Toothbrushes,Manual Toothbrushes,Oral-B,18637,16.01116838,1164,2818
SKU1116,10-09-21,Synergix solutions ,Oral Care,Toothbrushes,Manual Toothbrushes,Oral-B,28478,21.77217125,1308,1398
SKU1116,05-01-21,Synergix solutions ,Oral Care,Toothbrushes,Manual Toothbrushes,Oral-B,0,,0,0
SKU1116,03-05-22,Synergix solutions ,Oral Care,Toothbrushes,Manual Toothbrushes,Oral-B,0,,0,0
SKU1116,12-11-21,Synergix solutions ,Oral Care,Toothbrushes,Manual Toothbrushes,Oral-B,16299,21.1126943,772,2489
SKU1116,07-03-21,Synergix solutions ,Oral Care,Toothbrushes,Manual Toothbrushes,Oral-B,19055,12.90115098,1477,4741
SKU1116,12/17/2022,Synergix solutions ,Oral Care,Toothbrushes,Manual Toothbrushes,Oral-B,0,,0,0
SKU1116,2/13/2021,Synergix solutions ,Oral Care,Toothbrushes,Manual Toothbrushes,Oral-B,0,,0,0
SKU1116,2/20/2021,Synergix solutions ,Oral Care,Toothbrushes,Manual Toothbrushes,Oral-B,0,,0,0
SKU1116,8/28/2021,Synergix solutions ,,Toothbrushes,Manual Toothbrushes,Oral-B,0,,0,0
SKU1116,10-01-22,Synergix solutions ,Oral Care,Toothbrushes,Manual Toothbrushes,Oral-B,23333,22.47880539,1038,3667
SKU1116,10/30/2021,Synergix solutions ,Oral Care,Toothbrushes,Manual Toothbrushes,Oral-B,0,,0,0
SKU1116,11/20/2021,Synergix solutions ,Oral Care,Toothbrushes,Manual Toothbrushes,Oral-B,36558,36.52147852,1001,3939
SKU1108,04-02-22,Synergix solutions ,Oral Care,Toothbrushes,Kids Toothbrushes,Oral-B,21079,15.27463768,1380,5245
SKU1108,08-07-21,Synergix solutions ,Oral Care,Toothbrushes,Kids Toothbrushes,Oral-B,24804,14.13333333,1755,5995
SKU1108,5/28/2022,Synergix solutions ,Oral Care,Toothbrushes,Kids Toothbrushes,Oral-B,40110,34.02035623,1179,3127
SKU1108,02-12-22,Synergix solutions ,Oral Care,Toothbrushes,Kids Toothbrushes,Oral-B,26078,26.61020408,980,5030
SKU1108,5/22/2021,Synergix solutions ,Oral Care,Toothbrushes,Kids Toothbrushes,Oral-B,0,,0,0
SKU1108,03-06-21,Synergix solutions ,Oral Care,Toothbrushes,Kids Toothbrushes,Oral-B,11747,12.41754757,946,3635
SKU1108,01-09-21,Synergix solutions ,Oral Care,Toothbrushes,Kids Toothbrushes,Oral-B,0,,0,0
SKU1108,1/30/2021,Synergix solutions ,Oral Care,Toothbrushes,Kids Toothbrushes,Oral-B,22347,23.79872204,939,4373
SKU1108,03-12-22,Synergix solutions ,Oral Care,Toothbrushes,Kids Toothbrushes,Oral-B,0,,0,0
SKU1108,7/17/2021,Synergix solutions ,Oral Care,Toothbrushes,Kids Toothbrushes,Oral-B,14363,19.07436919,753,2234
SKU1108,7/24/2021,Synergix solutions ,Oral Care,Toothbrushes,Kids Toothbrushes,Oral-B,18667,18.35496559,1017,1592
SKU1108,5/22/2021,Synergix solutions ,Oral Care,Toothbrushes,Kids Toothbrushes,Oral-B,0,,0,0
SKU1108,05-07-22,Synergix solutions ,Oral Care,Toothbrushes,Kids Toothbrushes,Oral-B,0,,0,0
SKU1108,8/21/2021,Synergix solutions ,Oral Care,Toothbrushes,Kids Toothbrushes,Oral-B,12230,29.25837321,418,2485
SKU1108,5/29/2021,Synergix solutions ,Oral Care,Toothbrushes,Kids Toothbrushes,Oral-B,15743,27.42682927,574,2779
SKU1108,10-09-21,Synergix solutions ,Oral Care,Toothbrushes,Kids Toothbrushes,Oral-B,0,,0,0
SKU1108,4/23/2022,Synergix solutions ,Oral Care,Toothbrushes,Kids Toothbrushes,Oral-B,0,,0,0
SKU1108,4/24/2021,Synergix solutions ,Oral Care,Toothbrushes,Kids Toothbrushes,Oral-B,0,72.61904762,0,0
SKU1108,2/13/2021,Synergix solutions ,Oral Care,Toothbrushes,Kids Toothbrushes,Oral-B,0,,0,0
SKU1108,9/18/2021,Synergix solutions ,Oral Care,Toothbrushes,Kids Toothbrushes,Oral-B,20872,14.72971066,1417,3641
SKU1108,6/19/2021,Synergix solutions ,Oral Care,Toothbrushes,Kids Toothbrushes,Oral-B,0,,0,0
SKU1108,05-08-21,Synergix solutions ,Oral Care,Toothbrushes,Kids Toothbrushes,Oral-B,9848,18.90211132,521,1425
SKU1108,3/27/2021,Synergix solutions ,Oral Care,Toothbrushes,Kids Toothbrushes,Oral-B,16012,18.32036613,874,2707
SKU1108,4/23/2022,Synergix solutions ,Oral Care,Toothbrushes,Kids Toothbrushes,Oral-B,0,,0,0
SKU1108,7/24/2021,Synergix solutions ,Oral Care,Toothbrushes,Kids Toothbrushes,Oral-B,0,15.61832061,0,221
SKU1108,9/25/2021,Synergix solutions ,Oral Care,Toothbrushes,Kids Toothbrushes,Oral-B,29115,18.79599742,1549,1859
SKU1108,3/26/2022,Synergix solutions ,Oral Care,Toothbrushes,Kids Toothbrushes,Oral-B,33584,22.93989071,1464,2363
SKU1108,7/24/2021,Synergix solutions ,Oral Care,Toothbrushes,Kids Toothbrushes,Oral-B,0,,0,0
SKU1108,8/27/2022,Synergix solutions ,Oral Care,Toothbrushes,Kids Toothbrushes,Oral-B,15803,22.7381295,695,898
SKU1108,12/24/2022,Synergix solutions ,Oral Care,Toothbrushes,Kids Toothbrushes,Oral-B,0,,0,0
SKU1108,06-05-21,Synergix solutions ,Oral Care,Toothbrushes,Kids Toothbrushes,Oral-B,0,88.74117647,0,0
SKU1108,9/24/2022,Synergix solutions ,Oral Care,Toothbrushes,Kids Toothbrushes,Oral-B,39457,31.66693419,1246,2175
SKU1108,11/20/2021,Synergix solutions ,Oral Care,Toothbrushes,Kids Toothbrushes,Oral-B,23672,28.31578947,836,4123
SKU1105,05-07-22,Synergix solutions ,Oral Care,Toothbrushes,Kids Toothbrushes,Oral-B,27073,17.55706874,1542,5470
SKU1105,11-12-22,Synergix solutions ,Oral Care,Toothbrushes,Kids Toothbrushes,Oral-B,32745,19.45632799,1683,5507
SKU1105,04-10-21,Synergix solutions ,Oral Care,Toothbrushes,Kids Toothbrushes,Oral-B,0,,0,0
SKU1105,07-02-22,Synergix solutions ,Oral Care,Toothbrushes,Kids Toothbrushes,Oral-B,0,,0,0
SKU1105,12-10-22,Synergix solutions ,Oral Care,Toothbrushes,Kids Toothbrushes,Oral-B,45099,31.75985915,1420,3167
SKU1105,09-10-22,Synergix solutions ,Oral Care,Toothbrushes,Kids Toothbrushes,Oral-B,0,,0,0
SKU1105,12-11-21,Synergix solutions ,Oral Care,Toothbrushes,Kids Toothbrushes,Oral-B,21059,26.89527458,783,2919
SKU1105,12-04-21,Synergix solutions ,Oral Care,Toothbrushes,Kids Toothbrushes,Oral-B,0,,0,0
SKU1105,12/24/2022,Synergix solutions ,Oral Care,Toothbrushes,Kids Toothbrushes,Oral-B,0,,0,0
SKU1105,10/23/2021,Synergix solutions ,Oral Care,Toothbrushes,Kids Toothbrushes,Oral-B,20146,30.89877301,652,2390
SKU1105,05-08-21,Synergix solutions ,Oral Care,Toothbrushes,Kids Toothbrushes,Oral-B,23486,20.95093666,1121,2128
SKU1105,12/31/2022,Synergix solutions ,Oral Care,Toothbrushes,Kids Toothbrushes,Oral-B,38907,30.39609375,1280,2860
SKU1105,1/22/2022,Synergix solutions ,Oral Care,Toothbrushes,Kids Toothbrushes,Oral-B,0,,0,0
SKU1105,2/27/2021,Synergix solutions ,Oral Care,Toothbrushes,Kids Toothbrushes,Oral-B,0,,0,0
SKU1105,8/27/2022,Synergix solutions ,Oral Care,Toothbrushes,Kids Toothbrushes,Oral-B,0,,0,0
SKU1105,3/27/2021,Synergix solutions ,Oral Care,Toothbrushes,Kids Toothbrushes,Oral-B,0,,0,0
SKU1105,4/16/2022,Synergix solutions ,Oral Care,Toothbrushes,Kids Toothbrushes,Oral-B,0,,0,0
SKU1105,3/27/2021,Synergix solutions ,Oral Care,Toothbrushes,Kids Toothbrushes,Oral-B,0,,0,0
SKU1105,6/25/2022,Synergix solutions ,Oral Care,Toothbrushes,Kids Toothbrushes,Oral-B,21552,16.79812938,1283,4739
SKU1105,06-05-21,Synergix solutions ,Oral Care,Toothbrushes,Kids Toothbrushes,Oral-B,21770,19.3339254,1126,4712
SKU1105,11/26/2022,Synergix solutions ,Oral Care,Toothbrushes,Kids Toothbrushes,Oral-B,31633,16.50130412,1917,5730
SKU1105,07-10-21,Synergix solutions ,Oral Care,Toothbrushes,Kids Toothbrushes,Oral-B,13395,11.45851155,1169,3635
SKU1105,1/30/2021,Synergix solutions ,Oral Care,Toothbrushes,Kids Toothbrushes,Oral-B,17531,15.1915078,1154,4581
SKU1105,8/27/2022,Synergix solutions ,Oral Care,Toothbrushes,Kids Toothbrushes,Oral-B,40826,31.50154321,1296,3203
SKU1105,6/25/2022,Synergix solutions ,Oral Care,Toothbrushes,Kids Toothbrushes,Oral-B,32783,24.59339835,1333,3583
SKU1105,01-02-21,Synergix solutions ,Oral Care,Toothbrushes,Kids Toothbrushes,Oral-B,23798,34.09455587,698,4117
SKU1105,1/16/2021,Synergix solutions ,Oral Care,Toothbrushes,Kids Toothbrushes,Oral-B,0,12.34715026,0,0
SKU1105,5/14/2022,Synergix solutions ,Oral Care,Toothbrushes,Kids Toothbrushes,Oral-B,33703,24.98369162,1349,5171
SKU1105,11/20/2021,Synergix solutions ,Oral Care,Toothbrushes,Kids Toothbrushes,Oral-B,27387,18.17319177,1507,5105
SKU1105,6/26/2021,Synergix solutions ,Oral Care,Toothbrushes,Kids Toothbrushes,Oral-B,18856,18.74353877,1006,3872
SKU1105,10/22/2022,Synergix solutions ,Oral Care,Toothbrushes,Kids Toothbrushes,Oral-B,21368,16.46224961,1298,2265
SKU1105,11-12-22,Synergix solutions ,Oral Care,Toothbrushes,Kids Toothbrushes,Oral-B,0,,0,0
SKU1105,7/30/2022,Synergix solutions ,Oral Care,Toothbrushes,Kids Toothbrushes,Oral-B,17955,21.94987775,818,2607
SKU1105,11/13/2021,Synergix solutions ,Oral Care,Toothbrushes,Kids Toothbrushes,Oral-B,32001,31.4660767,1017,2228
SKU1105,11/20/2021,Synergix solutions ,Oral Care,Toothbrushes,Kids Toothbrushes,Oral-B,0,,0,0
SKU1105,09-11-21,Synergix solutions ,Oral Care,Toothbrushes,Kids Toothbrushes,Oral-B,0,,0,0
SKU1105,8/20/2022,Synergix solutions ,Oral Care,Toothbrushes,Kids Toothbrushes,Oral-B,18536,23.55273189,787,2712
SKU1105,4/17/2021,Synergix solutions ,Oral Care,Toothbrushes,Kids Toothbrushes,Oral-B,28467,21.83052147,1304,2326
SKU1105,7/16/2022,Synergix solutions ,Oral Care,Toothbrushes,Kids Toothbrushes,Oral-B,24533,24.14665354,1016,2674
