Python for Data Science/POS_Data.csv
SKU ID,Date,Manufacturer,Sector,Category,Segment,Brand,Revenue($),Unit_price,Units_sold,Page_traffic
SKU1098,6/25/2022,Synergix solutions ,Oral Care,Toothbrushes,Kids Toothbrushes,Colgate,30032,18.86432161,1592,4848
SKU1098,6/18/2022,Synergix solutions ,Oral Care,Toothbrushes,Kids Toothbrushes,Colgate,38421,20.23222749,1899,2724
SKU1098,6/25/2022,Synergix solutions ,Oral Care,Toothbrushes,Kids Toothbrushes,Colgate,0,,0,0
SKU1098,6/25/2022,Synergix solutions ,Oral Care,Toothbrushes,Kids Toothbrushes,Colgate,0,,0,0
SKU1098,08-06-22,Synergix solutions ,Oral Care,Toothbrushes,Kids Toothbrushes,Colgate,0,,0,0
SKU1098,8/28/2021,Synergix solutions ,Oral Care,Toothbrushes,Kids Toothbrushes,Colgate,0,,0,0
SKU1098,04-09-22,Synergix solutions ,Oral Care,Toothbrushes,Kids Toothbrushes,Colgate,30355,17.49567723,1735,6777
SKU1098,2/20/2021,Synergix solutions ,Oral Care,Toothbrushes,Kids Toothbrushes,Colgate,26074,22.04057481,1183,4865
SKU1098,10/15/2022,Synergix solutions ,Oral Care,Toothbrushes,Kids Toothbrushes,Colgate,39447,30.72196262,1284,4431
SKU1098,12-10-22,Synergix solutions ,Oral Care,Toothbrushes,Kids Toothbrushes,Colgate,0,,0,0
SKU1098,7/30/2022,Synergix solutions ,Oral Care,Toothbrushes,Kids Toothbrushes,Colgate,0,,0,0
SKU1098,2/13/2021,Synergix solutions ,Oral Care,Toothbrushes,Kids Toothbrushes,Colgate,0,,0,0
SKU1098,11/19/2022,Synergix solutions ,Oral Care,Toothbrushes,Kids Toothbrushes,Colgate,0,,0,0
SKU1098,07-09-22,Synergix solutions ,Oral Care,Toothbrushes,Kids Toothbrushes,Colgate,0,,0,0
SKU1098,10/15/2022,Synergix solutions ,Oral Care,Toothbrushes,Kids Toothbrushes,Colgate,26502,29.47942158,899,738
SKU1098,01-08-22,Synergix solutions ,Oral Care,Toothbrushes,Kids Toothbrushes,Colgate,0,72.61904762,0,0
SKU1098,6/25/2022,Synergix solutions ,Oral Care,Toothbrushes,Kids Toothbrushes,Colgate,28660,18.58625162,1542,3385
SKU1098,10-08-22,Synergix solutions ,Oral Care,Toothbrushes,Kids Toothbrushes,Colgate,19683,15.12913144,1301,3048
SKU1098,6/25/2022,Synergix solutions ,Oral Care,Toothbrushes,Kids Toothbrushes,Colgate,0,,0,0
SKU1098,02-12-22,Synergix solutions ,Oral Care,Toothbrushes,Kids Toothbrushes,Colgate,31554,23.60059835,1337,4283
SKU1098,1/16/2021,Synergix solutions ,Oral Care,Toothbrushes,Kids Toothbrushes,Colgate,30031,22.27818991,1348,5202
SKU1098,7/16/2022,Synergix solutions ,Oral Care,Toothbrushes,Kids Toothbrushes,Colgate,22460,26.02549247,863,4409
SKU1098,9/17/2022,Synergix solutions ,Oral Care,Toothbrushes,Kids Toothbrushes,Colgate,15685,22.79796512,688,3694
SKU1098,04-09-22,Synergix solutions ,Oral Care,Toothbrushes,Kids Toothbrushes,Colgate,23922,24.33570702,983,1649
SKU1098,01-09-21,Synergix solutions ,Oral Care,Toothbrushes,Kids Toothbrushes,Colgate,42489,25.70417423,1653,5843
SKU1098,03-06-21,Synergix solutions ,Oral Care,Toothbrushes,Kids Toothbrushes,Colgate,15890,14.93421053,1064,4220
SKU1098,06-12-21,Synergix solutions ,Oral Care,Toothbrushes,Kids Toothbrushes,Colgate,15011,17.23421355,871,2445
SKU1098,07-10-21,Synergix solutions ,Oral Care,Toothbrushes,Kids Toothbrushes,Colgate,0,,0,0
SKU1098,11-06-21,Synergix solutions ,Oral Care,Toothbrushes,Kids Toothbrushes,Colgate,0,,0,0
SKU1098,10/23/2021,Synergix solutions ,Oral Care,Toothbrushes,Kids Toothbrushes,Colgate,15277,13.83786232,1104,3127
SKU1098,12-10-22,Synergix solutions ,Oral Care,Toothbrushes,Kids Toothbrushes,Colgate,0,,0,0
SKU1098,7/31/2021,Synergix solutions ,Oral Care,Toothbrushes,Kids Toothbrushes,Colgate,0,88.74117647,0,0
SKU1121,12-10-22,Synergix solutions ,Oral Care,Toothbrushes,Manual Toothbrushes,Colgate,34703,18.07447917,1920,4388
SKU1121,04-03-21,Synergix solutions ,Oral Care,Toothbrushes,Manual Toothbrushes,Colgate,0,,0,0
SKU1121,2/27/2021,Synergix solutions ,Oral Care,Toothbrushes,Manual Toothbrushes,Colgate,0,,0,0
SKU1121,7/24/2021,Synergix solutions ,Oral Care,Toothbrushes,Manual Toothbrushes,Colgate,14626,12.61949957,1159,6026
SKU1121,06-12-21,Synergix solutions ,Oral Care,Toothbrushes,Manual Toothbrushes,Colgate,26227,17.56664434,1493,5670
SKU1121,7/24/2021,Synergix solutions ,Oral Care,Toothbrushes,Manual Toothbrushes,Colgate,24701,22.5786106,1094,5172
SKU1121,05-08-21,Synergix solutions ,Oral Care,Toothbrushes,Manual Toothbrushes,Colgate,14627,11.26887519,1298,2792
SKU1121,12/18/2021,Synergix solutions ,Oral Care,Toothbrushes,Manual Toothbrushes,Colgate,0,,0,0
SKU1121,2/19/2022,Synergix solutions ,Oral Care,Toothbrushes,Manual Toothbrushes,Colgate,0,,0,0
SKU1121,8/27/2022,Synergix solutions ,Oral Care,Toothbrushes,Manual Toothbrushes,Colgate,45123,32.29992842,1397,4959
SKU1121,09-10-22,Synergix solutions ,Oral Care,Toothbrushes,Manual Toothbrushes,Colgate,36808,34.30382106,1073,3682
SKU1121,11-05-22,Synergix solutions ,Oral Care,Toothbrushes,Manual Toothbrushes,Colgate,0,,0,0
SKU1121,8/27/2022,Synergix solutions ,Oral Care,Toothbrushes,Manual Toothbrushes,Colgate,31241,21.28133515,1468,3644
SKU1121,06-12-21,Synergix solutions ,Oral Care,Toothbrushes,Manual Toothbrushes,Colgate,24894,15.54903186,1601,6038
SKU1121,04-03-21,Synergix solutions ,Oral Care,Toothbrushes,Manual Toothbrushes,Colgate,0,,0,0
SKU1121,8/13/2022,Synergix solutions ,Oral Care,Toothbrushes,Manual Toothbrushes,Colgate,0,,0,0
SKU1121,01-02-21,Synergix solutions ,Oral Care,Toothbrushes,Manual Toothbrushes,Colgate,31102,23.56212121,1320,5092
SKU1121,3/26/2022,Synergix solutions ,Oral Care,Toothbrushes,Manual Toothbrushes,Colgate,20702,20.9322548,989,3200
SKU1121,7/24/2021,Synergix solutions ,Oral Care,Toothbrushes,Manual Toothbrushes,Colgate,18773,12.15080906,1545,5006
SKU1121,03-05-22,Synergix solutions ,Oral Care,Toothbrushes,Manual Toothbrushes,Colgate,31452,26.76765957,1175,5073
SKU1121,8/13/2022,Synergix solutions ,Oral Care,Toothbrushes,Manual Toothbrushes,Colgate,0,24.93333333,0,1033
SKU1121,07-09-22,Synergix solutions ,Oral Care,Toothbrushes,Manual Toothbrushes,Colgate,0,,0,0
SKU1121,4/30/2022,Synergix solutions ,Oral Care,Toothbrushes,Manual Toothbrushes,Colgate,29048,19.61377448,1481,1648
SKU1121,04-02-22,Synergix solutions ,Oral Care,Toothbrushes,Manual Toothbrushes,Colgate,25674,20.83928571,1232,1804
SKU1121,12/17/2022,Synergix solutions ,Oral Care,Toothbrushes,Manual Toothbrushes,Colgate,19440,26.63013699,730,1483
SKU1121,06-04-22,Synergix solutions ,Oral Care,Toothbrushes,Manual Toothbrushes,Colgate,6033,16.088,375,1550
SKU1121,3/13/2021,Synergix solutions ,Oral Care,Toothbrushes,Manual Toothbrushes,Colgate,0,,0,0
SKU1121,10-02-21,Synergix solutions ,Oral Care,Toothbrushes,Manual Toothbrushes,Colgate,0,,0,103
SKU1121,10-08-22,Synergix solutions ,Oral Care,Toothbrushes,Manual Toothbrushes,Colgate,13522,19.71137026,686,3447
SKU1121,11-06-21,Synergix solutions ,Oral Care,Toothbrushes,Manual Toothbrushes,Colgate,38744,22.6440678,1711,5431
SKU1079,1/16/2021,Synergix solutions ,Oral Care,Toothbrushes,Electric Toothbrushes,Philips,0,,0,1987
SKU1079,10-01-22,Synergix solutions ,Oral Care,Toothbrushes,Electric Toothbrushes,Philips,0,,0,0
SKU1079,4/30/2022,Synergix solutions ,Oral Care,Toothbrushes,Electric Toothbrushes,Philips,40044,25.07451472,1597,4361
SKU1079,12/25/2021,Synergix solutions ,Oral Care,Toothbrushes,Electric Toothbrushes,Philips,0,,0,0
SKU1079,7/30/2022,Synergix solutions ,Oral Care,Toothbrushes,Electric Toothbrushes,Philips,30684,19.95058518,1538,2316
SKU1079,03-05-22,Synergix solutions ,Oral Care,Toothbrushes,Electric Toothbrushes,Philips,21002,15.03364352,1397,4912
SKU1079,6/18/2022,Synergix solutions ,Oral Care,Toothbrushes,Electric Toothbrushes,Philips,0,,0,0
SKU1079,10-09-21,Synergix solutions ,Oral Care,Toothbrushes,Electric Toothbrushes,Philips,0,,0,0
SKU1079,5/29/2021,Synergix solutions ,Oral Care,Toothbrushes,Electric Toothbrushes,Philips,25345,16.95317726,1495,4074
SKU1079,1/15/2022,Synergix solutions ,Oral Care,Toothbrushes,Electric Toothbrushes,Philips,27706,19.10758621,1450,5252
SKU1079,11/27/2021,Synergix solutions ,Oral Care,Toothbrushes,Electric Toothbrushes,Philips,0,,0,0
SKU1079,5/29/2021,Synergix solutions ,Oral Care,Toothbrushes,Electric Toothbrushes,Philips,19372,16.81597222,1152,2111
SKU1079,2/27/2021,Synergix solutions ,Oral Care,Toothbrushes,Electric Toothbrushes,Philips,28208,21.64850345,1303,3846
SKU1079,11-05-22,Synergix solutions ,Oral Care,Toothbrushes,Electric Toothbrushes,Philips,0,,0,0
SKU1079,7/30/2022,Synergix solutions ,Oral Care,Toothbrushes,Electric Toothbrushes,Philips,19494,23.60048426,826,2259
SKU1079,5/28/2022,Synergix solutions ,Oral Care,Toothbrushes,Electric Toothbrushes,Philips,33523,20.26783555,1654,4887
SKU1079,1/30/2021,Synergix solutions ,Oral Care,Toothbrushes,Electric Toothbrushes,Philips,0,,0,0
SKU1079,10/15/2022,Synergix solutions ,Oral Care,Toothbrushes,Electric Toothbrushes,Philips,35060,20.77014218,1688,1900
SKU1079,1/30/2021,Synergix solutions ,Oral Care,Toothbrushes,Electric Toothbrushes,Philips,0,,0,0
SKU1079,3/13/2021,Synergix solutions ,Oral Care,Toothbrushes,Electric Toothbrushes,Philips,6187,11.82982792,523,2181
SKU1079,07-09-22,Synergix solutions ,Oral Care,Toothbrushes,Electric Toothbrushes,Philips,0,,0,0
SKU1079,12/24/2022,Synergix solutions ,Oral Care,Toothbrushes,Electric Toothbrushes,Philips,0,,0,0
SKU1079,10-09-21,Synergix solutions ,Oral Care,Toothbrushes,Electric Toothbrushes,Philips,20949,26.08841843,803,3527
SKU1093,1/30/2021,Synergix solutions ,Oral Care,Toothbrushes,Kids Toothbrushes,Colgate,0,,0,1052
SKU1093,04-03-21,Synergix solutions ,Oral Care,Toothbrushes,Kids Toothbrushes,Colgate,0,,0,0
SKU1093,10/29/2022,Synergix solutions ,Oral Care,Toothbrushes,Kids Toothbrushes,Colgate,0,,0,0
SKU1093,06-04-22,Synergix solutions ,Oral Care,Toothbrushes,Kids Toothbrushes,Colgate,22118,15.32778933,1443,2497
SKU1093,03-06-21,Synergix solutions ,Oral Care,Toothbrushes,Kids Toothbrushes,Colgate,18951,22.97090909,825,3697
SKU1093,3/26/2022,Synergix solutions ,Oral Care,Toothbrushes,Kids Toothbrushes,Colgate,0,,0,0
SKU1093,7/17/2021,Synergix solutions ,Oral Care,Toothbrushes,Kids Toothbrushes,Colgate,0,,0,0
SKU1093,03-12-22,Synergix solutions ,Oral Care,Toothbrushes,Kids Toothbrushes,Colgate,0,,0,0
SKU1093,10-01-22,Synergix solutions ,Oral Care,Toothbrushes,Kids Toothbrushes,Colgate,0,,0,0
SKU1093,5/15/2021,Synergix solutions ,Oral Care,Toothbrushes,Kids Toothbrushes,Colgate,0,,0,0
SKU1093,6/26/2021,Synergix solutions ,Oral Care,Toothbrushes,Kids Toothbrushes,Colgate,0,,0,0
SKU1093,10/15/2022,Synergix solutions ,Oral Care,Toothbrushes,Kids Toothbrushes,Colgate,31183,21.44635488,1454,4737
SKU1093,1/16/2021,Synergix solutions ,Oral Care,Toothbrushes,Kids Toothbrushes,Colgate,12531,20.14630225,622,4521
SKU1093,06-05-21,Synergix solutions ,Oral Care,Toothbrushes,Kids Toothbrushes,Colgate,20668,14.58574453,1417,3262
SKU1093,07-10-21,Synergix solutions ,Oral Care,Toothbrushes,Kids Toothbrushes,Colgate,31341,27.88345196,1124,4396
SKU1093,04-10-21,Synergix solutions ,Oral Care,Toothbrushes,Kids Toothbrushes,Colgate,0,,0,0
SKU1093,8/13/2022,Synergix solutions ,Oral Care,Toothbrushes,Kids Toothbrushes,Colgate,18309,41.32957111,443,2863
SKU1093,06-11-22,Synergix solutions ,Oral Care,Toothbrushes,Kids Toothbrushes,Colgate,28024,18.48548813,1516,5032
SKU1093,7/23/2022,Synergix solutions ,Oral Care,Toothbrushes,Kids Toothbrushes,Colgate,11670,8.894817073,1312,3875
SKU1093,2/20/2021,Synergix solutions ,Oral Care,Toothbrushes,Kids Toothbrushes,Colgate,20432,26.02802548,785,3093
SKU1095,2/20/2021,Synergix solutions ,Oral Care,Toothbrushes,Kids Toothbrushes,Colgate,0,,0,248
SKU1095,7/16/2022,Synergix solutions ,Oral Care,Toothbrushes,Kids Toothbrushes,Colgate,0,,0,0
SKU1095,05-01-21,Synergix solutions ,Oral Care,Toothbrushes,Kids Toothbrushes,Colgate,16778,30.7853211,545,2474
SKU1095,9/24/2022,Synergix solutions ,Oral Care,Toothbrushes,Kids Toothbrushes,Colgate,12174,25.46861925,478,956.553622
SKU1095,12-11-21,Synergix solutions ,Oral Care,Toothbrushes,Kids Toothbrushes,Colgate,11167,26.715311,418,3553
SKU1095,5/29/2021,Synergix solutions ,Oral Care,Toothbrushes,Kids Toothbrushes,Colgate,0,,0,0
SKU1095,11-06-21,Synergix solutions ,Oral Care,Toothbrushes,Kids Toothbrushes,Colgate,0,,0,0
SKU1095,6/26/2021,Synergix solutions ,Oral Care,Toothbrushes,Kids Toothbrushes,Colgate,0,,0,0
SKU1095,06-11-22,Synergix solutions ,Oral Care,Toothbrushes,Kids Toothbrushes,Colgate,0,,0,0
SKU1095,5/22/2021,Synergix solutions ,Oral Care,Toothbrushes,Kids Toothbrushes,Colgate,14008,27.359375,512,2936
SKU1095,05-01-21,Synergix solutions ,Oral Care,Toothbrushes,Kids Toothbrushes,Colgate,0,,0,0
SKU1095,10/30/2021,Synergix solutions ,Oral Care,Toothbrushes,Kids Toothbrushes,Colgate,0,,0,0
SKU1095,6/19/2021,Synergix solutions ,Oral Care,Toothbrushes,Kids Toothbrushes,Colgate,27398,21.98876404,1246,7833
SKU1095,10/15/2022,Synergix solutions ,Oral Care,Toothbrushes,Kids Toothbrushes,Colgate,21305,24.77325581,860,3988
SKU1095,4/16/2022,Synergix solutions ,Oral Care,Toothbrushes,Kids Toothbrushes,Colgate,23633,24.74659686,955,1569
SKU1095,09-04-21,Synergix solutions ,Oral Care,Toothbrushes,Kids Toothbrushes,Colgate,0,,0,0
SKU1095,06-11-22,Synergix solutions ,Oral Care,Toothbrushes,Kids Toothbrushes,Colgate,31999,23.47688921,1363,3610
SKU1095,01-02-21,Synergix solutions ,Oral Care,Toothbrushes,Kids Toothbrushes,Colgate,0,,0,0
SKU1095,11/19/2022,Synergix solutions ,Oral Care,Toothbrushes,Kids Toothbrushes,Colgate,0,,0,0
SKU1095,9/25/2021,Synergix solutions ,Oral Care,Toothbrushes,Kids Toothbrushes,Colgate,27519,13.30062832,2069,5192
SKU1095,09-10-22,Synergix solutions ,Oral Care,Toothbrushes,Kids Toothbrushes,Colgate,19028,12.53491436,1518,4320
SKU1095,9/17/2022,Synergix solutions ,Oral Care,Toothbrushes,Kids Toothbrushes,Colgate,17057,14.00410509,1218,3746
SKU1095,2/26/2022,Synergix solutions ,Oral Care,Toothbrushes,Kids Toothbrushes,Colgate,0,,0,0
SKU1103,06-05-21,Synergix solutions ,Oral Care,Toothbrushes,Kids Toothbrushes,Oral-B,0,,0,0
SKU1103,04-10-21,Synergix solutions ,Oral Care,Toothbrushes,Kids Toothbrushes,Oral-B,0,,0,0
SKU1103,04-03-21,Synergix solutions ,Oral Care,Toothbrushes,Kids Toothbrushes,Oral-B,15674,15.68968969,999,4685
SKU1103,3/26/2022,Synergix solutions ,Oral Care,Toothbrushes,Kids Toothbrushes,Oral-B,23943,28.40213523,843,3021
SKU1103,11/26/2022,Synergix solutions ,Oral Care,Toothbrushes,Kids Toothbrushes,Oral-B,15496,25.86978297,599,2983
SKU1103,6/19/2021,Synergix solutions ,Oral Care,Toothbrushes,Kids Toothbrushes,Oral-B,11949,32.03485255,373,409
SKU1103,07-10-21,Synergix solutions ,Oral Care,Toothbrushes,Kids Toothbrushes,Oral-B,35653,25.96722505,1373,4830
SKU1103,9/17/2022,Synergix solutions ,Oral Care,Toothbrushes,Kids Toothbrushes,Oral-B,37656,28.92165899,1302,2927
SKU1103,4/24/2021,Synergix solutions ,Oral Care,Toothbrushes,Kids Toothbrushes,Oral-B,17775,21.33853541,833,4078
SKU1103,05-08-21,Synergix solutions ,Oral Care,Toothbrushes,Kids Toothbrushes,Oral-B,18085,17.49032882,1034,3436
SKU1103,2/20/2021,Synergix solutions ,Oral Care,Toothbrushes,Kids Toothbrushes,Oral-B,0,,0,0
SKU1103,05-07-22,Synergix solutions ,Oral Care,Toothbrushes,Kids Toothbrushes,Oral-B,34201,23.85006974,1434,4706
SKU1103,2/13/2021,Synergix solutions ,Oral Care,Toothbrushes,Kids Toothbrushes,Oral-B,9184,9.333333333,984,2495
SKU1103,9/17/2022,Synergix solutions ,Oral Care,Toothbrushes,Kids Toothbrushes,Oral-B,0,,0,0
SKU1103,07-02-22,Synergix solutions ,Oral Care,Toothbrushes,Kids Toothbrushes,Oral-B,27562,21.77093207,1266,2441
SKU1103,09-11-21,Synergix solutions ,Oral Care,Toothbrushes,Kids Toothbrushes,Oral-B,34187,22.32984977,1531,4123
SKU1103,10-08-22,Synergix solutions ,Oral Care,Toothbrushes,Kids Toothbrushes,Oral-B,31216,22.81871345,1368,2846
SKU1103,02-05-22,Synergix solutions ,Oral Care,Toothbrushes,Kids Toothbrushes,Oral-B,0,,0,0
SKU1103,5/22/2021,Synergix solutions ,Oral Care,Toothbrushes,Kids Toothbrushes,Oral-B,30253,21.45602837,1410,3243
SKU1103,10-01-22,Synergix solutions ,Oral Care,Toothbrushes,Kids Toothbrushes,Oral-B,16681,20.98238994,795,2381
SKU1103,5/29/2021,Synergix solutions ,Oral Care,Toothbrushes,Kids Toothbrushes,Oral-B,21012,27.21761658,772,1699
SKU1103,07-03-21,Synergix solutions ,Oral Care,Toothbrushes,Kids Toothbrushes,Oral-B,27182,26.54492188,1024,1429
SKU1103,09-03-22,Synergix solutions ,Oral Care,Toothbrushes,Kids Toothbrushes,Oral-B,0,,0,0
SKU1103,2/13/2021,Synergix solutions ,Oral Care,Toothbrushes,Kids Toothbrushes,Oral-B,0,,0,0
SKU1103,12/25/2021,Synergix solutions ,Oral Care,Toothbrushes,Kids Toothbrushes,Oral-B,0,,0,0
SKU1103,12-03-22,Synergix solutions ,Oral Care,Toothbrushes,Kids Toothbrushes,Oral-B,0,,0,0
SKU1103,3/27/2021,Synergix solutions ,Oral Care,Toothbrushes,Kids Toothbrushes,Oral-B,23685,25.52262931,928,4718
