Python for Data Science/POS_Data.csv
SKU ID,Date,Manufacturer,Sector,Category,Segment,Brand,Revenue($),Unit_price,Units_sold,Page_traffic
SKU1096,08-07-21,Synergix solutions ,Oral Care,Toothbrushes,Kids Toothbrushes,Colgate,0,,0,490
SKU1096,7/31/2021,Synergix solutions ,Oral Care,Toothbrushes,Kids Toothbrushes,Colgate,0,,0,0
SKU1096,03-12-22,Synergix solutions ,Oral Care,Toothbrushes,Kids Toothbrushes,Colgate,0,,0,0
SKU1096,4/16/2022,Synergix solutions ,Oral Care,Toothbrushes,Kids Toothbrushes,Colgate,0,,0,0
SKU1096,02-06-21,Synergix solutions ,Oral Care,Toothbrushes,Kids Toothbrushes,Colgate,28331,24.42327586,1160,5178
SKU1096,3/20/2021,Synergix solutions ,Oral Care,Toothbrushes,Kids Toothbrushes,Colgate,31678,26.26699834,1206,4860
SKU1096,1/16/2021,Synergix solutions ,Oral Care,Toothbrushes,Kids Toothbrushes,Colgate,0,,0,0
SKU1096,06-11-22,Synergix solutions ,Oral Care,Toothbrushes,Kids Toothbrushes,Colgate,29391,26.19518717,1122,6002
SKU1096,03-06-21,Synergix solutions ,Oral Care,Toothbrushes,Kids Toothbrushes,Colgate,0,,0,0
SKU1096,2/13/2021,Synergix solutions ,Oral Care,Toothbrushes,Kids Toothbrushes,Colgate,0,,0,0
SKU1096,05-01-21,Synergix solutions ,Oral Care,Toothbrushes,Kids Toothbrushes,Colgate,13813,20.37315634,678,3249
SKU1096,9/25/2021,Synergix solutions ,Oral Care,Toothbrushes,Kids Toothbrushes,Colgate,0,,0,0
SKU1096,12-11-21,Synergix solutions ,Oral Care,Toothbrushes,Kids Toothbrushes,Colgate,30277,17.85200472,1696,2860
SKU1096,08-06-22,Synergix solutions ,Oral Care,Toothbrushes,Kids Toothbrushes,Colgate,28726,29.8917794,961,4382
SKU1096,6/26/2021,Synergix solutions ,Oral Care,Toothbrushes,Kids Toothbrushes,Colgate,32621,20.64620253,1580,4641
SKU1096,07-10-21,Synergix solutions ,Oral Care,Toothbrushes,Kids Toothbrushes,Colgate,21974,17.76394503,1237,2249
SKU1096,03-12-22,Synergix solutions ,Oral Care,Toothbrushes,Kids Toothbrushes,Colgate,0,,0,0
SKU1096,01-02-21,Synergix solutions ,Oral Care,Toothbrushes,Kids Toothbrushes,Colgate,30215,25.58425064,1181,4686
SKU1096,09-10-22,Synergix solutions ,Oral Care,Toothbrushes,Kids Toothbrushes,Colgate,30876,24.40790514,1265,3631
SKU1096,05-07-22,Synergix solutions ,Oral Care,Toothbrushes,Kids Toothbrushes,Colgate,0,,0,0
SKU1096,8/14/2021,Synergix solutions ,Oral Care,Toothbrushes,Kids Toothbrushes,Colgate,24786,16.25311475,1525,5600
SKU1096,11-12-22,Synergix solutions ,Oral Care,Toothbrushes,Kids Toothbrushes,Colgate,0,,0,0
SKU1096,3/19/2022,Synergix solutions ,Oral Care,Toothbrushes,Kids Toothbrushes,Colgate,0,,0,0
SKU1096,1/29/2022,Synergix solutions ,Oral Care,Toothbrushes,Kids Toothbrushes,Colgate,30849,31.47857143,980,3962
SKU1096,1/29/2022,Synergix solutions ,Oral Care,Toothbrushes,Kids Toothbrushes,Colgate,0,,0,0
SKU1096,7/23/2022,Synergix solutions ,Oral Care,Toothbrushes,Kids Toothbrushes,Colgate,0,,0,0
SKU1072,10-09-21,Synergix solutions ,Oral Care,Toothbrushes,Electric Toothbrushes,Philips,0,,0,0
SKU1072,8/21/2021,Synergix solutions ,Oral Care,Toothbrushes,Electric Toothbrushes,Philips,26700,15.31841652,1743,5795
SKU1072,2/26/2022,Synergix solutions ,Oral Care,Toothbrushes,Electric Toothbrushes,Philips,0,,0,63
SKU1072,5/28/2022,Synergix solutions ,Oral Care,Toothbrushes,Electric Toothbrushes,Philips,20848,16.48063241,1265,4408
SKU1072,05-07-22,Synergix solutions ,Oral Care,Toothbrushes,Electric Toothbrushes,Philips,0,,0,0
SKU1072,03-05-22,Synergix solutions ,Oral Care,Toothbrushes,Electric Toothbrushes,Philips,0,,0,0
SKU1072,7/31/2021,Synergix solutions ,Oral Care,Toothbrushes,Electric Toothbrushes,Philips,28495,19.65172414,1450,5072
SKU1072,5/21/2022,Synergix solutions ,Oral Care,Toothbrushes,Electric Toothbrushes,Philips,36535,26.98301329,1354,4015
SKU1072,11/20/2021,Synergix solutions ,Oral Care,Toothbrushes,Electric Toothbrushes,Philips,18472,17.27970065,1069,4545
SKU1072,08-07-21,Synergix solutions ,Oral Care,Toothbrushes,Electric Toothbrushes,Philips,0,,0,0
SKU1072,9/25/2021,Synergix solutions ,Oral Care,Toothbrushes,Electric Toothbrushes,Philips,0,,0,0
SKU1072,3/19/2022,Synergix solutions ,Oral Care,Toothbrushes,Electric Toothbrushes,Philips,21508,27.46871009,783,2713
SKU1072,5/29/2021,Synergix solutions ,Oral Care,Toothbrushes,Electric Toothbrushes,Philips,0,,0,0
SKU1072,1/30/2021,Synergix solutions ,Oral Care,Toothbrushes,Electric Toothbrushes,Philips,0,,0,0
SKU1072,11-05-22,Synergix solutions ,Oral Care,Toothbrushes,Electric Toothbrushes,Philips,0,,0,0
SKU1072,2/26/2022,Synergix solutions ,Oral Care,Toothbrushes,Electric Toothbrushes,Philips,0,,0,0
SKU1072,10-01-22,Synergix solutions ,Oral Care,Toothbrushes,Electric Toothbrushes,Philips,0,,0,0
SKU1072,8/20/2022,Synergix solutions ,Oral Care,Toothbrushes,Electric Toothbrushes,Philips,39998,36.66177819,1091,3581
SKU1072,10/16/2021,Synergix solutions ,Oral Care,Toothbrushes,Electric Toothbrushes,Philips,0,,0,0
SKU1072,7/23/2022,Synergix solutions ,Oral Care,Toothbrushes,Electric Toothbrushes,Philips,19675,19.13910506,1028,2552
SKU1072,12/18/2021,Synergix solutions ,Oral Care,Toothbrushes,Electric Toothbrushes,Philips,29776,20.22826087,1472,4019
SKU1072,11/20/2021,Synergix solutions ,Oral Care,Toothbrushes,Electric Toothbrushes,Philips,0,,0,0
SKU1072,2/27/2021,Synergix solutions ,Oral Care,Toothbrushes,Electric Toothbrushes,Philips,0,,0,0
SKU1072,3/20/2021,Synergix solutions ,Oral Care,Toothbrushes,Electric Toothbrushes,Philips,0,,0,0
SKU1072,12-03-22,Synergix solutions ,Oral Care,Toothbrushes,Electric Toothbrushes,Philips,31532,29.1692877,1081,3422
SKU1072,02-12-22,Synergix solutions ,Oral Care,Toothbrushes,Electric Toothbrushes,Philips,0,,0,0
SKU1072,8/20/2022,Synergix solutions ,Oral Care,Toothbrushes,Electric Toothbrushes,Philips,15382,15.22970297,1010,6196
SKU1072,04-09-22,Synergix solutions ,Oral Care,Toothbrushes,Electric Toothbrushes,Philips,29877,23.54373522,1269,2973
SKU1072,12-11-21,Synergix solutions ,Oral Care,Toothbrushes,Electric Toothbrushes,Philips,33838,24.69927007,1370,3695
SKU1072,1/15/2022,Synergix solutions ,Oral Care,Toothbrushes,Electric Toothbrushes,Philips,12446,13.76769912,904,2078
SKU1072,12/25/2021,Synergix solutions ,Oral Care,Toothbrushes,Electric Toothbrushes,Philips,17564,18.76495726,936,3164
SKU1072,4/30/2022,Synergix solutions ,Oral Care,Toothbrushes,Electric Toothbrushes,Philips,0,,0,0
SKU1072,10/29/2022,Synergix solutions ,Oral Care,Toothbrushes,Electric Toothbrushes,Philips,0,,0,0
SKU1072,6/26/2021,Synergix solutions ,Oral Care,Toothbrushes,Electric Toothbrushes,Philips,13226,10.97593361,1205,3703
SKU1072,4/24/2021,Synergix solutions ,Oral Care,Toothbrushes,Electric Toothbrushes,Philips,37348,33.34642857,1120,4932
SKU1072,9/24/2022,Synergix solutions ,Oral Care,Toothbrushes,Electric Toothbrushes,Philips,0,15.61832061,0,508
SKU1072,12/17/2022,Synergix solutions ,Oral Care,Toothbrushes,Electric Toothbrushes,Philips,0,15.61832061,0,2379
SKU1072,1/15/2022,Synergix solutions ,Oral Care,Toothbrushes,Electric Toothbrushes,Philips,26583,23.50397878,1131,5260
SKU1072,2/19/2022,Synergix solutions ,Oral Care,Toothbrushes,Electric Toothbrushes,Philips,18678,38.43209877,486,2468
SKU1072,7/16/2022,Synergix solutions ,Oral Care,Toothbrushes,Electric Toothbrushes,Philips,0,,0,0
SKU1072,8/20/2022,Synergix solutions ,Oral Care,Toothbrushes,Electric Toothbrushes,Philips,18846,24.47532468,770,834
SKU1072,8/20/2022,Synergix solutions ,Oral Care,Toothbrushes,Electric Toothbrushes,Philips,24164,23.52872444,1027,4781
SKU1072,7/16/2022,Synergix solutions ,Oral Care,Toothbrushes,Electric Toothbrushes,Philips,14683,18.60963245,789,1408
SKU1072,06-12-21,Synergix solutions ,Oral Care,Toothbrushes,Electric Toothbrushes,Philips,39158,24.14180025,1622,6703
SKU1072,01-09-21,Synergix solutions ,Oral Care,Toothbrushes,Electric Toothbrushes,Philips,0,,0,0
SKU1072,7/24/2021,Synergix solutions ,Oral Care,Toothbrushes,Electric Toothbrushes,Philips,31612,36.29391504,871,3508
SKU1072,8/27/2022,Synergix solutions ,Oral Care,Toothbrushes,Electric Toothbrushes,Philips,38942,36.66854991,1062,3756
SKU1072,09-04-21,Synergix solutions ,Oral Care,Toothbrushes,Electric Toothbrushes,Philips,6485,22.59581882,287,1254
SKU1072,5/21/2022,Synergix solutions ,Oral Care,Toothbrushes,Electric Toothbrushes,Philips,19671,28.46743849,691,5018
SKU1073,1/15/2022,Synergix solutions ,Oral Care,Toothbrushes,Electric Toothbrushes,Philips,0,,0,0
SKU1073,10-08-22,Synergix solutions ,Oral Care,Toothbrushes,Electric Toothbrushes,Philips,0,,0,0
SKU1073,8/28/2021,Synergix solutions ,Oral Care,Toothbrushes,Electric Toothbrushes,Philips,32698,18.34904602,1782,5152
SKU1073,07-10-21,Synergix solutions ,Oral Care,Toothbrushes,Electric Toothbrushes,Philips,19341,27.01256983,716,2392
SKU1073,10-08-22,Synergix solutions ,Oral Care,Toothbrushes,Electric Toothbrushes,Philips,21505,24.29943503,885,3663
SKU1073,09-11-21,Synergix solutions ,Oral Care,Toothbrushes,Electric Toothbrushes,Philips,16876,17.09827761,987,2176
SKU1073,1/29/2022,Synergix solutions ,Oral Care,Toothbrushes,Electric Toothbrushes,Philips,0,,0,0
SKU1073,04-10-21,Synergix solutions ,Oral Care,Toothbrushes,Electric Toothbrushes,Philips,0,,0,0
SKU1073,9/25/2021,Synergix solutions ,Oral Care,Toothbrushes,Electric Toothbrushes,Philips,0,,0,0
SKU1073,06-05-21,Synergix solutions ,Oral Care,Toothbrushes,Electric Toothbrushes,Philips,24569,24.94314721,985,4474
SKU1073,12/24/2022,Synergix solutions ,Oral Care,Toothbrushes,Electric Toothbrushes,Philips,0,,0,0
SKU1073,5/21/2022,Synergix solutions ,Oral Care,Toothbrushes,Electric Toothbrushes,Philips,37492,29.80286169,1258,4739
SKU1073,04-09-22,Synergix solutions ,Oral Care,Toothbrushes,Electric Toothbrushes,Philips,21734,21.26614481,1022,4030
SKU1073,8/21/2021,Synergix solutions ,Oral Care,Toothbrushes,Electric Toothbrushes,Philips,0,,0,0
SKU1073,11-12-22,Synergix solutions ,Oral Care,Toothbrushes,Electric Toothbrushes,Philips,24732,22.2010772,1114,4823
SKU1073,2/20/2021,Synergix solutions ,Oral Care,Toothbrushes,Electric Toothbrushes,Philips,16612,16.612,1000,2541
SKU1073,10-09-21,Synergix solutions ,Oral Care,Toothbrushes,Electric Toothbrushes,Philips,0,,0,0
SKU1073,11/27/2021,Synergix solutions ,Oral Care,Toothbrushes,Electric Toothbrushes,Philips,0,15.61832061,0,0
SKU1073,3/26/2022,Synergix solutions ,Oral Care,Toothbrushes,Electric Toothbrushes,Philips,25719,22.98391421,1119,4320
SKU1073,04-10-21,Synergix solutions ,Oral Care,Toothbrushes,Electric Toothbrushes,Philips,0,,0,1050
SKU1073,10/30/2021,Synergix solutions ,Oral Care,Toothbrushes,Electric Toothbrushes,Philips,13582,19.45845272,698,3163
SKU1073,02-06-21,Synergix solutions ,Oral Care,Toothbrushes,Electric Toothbrushes,Philips,0,,0,0
SKU1073,8/21/2021,Synergix solutions ,Oral Care,Toothbrushes,Electric Toothbrushes,Philips,20188,25.52212389,791,795
SKU1073,10/30/2021,Synergix solutions ,Oral Care,Toothbrushes,Electric Toothbrushes,Philips,20028,17.40052129,1151,3515
SKU1073,8/20/2022,Synergix solutions ,Oral Care,Toothbrushes,Electric Toothbrushes,Philips,7435,9.913333333,750,2760
SKU1129,3/26/2022,Synergix solutions ,Oral Care,Toothbrushes,Manual Toothbrushes,Colgate,0,,0,0
SKU1129,01-08-22,Synergix solutions ,Oral Care,Toothbrushes,Manual Toothbrushes,Colgate,28085,14.33639612,1959,5854
SKU1129,9/18/2021,Synergix solutions ,Oral Care,Toothbrushes,Manual Toothbrushes,Colgate,0,,0,0
SKU1129,06-11-22,Synergix solutions ,Oral Care,Toothbrushes,Manual Toothbrushes,Colgate,22015,17.29379419,1273,4777
SKU1129,6/19/2021,Synergix solutions ,Oral Care,Toothbrushes,Manual Toothbrushes,Colgate,0,,0,0
SKU1129,10-09-21,Synergix solutions ,Oral Care,Toothbrushes,Manual Toothbrushes,Colgate,0,,0,0
SKU1129,07-09-22,Synergix solutions ,Oral Care,Toothbrushes,Manual Toothbrushes,Colgate,0,,0,0
SKU1129,08-07-21,Synergix solutions ,Oral Care,Toothbrushes,Manual Toothbrushes,Colgate,0,,0,0
SKU1129,02-05-22,Synergix solutions ,Oral Care,Toothbrushes,Manual Toothbrushes,Colgate,0,,0,0
SKU1129,05-01-21,Synergix solutions ,Oral Care,Toothbrushes,Manual Toothbrushes,Colgate,0,,0,0
SKU1129,03-05-22,Synergix solutions ,Oral Care,Toothbrushes,Manual Toothbrushes,Colgate,0,,0,0
SKU1129,02-12-22,Synergix solutions ,Oral Care,Toothbrushes,Manual Toothbrushes,Colgate,26564,31.28857479,849,357
SKU1129,08-06-22,Synergix solutions ,Oral Care,Toothbrushes,Manual Toothbrushes,Colgate,30124,22.92541857,1314,3898
SKU1129,8/14/2021,Synergix solutions ,Oral Care,Toothbrushes,Manual Toothbrushes,Colgate,0,,0,0
SKU1129,09-04-21,Synergix solutions ,Oral Care,Toothbrushes,Manual Toothbrushes,Colgate,21753,21.73126873,1001,4641
SKU1129,9/25/2021,Synergix solutions ,Oral Care,Toothbrushes,Manual Toothbrushes,Colgate,0,,0,0
SKU1129,4/24/2021,Synergix solutions ,Oral Care,Toothbrushes,Manual Toothbrushes,Colgate,19017,13.39225352,1420,5127
SKU1129,05-07-22,Synergix solutions ,Oral Care,Toothbrushes,Manual Toothbrushes,Colgate,0,,0,0
SKU1129,10-01-22,Synergix solutions ,Oral Care,Toothbrushes,Manual Toothbrushes,Colgate,0,,0,0
SKU1129,2/20/2021,Synergix solutions ,Oral Care,Toothbrushes,Manual Toothbrushes,Colgate,14431,28.80439122,501,1163
SKU1129,1/16/2021,Synergix solutions ,Oral Care,Toothbrushes,Manual Toothbrushes,Colgate,10847,16.76506955,647,1905
SKU1129,04-09-22,Synergix solutions ,Oral Care,Toothbrushes,Manual Toothbrushes,Colgate,0,,0,0
SKU1129,4/23/2022,Synergix solutions ,Oral Care,Toothbrushes,Manual Toothbrushes,Colgate,19591,31.39583333,624,4589
SKU1092,5/21/2022,Synergix solutions ,Oral Care,Toothbrushes,Kids Toothbrushes,Colgate,0,,0,0
SKU1092,8/14/2021,Synergix solutions ,Oral Care,Toothbrushes,Kids Toothbrushes,Colgate,0,,0,0
SKU1092,09-10-22,Synergix solutions ,Oral Care,Toothbrushes,Kids Toothbrushes,Colgate,0,,0,0
SKU1092,12/25/2021,Synergix solutions ,Oral Care,Toothbrushes,Kids Toothbrushes,Colgate,0,,0,0
SKU1092,7/17/2021,Synergix solutions ,Oral Care,Toothbrushes,Kids Toothbrushes,Colgate,0,,0,0
SKU1092,12/17/2022,Synergix solutions ,Oral Care,Toothbrushes,Kids Toothbrushes,Colgate,21956,31.27635328,702,2414
SKU1092,10/23/2021,Synergix solutions ,Oral Care,Toothbrushes,Kids Toothbrushes,Colgate,20741,16.22926448,1278,3017
SKU1092,03-12-22,Synergix solutions ,Oral Care,Toothbrushes,Kids Toothbrushes,Colgate,28678,25.09011374,1143,5076
SKU1092,09-10-22,Synergix solutions ,Oral Care,Toothbrushes,Kids Toothbrushes,Colgate,0,,0,0
SKU1092,12/25/2021,Synergix solutions ,Oral Care,Toothbrushes,Kids Toothbrushes,Colgate,18735,25.80578512,726,2761
SKU1092,2/26/2022,Synergix solutions ,Oral Care,Toothbrushes,Kids Toothbrushes,Colgate,0,,0,0
SKU1092,07-03-21,Synergix solutions ,Oral Care,Toothbrushes,Kids Toothbrushes,Colgate,0,,0,0
SKU1092,3/20/2021,Synergix solutions ,Oral Care,Toothbrushes,Kids Toothbrushes,Colgate,0,,0,0
SKU1092,7/17/2021,Synergix solutions ,Oral Care,Toothbrushes,Kids Toothbrushes,Colgate,28386,20.70459519,1371,5656
SKU1092,02-05-22,Synergix solutions ,Oral Care,Toothbrushes,Kids Toothbrushes,Colgate,32860,22.50684932,1460,4942
SKU1092,07-02-22,Synergix solutions ,Oral Care,Toothbrushes,Kids Toothbrushes,Colgate,16382,13.9778157,1172,3296
SKU1092,2/13/2021,Synergix solutions ,Oral Care,Toothbrushes,Kids Toothbrushes,Colgate,29350,22.84046693,1285,2192
SKU1092,3/19/2022,Synergix solutions ,Oral Care,Toothbrushes,Kids Toothbrushes,Colgate,27519,17.11380597,1608,4434
SKU1092,10/29/2022,Synergix solutions ,Oral Care,Toothbrushes,Kids Toothbrushes,Colgate,37016,18.1986234,2034,6023
SKU1092,4/16/2022,Synergix solutions ,Oral Care,Toothbrushes,Kids Toothbrushes,Colgate,0,72.61904762,0,0
SKU1092,10/29/2022,Synergix solutions ,Oral Care,Toothbrushes,Kids Toothbrushes,Colgate,21294,14.60493827,1458,4242
SKU1092,8/21/2021,Synergix solutions ,Oral Care,Toothbrushes,Kids Toothbrushes,Colgate,0,,0,0
SKU1092,05-07-22,Synergix solutions ,Oral Care,Toothbrushes,Kids Toothbrushes,Colgate,31948,23.45668135,1362,3152
SKU1092,10-02-21,Synergix solutions ,Oral Care,Toothbrushes,Kids Toothbrushes,Colgate,23666,18.61998426,1271,5301
SKU1092,6/19/2021,Synergix solutions ,Oral Care,Toothbrushes,Kids Toothbrushes,Colgate,18684,20.39737991,916,1911
SKU1092,7/23/2022,Synergix solutions ,Oral Care,Toothbrushes,Kids Toothbrushes,Colgate,19220,24.05506884,799,2730
SKU1092,3/26/2022,Synergix solutions ,Oral Care,Toothbrushes,Kids Toothbrushes,Colgate,32516,20.77699681,1565,4829
SKU1092,04-09-22,Synergix solutions ,Oral Care,Toothbrushes,Kids Toothbrushes,Colgate,31424,23.4857997,1338,5527
SKU1092,3/26/2022,Synergix solutions ,Oral Care,Toothbrushes,Kids Toothbrushes,Colgate,19913,15.40061872,1293,3398
SKU1092,07-10-21,Synergix solutions ,Oral Care,Toothbrushes,Kids Toothbrushes,Colgate,0,,0,0
SKU1092,01-08-22,Synergix solutions ,Oral Care,Toothbrushes,Kids Toothbrushes,Colgate,24445,32.46347942,753,3528
SKU1092,01-09-21,Synergix solutions ,Oral Care,Toothbrushes,Kids Toothbrushes,Colgate,0,,0,0
SKU1092,1/22/2022,Synergix solutions ,Oral Care,Toothbrushes,Kids Toothbrushes,Colgate,0,8.22972973,0,0
SKU1092,03-12-22,Synergix solutions ,Oral Care,Toothbrushes,Kids Toothbrushes,Colgate,16573,16.58958959,999,3260
SKU1092,6/25/2022,Synergix solutions ,Oral Care,Toothbrushes,Kids Toothbrushes,Colgate,35521,22.00805452,1614,4513
SKU1092,2/27/2021,Synergix solutions ,Oral Care,Toothbrushes,Kids Toothbrushes,Colgate,41249,25.24418605,1634,4906
SKU1092,07-02-22,Synergix solutions ,Oral Care,Toothbrushes,Kids Toothbrushes,Colgate,0,88.74117647,0,0
SKU1092,1/23/2021,Synergix solutions ,Oral Care,Toothbrushes,Kids Toothbrushes,Colgate,0,,0,0
