Python for Data Science/POS_Data.csv
SKU ID,Date,Manufacturer,Sector,Category,Segment,Brand,Revenue($),Unit_price,Units_sold,Page_traffic
SKU1071,7/16/2022,Synergix solutions ,Oral Care,Toothbrushes,Electric Toothbrushes,Philips,0,,0,0
SKU1071,9/18/2021,Synergix solutions ,Oral Care,Toothbrushes,Electric Toothbrushes,Philips,25602,13.05558389,1961,5425
SKU1071,04-02-22,Synergix solutions ,Oral Care,Toothbrushes,Electric Toothbrushes,Philips,0,,0,88
SKU1071,05-01-21,Synergix solutions ,Oral Care,Toothbrushes,Electric Toothbrushes,Philips,17366,24.11944444,720,1896
SKU1071,2/13/2021,Synergix solutions ,Oral Care,Toothbrushes,Electric Toothbrushes,Philips,20464,20.40279163,1003,5915
SKU1071,11/20/2021,Synergix solutions ,Oral Care,Toothbrushes,Electric Toothbrushes,Philips,23823,14.63329238,1628,4426
SKU1071,12-11-21,Synergix solutions ,Oral Care,Toothbrushes,Electric Toothbrushes,Philips,0,,0,0
SKU1071,12-03-22,Synergix solutions ,Oral Care,Toothbrushes,Electric Toothbrushes,Philips,0,,0,0
SKU1071,01-02-21,Synergix solutions ,Oral Care,Toothbrushes,Electric Toothbrushes,Philips,11498,21.29259259,540,1636
SKU1071,12-04-21,Synergix solutions ,Oral Care,Toothbrushes,Electric Toothbrushes,Philips,40777,26.54752604,1536,4573
SKU1071,3/19/2022,Synergix solutions ,Oral Care,Toothbrushes,Electric Toothbrushes,Philips,26273,23.94986326,1097,3355
SKU1071,11/27/2021,Synergix solutions ,Oral Care,Toothbrushes,Electric Toothbrushes,Philips,15946,27.49310345,580,1874
SKU1071,11/20/2021,Synergix solutions ,Oral Care,Toothbrushes,Electric Toothbrushes,Philips,0,,0,0
SKU1071,06-11-22,Synergix solutions ,Oral Care,Toothbrushes,Electric Toothbrushes,Philips,0,,0,0
SKU1071,9/24/2022,Synergix solutions ,Oral Care,Toothbrushes,Electric Toothbrushes,Philips,0,,0,0
SKU1071,02-05-22,Synergix solutions ,Oral Care,Toothbrushes,Electric Toothbrushes,Philips,36390,27.86370597,1306,5930
SKU1071,10/29/2022,Synergix solutions ,Oral Care,Toothbrushes,Electric Toothbrushes,Philips,0,,0,0
SKU1071,02-06-21,Synergix solutions ,Oral Care,Toothbrushes,Electric Toothbrushes,Philips,26752,25.26156752,1059,3906
SKU1071,12/25/2021,Synergix solutions ,Oral Care,Toothbrushes,Electric Toothbrushes,Philips,24885,30.38461538,819,2210
SKU1071,1/15/2022,Synergix solutions ,Oral Care,Toothbrushes,Electric Toothbrushes,Philips,27362,15.56427759,1758,5078
SKU1071,10-09-21,Synergix solutions ,Oral Care,Toothbrushes,Electric Toothbrushes,Philips,14047,10.04074339,1399,4123
SKU1071,4/16/2022,Synergix solutions ,Oral Care,Toothbrushes,Electric Toothbrushes,Philips,0,,0,0
SKU1071,10/16/2021,Synergix solutions ,Oral Care,Toothbrushes,Electric Toothbrushes,Philips,13813,16.36611374,844,2459
SKU1071,7/24/2021,Synergix solutions ,Oral Care,Toothbrushes,Electric Toothbrushes,Philips,19902,17.42732049,1142,2561
SKU1071,01-02-21,Synergix solutions ,Oral Care,Toothbrushes,Electric Toothbrushes,Philips,0,,0,0
SKU1071,09-10-22,Synergix solutions ,Oral Care,Toothbrushes,Electric Toothbrushes,Philips,0,,0,0
SKU1071,10/23/2021,Synergix solutions ,Oral Care,Toothbrushes,Electric Toothbrushes,Philips,0,,0,0
SKU1071,04-09-22,Synergix solutions ,Oral Care,Toothbrushes,Electric Toothbrushes,Philips,28984,23.48784441,1234,2380
SKU1123,10/22/2022,Synergix solutions ,Oral Care,Toothbrushes,Manual Toothbrushes,Colgate,0,,0,0
SKU1123,3/13/2021,Synergix solutions ,Oral Care,Toothbrushes,Manual Toothbrushes,Colgate,0,,0,0
SKU1123,11-05-22,Synergix solutions ,Oral Care,Toothbrushes,Manual Toothbrushes,Colgate,10060,11.6300578,865,882
SKU1123,03-05-22,Synergix solutions ,Oral Care,Toothbrushes,Manual Toothbrushes,Colgate,13383,16.34065934,819,4009
SKU1123,06-11-22,Synergix solutions ,Oral Care,Toothbrushes,Manual Toothbrushes,Colgate,33486,24.14275415,1387,3538
SKU1123,05-07-22,Synergix solutions ,Oral Care,Toothbrushes,Manual Toothbrushes,Colgate,0,,0,0
SKU1123,9/17/2022,Synergix solutions ,Oral Care,Toothbrushes,Manual Toothbrushes,Colgate,38479,18.48174832,2082,3325
SKU1123,03-06-21,Synergix solutions ,Oral Care,Toothbrushes,Manual Toothbrushes,Colgate,0,,0,0
SKU1123,05-07-22,Synergix solutions ,Oral Care,Toothbrushes,Manual Toothbrushes,Colgate,0,,0,0
SKU1123,7/16/2022,Synergix solutions ,Oral Care,Toothbrushes,Manual Toothbrushes,Colgate,27707,25.18818182,1100,2114
SKU1123,11-06-21,Synergix solutions ,Oral Care,Toothbrushes,Manual Toothbrushes,Colgate,16831,28.47884941,591,1056
SKU1123,12-10-22,Synergix solutions ,Oral Care,Toothbrushes,Manual Toothbrushes,Colgate,0,,0,0
SKU1123,01-08-22,Synergix solutions ,Oral Care,Toothbrushes,Manual Toothbrushes,Colgate,0,,0,0
SKU1123,7/17/2021,Synergix solutions ,Oral Care,Toothbrushes,Manual Toothbrushes,Colgate,15919,29.86679174,533,4824
SKU1123,10/29/2022,Synergix solutions ,Oral Care,Toothbrushes,Manual Toothbrushes,Colgate,0,,0,0
SKU1123,10/23/2021,Synergix solutions ,Oral Care,Toothbrushes,Manual Toothbrushes,Colgate,26731,14.33297587,1865,3757
SKU1123,8/27/2022,Synergix solutions ,Oral Care,Toothbrushes,Manual Toothbrushes,Colgate,33906,24.83956044,1365,4810
SKU1123,06-12-21,Synergix solutions ,Oral Care,Toothbrushes,Manual Toothbrushes,Colgate,18322,28.23112481,649,1383.539213
SKU1123,5/29/2021,Synergix solutions ,Oral Care,Toothbrushes,Manual Toothbrushes,Colgate,0,,0,0
SKU1123,12/17/2022,Synergix solutions ,Oral Care,Toothbrushes,Manual Toothbrushes,Colgate,29610,15.9450727,1857,5292
SKU1123,7/16/2022,Synergix solutions ,Oral Care,Toothbrushes,Manual Toothbrushes,Colgate,0,,0,0
SKU1123,12/17/2022,Synergix solutions ,Oral Care,Toothbrushes,Manual Toothbrushes,Colgate,8130,16.00393701,508,3321
SKU1082,6/19/2021,Synergix solutions ,Oral Care,Toothbrushes,Electric Toothbrushes,Oral-B,17410,15.19197208,1146,4267
SKU1082,3/26/2022,Synergix solutions ,Oral Care,Toothbrushes,Electric Toothbrushes,Oral-B,16818,14.80457746,1136,2230
SKU1082,01-09-21,Synergix solutions ,Oral Care,Toothbrushes,Electric Toothbrushes,Oral-B,0,,0,0
SKU1082,11/20/2021,Synergix solutions ,Oral Care,Toothbrushes,Electric Toothbrushes,Oral-B,24441,21.95956873,1113,3410
SKU1082,04-10-21,Synergix solutions ,Oral Care,Toothbrushes,Electric Toothbrushes,Oral-B,9613,13.65482955,704,3008
SKU1082,01-02-21,Synergix solutions ,Oral Care,Toothbrushes,Electric Toothbrushes,Oral-B,25563,21.49957948,1189,500
SKU1082,9/18/2021,Synergix solutions ,Oral Care,Toothbrushes,Electric Toothbrushes,Oral-B,17746,29.62604341,599,3078
SKU1082,01-01-22,Synergix solutions ,Oral Care,Toothbrushes,Electric Toothbrushes,Oral-B,0,,0,0
SKU1082,5/21/2022,Synergix solutions ,Oral Care,Toothbrushes,Electric Toothbrushes,Oral-B,0,,0,0
SKU1082,05-01-21,Synergix solutions ,Oral Care,Toothbrushes,Electric Toothbrushes,Oral-B,18273,16.05711775,1138,1408
SKU1082,07-03-21,Synergix solutions ,Oral Care,Toothbrushes,Electric Toothbrushes,Oral-B,32771,16.70285423,1962,4653
SKU1082,7/23/2022,Synergix solutions ,Oral Care,Toothbrushes,Electric Toothbrushes,Oral-B,0,,0,0
SKU1082,9/18/2021,Synergix solutions ,Oral Care,Toothbrushes,Electric Toothbrushes,Oral-B,12913,11.56042972,1117,4140
SKU1082,7/23/2022,Synergix solutions ,Oral Care,Toothbrushes,Electric Toothbrushes,Oral-B,0,24.93333333,0,0
SKU1082,01-08-22,Synergix solutions ,Oral Care,Toothbrushes,Electric Toothbrushes,Oral-B,14194,14.67838676,967,1982
SKU1082,6/19/2021,Synergix solutions ,Oral Care,Toothbrushes,Electric Toothbrushes,Oral-B,0,,0,0
SKU1082,3/26/2022,Synergix solutions ,Oral Care,Toothbrushes,Electric Toothbrushes,Oral-B,0,,0,0
SKU1082,1/16/2021,Synergix solutions ,Oral Care,Toothbrushes,Electric Toothbrushes,Oral-B,0,,0,0
SKU1082,8/28/2021,Synergix solutions ,Oral Care,Toothbrushes,Electric Toothbrushes,Oral-B,26583,20.76796875,1280,5237
SKU1082,12-11-21,Synergix solutions ,Oral Care,Toothbrushes,Electric Toothbrushes,Oral-B,28546,18.12444444,1575,4448
SKU1082,9/24/2022,Synergix solutions ,Oral Care,Toothbrushes,Electric Toothbrushes,Oral-B,34383,25.79369842,1333,2270
SKU1082,02-06-21,Synergix solutions ,Oral Care,Toothbrushes,Electric Toothbrushes,Oral-B,23910,18.5636646,1288,3865
SKU1082,6/18/2022,Synergix solutions ,Oral Care,Toothbrushes,Electric Toothbrushes,Oral-B,0,,0,0
SKU1082,03-12-22,Synergix solutions ,Oral Care,Toothbrushes,Electric Toothbrushes,Oral-B,0,,0,0
SKU1082,02-12-22,Synergix solutions ,Oral Care,Toothbrushes,Electric Toothbrushes,Oral-B,0,,0,0
SKU1082,9/25/2021,Synergix solutions ,Oral Care,Toothbrushes,Electric Toothbrushes,Oral-B,18150,37.42268041,485,1625
SKU1082,07-02-22,Synergix solutions ,Oral Care,Toothbrushes,Electric Toothbrushes,Oral-B,30797,35.27720504,873,1955
SKU1082,09-10-22,Synergix solutions ,Oral Care,Toothbrushes,Electric Toothbrushes,Oral-B,16591,29.46891652,563,3761
SKU1109,7/24/2021,Synergix solutions ,Oral Care,Toothbrushes,Kids Toothbrushes,Oral-B,14699,11.86359968,1239,3837
SKU1109,02-06-21,Synergix solutions ,Oral Care,Toothbrushes,Kids Toothbrushes,Oral-B,0,,0,0
SKU1109,1/30/2021,Synergix solutions ,Oral Care,Toothbrushes,Kids Toothbrushes,Oral-B,27044,20.83513097,1298,2748
SKU1109,2/27/2021,Synergix solutions ,Oral Care,Toothbrushes,Kids Toothbrushes,Oral-B,24721,16.28524374,1518,3233
SKU1109,5/28/2022,Synergix solutions ,Oral Care,Toothbrushes,Kids Toothbrushes,Oral-B,0,,0,0
SKU1109,04-03-21,Synergix solutions ,Oral Care,Toothbrushes,Kids Toothbrushes,Oral-B,14532,13.41828255,1083,4341
SKU1109,1/29/2022,Synergix solutions ,Oral Care,Toothbrushes,Kids Toothbrushes,Oral-B,25486,29.0604333,877,2932
SKU1109,09-04-21,Synergix solutions ,Oral Care,Toothbrushes,Kids Toothbrushes,Oral-B,0,,0,0
SKU1109,11-12-22,Synergix solutions ,Oral Care,Toothbrushes,Kids Toothbrushes,Oral-B,34917,30.57530648,1142,2606
SKU1109,4/30/2022,Synergix solutions ,Oral Care,Toothbrushes,Kids Toothbrushes,Oral-B,0,,0,0
SKU1109,06-04-22,Synergix solutions ,Oral Care,Toothbrushes,Kids Toothbrushes,Oral-B,0,,0,0
SKU1109,8/13/2022,Synergix solutions ,Oral Care,Toothbrushes,Kids Toothbrushes,Oral-B,0,,0,0
SKU1109,10/30/2021,Synergix solutions ,Oral Care,Toothbrushes,Kids Toothbrushes,Oral-B,20534,25.73182957,798,1649
SKU1109,11-06-21,Synergix solutions ,Oral Care,Toothbrushes,Kids Toothbrushes,Oral-B,21489,17.9075,1200,3484
SKU1109,10/29/2022,Synergix solutions ,Oral Care,Toothbrushes,Kids Toothbrushes,Oral-B,0,,0,0
SKU1109,9/24/2022,Synergix solutions ,Oral Care,Toothbrushes,Kids Toothbrushes,Oral-B,22949,15.30953969,1499,3781
SKU1109,1/30/2021,Synergix solutions ,Oral Care,Toothbrushes,Kids Toothbrushes,Oral-B,16224,18.7995365,863,4809
SKU1109,2/13/2021,Synergix solutions ,Oral Care,Toothbrushes,Kids Toothbrushes,Oral-B,16118,14.01565217,1150,3955
SKU1109,9/18/2021,Synergix solutions ,Oral Care,Toothbrushes,Kids Toothbrushes,Oral-B,11603,9.693400167,1197,2964
SKU1109,11/20/2021,Synergix solutions ,Oral Care,Toothbrushes,Kids Toothbrushes,Oral-B,0,,0,0
SKU1109,07-10-21,Synergix solutions ,Oral Care,Toothbrushes,Kids Toothbrushes,Oral-B,0,,0,0
SKU1109,7/30/2022,Synergix solutions ,Oral Care,Toothbrushes,Kids Toothbrushes,Oral-B,21904,23.99123768,913,5081
SKU1109,4/30/2022,Synergix solutions ,Oral Care,Toothbrushes,Kids Toothbrushes,Oral-B,28481,23.00565428,1238,5718
SKU1109,9/24/2022,Synergix solutions ,Oral Care,Toothbrushes,Kids Toothbrushes,Oral-B,12766,16.11868687,792,2607
SKU1109,4/16/2022,Synergix solutions ,Oral Care,Toothbrushes,Kids Toothbrushes,Oral-B,28222,22.10023493,1277,3203
SKU1109,07-03-21,Synergix solutions ,Oral Care,Toothbrushes,Kids Toothbrushes,Oral-B,0,,0,0
SKU1109,9/25/2021,Synergix solutions ,Oral Care,Toothbrushes,Kids Toothbrushes,Oral-B,0,,0,0
SKU1109,09-10-22,Synergix solutions ,Oral Care,Toothbrushes,Kids Toothbrushes,Oral-B,32902,28.58557776,1151,3606
SKU1109,7/17/2021,Synergix solutions ,Oral Care,Toothbrushes,Kids Toothbrushes,Oral-B,0,,0,0
SKU1109,08-07-21,Synergix solutions ,Oral Care,Toothbrushes,Kids Toothbrushes,Oral-B,20076,43.64347826,460,375
SKU1109,05-07-22,Synergix solutions ,Oral Care,Toothbrushes,Kids Toothbrushes,Oral-B,16146,17.84088398,905,2071
SKU1109,03-05-22,Synergix solutions ,Oral Care,Toothbrushes,Kids Toothbrushes,Oral-B,20600,25.46353523,809,1722
SKU1109,05-08-21,Synergix solutions ,Oral Care,Toothbrushes,Kids Toothbrushes,Oral-B,0,,0,0
SKU1109,2/13/2021,Synergix solutions ,Oral Care,Toothbrushes,Kids Toothbrushes,Oral-B,4675,11.45833333,408,2956
SKU1109,10/29/2022,Synergix solutions ,Oral Care,Toothbrushes,Kids Toothbrushes,Oral-B,26381,13.9360803,1893,4528
SKU1109,02-12-22,Synergix solutions ,Oral Care,Toothbrushes,Kids Toothbrushes,Oral-B,0,88.74117647,0,0
SKU1089,09-11-21,Synergix solutions ,Oral Care,Toothbrushes,Electric Toothbrushes,Oral-B,21625,12.67584994,1706,4742
SKU1089,09-11-21,Synergix solutions ,Oral Care,Toothbrushes,Electric Toothbrushes,Oral-B,31105,17.48454188,1779,5745
SKU1089,4/23/2022,Synergix solutions ,Oral Care,Toothbrushes,Electric Toothbrushes,Oral-B,0,,0,0
SKU1089,5/28/2022,Synergix solutions ,Oral Care,Toothbrushes,Electric Toothbrushes,Oral-B,0,,0,0
SKU1089,3/19/2022,Synergix solutions ,Oral Care,Toothbrushes,Electric Toothbrushes,Oral-B,25185,27.92128603,902,3975
SKU1089,10/23/2021,Synergix solutions ,Oral Care,Toothbrushes,Electric Toothbrushes,Oral-B,19748,56.74712644,348,710.4165022
SKU1089,11/13/2021,Synergix solutions ,Oral Care,Toothbrushes,Electric Toothbrushes,Oral-B,28381,29.71832461,955,523
SKU1089,8/27/2022,Synergix solutions ,Oral Care,Toothbrushes,Electric Toothbrushes,Oral-B,13989,31.36547085,446,982.6203863
SKU1089,2/27/2021,Synergix solutions ,Oral Care,Toothbrushes,Electric Toothbrushes,Oral-B,0,,0,0
SKU1089,8/20/2022,Synergix solutions ,Oral Care,Toothbrushes,Electric Toothbrushes,Oral-B,0,,0,0
SKU1089,9/18/2021,Synergix solutions ,Oral Care,Toothbrushes,Electric Toothbrushes,Oral-B,24777,16.0368932,1545,3082
SKU1089,12/18/2021,Synergix solutions ,Oral Care,Toothbrushes,Electric Toothbrushes,Oral-B,27558,21.11724138,1305,3126
SKU1089,3/20/2021,Synergix solutions ,Oral Care,Toothbrushes,Electric Toothbrushes,Oral-B,33425,22.73809524,1470,3073
SKU1089,04-03-21,Synergix solutions ,Oral Care,Toothbrushes,Electric Toothbrushes,Oral-B,37796,23.4757764,1610,3341
SKU1089,10-08-22,Synergix solutions ,Oral Care,Toothbrushes,Electric Toothbrushes,Oral-B,33882,28.28213689,1198,2900
SKU1089,03-12-22,Synergix solutions ,Oral Care,Toothbrushes,Electric Toothbrushes,Oral-B,29581,17.7237867,1669,4279
SKU1089,01-08-22,Synergix solutions ,Oral Care,Toothbrushes,Electric Toothbrushes,Oral-B,22389,13.61861314,1644,5434
SKU1089,7/23/2022,Synergix solutions ,Oral Care,Toothbrushes,Electric Toothbrushes,Oral-B,0,,0,0
SKU1089,5/28/2022,Synergix solutions ,Oral Care,Toothbrushes,Electric Toothbrushes,Oral-B,27399,24.95355191,1098,1968
SKU1089,9/17/2022,Synergix solutions ,Oral Care,Toothbrushes,Electric Toothbrushes,Oral-B,0,,0,0
SKU1089,7/17/2021,Synergix solutions ,Oral Care,Toothbrushes,Electric Toothbrushes,Oral-B,0,,0,0
SKU1089,06-05-21,Synergix solutions ,Oral Care,Toothbrushes,Electric Toothbrushes,Oral-B,25552,15.6376989,1634,3134
SKU1089,09-10-22,Synergix solutions ,Oral Care,Toothbrushes,Electric Toothbrushes,Oral-B,21491,20.80445305,1033,721
SKU1089,04-03-21,Synergix solutions ,Oral Care,Toothbrushes,Electric Toothbrushes,Oral-B,21934,19.08964317,1149,2884
SKU1089,6/18/2022,Synergix solutions ,Oral Care,Toothbrushes,Electric Toothbrushes,Oral-B,13584,17.52774194,775,3651
SKU1089,3/20/2021,Synergix solutions ,Oral Care,Toothbrushes,Electric Toothbrushes,Oral-B,18761,23.65825977,793,3469
SKU1089,4/17/2021,Synergix solutions ,Oral Care,Toothbrushes,Electric Toothbrushes,Oral-B,34639,24.86647523,1393,4827
SKU1089,10/22/2022,Synergix solutions ,Oral Care,Toothbrushes,Electric Toothbrushes,Oral-B,0,,0,0
SKU1089,9/17/2022,Synergix solutions ,Oral Care,Toothbrushes,Electric Toothbrushes,Oral-B,25778,14.45765564,1783,4634
SKU1089,06-12-21,Synergix solutions ,Oral Care,Toothbrushes,Electric Toothbrushes,Oral-B,15397,14.34948742,1073,996
SKU1089,10-02-21,Synergix solutions ,Oral Care,Toothbrushes,Electric Toothbrushes,Oral-B,21385,23.14393939,924,3640
