Python for Data Science/POS_Data.csv
SKU ID,Date,Manufacturer,Sector,Category,Segment,Brand,Revenue($),Unit_price,Units_sold,Page_traffic
SKU1090,9/25/2021,Synergix solutions ,Oral Care,Toothbrushes,Electric Toothbrushes,Oral-B,23091,10.52941176,2193,4666
SKU1090,10-09-21,Synergix solutions ,Oral Care,Toothbrushes,Electric Toothbrushes,Oral-B,18269,22.25213155,821,1294
SKU1090,12/17/2022,Synergix solutions ,Oral Care,Toothbrushes,Electric Toothbrushes,Oral-B,18549,34.73595506,534,771
SKU1090,3/19/2022,Synergix solutions ,Oral Care,Toothbrushes,Electric Toothbrushes,Oral-B,0,,0,0
SKU1090,6/25/2022,Synergix solutions ,Oral Care,Toothbrushes,Electric Toothbrushes,Oral-B,14910,14.01315789,1064,3809
SKU1090,5/21/2022,Synergix solutions ,Oral Care,Toothbrushes,Electric Toothbrushes,Oral-B,0,,0,0
SKU1090,04-10-21,Synergix solutions ,Oral Care,Toothbrushes,Electric Toothbrushes,Oral-B,27875,17.00732154,1639,6147
SKU1090,04-02-22,Synergix solutions ,Oral Care,Toothbrushes,Electric Toothbrushes,Oral-B,0,,0,0
SKU1090,04-02-22,Synergix solutions ,Oral Care,Toothbrushes,Electric Toothbrushes,Oral-B,20694,21.46680498,964,3384
SKU1090,2/26/2022,Synergix solutions ,Oral Care,Toothbrushes,Electric Toothbrushes,Oral-B,31154,31.40524194,992,717
SKU1090,04-03-21,Synergix solutions ,Oral Care,Toothbrushes,Electric Toothbrushes,Oral-B,14878,12.98254799,1146,3397
SKU1090,10-08-22,Synergix solutions ,Oral Care,Toothbrushes,Electric Toothbrushes,Oral-B,0,24.93333333,0,984
SKU1090,2/27/2021,Synergix solutions ,Oral Care,Toothbrushes,Electric Toothbrushes,Oral-B,38909,24.73553719,1573,5054
SKU1090,7/17/2021,Synergix solutions ,Oral Care,Toothbrushes,Electric Toothbrushes,Oral-B,31886,19.71923315,1617,2775
SKU1090,1/30/2021,Synergix solutions ,Oral Care,Toothbrushes,Electric Toothbrushes,Oral-B,0,,0,2765
SKU1090,09-04-21,Synergix solutions ,Oral Care,Toothbrushes,Electric Toothbrushes,Oral-B,0,,0,0
SKU1090,01-08-22,Synergix solutions ,Oral Care,Toothbrushes,Electric Toothbrushes,Oral-B,0,,0,0
SKU1090,07-02-22,Synergix solutions ,Oral Care,Toothbrushes,Electric Toothbrushes,Oral-B,0,8.22972973,0,0
SKU1090,6/25/2022,Synergix solutions ,Oral Care,Toothbrushes,Electric Toothbrushes,Oral-B,30239,19.78992147,1528,3815
SKU1090,07-09-22,Synergix solutions ,Oral Care,Toothbrushes,Electric Toothbrushes,Oral-B,0,,0,0
SKU1090,12-11-21,Synergix solutions ,Oral Care,Toothbrushes,Electric Toothbrushes,Oral-B,10247,21.3035343,481,1846
SKU1101,8/27/2022,Synergix solutions ,Oral Care,Toothbrushes,Kids Toothbrushes,Oral-B,24919,16.51358516,1509,4152
SKU1101,11-06-21,Synergix solutions ,Oral Care,Toothbrushes,Kids Toothbrushes,Oral-B,0,,0,0
SKU1101,08-06-22,Synergix solutions ,Oral Care,Toothbrushes,Kids Toothbrushes,Oral-B,17707,14.10916335,1255,1082
SKU1101,4/16/2022,Synergix solutions ,Oral Care,Toothbrushes,Kids Toothbrushes,Oral-B,20100,17.41767764,1154,4863
SKU1101,10/16/2021,Synergix solutions ,Oral Care,Toothbrushes,Kids Toothbrushes,Oral-B,26064,28.26898048,922,2856
SKU1101,10/23/2021,Synergix solutions ,Oral Care,Toothbrushes,Kids Toothbrushes,Oral-B,29892,19.67873601,1519,2063
SKU1101,12-10-22,Synergix solutions ,Oral Care,Toothbrushes,Kids Toothbrushes,Oral-B,26418,28.10425532,940,1083
SKU1101,11/19/2022,Synergix solutions ,Oral Care,Toothbrushes,Kids Toothbrushes,Oral-B,31508,17.51417454,1799,4386
SKU1101,1/30/2021,Synergix solutions ,Oral Care,Toothbrushes,Kids Toothbrushes,Oral-B,0,,0,0
SKU1101,04-03-21,Synergix solutions ,Oral Care,Toothbrushes,Kids Toothbrushes,Oral-B,12906,23.42286751,551,2367
SKU1101,01-02-21,Synergix solutions ,Oral Care,Toothbrushes,Kids Toothbrushes,Oral-B,32954,21.82384106,1510,3210
SKU1101,07-02-22,Synergix solutions ,Oral Care,Toothbrushes,Kids Toothbrushes,Oral-B,29173,22.68506998,1286,3568
SKU1101,5/15/2021,Synergix solutions ,Oral Care,Toothbrushes,Kids Toothbrushes,Oral-B,14055,12.06437768,1165,2442
SKU1101,11/13/2021,Synergix solutions ,Oral Care,Toothbrushes,Kids Toothbrushes,Oral-B,0,,0,0
SKU1101,03-05-22,Synergix solutions ,Oral Care,Toothbrushes,Kids Toothbrushes,Oral-B,30428,25.10561056,1212,4641
SKU1101,12-11-21,Synergix solutions ,Oral Care,Toothbrushes,Kids Toothbrushes,Oral-B,5967,20.64705882,289,1065
SKU1101,1/30/2021,Synergix solutions ,Oral Care,Toothbrushes,Kids Toothbrushes,Oral-B,19108,19.24269889,993,3885
SKU1101,12/25/2021,Synergix solutions ,Oral Care,Toothbrushes,Kids Toothbrushes,Oral-B,0,,0,0
SKU1101,10-02-21,Synergix solutions ,Oral Care,Toothbrushes,Kids Toothbrushes,Oral-B,0,,0,0
SKU1101,8/14/2021,Synergix solutions ,Oral Care,Toothbrushes,Kids Toothbrushes,Oral-B,25928,25.928,1000,3913
SKU1101,02-06-21,Synergix solutions ,Oral Care,Toothbrushes,Kids Toothbrushes,Oral-B,0,,0,0
SKU1101,11-05-22,Synergix solutions ,Oral Care,Toothbrushes,Kids Toothbrushes,Oral-B,38234,31.99497908,1195,3519
SKU1101,2/27/2021,Synergix solutions ,Oral Care,Toothbrushes,Kids Toothbrushes,Oral-B,0,,0,0
SKU1101,10-08-22,Synergix solutions ,Oral Care,Toothbrushes,Kids Toothbrushes,Oral-B,0,,0,0
SKU1101,10/23/2021,Synergix solutions ,Oral Care,Toothbrushes,Kids Toothbrushes,Oral-B,0,,0,0
SKU1113,11/19/2022,Synergix solutions ,Oral Care,Toothbrushes,Manual Toothbrushes,Oral-B,43535,18.01945364,2416,4939
SKU1113,07-03-21,Synergix solutions ,Oral Care,Toothbrushes,Manual Toothbrushes,Oral-B,28419,15.22174612,1867,4395
SKU1113,5/15/2021,Synergix solutions ,Oral Care,Toothbrushes,Manual Toothbrushes,Oral-B,12402,10.40436242,1192,2593
SKU1113,9/17/2022,Synergix solutions ,Oral Care,Toothbrushes,Manual Toothbrushes,Oral-B,24453,19.48446215,1255,3845
SKU1113,1/22/2022,Synergix solutions ,Oral Care,Toothbrushes,Manual Toothbrushes,Oral-B,0,,0,0
SKU1113,12-03-22,Synergix solutions ,Oral Care,Toothbrushes,Manual Toothbrushes,Oral-B,32765,25.63771518,1278,2910
SKU1113,10-08-22,Synergix solutions ,Oral Care,Toothbrushes,Manual Toothbrushes,Oral-B,0,,0,0
SKU1113,2/20/2021,Synergix solutions ,Oral Care,Toothbrushes,Manual Toothbrushes,Oral-B,15748,14.09847807,1117,1150
SKU1113,7/31/2021,Synergix solutions ,Oral Care,Toothbrushes,Manual Toothbrushes,Oral-B,0,,0,0
SKU1113,3/19/2022,Synergix solutions ,Oral Care,Toothbrushes,Manual Toothbrushes,Oral-B,0,,0,0
SKU1113,07-10-21,Synergix solutions ,Oral Care,Toothbrushes,Manual Toothbrushes,Oral-B,0,,0,0
SKU1113,8/20/2022,Synergix solutions ,Oral Care,Toothbrushes,Manual Toothbrushes,Oral-B,0,,0,0
SKU1113,07-03-21,Synergix solutions ,Oral Care,Toothbrushes,Manual Toothbrushes,Oral-B,27343,17.48273657,1564,6600
SKU1113,10-09-21,Synergix solutions ,Oral Care,Toothbrushes,Manual Toothbrushes,Oral-B,0,,0,0
SKU1113,3/20/2021,Synergix solutions ,Oral Care,Toothbrushes,Manual Toothbrushes,Oral-B,28019,22.11444357,1267,4469
SKU1113,12/31/2022,Synergix solutions ,Oral Care,Toothbrushes,Manual Toothbrushes,Oral-B,0,24.93333333,0,1534
SKU1113,5/15/2021,Synergix solutions ,Oral Care,Toothbrushes,Manual Toothbrushes,Oral-B,0,,0,0
SKU1113,5/21/2022,Synergix solutions ,Oral Care,Toothbrushes,Manual Toothbrushes,Oral-B,0,,0,0
SKU1113,7/30/2022,Synergix solutions ,Oral Care,Toothbrushes,Manual Toothbrushes,Oral-B,0,,0,0
SKU1113,06-12-21,Synergix solutions ,Oral Care,Toothbrushes,Manual Toothbrushes,Oral-B,0,15.61832061,0,0
SKU1113,2/19/2022,Synergix solutions ,Oral Care,Toothbrushes,Manual Toothbrushes,Oral-B,0,,0,0
SKU1113,9/17/2022,Synergix solutions ,Oral Care,Toothbrushes,Manual Toothbrushes,Oral-B,0,,0,568
SKU1113,09-04-21,Synergix solutions ,Oral Care,Toothbrushes,Manual Toothbrushes,Oral-B,0,,0,0
SKU1113,10/29/2022,Synergix solutions ,Oral Care,Toothbrushes,Manual Toothbrushes,Oral-B,0,59.57142857,0,0
SKU1113,01-08-22,Synergix solutions ,Oral Care,Toothbrushes,Manual Toothbrushes,Oral-B,0,,0,0
SKU1113,02-05-22,Synergix solutions ,Oral Care,Toothbrushes,Manual Toothbrushes,Oral-B,0,,0,1152
SKU1113,7/23/2022,Synergix solutions ,Oral Care,Toothbrushes,Manual Toothbrushes,Oral-B,6212,10.74740484,578,984
SKU1113,3/27/2021,Synergix solutions ,Oral Care,Toothbrushes,Manual Toothbrushes,Oral-B,0,88.74117647,0,0
SKU1113,12/18/2021,Synergix solutions ,Oral Care,Toothbrushes,Manual Toothbrushes,Oral-B,19757,27.86600846,709,2361
SKU1122,12/31/2022,Synergix solutions ,Oral Care,Toothbrushes,Manual Toothbrushes,Colgate,29803,15.98016086,1865,5454
SKU1122,12/25/2021,Synergix solutions ,Oral Care,Toothbrushes,Manual Toothbrushes,Colgate,0,,0,0
SKU1122,2/20/2021,Synergix solutions ,Oral Care,Toothbrushes,Manual Toothbrushes,Colgate,0,,0,0
SKU1122,01-01-22,Synergix solutions ,Oral Care,Toothbrushes,Manual Toothbrushes,Colgate,0,,0,0
SKU1122,10/15/2022,Synergix solutions ,Oral Care,Toothbrushes,Manual Toothbrushes,Colgate,0,,0,0
SKU1122,6/18/2022,Synergix solutions ,Oral Care,Toothbrushes,Manual Toothbrushes,Colgate,19363,20.91036717,926,2135
SKU1122,12/17/2022,Synergix solutions ,Oral Care,Toothbrushes,Manual Toothbrushes,Colgate,37225,19.46914226,1912,4197
SKU1122,6/25/2022,Synergix solutions ,Oral Care,Toothbrushes,Manual Toothbrushes,Colgate,18461,27.63622754,668,2343
SKU1122,10/15/2022,Synergix solutions ,Oral Care,Toothbrushes,Manual Toothbrushes,Colgate,31750,36.96158324,859,2063
SKU1122,12-10-22,Synergix solutions ,Oral Care,Toothbrushes,Manual Toothbrushes,Colgate,0,,0,0
SKU1122,02-12-22,Synergix solutions ,Oral Care,Toothbrushes,Manual Toothbrushes,Colgate,0,,0,0
SKU1122,05-01-21,Synergix solutions ,Oral Care,Toothbrushes,Manual Toothbrushes,Colgate,0,,0,0
SKU1122,4/17/2021,Synergix solutions ,Oral Care,Toothbrushes,Manual Toothbrushes,Colgate,0,,0,0
SKU1122,3/20/2021,Synergix solutions ,Oral Care,Toothbrushes,Manual Toothbrushes,Colgate,0,,0,0
SKU1122,10/30/2021,Synergix solutions ,Oral Care,Toothbrushes,Manual Toothbrushes,Colgate,21010,22.04616999,953,2214
SKU1122,8/20/2022,Synergix solutions ,Oral Care,Toothbrushes,Manual Toothbrushes,Colgate,31936,24.03009782,1329,3876
SKU1122,4/24/2021,Synergix solutions ,Oral Care,Toothbrushes,Manual Toothbrushes,Colgate,22065,14.23548387,1550,4507
SKU1122,5/14/2022,Synergix solutions ,Oral Care,Toothbrushes,Manual Toothbrushes,Colgate,24624,17.6516129,1395,3938
SKU1122,7/30/2022,Synergix solutions ,Oral Care,Toothbrushes,Manual Toothbrushes,Colgate,31848,24.8618267,1281,3180
SKU1122,04-09-22,Synergix solutions ,Oral Care,Toothbrushes,Manual Toothbrushes,Colgate,23667,26.06497797,908,4548
SKU1122,11-05-22,Synergix solutions ,Oral Care,Toothbrushes,Manual Toothbrushes,Colgate,27648,33.27075812,831,1935
SKU1122,3/20/2021,Synergix solutions ,Oral Care,Toothbrushes,Manual Toothbrushes,Colgate,0,,0,0
SKU1122,2/26/2022,Synergix solutions ,Oral Care,Toothbrushes,Manual Toothbrushes,Colgate,17531,19.11777535,917,3394
SKU1122,6/26/2021,Synergix solutions ,Oral Care,Toothbrushes,Manual Toothbrushes,Colgate,0,,0,0
SKU1122,04-09-22,Synergix solutions ,Oral Care,Toothbrushes,Manual Toothbrushes,Colgate,0,,0,0
SKU1122,7/16/2022,Synergix solutions ,Oral Care,Toothbrushes,Manual Toothbrushes,Colgate,32344,28.42179262,1138,4198
SKU1122,03-12-22,Synergix solutions ,Oral Care,Toothbrushes,Manual Toothbrushes,Colgate,0,,0,0
SKU1122,1/29/2022,Synergix solutions ,Oral Care,Toothbrushes,Manual Toothbrushes,Colgate,17764,17.13018322,1037,2481
SKU1122,07-10-21,Synergix solutions ,Oral Care,Toothbrushes,Manual Toothbrushes,Colgate,21414,18.58854167,1152,2683
SKU1122,12/25/2021,Synergix solutions ,Oral Care,Toothbrushes,Manual Toothbrushes,Colgate,0,,0,0
SKU1122,9/24/2022,Synergix solutions ,Oral Care,Toothbrushes,Manual Toothbrushes,Colgate,26289,14.17196765,1855,4266
SKU1122,04-02-22,Synergix solutions ,Oral Care,Toothbrushes,Manual Toothbrushes,Colgate,31421,41.34342105,760,3994
SKU1122,04-10-21,Synergix solutions ,Oral Care,Toothbrushes,Manual Toothbrushes,Colgate,9898,12.85454545,770,2422
SKU1086,5/22/2021,Synergix solutions ,Oral Care,Toothbrushes,Electric Toothbrushes,Oral-B,8963,8.651544402,1036,4456
SKU1086,06-12-21,Synergix solutions ,Oral Care,Toothbrushes,Electric Toothbrushes,Oral-B,23036,18.31160572,1258,2099
SKU1086,7/17/2021,Synergix solutions ,Oral Care,Toothbrushes,Electric Toothbrushes,Oral-B,0,,0,0
SKU1086,12-10-22,Synergix solutions ,Oral Care,Toothbrushes,Electric Toothbrushes,Oral-B,0,,0,0
SKU1086,2/26/2022,Synergix solutions ,Oral Care,Toothbrushes,Electric Toothbrushes,Oral-B,19508,31.36334405,622,474
SKU1086,5/28/2022,Synergix solutions ,Oral Care,Toothbrushes,Electric Toothbrushes,Oral-B,25022,16.3009772,1535,5810
SKU1086,11-06-21,Synergix solutions ,Oral Care,Toothbrushes,Electric Toothbrushes,Oral-B,14926,28.59386973,522,2753
SKU1086,07-09-22,Synergix solutions ,Oral Care,Toothbrushes,Electric Toothbrushes,Oral-B,31579,26.99059829,1170,2577
SKU1086,7/23/2022,Synergix solutions ,Oral Care,Toothbrushes,Electric Toothbrushes,Oral-B,0,,0,0
SKU1086,12/18/2021,Synergix solutions ,Oral Care,Toothbrushes,Electric Toothbrushes,Oral-B,27916,16.18318841,1725,5265
SKU1086,10/30/2021,Synergix solutions ,Oral Care,Toothbrushes,Electric Toothbrushes,Oral-B,0,,0,0
SKU1086,11-06-21,Synergix solutions ,Oral Care,Toothbrushes,Electric Toothbrushes,Oral-B,0,,0,0
SKU1086,4/30/2022,Synergix solutions ,Oral Care,Toothbrushes,Electric Toothbrushes,Oral-B,19224,28.27058824,680,3579
SKU1086,06-12-21,Synergix solutions ,Oral Care,Toothbrushes,Electric Toothbrushes,Oral-B,0,24.93333333,0,0
SKU1086,12-04-21,Synergix solutions ,Oral Care,Toothbrushes,Electric Toothbrushes,Oral-B,24136,23.3875969,1032,4819
SKU1086,08-07-21,Synergix solutions ,Oral Care,Toothbrushes,Electric Toothbrushes,Oral-B,0,,0,0
SKU1086,01-08-22,Synergix solutions ,Oral Care,Toothbrushes,Electric Toothbrushes,Oral-B,0,,0,0
SKU1086,09-04-21,Synergix solutions ,Oral Care,Toothbrushes,Electric Toothbrushes,Oral-B,22340,15.9230221,1403,5402
SKU1086,10-01-22,Synergix solutions ,Oral Care,Toothbrushes,Electric Toothbrushes,Oral-B,23794,19.28200972,1234,2021
SKU1086,10-09-21,Synergix solutions ,Oral Care,Toothbrushes,Electric Toothbrushes,Oral-B,16676,15.55597015,1072,2979
SKU1086,09-11-21,Synergix solutions ,Oral Care,Toothbrushes,Electric Toothbrushes,Oral-B,0,,0,0
SKU1086,11-06-21,Synergix solutions ,Oral Care,Toothbrushes,Electric Toothbrushes,Oral-B,29597,22.49012158,1316,2302
SKU1086,10/16/2021,Synergix solutions ,Oral Care,Toothbrushes,Electric Toothbrushes,Oral-B,0,,0,0
SKU1118,09-04-21,Synergix solutions ,Oral Care,Toothbrushes,Manual Toothbrushes,Oral-B,29787,17.41929825,1710,5362
SKU1118,4/17/2021,Synergix solutions ,Oral Care,Toothbrushes,Manual Toothbrushes,Oral-B,0,,0,273
SKU1118,2/26/2022,Synergix solutions ,Oral Care,Toothbrushes,Manual Toothbrushes,Oral-B,0,,0,0
SKU1118,6/18/2022,Synergix solutions ,Oral Care,Toothbrushes,Manual Toothbrushes,Oral-B,0,,0,0
SKU1118,5/15/2021,Synergix solutions ,Oral Care,Toothbrushes,Manual Toothbrushes,Oral-B,37365,26.31338028,1420,4324
SKU1118,11/26/2022,Synergix solutions ,Oral Care,Toothbrushes,Manual Toothbrushes,Oral-B,17069,18.11995754,942,351
SKU1118,11/20/2021,Synergix solutions ,Oral Care,Toothbrushes,Manual Toothbrushes,Oral-B,0,,0,0
SKU1118,1/23/2021,Synergix solutions ,Oral Care,Toothbrushes,Manual Toothbrushes,Oral-B,40261,23.71083628,1698,4428
SKU1118,08-07-21,Synergix solutions ,Oral Care,Toothbrushes,Manual Toothbrushes,Oral-B,17953,21.92063492,819,3225
SKU1118,1/30/2021,Synergix solutions ,Oral Care,Toothbrushes,Manual Toothbrushes,Oral-B,0,,0,0
SKU1118,12/31/2022,Synergix solutions ,Oral Care,Toothbrushes,Manual Toothbrushes,Oral-B,29259,31.80326087,920,1938
SKU1118,07-03-21,Synergix solutions ,Oral Care,Toothbrushes,Manual Toothbrushes,Oral-B,0,,0,0
SKU1118,8/28/2021,Synergix solutions ,Oral Care,Toothbrushes,Manual Toothbrushes,Oral-B,37029,27.51040119,1346,4391
SKU1118,8/13/2022,Synergix solutions ,Oral Care,Toothbrushes,Manual Toothbrushes,Oral-B,28535,21.21561338,1345,3366
SKU1118,10-08-22,Synergix solutions ,Oral Care,Toothbrushes,Manual Toothbrushes,Oral-B,12137,21.90794224,554,2010
SKU1118,1/22/2022,Synergix solutions ,Oral Care,Toothbrushes,Manual Toothbrushes,Oral-B,17884,11.75805391,1521,5213
SKU1118,1/15/2022,Synergix solutions ,Oral Care,Toothbrushes,Manual Toothbrushes,Oral-B,32847,23.97591241,1370,4025
SKU1118,06-12-21,Synergix solutions ,Oral Care,Toothbrushes,Manual Toothbrushes,Oral-B,16638,15.26422018,1090,706
SKU1118,3/20/2021,Synergix solutions ,Oral Care,Toothbrushes,Manual Toothbrushes,Oral-B,25466,33.55204216,759,4305
SKU1118,8/28/2021,Synergix solutions ,Oral Care,Toothbrushes,Manual Toothbrushes,Oral-B,23013,36.52857143,630,1936
SKU1118,07-03-21,Synergix solutions ,Oral Care,Toothbrushes,Manual Toothbrushes,Oral-B,9556,13.74964029,695,3296
SKU1118,5/14/2022,Synergix solutions ,Oral Care,Toothbrushes,Manual Toothbrushes,Oral-B,23231,38.14614122,609,3006
SKU1118,2/20/2021,Synergix solutions ,Oral Care,Toothbrushes,Manual Toothbrushes,Oral-B,0,,0,0
SKU1118,11/26/2022,Synergix solutions ,Oral Care,Toothbrushes,Manual Toothbrushes,Oral-B,0,,0,0
SKU1118,07-02-22,Synergix solutions ,Oral Care,Toothbrushes,Manual Toothbrushes,Oral-B,7217,10.55116959,684,1679
SKU1118,5/28/2022,Synergix solutions ,Oral Care,Toothbrushes,Manual Toothbrushes,Oral-B,39303,28.19440459,1394,2679
SKU1118,04-10-21,Synergix solutions ,Oral Care,Toothbrushes,Manual Toothbrushes,Oral-B,0,,0,0
SKU1118,7/24/2021,Synergix solutions ,Oral Care,Toothbrushes,Manual Toothbrushes,Oral-B,0,,0,0
SKU1118,6/18/2022,Synergix solutions ,Oral Care,Toothbrushes,Manual Toothbrushes,Oral-B,0,,0,0
SKU1118,05-07-22,Synergix solutions ,Oral Care,Toothbrushes,Manual Toothbrushes,Oral-B,0,,0,0
SKU1118,11-12-22,Synergix solutions ,Oral Care,Toothbrushes,Manual Toothbrushes,Oral-B,0,88.74117647,0,0
SKU1118,1/15/2022,Synergix solutions ,Oral Care,Toothbrushes,Manual Toothbrushes,Oral-B,25826,25.19609756,1025,4587
