Python for Data Science/POS_Data.csv
SKU ID,Date,Manufacturer,Sector,Category,Segment,Brand,Revenue($),Unit_price,Units_sold,Page_traffic
SKU1083,2/19/2022,Synergix solutions ,Oral Care,Toothbrushes,Electric Toothbrushes,Oral-B,16514,14.77101968,1118,4352
SKU1083,6/18/2022,Synergix solutions ,Oral Care,Toothbrushes,Electric Toothbrushes,Oral-B,0,,0,0
SKU1083,5/14/2022,Synergix solutions ,Oral Care,Toothbrushes,Electric Toothbrushes,Oral-B,0,,0,0
SKU1083,4/17/2021,Synergix solutions ,Oral Care,Toothbrushes,Electric Toothbrushes,Oral-B,10150,12.88071066,788,3569
SKU1083,09-10-22,Synergix solutions ,Oral Care,Toothbrushes,Electric Toothbrushes,Oral-B,15867,15.30086789,1037,3547
SKU1083,6/25/2022,Synergix solutions ,Oral Care,Toothbrushes,Electric Toothbrushes,Oral-B,21034,13.81089954,1523,4872
SKU1083,06-12-21,Synergix solutions ,Oral Care,Toothbrushes,Electric Toothbrushes,Oral-B,0,,0,0
SKU1083,8/27/2022,Synergix solutions ,Oral Care,Toothbrushes,Electric Toothbrushes,Oral-B,0,,0,0
SKU1083,1/29/2022,Synergix solutions ,Oral Care,Toothbrushes,Electric Toothbrushes,Oral-B,0,,0,0
SKU1083,4/23/2022,Synergix solutions ,Oral Care,Toothbrushes,Electric Toothbrushes,Oral-B,0,,0,0
SKU1083,7/31/2021,Synergix solutions ,Oral Care,Toothbrushes,Electric Toothbrushes,Oral-B,32575,21.11147116,1543,3889
SKU1083,2/26/2022,Synergix solutions ,Oral Care,Toothbrushes,Electric Toothbrushes,Oral-B,0,,0,0
SKU1083,6/19/2021,Synergix solutions ,Oral Care,Toothbrushes,Electric Toothbrushes,Oral-B,18031,19.47192225,926,4302
SKU1083,09-11-21,Synergix solutions ,Oral Care,Toothbrushes,Electric Toothbrushes,Oral-B,20848,20.29990263,1027,4684
SKU1083,10/29/2022,Synergix solutions ,Oral Care,Toothbrushes,Electric Toothbrushes,Oral-B,0,,0,0
SKU1083,05-01-21,Synergix solutions ,Oral Care,Toothbrushes,Electric Toothbrushes,Oral-B,15005,17.5908558,853,2538
SKU1083,5/15/2021,Synergix solutions ,Oral Care,Toothbrushes,Electric Toothbrushes,Oral-B,24329,26.82359427,907,4132
SKU1083,8/13/2022,Synergix solutions ,Oral Care,Toothbrushes,Electric Toothbrushes,Oral-B,0,,0,0
SKU1083,10-09-21,Synergix solutions ,Oral Care,Toothbrushes,Electric Toothbrushes,Oral-B,26032,25.03076923,1040,3544
SKU1083,2/27/2021,Synergix solutions ,Oral Care,Toothbrushes,Electric Toothbrushes,Oral-B,35822,28.27308603,1267,2011
SKU1083,06-05-21,Synergix solutions ,Oral Care,Toothbrushes,Electric Toothbrushes,Oral-B,0,,0,0
SKU1083,01-09-21,Synergix solutions ,Oral Care,Toothbrushes,Electric Toothbrushes,Oral-B,9644,25.71733333,375,1449
SKU1083,05-01-21,Synergix solutions ,Oral Care,Toothbrushes,Electric Toothbrushes,Oral-B,10222,22.71555556,450,1732
SKU1083,4/30/2022,Synergix solutions ,Oral Care,Toothbrushes,Electric Toothbrushes,Oral-B,22205,19.44395797,1142,4105
SKU1083,7/31/2021,Synergix solutions ,Oral Care,Toothbrushes,Electric Toothbrushes,Oral-B,23412,18.78972713,1246,3457
SKU1083,6/26/2021,Synergix solutions ,Oral Care,Toothbrushes,Electric Toothbrushes,Oral-B,0,,0,0
SKU1087,3/19/2022,Synergix solutions ,Oral Care,Toothbrushes,Electric Toothbrushes,Oral-B,22722,16.12633073,1409,3962
SKU1087,01-01-22,Synergix solutions ,Oral Care,Toothbrushes,Electric Toothbrushes,Oral-B,27894,25.38125569,1099,3788
SKU1087,1/22/2022,Synergix solutions ,Oral Care,Toothbrushes,Electric Toothbrushes,Oral-B,0,,0,0
SKU1087,05-07-22,Synergix solutions ,Oral Care,Toothbrushes,Electric Toothbrushes,Oral-B,0,,0,0
SKU1087,4/24/2021,Synergix solutions ,Oral Care,Toothbrushes,Electric Toothbrushes,Oral-B,0,,0,0
SKU1087,5/22/2021,Synergix solutions ,Oral Care,Toothbrushes,Electric Toothbrushes,Oral-B,23829,18.23182862,1307,4052
SKU1087,1/23/2021,Synergix solutions ,Oral Care,Toothbrushes,Electric Toothbrushes,Oral-B,12406,12.93639208,959,4081
SKU1087,06-11-22,Synergix solutions ,Oral Care,Toothbrushes,Electric Toothbrushes,Oral-B,18199,13.78712121,1320,5810
SKU1087,03-06-21,Synergix solutions ,Oral Care,Toothbrushes,Electric Toothbrushes,Oral-B,6999,10.86801242,644,3345
SKU1087,3/19/2022,Synergix solutions ,Oral Care,Toothbrushes,Electric Toothbrushes,Oral-B,26540,20.79937304,1276,5478
SKU1087,12-11-21,Synergix solutions ,Oral Care,Toothbrushes,Electric Toothbrushes,Oral-B,0,,0,0
SKU1087,01-01-22,Synergix solutions ,Oral Care,Toothbrushes,Electric Toothbrushes,Oral-B,29092,23.69055375,1228,4411
SKU1087,1/16/2021,Synergix solutions ,Oral Care,Toothbrushes,Electric Toothbrushes,Oral-B,0,,0,0
SKU1087,04-02-22,Synergix solutions ,Oral Care,Toothbrushes,Electric Toothbrushes,Oral-B,25930,22.48915872,1153,1748
SKU1087,8/14/2021,Synergix solutions ,Oral Care,Toothbrushes,Electric Toothbrushes,Oral-B,0,,0,0
SKU1087,12/25/2021,Synergix solutions ,Oral Care,Toothbrushes,Electric Toothbrushes,Oral-B,24582,19.2046875,1280,3849
SKU1087,6/26/2021,Synergix solutions ,Oral Care,Toothbrushes,Electric Toothbrushes,Oral-B,26028,19.79315589,1315,1179
SKU1087,2/19/2022,Synergix solutions ,Oral Care,Toothbrushes,Electric Toothbrushes,Oral-B,0,8.22972973,0,297
SKU1087,09-04-21,Synergix solutions ,Oral Care,Toothbrushes,Electric Toothbrushes,Oral-B,23509,19.97366185,1177,2996
SKU1087,01-01-22,Synergix solutions ,Oral Care,Toothbrushes,Electric Toothbrushes,Oral-B,0,,0,0
SKU1087,08-07-21,Synergix solutions ,Oral Care,Toothbrushes,Electric Toothbrushes,Oral-B,24356,14.07047949,1731,6479
SKU1087,10-01-22,Synergix solutions ,Oral Care,Toothbrushes,Electric Toothbrushes,Oral-B,37779,43.27491409,873,1536
SKU1087,07-02-22,Synergix solutions ,Oral Care,Toothbrushes,Electric Toothbrushes,Oral-B,0,,0,0
SKU1087,07-10-21,Synergix solutions ,Oral Care,Toothbrushes,Electric Toothbrushes,Oral-B,0,,0,0
SKU1087,09-10-22,Synergix solutions ,Oral Care,Toothbrushes,Electric Toothbrushes,Oral-B,34499,38.12044199,905,3151
SKU1087,04-02-22,Synergix solutions ,Oral Care,Toothbrushes,Electric Toothbrushes,Oral-B,7246,21.12536443,343,2073
SKU1087,10/23/2021,Synergix solutions ,Oral Care,Toothbrushes,Electric Toothbrushes,Oral-B,0,88.74117647,0,0
SKU1077,01-08-22,Synergix solutions ,Oral Care,Toothbrushes,Electric Toothbrushes,Philips,41785,19.57142857,2135,5135
SKU1077,7/23/2022,Synergix solutions ,Oral Care,Toothbrushes,Electric Toothbrushes,Philips,0,,0,0
SKU1077,6/18/2022,Synergix solutions ,Oral Care,Toothbrushes,Electric Toothbrushes,Philips,17938,14.46612903,1240,4188
SKU1077,11-05-22,Synergix solutions ,Oral Care,Toothbrushes,Electric Toothbrushes,Philips,22711,16.56528082,1371,3439
SKU1077,04-03-21,Synergix solutions ,Oral Care,Toothbrushes,Electric Toothbrushes,Philips,19806,23.03023256,860,3354
SKU1077,5/28/2022,Synergix solutions ,Oral Care,Toothbrushes,Electric Toothbrushes,Philips,0,,0,0
SKU1077,5/21/2022,Synergix solutions ,Oral Care,Toothbrushes,Electric Toothbrushes,Philips,32095,24.25925926,1323,3555
SKU1077,08-06-22,Synergix solutions ,Oral Care,Toothbrushes,Electric Toothbrushes,Philips,0,,0,0
SKU1077,10-01-22,Synergix solutions ,Oral Care,Toothbrushes,Electric Toothbrushes,Philips,29711,27.03457689,1099,2758
SKU1077,6/18/2022,Synergix solutions ,Oral Care,Toothbrushes,Electric Toothbrushes,Philips,15551,10.45094086,1488,3969
SKU1077,1/29/2022,Synergix solutions ,Oral Care,Toothbrushes,Electric Toothbrushes,Philips,32477,24.34557721,1334,6506
SKU1077,06-11-22,Synergix solutions ,Oral Care,Toothbrushes,Electric Toothbrushes,Philips,29983,25.13243923,1193,2536
SKU1077,11/20/2021,Synergix solutions ,Oral Care,Toothbrushes,Electric Toothbrushes,Philips,27424,19.05767894,1439,4063
SKU1077,07-02-22,Synergix solutions ,Oral Care,Toothbrushes,Electric Toothbrushes,Philips,0,,0,0
SKU1077,7/31/2021,Synergix solutions ,Oral Care,Toothbrushes,Electric Toothbrushes,Philips,24669,23.99708171,1028,3502
SKU1077,08-06-22,Synergix solutions ,Oral Care,Toothbrushes,Electric Toothbrushes,Philips,0,,0,0
SKU1077,6/19/2021,Synergix solutions ,Oral Care,Toothbrushes,Electric Toothbrushes,Philips,36714,25.80042164,1423,5698
SKU1077,02-06-21,Synergix solutions ,Oral Care,Toothbrushes,Electric Toothbrushes,Philips,0,,0,0
SKU1077,5/29/2021,Synergix solutions ,Oral Care,Toothbrushes,Electric Toothbrushes,Philips,18810,14.58139535,1290,3289
SKU1085,09-03-22,Synergix solutions ,Oral Care,Toothbrushes,Electric Toothbrushes,Oral-B,36204,25.35294118,1428,2508
SKU1085,7/30/2022,Synergix solutions ,Oral Care,Toothbrushes,Electric Toothbrushes,Oral-B,0,,0,0
SKU1085,2/27/2021,Synergix solutions ,Oral Care,Toothbrushes,Electric Toothbrushes,Oral-B,11927,11.96288867,997,4181
SKU1085,3/26/2022,Synergix solutions ,Oral Care,Toothbrushes,Electric Toothbrushes,Oral-B,0,,0,0
SKU1085,06-05-21,Synergix solutions ,Oral Care,Toothbrushes,Electric Toothbrushes,Oral-B,0,,0,0
SKU1085,7/24/2021,Synergix solutions ,Oral Care,Toothbrushes,Electric Toothbrushes,Oral-B,0,,0,0
SKU1085,05-08-21,Synergix solutions ,Oral Care,Toothbrushes,Electric Toothbrushes,Oral-B,32359,20.82303732,1554,5334
SKU1085,06-11-22,Synergix solutions ,Oral Care,Toothbrushes,Electric Toothbrushes,Oral-B,40076,18.13393665,2210,6055
SKU1085,7/23/2022,Synergix solutions ,Oral Care,Toothbrushes,Electric Toothbrushes,Oral-B,39410,29.06342183,1356,3963
SKU1085,9/17/2022,Synergix solutions ,Oral Care,Toothbrushes,Electric Toothbrushes,Oral-B,36971,34.07465438,1085,3208
SKU1085,1/15/2022,Synergix solutions ,Oral Care,Toothbrushes,Electric Toothbrushes,Oral-B,20186,12.74368687,1584,6070
SKU1085,04-02-22,Synergix solutions ,Oral Care,Toothbrushes,Electric Toothbrushes,Oral-B,0,24.93333333,0,0
SKU1085,2/13/2021,Synergix solutions ,Oral Care,Toothbrushes,Electric Toothbrushes,Oral-B,36078,25.91810345,1392,5211
SKU1085,05-08-21,Synergix solutions ,Oral Care,Toothbrushes,Electric Toothbrushes,Oral-B,0,,0,0
SKU1085,05-08-21,Synergix solutions ,Oral Care,Toothbrushes,Electric Toothbrushes,Oral-B,0,,0,0
SKU1085,7/24/2021,Synergix solutions ,Oral Care,Toothbrushes,Electric Toothbrushes,Oral-B,22548,23.31747673,967,5314
SKU1085,9/18/2021,Synergix solutions ,Oral Care,Toothbrushes,Electric Toothbrushes,Oral-B,22908,13.1353211,1744,3866
SKU1085,10/16/2021,Synergix solutions ,Oral Care,Toothbrushes,Electric Toothbrushes,Oral-B,0,,0,0
SKU1085,11/13/2021,Synergix solutions ,Oral Care,Toothbrushes,Electric Toothbrushes,Oral-B,21705,19.64253394,1105,3397
SKU1085,12/25/2021,Synergix solutions ,Oral Care,Toothbrushes,Electric Toothbrushes,Oral-B,16572,19.13625866,866,3111
SKU1085,3/26/2022,Synergix solutions ,Oral Care,Toothbrushes,Electric Toothbrushes,Oral-B,0,,0,0
SKU1085,1/30/2021,Synergix solutions ,Oral Care,Toothbrushes,Electric Toothbrushes,Oral-B,15092,20.70233196,729,1513.180627
SKU1085,08-07-21,Synergix solutions ,Oral Care,Toothbrushes,Electric Toothbrushes,Oral-B,19775,17.39226033,1137,3627
SKU1085,12/18/2021,Synergix solutions ,Oral Care,Toothbrushes,Electric Toothbrushes,Oral-B,0,,0,0
SKU1085,01-08-22,Synergix solutions ,Oral Care,Toothbrushes,Electric Toothbrushes,Oral-B,23288,31.51285521,739,2093
SKU1085,4/16/2022,Synergix solutions ,Oral Care,Toothbrushes,Electric Toothbrushes,Oral-B,28067,41.51923077,676,2138
SKU1085,4/16/2022,Synergix solutions ,Oral Care,Toothbrushes,Electric Toothbrushes,Oral-B,0,,0,0
SKU1085,4/30/2022,Synergix solutions ,Oral Care,Toothbrushes,Electric Toothbrushes,Oral-B,32797,46.38896747,707,3551
SKU1104,10-08-22,Synergix solutions ,Oral Care,Toothbrushes,Kids Toothbrushes,Oral-B,0,,0,0
SKU1104,9/24/2022,Synergix solutions ,Oral Care,Toothbrushes,Kids Toothbrushes,Oral-B,19340,25.92493298,746,1549
SKU1104,06-12-21,Synergix solutions ,Oral Care,Toothbrushes,Kids Toothbrushes,Oral-B,0,,0,0
SKU1104,06-05-21,Synergix solutions ,Oral Care,Toothbrushes,Kids Toothbrushes,Oral-B,0,,0,0
SKU1104,5/15/2021,Synergix solutions ,Oral Care,Toothbrushes,Kids Toothbrushes,Oral-B,16770,25.60305344,655,2697
SKU1104,7/24/2021,Synergix solutions ,Oral Care,Toothbrushes,Kids Toothbrushes,Oral-B,0,,0,0
SKU1104,2/27/2021,Synergix solutions ,Oral Care,Toothbrushes,Kids Toothbrushes,Oral-B,7496,17.15331808,437,971
SKU1104,5/21/2022,Synergix solutions ,Oral Care,Toothbrushes,Kids Toothbrushes,Oral-B,0,,0,0
SKU1104,12-10-22,Synergix solutions ,Oral Care,Toothbrushes,Kids Toothbrushes,Oral-B,0,,0,0
SKU1104,11/19/2022,Synergix solutions ,Oral Care,Toothbrushes,Kids Toothbrushes,Oral-B,0,,0,0
SKU1104,12/31/2022,Synergix solutions ,Oral Care,Toothbrushes,Kids Toothbrushes,Oral-B,40392,21.10344828,1914,4269
SKU1104,8/20/2022,Synergix solutions ,Oral Care,Toothbrushes,Kids Toothbrushes,Oral-B,22879,18.05761642,1267,3999
SKU1104,7/30/2022,Synergix solutions ,Oral Care,Toothbrushes,Kids Toothbrushes,Oral-B,19442,15.26059655,1274,6209
SKU1104,12-10-22,Synergix solutions ,Oral Care,Toothbrushes,Kids Toothbrushes,Oral-B,0,,0,0
SKU1104,7/23/2022,Synergix solutions ,Oral Care,Toothbrushes,Kids Toothbrushes,Oral-B,0,,0,0
SKU1104,7/23/2022,Synergix solutions ,Oral Care,Toothbrushes,Kids Toothbrushes,Oral-B,19689,22.60505166,871,2510
SKU1104,02-12-22,Synergix solutions ,Oral Care,Toothbrushes,Kids Toothbrushes,Oral-B,0,,0,0
SKU1104,11/19/2022,Synergix solutions ,Oral Care,Toothbrushes,Kids Toothbrushes,Oral-B,24608,19.82917002,1241,4112
SKU1104,11/20/2021,Synergix solutions ,Oral Care,Toothbrushes,Kids Toothbrushes,Oral-B,32275,20.66261204,1562,3682
SKU1104,6/25/2022,Synergix solutions ,Oral Care,Toothbrushes,Kids Toothbrushes,Oral-B,27028,14.81798246,1824,4309
SKU1104,7/31/2021,Synergix solutions ,Oral Care,Toothbrushes,Kids Toothbrushes,Oral-B,17635,14.64700997,1204,4819
SKU1104,5/28/2022,Synergix solutions ,Oral Care,Toothbrushes,Kids Toothbrushes,Oral-B,0,72.61904762,0,0
SKU1104,12-10-22,Synergix solutions ,Oral Care,Toothbrushes,Kids Toothbrushes,Oral-B,27994,15.56086715,1799,6300
SKU1104,10-08-22,Synergix solutions ,Oral Care,Toothbrushes,Kids Toothbrushes,Oral-B,0,15.61832061,0,348
SKU1104,11-06-21,Synergix solutions ,Oral Care,Toothbrushes,Kids Toothbrushes,Oral-B,0,,0,0
SKU1104,8/28/2021,Synergix solutions ,Oral Care,Toothbrushes,Kids Toothbrushes,Oral-B,29080,18.46349206,1575,3475
SKU1104,02-12-22,Synergix solutions ,Oral Care,Toothbrushes,Kids Toothbrushes,Oral-B,13495,14.96119734,902,3330
SKU1104,3/26/2022,Synergix solutions ,Oral Care,Toothbrushes,Kids Toothbrushes,Oral-B,0,,0,0
SKU1104,4/16/2022,Synergix solutions ,Oral Care,Toothbrushes,Kids Toothbrushes,Oral-B,0,,0,0
SKU1104,11/27/2021,Synergix solutions ,Oral Care,Toothbrushes,Kids Toothbrushes,Oral-B,17972,30.87972509,582,3620
SKU1102,8/21/2021,Synergix solutions ,Oral Care,Toothbrushes,Kids Toothbrushes,Oral-B,0,,0,0
SKU1102,10/16/2021,Synergix solutions ,Oral Care,Toothbrushes,Kids Toothbrushes,Oral-B,25443,22.7983871,1116,3324
SKU1102,01-08-22,Synergix solutions ,Oral Care,Toothbrushes,Kids Toothbrushes,Oral-B,0,,0,0
SKU1102,02-12-22,Synergix solutions ,Oral Care,Toothbrushes,Kids Toothbrushes,Oral-B,0,,0,0
SKU1102,01-08-22,Synergix solutions ,Oral Care,Toothbrushes,Kids Toothbrushes,Oral-B,0,,0,0
SKU1102,12/17/2022,Synergix solutions ,Oral Care,Toothbrushes,Kids Toothbrushes,Oral-B,28206,17.44341373,1617,5521
SKU1102,12/17/2022,Synergix solutions ,Oral Care,Toothbrushes,Kids Toothbrushes,Oral-B,0,,0,0
SKU1102,10/22/2022,Synergix solutions ,Oral Care,Toothbrushes,Kids Toothbrushes,Oral-B,0,,0,0
SKU1102,2/26/2022,Synergix solutions ,Oral Care,Toothbrushes,Kids Toothbrushes,Oral-B,33395,30.30399274,1102,4256
SKU1102,03-05-22,Synergix solutions ,Oral Care,Toothbrushes,Kids Toothbrushes,Oral-B,0,,0,0
SKU1102,04-02-22,Synergix solutions ,Oral Care,Toothbrushes,Kids Toothbrushes,Oral-B,36992,29.80821918,1241,5198
SKU1102,06-04-22,Synergix solutions ,Oral Care,Toothbrushes,Kids Toothbrushes,Oral-B,21567,18.73761946,1151,3872
SKU1102,05-07-22,Synergix solutions ,Oral Care,Toothbrushes,Kids Toothbrushes,Oral-B,22559,20.25044883,1114,4461
SKU1102,09-11-21,Synergix solutions ,Oral Care,Toothbrushes,Kids Toothbrushes,Oral-B,26782,15.49884259,1728,4089
SKU1102,06-12-21,Synergix solutions ,Oral Care,Toothbrushes,Kids Toothbrushes,Oral-B,0,,0,1020
SKU1102,4/24/2021,Synergix solutions ,Oral Care,Toothbrushes,Kids Toothbrushes,Oral-B,9312,7.326514555,1271,2606
SKU1102,04-09-22,Synergix solutions ,Oral Care,Toothbrushes,Kids Toothbrushes,Oral-B,0,,0,0
SKU1102,12/31/2022,Synergix solutions ,Oral Care,Toothbrushes,Kids Toothbrushes,Oral-B,35256,27.05755948,1303,4486
SKU1102,02-12-22,Synergix solutions ,Oral Care,Toothbrushes,Kids Toothbrushes,Oral-B,35338,24.42156185,1447,1923
SKU1102,01-09-21,Synergix solutions ,Oral Care,Toothbrushes,Kids Toothbrushes,Oral-B,0,,0,0
SKU1102,6/25/2022,Synergix solutions ,Oral Care,Toothbrushes,Kids Toothbrushes,Oral-B,0,,0,0
SKU1102,11-05-22,Synergix solutions ,Oral Care,Toothbrushes,Kids Toothbrushes,Oral-B,28831,24.83290267,1161,3217
SKU1102,05-01-21,Synergix solutions ,Oral Care,Toothbrushes,Kids Toothbrushes,Oral-B,0,,0,0
SKU1102,11/13/2021,Synergix solutions ,Oral Care,Toothbrushes,Kids Toothbrushes,Oral-B,8070,16.95378151,476,1251
SKU1102,11-06-21,Synergix solutions ,Oral Care,Toothbrushes,Kids Toothbrushes,Oral-B,9906,20.89873418,474,1186
SKU1102,04-03-21,Synergix solutions ,Oral Care,Toothbrushes,Kids Toothbrushes,Oral-B,23858,26.21758242,910,4535
