Python for Data Science/POS_Data.csv
SKU ID,Date,Manufacturer,Sector,Category,Segment,Brand,Revenue($),Unit_price,Units_sold,Page_traffic
SKU1099,01-01-22,Synergix solutions ,Oral Care,Toothbrushes,Kids Toothbrushes,Colgate,0,,0,0
SKU1099,12-04-21,Synergix solutions ,Oral Care,Toothbrushes,Kids Toothbrushes,Colgate,37615,36.41335915,1033,2936
SKU1099,9/18/2021,Synergix solutions ,Oral Care,Toothbrushes,Kids Toothbrushes,Colgate,0,,0,0
SKU1099,7/30/2022,Synergix solutions ,Oral Care,Toothbrushes,Kids Toothbrushes,Colgate,11527,18.0109375,640,3141
SKU1099,09-10-22,Synergix solutions ,Oral Care,Toothbrushes,Kids Toothbrushes,Colgate,16218,14.6504065,1107,3373
SKU1099,11-05-22,Synergix solutions ,Oral Care,Toothbrushes,Kids Toothbrushes,Colgate,23045,20.02172024,1151,2291
SKU1099,11/19/2022,Synergix solutions ,Oral Care,Toothbrushes,Kids Toothbrushes,Colgate,23057,23.10320641,998,2658
SKU1099,10-09-21,Synergix solutions ,Oral Care,Toothbrushes,Kids Toothbrushes,Colgate,0,,0,0
SKU1099,02-12-22,Synergix solutions ,Oral Care,Toothbrushes,Kids Toothbrushes,Colgate,14462,17.76658477,814,3542
SKU1099,06-05-21,Synergix solutions ,Oral Care,Toothbrushes,Kids Toothbrushes,Colgate,0,,0,0
SKU1099,12-11-21,Synergix solutions ,Oral Care,Toothbrushes,Kids Toothbrushes,Colgate,31882,19.85180573,1606,5337
SKU1099,07-03-21,Synergix solutions ,Oral Care,Toothbrushes,Kids Toothbrushes,Colgate,11355,10.58247903,1073,4362
SKU1099,11/20/2021,Synergix solutions ,Oral Care,Toothbrushes,Kids Toothbrushes,Colgate,35303,28.88952537,1222,2066
SKU1099,4/17/2021,Synergix solutions ,Oral Care,Toothbrushes,Kids Toothbrushes,Colgate,31413,23.18302583,1355,2799
SKU1099,9/25/2021,Synergix solutions ,Oral Care,Toothbrushes,Kids Toothbrushes,Colgate,21422,12.28325688,1744,3366
SKU1099,3/27/2021,Synergix solutions ,Oral Care,Toothbrushes,Kids Toothbrushes,Colgate,0,,0,0
SKU1099,07-10-21,Synergix solutions ,Oral Care,Toothbrushes,Kids Toothbrushes,Colgate,0,,0,0
SKU1099,7/31/2021,Synergix solutions ,Oral Care,Toothbrushes,Kids Toothbrushes,Colgate,18970,12.38250653,1532,4458
SKU1099,6/26/2021,Synergix solutions ,Oral Care,Toothbrushes,Kids Toothbrushes,Colgate,24788,16.30789474,1520,7896
SKU1099,6/19/2021,Synergix solutions ,Oral Care,Toothbrushes,Kids Toothbrushes,Colgate,13752,17.54081633,784,1971
SKU1099,04-03-21,Synergix solutions ,Oral Care,Toothbrushes,Kids Toothbrushes,Colgate,0,,0,0
SKU1099,10/16/2021,Synergix solutions ,Oral Care,Toothbrushes,Kids Toothbrushes,Colgate,0,,0,0
SKU1099,1/22/2022,Synergix solutions ,Oral Care,Toothbrushes,Kids Toothbrushes,Colgate,0,,0,0
SKU1099,02-06-21,Synergix solutions ,Oral Care,Toothbrushes,Kids Toothbrushes,Colgate,23461,26.42004505,888,2718
SKU1099,10-01-22,Synergix solutions ,Oral Care,Toothbrushes,Kids Toothbrushes,Colgate,25494,22.62111801,1127,2222
SKU1099,8/27/2022,Synergix solutions ,Oral Care,Toothbrushes,Kids Toothbrushes,Colgate,0,,0,0
SKU1099,6/19/2021,Synergix solutions ,Oral Care,Toothbrushes,Kids Toothbrushes,Colgate,0,,0,0
SKU1099,12/24/2022,Synergix solutions ,Oral Care,Toothbrushes,Kids Toothbrushes,Colgate,0,,0,0
SKU1099,7/31/2021,Synergix solutions ,Oral Care,Toothbrushes,Kids Toothbrushes,Colgate,0,,0,0
SKU1099,10-08-22,Synergix solutions ,Oral Care,Toothbrushes,Kids Toothbrushes,Colgate,21808,19.24801412,1133,2280
SKU1099,08-07-21,Synergix solutions ,Oral Care,Toothbrushes,Kids Toothbrushes,Colgate,0,,0,0
SKU1099,10/16/2021,Synergix solutions ,Oral Care,Toothbrushes,Kids Toothbrushes,Colgate,28034,12.36612263,2267,5115
SKU1075,1/23/2021,Synergix solutions ,Oral Care,Toothbrushes,Electric Toothbrushes,Philips,37113,22.34376881,1661,3495
SKU1075,9/17/2022,Synergix solutions ,Oral Care,Toothbrushes,Electric Toothbrushes,Philips,29934,32.93069307,909,146
SKU1075,11/13/2021,Synergix solutions ,Oral Care,Toothbrushes,Electric Toothbrushes,Philips,0,,0,0
SKU1075,01-08-22,Synergix solutions ,Oral Care,Toothbrushes,Electric Toothbrushes,Philips,42980,21.01711491,2045,4635
SKU1075,04-03-21,Synergix solutions ,Oral Care,Toothbrushes,Electric Toothbrushes,Philips,26558,32.66666667,813,3987
SKU1075,7/16/2022,Synergix solutions ,Oral Care,Toothbrushes,Electric Toothbrushes,Philips,0,,0,0
SKU1075,11-12-22,Synergix solutions ,Oral Care,Toothbrushes,Electric Toothbrushes,Philips,0,,0,0
SKU1075,12-04-21,Synergix solutions ,Oral Care,Toothbrushes,Electric Toothbrushes,Philips,32259,24.73849693,1304,3048
SKU1075,7/16/2022,Synergix solutions ,Oral Care,Toothbrushes,Electric Toothbrushes,Philips,24962,20.54485597,1215,4634
SKU1075,01-09-21,Synergix solutions ,Oral Care,Toothbrushes,Electric Toothbrushes,Philips,4681,11.79093199,397,2648
SKU1075,6/18/2022,Synergix solutions ,Oral Care,Toothbrushes,Electric Toothbrushes,Philips,32873,20.70088161,1588,3747
SKU1075,08-07-21,Synergix solutions ,Oral Care,Toothbrushes,Electric Toothbrushes,Philips,29395,25.45021645,1155,4395
SKU1075,5/22/2021,Synergix solutions ,Oral Care,Toothbrushes,Electric Toothbrushes,Philips,0,,0,0
SKU1075,04-10-21,Synergix solutions ,Oral Care,Toothbrushes,Electric Toothbrushes,Philips,0,12.34715026,0,0
SKU1075,11-06-21,Synergix solutions ,Oral Care,Toothbrushes,Electric Toothbrushes,Philips,20057,22.74036281,882,1144
SKU1075,2/13/2021,Synergix solutions ,Oral Care,Toothbrushes,Electric Toothbrushes,Philips,24831,19.29370629,1287,3895
SKU1075,11/27/2021,Synergix solutions ,Oral Care,Toothbrushes,Electric Toothbrushes,Philips,27220,19.85412108,1371,3135
SKU1075,1/23/2021,Synergix solutions ,Oral Care,Toothbrushes,Electric Toothbrushes,Philips,0,8.22972973,0,0
SKU1075,12/31/2022,Synergix solutions ,Oral Care,Toothbrushes,Electric Toothbrushes,Philips,0,,0,0
SKU1075,8/28/2021,Synergix solutions ,Oral Care,Toothbrushes,Electric Toothbrushes,Philips,4711,26.31843575,179,790
SKU1075,04-03-21,Synergix solutions ,Oral Care,Toothbrushes,Electric Toothbrushes,Philips,0,,0,0
SKU1075,10-01-22,Synergix solutions ,Oral Care,Toothbrushes,Electric Toothbrushes,Philips,0,,0,0
SKU1075,07-03-21,Synergix solutions ,Oral Care,Toothbrushes,Electric Toothbrushes,Philips,31054,26.58732877,1168,4496
SKU1130,3/20/2021,Synergix solutions ,Oral Care,Toothbrushes,Manual Toothbrushes,Colgate,29273,21.87817638,1338,3229
SKU1130,8/28/2021,Synergix solutions ,Oral Care,Toothbrushes,Manual Toothbrushes,Colgate,16627,24.96546547,666,858
SKU1130,01-01-22,Synergix solutions ,Oral Care,Toothbrushes,Manual Toothbrushes,Colgate,16787,31.26070764,537,652
SKU1130,11/13/2021,Synergix solutions ,Oral Care,Toothbrushes,Manual Toothbrushes,Colgate,0,,0,0
SKU1130,11/27/2021,Synergix solutions ,Oral Care,Toothbrushes,Manual Toothbrushes,Colgate,0,,0,0
SKU1130,3/20/2021,Synergix solutions ,Oral Care,Toothbrushes,Manual Toothbrushes,Colgate,0,,0,0
SKU1130,01-02-21,Synergix solutions ,Oral Care,Toothbrushes,Manual Toothbrushes,Colgate,14571,23.01895735,633,5110
SKU1130,11/27/2021,Synergix solutions ,Oral Care,Toothbrushes,Manual Toothbrushes,Colgate,15031,25.51952462,589,3624
SKU1130,8/13/2022,Synergix solutions ,Oral Care,Toothbrushes,Manual Toothbrushes,Colgate,0,,0,0
SKU1130,10-01-22,Synergix solutions ,Oral Care,Toothbrushes,Manual Toothbrushes,Colgate,0,,0,0
SKU1130,07-10-21,Synergix solutions ,Oral Care,Toothbrushes,Manual Toothbrushes,Colgate,0,,0,0
SKU1130,11/20/2021,Synergix solutions ,Oral Care,Toothbrushes,Manual Toothbrushes,Colgate,25255,28.40832396,889,3458
SKU1130,9/25/2021,Synergix solutions ,Oral Care,Toothbrushes,Manual Toothbrushes,Colgate,29841,11.7484252,2540,4623
SKU1130,11/26/2022,Synergix solutions ,Oral Care,Toothbrushes,Manual Toothbrushes,Colgate,0,,0,0
SKU1130,2/26/2022,Synergix solutions ,Oral Care,Toothbrushes,Manual Toothbrushes,Colgate,12488,19.57366771,638,2805
SKU1130,1/15/2022,Synergix solutions ,Oral Care,Toothbrushes,Manual Toothbrushes,Colgate,20782,14.01348618,1483,4895
SKU1130,01-09-21,Synergix solutions ,Oral Care,Toothbrushes,Manual Toothbrushes,Colgate,0,,0,0
SKU1130,06-11-22,Synergix solutions ,Oral Care,Toothbrushes,Manual Toothbrushes,Colgate,29354,23.25990491,1262,3378
SKU1130,05-01-21,Synergix solutions ,Oral Care,Toothbrushes,Manual Toothbrushes,Colgate,17061,22.65737052,753,5662
SKU1130,5/29/2021,Synergix solutions ,Oral Care,Toothbrushes,Manual Toothbrushes,Colgate,7981,14.35431655,556,1590
SKU1130,6/19/2021,Synergix solutions ,Oral Care,Toothbrushes,Manual Toothbrushes,Colgate,31131,24.28315133,1282,4532
SKU1130,04-02-22,Synergix solutions ,Oral Care,Toothbrushes,Manual Toothbrushes,Colgate,0,,0,0
SKU1130,7/23/2022,Synergix solutions ,Oral Care,Toothbrushes,Manual Toothbrushes,Colgate,0,,0,0
SKU1130,2/26/2022,Synergix solutions ,Oral Care,Toothbrushes,Manual Toothbrushes,Colgate,34798,21.10248636,1649,4607
SKU1130,9/17/2022,Synergix solutions ,Oral Care,Toothbrushes,Manual Toothbrushes,Colgate,15225,20.49125168,743,1615
SKU1130,7/30/2022,Synergix solutions ,Oral Care,Toothbrushes,Manual Toothbrushes,Colgate,17618,18.94408602,930,3235
SKU1130,8/28/2021,Synergix solutions ,Oral Care,Toothbrushes,Manual Toothbrushes,Colgate,37242,29.14084507,1278,8327
SKU1084,8/14/2021,Synergix solutions ,Oral Care,Toothbrushes,Electric Toothbrushes,Oral-B,21909,24.02302632,912,986
SKU1084,09-03-22,Synergix solutions ,Oral Care,Toothbrushes,Electric Toothbrushes,Oral-B,0,,0,0
SKU1084,2/13/2021,Synergix solutions ,Oral Care,Toothbrushes,Electric Toothbrushes,Oral-B,0,,0,0
SKU1084,4/24/2021,Synergix solutions ,Oral Care,Toothbrushes,Electric Toothbrushes,Oral-B,0,,0,0
SKU1084,07-10-21,Synergix solutions ,Oral Care,Toothbrushes,Electric Toothbrushes,Oral-B,39300,22.04150308,1783,4985
SKU1084,1/30/2021,Synergix solutions ,Oral Care,Toothbrushes,Electric Toothbrushes,Oral-B,0,,0,0
SKU1084,09-11-21,Synergix solutions ,Oral Care,Toothbrushes,Electric Toothbrushes,Oral-B,0,,0,0
SKU1084,12-11-21,Synergix solutions ,Oral Care,Toothbrushes,Electric Toothbrushes,Oral-B,28551,28.69447236,995,3382
SKU1084,09-10-22,Synergix solutions ,Oral Care,Toothbrushes,Electric Toothbrushes,Oral-B,0,,0,0
SKU1084,9/18/2021,Synergix solutions ,Oral Care,Toothbrushes,Electric Toothbrushes,Oral-B,0,,0,0
SKU1084,1/23/2021,Synergix solutions ,Oral Care,Toothbrushes,Electric Toothbrushes,Oral-B,0,,0,0
SKU1084,10/15/2022,Synergix solutions ,Oral Care,Toothbrushes,Electric Toothbrushes,Oral-B,0,,0,0
SKU1084,6/19/2021,Synergix solutions ,Oral Care,Toothbrushes,Electric Toothbrushes,Oral-B,0,,0,0
SKU1084,4/23/2022,Synergix solutions ,Oral Care,Toothbrushes,Electric Toothbrushes,Oral-B,27807,23.23057644,1197,3786
SKU1084,10/23/2021,Synergix solutions ,Oral Care,Toothbrushes,Electric Toothbrushes,Oral-B,29363,21.54292003,1363,3261
SKU1084,1/15/2022,Synergix solutions ,Oral Care,Toothbrushes,Electric Toothbrushes,Oral-B,23338,13.38955823,1743,6484
SKU1084,06-04-22,Synergix solutions ,Oral Care,Toothbrushes,Electric Toothbrushes,Oral-B,25335,18.34540188,1381,4231
SKU1084,2/13/2021,Synergix solutions ,Oral Care,Toothbrushes,Electric Toothbrushes,Oral-B,26836,23.45804196,1144,3952
SKU1084,12/17/2022,Synergix solutions ,Oral Care,Toothbrushes,Electric Toothbrushes,Oral-B,36587,31.05857385,1178,1436
SKU1084,1/16/2021,Synergix solutions ,Oral Care,Toothbrushes,Electric Toothbrushes,Oral-B,14017,18.18028534,771,3122
SKU1084,9/24/2022,Synergix solutions ,Oral Care,Toothbrushes,Electric Toothbrushes,Oral-B,17205,18.07247899,952,2278
SKU1084,3/19/2022,Synergix solutions ,Oral Care,Toothbrushes,Electric Toothbrushes,Oral-B,18675,22.02240566,848,2359
SKU1084,2/13/2021,Synergix solutions ,Oral Care,Toothbrushes,Electric Toothbrushes,Oral-B,0,,0,0
SKU1084,04-03-21,Synergix solutions ,Oral Care,Toothbrushes,Electric Toothbrushes,Oral-B,11975,16.35928962,732,3298
SKU1084,4/30/2022,Synergix solutions ,Oral Care,Toothbrushes,Electric Toothbrushes,Oral-B,19922,17.93159316,1111,4067
SKU1084,2/13/2021,Synergix solutions ,Oral Care,Toothbrushes,Electric Toothbrushes,Oral-B,0,,0,0
SKU1084,5/21/2022,Synergix solutions ,Oral Care,Toothbrushes,Electric Toothbrushes,Oral-B,0,,0,0
SKU1084,4/24/2021,Synergix solutions ,Oral Care,Toothbrushes,Electric Toothbrushes,Oral-B,0,,0,0
SKU1084,4/17/2021,Synergix solutions ,Oral Care,Toothbrushes,Electric Toothbrushes,Oral-B,0,,0,0
SKU1084,06-12-21,Synergix solutions ,Oral Care,Toothbrushes,Electric Toothbrushes,Oral-B,0,,0,0
SKU1084,5/21/2022,Synergix solutions ,Oral Care,Toothbrushes,Electric Toothbrushes,Oral-B,24610,25.03560529,983,2238
SKU1084,9/18/2021,Synergix solutions ,Oral Care,Toothbrushes,Electric Toothbrushes,Oral-B,24088,14.01279814,1719,5180
SKU1084,7/16/2022,Synergix solutions ,Oral Care,Toothbrushes,Electric Toothbrushes,Oral-B,0,,0,0
SKU1084,11/26/2022,Synergix solutions ,Oral Care,Toothbrushes,Electric Toothbrushes,Oral-B,0,,0,0
SKU1084,8/21/2021,Synergix solutions ,Oral Care,Toothbrushes,Electric Toothbrushes,Oral-B,35711,30.39234043,1175,8127
SKU1125,6/25/2022,Synergix solutions ,Oral Care,Toothbrushes,Manual Toothbrushes,Colgate,15260,28.57677903,534,1768
SKU1125,1/30/2021,Synergix solutions ,Oral Care,Toothbrushes,Manual Toothbrushes,Colgate,9516,12.390625,768,3863
SKU1125,11-06-21,Synergix solutions ,Oral Care,Toothbrushes,Manual Toothbrushes,Colgate,23832,22.80574163,1045,3189
SKU1125,7/23/2022,Synergix solutions ,Oral Care,Toothbrushes,Manual Toothbrushes,Colgate,28615,24.27056828,1179,5081
SKU1125,7/17/2021,Synergix solutions ,Oral Care,Toothbrushes,Manual Toothbrushes,Colgate,35472,26.23668639,1352,6289
SKU1125,3/26/2022,Synergix solutions ,Oral Care,Toothbrushes,Manual Toothbrushes,Colgate,0,,0,0
SKU1125,08-06-22,Synergix solutions ,Oral Care,Toothbrushes,Manual Toothbrushes,Colgate,0,,0,0
SKU1125,03-05-22,Synergix solutions ,Oral Care,Toothbrushes,Manual Toothbrushes,Colgate,0,,0,0
SKU1125,7/23/2022,Synergix solutions ,Oral Care,Toothbrushes,Manual Toothbrushes,Colgate,0,,0,0
SKU1125,9/18/2021,Synergix solutions ,Oral Care,Toothbrushes,Manual Toothbrushes,Colgate,0,,0,0
SKU1125,3/13/2021,Synergix solutions ,Oral Care,Toothbrushes,Manual Toothbrushes,Colgate,10655,20.97440945,508,1455
SKU1125,8/28/2021,Synergix solutions ,Oral Care,Toothbrushes,Manual Toothbrushes,Colgate,0,,0,0
SKU1125,8/21/2021,Synergix solutions ,Oral Care,Toothbrushes,Manual Toothbrushes,Colgate,29959,21.53774263,1391,2880
SKU1125,11/13/2021,Synergix solutions ,Oral Care,Toothbrushes,Manual Toothbrushes,Colgate,35389,21.51306991,1645,3343
SKU1125,10/15/2022,Synergix solutions ,Oral Care,Toothbrushes,Manual Toothbrushes,Colgate,0,72.61904762,0,0
SKU1125,04-09-22,Synergix solutions ,Oral Care,Toothbrushes,Manual Toothbrushes,Colgate,0,,0,0
SKU1125,11/13/2021,Synergix solutions ,Oral Care,Toothbrushes,Manual Toothbrushes,Colgate,0,,0,0
SKU1125,7/17/2021,Synergix solutions ,Oral Care,Toothbrushes,Manual Toothbrushes,Colgate,20913,18.47438163,1132,791
SKU1125,06-05-21,Synergix solutions ,Oral Care,Toothbrushes,Manual Toothbrushes,Colgate,5852,12.24267782,478,967.5917178
SKU1125,3/27/2021,Synergix solutions ,Oral Care,Toothbrushes,Manual Toothbrushes,Colgate,22647,21.22492971,1067,2037
SKU1125,12-03-22,Synergix solutions ,Oral Care,Toothbrushes,Manual Toothbrushes,Colgate,25206,22.97721057,1097,3678
SKU1125,5/14/2022,Synergix solutions ,Oral Care,Toothbrushes,Manual Toothbrushes,Colgate,19123,29.78660436,642,4417
SKU1115,1/30/2021,Synergix solutions ,Oral Care,Toothbrushes,Manual Toothbrushes,Oral-B,0,,0,2765
SKU1115,9/17/2022,Synergix solutions ,Oral Care,Toothbrushes,Manual Toothbrushes,Oral-B,0,,0,0
SKU1115,11/13/2021,Synergix solutions ,Oral Care,Toothbrushes,Manual Toothbrushes,Oral-B,0,,0,383
SKU1115,06-12-21,Synergix solutions ,Oral Care,Toothbrushes,Manual Toothbrushes,Oral-B,21321,12.63841138,1687,3757
SKU1115,2/13/2021,Synergix solutions ,Oral Care,Toothbrushes,Manual Toothbrushes,Oral-B,10837,15.37163121,705,3036
SKU1115,08-06-22,Synergix solutions ,Oral Care,Toothbrushes,Manual Toothbrushes,Oral-B,18311,26.00994318,704,2695
SKU1115,09-03-22,Synergix solutions ,Oral Care,Toothbrushes,Manual Toothbrushes,Oral-B,20330,24.31818182,836,2328
SKU1115,1/22/2022,Synergix solutions ,Oral Care,Toothbrushes,Manual Toothbrushes,Oral-B,0,,0,0
SKU1115,8/20/2022,Synergix solutions ,Oral Care,Toothbrushes,Manual Toothbrushes,Oral-B,0,,0,0
SKU1115,6/19/2021,Synergix solutions ,Oral Care,Toothbrushes,Manual Toothbrushes,Oral-B,16585,23.82902299,696,4156
SKU1115,1/29/2022,Synergix solutions ,Oral Care,Toothbrushes,Manual Toothbrushes,Oral-B,0,,0,0
SKU1115,1/16/2021,Synergix solutions ,Oral Care,Toothbrushes,Manual Toothbrushes,Oral-B,36657,21.87171838,1676,3343
SKU1115,10-09-21,Synergix solutions ,Oral Care,Toothbrushes,Manual Toothbrushes,Oral-B,29352,18.08502773,1623,4554
SKU1115,02-05-22,Synergix solutions ,Oral Care,Toothbrushes,Manual Toothbrushes,Oral-B,23558,22.67372474,1039,3552
SKU1115,07-02-22,Synergix solutions ,Oral Care,Toothbrushes,Manual Toothbrushes,Oral-B,9165,7.846746575,1168,4022
SKU1115,04-09-22,Synergix solutions ,Oral Care,Toothbrushes,Manual Toothbrushes,Oral-B,0,72.61904762,0,0
SKU1115,01-01-22,Synergix solutions ,Oral Care,Toothbrushes,Manual Toothbrushes,Oral-B,0,,0,0
SKU1115,12/18/2021,Synergix solutions ,Oral Care,Toothbrushes,Manual Toothbrushes,Oral-B,22448,14.46391753,1552,4005
SKU1115,4/24/2021,Synergix solutions ,Oral Care,Toothbrushes,Manual Toothbrushes,Oral-B,0,,0,0
SKU1115,1/22/2022,Synergix solutions ,Oral Care,Toothbrushes,Manual Toothbrushes,Oral-B,21848,18.07113317,1209,6608
SKU1115,10/16/2021,Synergix solutions ,Oral Care,Toothbrushes,Manual Toothbrushes,Oral-B,12488,20.64132231,605,3635
SKU1115,7/17/2021,Synergix solutions ,Oral Care,Toothbrushes,Manual Toothbrushes,Oral-B,0,,0,0
SKU1115,8/27/2022,Synergix solutions ,Oral Care,Toothbrushes,Manual Toothbrushes,Oral-B,33935,34.17421954,993,3513
