Python for Data Science/POS_Data.csv
SKU ID,Date,Manufacturer,Sector,Category,Segment,Brand,Revenue($),Unit_price,Units_sold,Page_traffic
SKU1106,6/26/2021,Synergix solutions ,Oral Care,Toothbrushes,Kids Toothbrushes,Oral-B,0,,0,1716
SKU1106,12/31/2022,Synergix solutions ,Oral Care,Toothbrushes,Kids Toothbrushes,Oral-B,0,,0,62
SKU1106,8/14/2021,Synergix solutions ,Oral Care,Toothbrushes,Kids Toothbrushes,Oral-B,34202,32.79194631,1043,1914
SKU1106,12/25/2021,Synergix solutions ,Oral Care,Toothbrushes,Kids Toothbrushes,Oral-B,0,,0,0
SKU1106,10-08-22,Synergix solutions ,Oral Care,Toothbrushes,Kids Toothbrushes,Oral-B,0,,0,0
SKU1106,5/21/2022,Synergix solutions ,Oral Care,Toothbrushes,Kids Toothbrushes,Oral-B,24600,16.37816245,1502,5595
SKU1106,5/15/2021,Synergix solutions ,Oral Care,Toothbrushes,Kids Toothbrushes,Oral-B,0,,0,0
SKU1106,7/31/2021,Synergix solutions ,Oral Care,Toothbrushes,Kids Toothbrushes,Oral-B,0,,0,0
SKU1106,8/13/2022,Synergix solutions ,Oral Care,Toothbrushes,Kids Toothbrushes,Oral-B,0,,0,0
SKU1106,03-06-21,Synergix solutions ,Oral Care,Toothbrushes,Kids Toothbrushes,Oral-B,0,,0,0
SKU1106,12/31/2022,Synergix solutions ,Oral Care,Toothbrushes,Kids Toothbrushes,Oral-B,0,,0,0
SKU1106,7/16/2022,Synergix solutions ,Oral Care,Toothbrushes,Kids Toothbrushes,Oral-B,29191,21.93163035,1331,3797
SKU1106,8/14/2021,Synergix solutions ,Oral Care,Toothbrushes,Kids Toothbrushes,Oral-B,25689,15.17365623,1693,5066
SKU1106,1/22/2022,Synergix solutions ,Oral Care,Toothbrushes,Kids Toothbrushes,Oral-B,37354,25.27334235,1478,5640
SKU1106,4/24/2021,Synergix solutions ,Oral Care,Toothbrushes,Kids Toothbrushes,Oral-B,16490,17.43128964,946,2897
SKU1106,09-04-21,Synergix solutions ,Oral Care,Toothbrushes,Kids Toothbrushes,Oral-B,0,,0,0
SKU1106,06-12-21,Synergix solutions ,Oral Care,Toothbrushes,Kids Toothbrushes,Oral-B,25316,22.22651449,1139,3729
SKU1106,5/15/2021,Synergix solutions ,Oral Care,Toothbrushes,Kids Toothbrushes,Oral-B,0,,0,0
SKU1106,09-04-21,Synergix solutions ,Oral Care,Toothbrushes,Kids Toothbrushes,Oral-B,0,,0,0
SKU1106,01-08-22,Synergix solutions ,Oral Care,Toothbrushes,Kids Toothbrushes,Oral-B,0,,0,0
SKU1106,01-02-21,Synergix solutions ,Oral Care,Toothbrushes,Kids Toothbrushes,Oral-B,6611,23.19649123,285,1247
SKU1106,8/27/2022,Synergix solutions ,Oral Care,Toothbrushes,Kids Toothbrushes,Oral-B,0,,0,0
SKU1106,11/13/2021,Synergix solutions ,Oral Care,Toothbrushes,Kids Toothbrushes,Oral-B,34664,27.10242377,1279,3407
SKU1106,7/24/2021,Synergix solutions ,Oral Care,Toothbrushes,Kids Toothbrushes,Oral-B,30033,28.38657845,1058,2755
SKU1106,5/14/2022,Synergix solutions ,Oral Care,Toothbrushes,Kids Toothbrushes,Oral-B,38006,27.22492837,1396,5922
SKU1088,8/14/2021,Synergix solutions ,Oral Care,Toothbrushes,Electric Toothbrushes,Oral-B,0,,0,0
SKU1088,01-02-21,Synergix solutions ,Oral Care,Toothbrushes,Electric Toothbrushes,Oral-B,12636,32.90625,384,1448
SKU1088,10/23/2021,Synergix solutions ,Oral Care,Toothbrushes,Electric Toothbrushes,Oral-B,0,,0,0
SKU1088,07-09-22,Synergix solutions ,Oral Care,Toothbrushes,Electric Toothbrushes,Oral-B,30650,27.66245487,1108,3336
SKU1088,8/21/2021,Synergix solutions ,Oral Care,Toothbrushes,Electric Toothbrushes,Oral-B,0,,0,0
SKU1088,3/20/2021,Synergix solutions ,Oral Care,Toothbrushes,Electric Toothbrushes,Oral-B,20028,19.18390805,1044,4373
SKU1088,07-10-21,Synergix solutions ,Oral Care,Toothbrushes,Electric Toothbrushes,Oral-B,25376,19.41545524,1307,3320
SKU1088,5/14/2022,Synergix solutions ,Oral Care,Toothbrushes,Electric Toothbrushes,Oral-B,0,24.93333333,0,0
SKU1088,8/14/2021,Synergix solutions ,Oral Care,Toothbrushes,Electric Toothbrushes,Oral-B,27476,20.61215304,1333,5544
SKU1088,8/27/2022,Synergix solutions ,Oral Care,Toothbrushes,Electric Toothbrushes,Oral-B,19524,21.24483134,919,3435
SKU1088,12-03-22,Synergix solutions ,Oral Care,Toothbrushes,Electric Toothbrushes,Oral-B,25701,19.08017817,1347,4304
SKU1088,07-10-21,Synergix solutions ,Oral Care,Toothbrushes,Electric Toothbrushes,Oral-B,0,,0,151
SKU1088,1/22/2022,Synergix solutions ,Oral Care,Toothbrushes,Electric Toothbrushes,Oral-B,0,,0,0
SKU1088,8/13/2022,Synergix solutions ,Oral Care,Toothbrushes,Electric Toothbrushes,Oral-B,18425,39.53862661,466,2972
SKU1088,09-03-22,Synergix solutions ,Oral Care,Toothbrushes,Electric Toothbrushes,Oral-B,34507,24.52523099,1407,4827
SKU1088,11-05-22,Synergix solutions ,Oral Care,Toothbrushes,Electric Toothbrushes,Oral-B,45115,22.1586444,2036,4811
SKU1088,3/20/2021,Synergix solutions ,Oral Care,Toothbrushes,Electric Toothbrushes,Oral-B,0,88.74117647,0,0
SKU1088,6/25/2022,Synergix solutions ,Oral Care,Toothbrushes,Electric Toothbrushes,Oral-B,0,,0,0
SKU1088,2/13/2021,Synergix solutions ,Oral Care,Toothbrushes,Electric Toothbrushes,Oral-B,0,,0,0
SKU1097,7/30/2022,Synergix solutions ,Oral Care,Toothbrushes,Kids Toothbrushes,Colgate,0,,0,0
SKU1097,4/16/2022,Synergix solutions ,Oral Care,Toothbrushes,Kids Toothbrushes,Colgate,0,,0,0
SKU1097,8/20/2022,Synergix solutions ,Oral Care,Toothbrushes,Kids Toothbrushes,Colgate,20248,19.75414634,1025,5246
SKU1097,1/15/2022,Synergix solutions ,Oral Care,Toothbrushes,Kids Toothbrushes,Colgate,38196,21.23179544,1799,5293
SKU1097,11/19/2022,Synergix solutions ,Oral Care,Toothbrushes,Kids Toothbrushes,Colgate,23360,17.53753754,1332,4432
SKU1097,5/29/2021,Synergix solutions ,Oral Care,Toothbrushes,Kids Toothbrushes,Colgate,0,,0,0
SKU1097,09-03-22,Synergix solutions ,Oral Care,Toothbrushes,Kids Toothbrushes,Colgate,37502,20.18406889,1858,3562
SKU1097,04-03-21,Synergix solutions ,Oral Care,Toothbrushes,Kids Toothbrushes,Colgate,0,,0,210
SKU1097,1/29/2022,Synergix solutions ,Oral Care,Toothbrushes,Kids Toothbrushes,Colgate,34357,21.58103015,1592,5661
SKU1097,4/30/2022,Synergix solutions ,Oral Care,Toothbrushes,Kids Toothbrushes,Colgate,28336,21.14626866,1340,4175
SKU1097,03-12-22,Synergix solutions ,Oral Care,Toothbrushes,Kids Toothbrushes,Colgate,34863,16.7933526,2076,6007
SKU1097,06-04-22,Synergix solutions ,Oral Care,Toothbrushes,Kids Toothbrushes,Colgate,22212,23.52966102,944,4139
SKU1097,8/20/2022,Synergix solutions ,Oral Care,Toothbrushes,Kids Toothbrushes,Colgate,15381,17.94749125,857,1949
SKU1097,01-08-22,Synergix solutions ,Oral Care,Toothbrushes,Kids Toothbrushes,Colgate,32764,21.54109139,1521,7075
SKU1097,9/24/2022,Synergix solutions ,Oral Care,Toothbrushes,Kids Toothbrushes,Colgate,4318,16.8671875,256,675
SKU1097,1/16/2021,Synergix solutions ,Oral Care,Toothbrushes,Kids Toothbrushes,Colgate,37761,25.00728477,1510,5844
SKU1097,3/20/2021,Synergix solutions ,Oral Care,Toothbrushes,Kids Toothbrushes,Colgate,0,,0,0
SKU1097,1/15/2022,Synergix solutions ,Oral Care,Toothbrushes,Kids Toothbrushes,Colgate,0,,0,0
SKU1097,4/16/2022,Synergix solutions ,Oral Care,Toothbrushes,Kids Toothbrushes,Colgate,22616,37.75626043,599,3454
SKU1097,5/28/2022,Synergix solutions ,Oral Care,Toothbrushes,Kids Toothbrushes,Colgate,24123,33.13598901,728,4236
SKU1097,12/25/2021,Synergix solutions ,Oral Care,Toothbrushes,Kids Toothbrushes,Colgate,0,8.22972973,0,0
SKU1097,11-06-21,Synergix solutions ,Oral Care,Toothbrushes,Kids Toothbrushes,Colgate,19280,16.53516295,1166,2910
SKU1097,04-03-21,Synergix solutions ,Oral Care,Toothbrushes,Kids Toothbrushes,Colgate,8363,13.93833333,600,108
SKU1097,03-06-21,Synergix solutions ,Oral Care,Toothbrushes,Kids Toothbrushes,Colgate,0,,0,0
SKU1097,9/17/2022,Synergix solutions ,Oral Care,Toothbrushes,Kids Toothbrushes,Colgate,18109,34.23251418,529,2417
SKU1097,11/27/2021,Synergix solutions ,Oral Care,Toothbrushes,Kids Toothbrushes,Colgate,15025,12.9414298,1161,2878
SKU1126,01-09-21,Synergix solutions ,Oral Care,Toothbrushes,Manual Toothbrushes,Colgate,0,,0,0
SKU1126,11-12-22,Synergix solutions ,Oral Care,Toothbrushes,Manual Toothbrushes,Colgate,0,,0,0
SKU1126,5/28/2022,Synergix solutions ,Oral Care,Toothbrushes,Manual Toothbrushes,Colgate,0,,0,0
SKU1126,7/23/2022,Synergix solutions ,Oral Care,Toothbrushes,Manual Toothbrushes,Colgate,0,,0,0
SKU1126,7/24/2021,Synergix solutions ,Oral Care,Toothbrushes,Manual Toothbrushes,Colgate,10064,9.20768527,1093,3203
SKU1126,07-09-22,Synergix solutions ,Oral Care,Toothbrushes,Manual Toothbrushes,Colgate,25883,24.46408318,1058,2257
SKU1126,01-08-22,Synergix solutions ,Oral Care,Toothbrushes,Manual Toothbrushes,Colgate,0,,0,0
SKU1126,10/15/2022,Synergix solutions ,Oral Care,Toothbrushes,Manual Toothbrushes,Colgate,0,,0,0
SKU1126,1/29/2022,Synergix solutions ,Oral Care,Toothbrushes,Manual Toothbrushes,Colgate,0,,0,0
SKU1126,11-06-21,Synergix solutions ,Oral Care,Toothbrushes,Manual Toothbrushes,Colgate,0,,0,0
SKU1126,03-05-22,Synergix solutions ,Oral Care,Toothbrushes,Manual Toothbrushes,Colgate,0,,0,0
SKU1126,12/18/2021,Synergix solutions ,Oral Care,Toothbrushes,Manual Toothbrushes,Colgate,33074,22.0640427,1499,3940
SKU1126,07-10-21,Synergix solutions ,Oral Care,Toothbrushes,Manual Toothbrushes,Colgate,0,72.61904762,0,0
SKU1126,5/15/2021,Synergix solutions ,Oral Care,Toothbrushes,Manual Toothbrushes,Colgate,6569,10.56109325,622,1911
SKU1126,5/14/2022,Synergix solutions ,Oral Care,Toothbrushes,Manual Toothbrushes,Colgate,28273,21.16242515,1336,4331
SKU1126,11/26/2022,Synergix solutions ,Oral Care,Toothbrushes,Manual Toothbrushes,Colgate,22485,21.19227144,1061,4581
SKU1126,12/24/2022,Synergix solutions ,Oral Care,Toothbrushes,Manual Toothbrushes,Colgate,25320,24.79921645,1021,1792
SKU1126,12-03-22,Synergix solutions ,Oral Care,Toothbrushes,Manual Toothbrushes,Colgate,34252,20.24349882,1692,5170
SKU1126,10/29/2022,Synergix solutions ,Oral Care,Toothbrushes,Manual Toothbrushes,Colgate,36257,22.60411471,1604,4216
SKU1126,7/30/2022,Synergix solutions ,Oral Care,Toothbrushes,Manual Toothbrushes,Colgate,22197,35.97568882,617,3121
SKU1126,06-11-22,Synergix solutions ,Oral Care,Toothbrushes,Manual Toothbrushes,Colgate,0,,0,0
SKU1126,8/14/2021,Synergix solutions ,Oral Care,Toothbrushes,Manual Toothbrushes,Colgate,11823,9.877192982,1197,2851
SKU1126,8/28/2021,Synergix solutions ,Oral Care,Toothbrushes,Manual Toothbrushes,Colgate,6946,7.804494382,890,1890
SKU1126,05-08-21,Synergix solutions ,Oral Care,Toothbrushes,Manual Toothbrushes,Colgate,0,,0,0
SKU1126,10-08-22,Synergix solutions ,Oral Care,Toothbrushes,Manual Toothbrushes,Colgate,0,,0,0
SKU1126,10-09-21,Synergix solutions ,Oral Care,Toothbrushes,Manual Toothbrushes,Colgate,0,88.74117647,0,0
SKU1126,6/26/2021,Synergix solutions ,Oral Care,Toothbrushes,Manual Toothbrushes,Colgate,17582,22.74514877,773,3523
SKU1111,5/29/2021,Synergix solutions ,Oral Care,Toothbrushes,Manual Toothbrushes,Oral-B,0,,0,0
SKU1111,02-12-22,Synergix solutions ,Oral Care,Toothbrushes,Manual Toothbrushes,Oral-B,26778,31.68994083,845,662
SKU1111,7/31/2021,Synergix solutions ,Oral Care,Toothbrushes,Manual Toothbrushes,Oral-B,0,,0,0
SKU1111,7/17/2021,Synergix solutions ,Oral Care,Toothbrushes,Manual Toothbrushes,Oral-B,0,,0,0
SKU1111,1/29/2022,Synergix solutions ,Oral Care,Toothbrushes,Manual Toothbrushes,Oral-B,0,,0,0
SKU1111,09-10-22,Synergix solutions ,Oral Care,Toothbrushes,Manual Toothbrushes,Oral-B,0,,0,0
SKU1111,10/15/2022,Synergix solutions ,Oral Care,Toothbrushes,Manual Toothbrushes,Oral-B,24857,16.89802855,1471,3097
SKU1111,6/26/2021,Synergix solutions ,Oral Care,Toothbrushes,Manual Toothbrushes,Oral-B,0,,0,0
SKU1111,8/27/2022,Synergix solutions ,Oral Care,Toothbrushes,Manual Toothbrushes,Oral-B,28279,19.50275862,1450,3466
SKU1111,11/27/2021,Synergix solutions ,Oral Care,Toothbrushes,Manual Toothbrushes,Oral-B,0,,0,0
SKU1111,4/24/2021,Synergix solutions ,Oral Care,Toothbrushes,Manual Toothbrushes,Oral-B,36652,22.63866584,1619,6028
SKU1111,05-01-21,Synergix solutions ,Oral Care,Toothbrushes,Manual Toothbrushes,Oral-B,4524,9.048,500,2870
SKU1111,4/24/2021,Synergix solutions ,Oral Care,Toothbrushes,Manual Toothbrushes,Oral-B,27887,30.61141603,911,4834
SKU1111,10-09-21,Synergix solutions ,Oral Care,Toothbrushes,Manual Toothbrushes,Oral-B,24425,19.55564452,1249,5411
SKU1111,05-01-21,Synergix solutions ,Oral Care,Toothbrushes,Manual Toothbrushes,Oral-B,23394,22.17440758,1055,2830
SKU1111,7/16/2022,Synergix solutions ,Oral Care,Toothbrushes,Manual Toothbrushes,Oral-B,16105,12.69109535,1269,4648
SKU1111,09-11-21,Synergix solutions ,Oral Care,Toothbrushes,Manual Toothbrushes,Oral-B,32480,19.17355372,1694,3716
SKU1111,07-10-21,Synergix solutions ,Oral Care,Toothbrushes,Manual Toothbrushes,Oral-B,0,,0,0
SKU1111,5/21/2022,Synergix solutions ,Oral Care,Toothbrushes,Manual Toothbrushes,Oral-B,0,,0,0
SKU1111,6/25/2022,Synergix solutions ,Oral Care,Toothbrushes,Manual Toothbrushes,Oral-B,17411,24.94412607,698,1951
SKU1111,04-03-21,Synergix solutions ,Oral Care,Toothbrushes,Manual Toothbrushes,Oral-B,0,,0,0
SKU1076,3/13/2021,Synergix solutions ,Oral Care,Toothbrushes,Electric Toothbrushes,Philips,0,,0,0
SKU1076,12/18/2021,Synergix solutions ,Oral Care,Toothbrushes,Electric Toothbrushes,Philips,25730,16.71864847,1539,4509
SKU1076,1/23/2021,Synergix solutions ,Oral Care,Toothbrushes,Electric Toothbrushes,Philips,0,,0,0
SKU1076,5/29/2021,Synergix solutions ,Oral Care,Toothbrushes,Electric Toothbrushes,Philips,0,,0,0
SKU1076,04-02-22,Synergix solutions ,Oral Care,Toothbrushes,Electric Toothbrushes,Philips,32565,18.13195991,1796,2568
SKU1076,11/26/2022,Synergix solutions ,Oral Care,Toothbrushes,Electric Toothbrushes,Philips,33865,20.2420801,1673,6973
SKU1076,06-05-21,Synergix solutions ,Oral Care,Toothbrushes,Electric Toothbrushes,Philips,40779,21.28340292,1916,4279
SKU1076,02-06-21,Synergix solutions ,Oral Care,Toothbrushes,Electric Toothbrushes,Philips,14746,18.36363636,803,3222
SKU1076,12-11-21,Synergix solutions ,Oral Care,Toothbrushes,Electric Toothbrushes,Philips,23559,15.11161001,1559,5158
SKU1076,09-04-21,Synergix solutions ,Oral Care,Toothbrushes,Electric Toothbrushes,Philips,17287,15.21742958,1136,1951
SKU1076,06-11-22,Synergix solutions ,Oral Care,Toothbrushes,Electric Toothbrushes,Philips,22718,23.46900826,968,4054
SKU1076,12/17/2022,Synergix solutions ,Oral Care,Toothbrushes,Electric Toothbrushes,Philips,0,,0,0
SKU1076,01-02-21,Synergix solutions ,Oral Care,Toothbrushes,Electric Toothbrushes,Philips,35635,25.07741027,1421,4996
SKU1076,12/24/2022,Synergix solutions ,Oral Care,Toothbrushes,Electric Toothbrushes,Philips,0,,0,0
SKU1076,3/19/2022,Synergix solutions ,Oral Care,Toothbrushes,Electric Toothbrushes,Philips,14276,19.91073919,717,3771
SKU1076,05-07-22,Synergix solutions ,Oral Care,Toothbrushes,Electric Toothbrushes,Philips,22563,22.65361446,996,3458
SKU1076,1/16/2021,Synergix solutions ,Oral Care,Toothbrushes,Electric Toothbrushes,Philips,24064,27.59633028,872,4803
SKU1076,05-01-21,Synergix solutions ,Oral Care,Toothbrushes,Electric Toothbrushes,Philips,19861,25.89439374,767,3595
SKU1076,4/17/2021,Synergix solutions ,Oral Care,Toothbrushes,Electric Toothbrushes,Philips,17873,14.14003165,1264,5498
SKU1076,10/15/2022,Synergix solutions ,Oral Care,Toothbrushes,Electric Toothbrushes,Philips,0,,0,0
SKU1076,05-01-21,Synergix solutions ,Oral Care,Toothbrushes,Electric Toothbrushes,Philips,18187,21.34624413,852,4308
SKU1076,8/28/2021,Synergix solutions ,Oral Care,Toothbrushes,Electric Toothbrushes,Philips,0,,0,0
SKU1076,4/30/2022,Synergix solutions ,Oral Care,Toothbrushes,Electric Toothbrushes,Philips,0,,0,0
SKU1076,9/24/2022,Synergix solutions ,Oral Care,Toothbrushes,Electric Toothbrushes,Philips,0,,0,0
SKU1076,05-01-21,Synergix solutions ,Oral Care,Toothbrushes,Electric Toothbrushes,Philips,34025,26.03289977,1307,5033
SKU1076,07-09-22,Synergix solutions ,Oral Care,Toothbrushes,Electric Toothbrushes,Philips,36573,33.73892989,1084,3276
SKU1076,5/14/2022,Synergix solutions ,Oral Care,Toothbrushes,Electric Toothbrushes,Philips,1095,10.63106796,103,961
