Python for Data Science/POS_Data.csv
SKU ID,Date,Manufacturer,Sector,Category,Segment,Brand,Revenue($),Unit_price,Units_sold,Page_traffic
SKU1107,12/25/2021,Synergix solutions ,Oral Care,Toothbrushes,Kids Toothbrushes,Oral-B,0,,0,0
SKU1107,12/25/2021,Synergix solutions ,Oral Care,Toothbrushes,Kids Toothbrushes,Oral-B,17830,30.16920474,591,1144
SKU1107,2/27/2021,Synergix solutions ,Oral Care,Toothbrushes,Kids Toothbrushes,Oral-B,0,,0,0
SKU1107,09-04-21,Synergix solutions ,Oral Care,Toothbrushes,Kids Toothbrushes,Oral-B,0,,0,0
SKU1107,03-05-22,Synergix solutions ,Oral Care,Toothbrushes,Kids Toothbrushes,Oral-B,0,,0,0
SKU1107,3/19/2022,Synergix solutions ,Oral Care,Toothbrushes,Kids Toothbrushes,Oral-B,0,,0,0
SKU1107,03-12-22,Synergix solutions ,Oral Care,Toothbrushes,Kids Toothbrushes,Oral-B,24684,22.5630713,1094,3915
SKU1107,02-06-21,Synergix solutions ,Oral Care,Toothbrushes,Kids Toothbrushes,Oral-B,0,,0,0
SKU1107,05-01-21,Synergix solutions ,Oral Care,Toothbrushes,Kids Toothbrushes,Oral-B,0,,0,856
SKU1107,9/17/2022,Synergix solutions ,Oral Care,Toothbrushes,Kids Toothbrushes,Oral-B,0,,0,0
SKU1107,04-10-21,Synergix solutions ,Oral Care,Toothbrushes,Kids Toothbrushes,Oral-B,16380,25.08422665,653,2478
SKU1107,03-05-22,Synergix solutions ,Oral Care,Toothbrushes,Kids Toothbrushes,Oral-B,37428,23.3925,1600,4179
SKU1107,05-07-22,Synergix solutions ,Oral Care,Toothbrushes,Kids Toothbrushes,Oral-B,0,,0,0
SKU1107,10/15/2022,Synergix solutions ,Oral Care,Toothbrushes,Kids Toothbrushes,Oral-B,33892,34.65439673,978,2251
SKU1107,2/27/2021,Synergix solutions ,Oral Care,Toothbrushes,Kids Toothbrushes,Oral-B,18709,18.39626352,1017,3333
SKU1107,11-06-21,Synergix solutions ,Oral Care,Toothbrushes,Kids Toothbrushes,Oral-B,21199,17.7993283,1191,3395
SKU1107,7/23/2022,Synergix solutions ,Oral Care,Toothbrushes,Kids Toothbrushes,Oral-B,32660,23.89173372,1367,3209
SKU1107,11-12-22,Synergix solutions ,Oral Care,Toothbrushes,Kids Toothbrushes,Oral-B,17683,30.86038394,573,2017
SKU1107,07-09-22,Synergix solutions ,Oral Care,Toothbrushes,Kids Toothbrushes,Oral-B,18341,15.37384744,1193,3213
SKU1107,2/13/2021,Synergix solutions ,Oral Care,Toothbrushes,Kids Toothbrushes,Oral-B,13577,15.15290179,896,2486
SKU1107,12/25/2021,Synergix solutions ,Oral Care,Toothbrushes,Kids Toothbrushes,Oral-B,14958,21.55331412,694,3153
SKU1107,2/19/2022,Synergix solutions ,Oral Care,Toothbrushes,Kids Toothbrushes,Oral-B,13366,16.87626263,792,853
SKU1107,12/18/2021,Synergix solutions ,Oral Care,Toothbrushes,Kids Toothbrushes,Oral-B,0,,0,0
SKU1107,7/31/2021,Synergix solutions ,Oral Care,Toothbrushes,Kids Toothbrushes,Oral-B,0,,0,0
SKU1107,01-02-21,Synergix solutions ,Oral Care,Toothbrushes,Kids Toothbrushes,Oral-B,1177,11.65346535,101,2734
SKU1107,01-01-22,Synergix solutions ,Oral Care,Toothbrushes,Kids Toothbrushes,Oral-B,18325,16.95189639,1081,5883
SKU1107,12-11-21,Synergix solutions ,Oral Care,Toothbrushes,Kids Toothbrushes,Oral-B,0,,0,0
SKU1107,12/18/2021,Synergix solutions ,Oral Care,Toothbrushes,Kids Toothbrushes,Oral-B,0,,0,0
SKU1107,11/13/2021,Synergix solutions ,Oral Care,Toothbrushes,Kids Toothbrushes,Oral-B,0,,0,0
SKU1110,05-01-21,Synergix solutions ,Oral Care,Toothbrushes,Kids Toothbrushes,Oral-B,0,,0,0
SKU1110,02-05-22,Synergix solutions ,Oral Care,Toothbrushes,Kids Toothbrushes,Oral-B,0,,0,35
SKU1110,1/16/2021,Synergix solutions ,Oral Care,Toothbrushes,Kids Toothbrushes,Oral-B,11706,16.69900143,701,3124
SKU1110,06-05-21,Synergix solutions ,Oral Care,Toothbrushes,Kids Toothbrushes,Oral-B,0,,0,0
SKU1110,3/13/2021,Synergix solutions ,Oral Care,Toothbrushes,Kids Toothbrushes,Oral-B,20328,22.53658537,902,1298
SKU1110,4/23/2022,Synergix solutions ,Oral Care,Toothbrushes,Kids Toothbrushes,Oral-B,35936,25.32487667,1419,4258
SKU1110,01-01-22,Synergix solutions ,Oral Care,Toothbrushes,Kids Toothbrushes,Oral-B,23784,24.4691358,972,4657
SKU1110,06-12-21,Synergix solutions ,Oral Care,Toothbrushes,Kids Toothbrushes,Oral-B,0,,0,0
SKU1110,6/25/2022,Synergix solutions ,Oral Care,Toothbrushes,Kids Toothbrushes,Oral-B,0,,0,0
SKU1110,11-12-22,Synergix solutions ,Oral Care,Toothbrushes,Kids Toothbrushes,Oral-B,0,,0,0
SKU1110,01-02-21,Synergix solutions ,Oral Care,Toothbrushes,Kids Toothbrushes,Oral-B,0,,0,0
SKU1110,07-02-22,Synergix solutions ,Oral Care,Toothbrushes,Kids Toothbrushes,Oral-B,0,,0,0
SKU1110,3/27/2021,Synergix solutions ,Oral Care,Toothbrushes,Kids Toothbrushes,Oral-B,15853,13.38935811,1184,1043
SKU1110,3/27/2021,Synergix solutions ,Oral Care,Toothbrushes,Kids Toothbrushes,Oral-B,0,,0,0
SKU1110,9/18/2021,Synergix solutions ,Oral Care,Toothbrushes,Kids Toothbrushes,Oral-B,0,,0,0
SKU1110,01-01-22,Synergix solutions ,Oral Care,Toothbrushes,Kids Toothbrushes,Oral-B,0,,0,0
SKU1110,10/15/2022,Synergix solutions ,Oral Care,Toothbrushes,Kids Toothbrushes,Oral-B,0,,0,0
SKU1110,03-12-22,Synergix solutions ,Oral Care,Toothbrushes,Kids Toothbrushes,Oral-B,0,,0,0
SKU1110,7/30/2022,Synergix solutions ,Oral Care,Toothbrushes,Kids Toothbrushes,Oral-B,17262,21.31111111,810,1924
SKU1110,7/31/2021,Synergix solutions ,Oral Care,Toothbrushes,Kids Toothbrushes,Oral-B,26623,24.65092593,1080,2923
SKU1110,1/29/2022,Synergix solutions ,Oral Care,Toothbrushes,Kids Toothbrushes,Oral-B,25533,21.47434819,1189,3577
SKU1110,5/21/2022,Synergix solutions ,Oral Care,Toothbrushes,Kids Toothbrushes,Oral-B,20285,19.59903382,1035,4074
SKU1110,06-04-22,Synergix solutions ,Oral Care,Toothbrushes,Kids Toothbrushes,Oral-B,19457,18.51284491,1051,4236
SKU1110,5/15/2021,Synergix solutions ,Oral Care,Toothbrushes,Kids Toothbrushes,Oral-B,18331,16.94177449,1082,3505
SKU1110,12/31/2022,Synergix solutions ,Oral Care,Toothbrushes,Kids Toothbrushes,Oral-B,21849,15.0890884,1448,6603
SKU1110,10/16/2021,Synergix solutions ,Oral Care,Toothbrushes,Kids Toothbrushes,Oral-B,17763,30.62586207,580,2453
SKU1110,9/25/2021,Synergix solutions ,Oral Care,Toothbrushes,Kids Toothbrushes,Oral-B,0,24.93333333,0,0
SKU1110,8/20/2022,Synergix solutions ,Oral Care,Toothbrushes,Kids Toothbrushes,Oral-B,19538,18.34553991,1065,4143
SKU1110,03-12-22,Synergix solutions ,Oral Care,Toothbrushes,Kids Toothbrushes,Oral-B,29581,17.7237867,1669,4279
SKU1110,09-03-22,Synergix solutions ,Oral Care,Toothbrushes,Kids Toothbrushes,Oral-B,15625,24.84101749,629,1794
SKU1110,02-12-22,Synergix solutions ,Oral Care,Toothbrushes,Kids Toothbrushes,Oral-B,0,,0,0
SKU1110,4/16/2022,Synergix solutions ,Oral Care,Toothbrushes,Kids Toothbrushes,Oral-B,0,8.22972973,0,0
SKU1110,5/14/2022,Synergix solutions ,Oral Care,Toothbrushes,Kids Toothbrushes,Oral-B,0,,0,0
SKU1110,11-12-22,Synergix solutions ,Oral Care,Toothbrushes,Kids Toothbrushes,Oral-B,19432,26.58276334,731,3353
SKU1110,7/30/2022,Synergix solutions ,Oral Care,Toothbrushes,Kids Toothbrushes,Oral-B,0,,0,0
SKU1110,07-03-21,Synergix solutions ,Oral Care,Toothbrushes,Kids Toothbrushes,Oral-B,9373,36.61328125,256,1601
SKU1110,05-07-22,Synergix solutions ,Oral Care,Toothbrushes,Kids Toothbrushes,Oral-B,0,,0,0
SKU1110,06-05-21,Synergix solutions ,Oral Care,Toothbrushes,Kids Toothbrushes,Oral-B,29887,19.58519004,1526,2725
SKU1074,10-02-21,Synergix solutions ,Oral Care,Toothbrushes,Electric Toothbrushes,Philips,19367,13.31980743,1454,2938
SKU1074,1/15/2022,Synergix solutions ,Oral Care,Toothbrushes,Electric Toothbrushes,Philips,0,,0,0
SKU1074,03-06-21,Synergix solutions ,Oral Care,Toothbrushes,Electric Toothbrushes,Philips,27169,23.42155172,1160,608
SKU1074,12/17/2022,Synergix solutions ,Oral Care,Toothbrushes,Electric Toothbrushes,Philips,0,,0,0
SKU1074,5/28/2022,Synergix solutions ,Oral Care,Toothbrushes,Electric Toothbrushes,Philips,0,,0,0
SKU1074,11/20/2021,Synergix solutions ,Oral Care,Toothbrushes,Electric Toothbrushes,Philips,0,,0,0
SKU1074,04-09-22,Synergix solutions ,Oral Care,Toothbrushes,Electric Toothbrushes,Philips,30808,33.52339499,919,3939
SKU1074,12/24/2022,Synergix solutions ,Oral Care,Toothbrushes,Electric Toothbrushes,Philips,15255,21.91810345,696,1676
SKU1074,2/26/2022,Synergix solutions ,Oral Care,Toothbrushes,Electric Toothbrushes,Philips,24003,18.84065934,1274,5605
SKU1074,1/23/2021,Synergix solutions ,Oral Care,Toothbrushes,Electric Toothbrushes,Philips,35209,21.50824679,1637,3443
SKU1074,5/29/2021,Synergix solutions ,Oral Care,Toothbrushes,Electric Toothbrushes,Philips,0,,0,0
SKU1074,02-06-21,Synergix solutions ,Oral Care,Toothbrushes,Electric Toothbrushes,Philips,0,,0,0
SKU1074,12-04-21,Synergix solutions ,Oral Care,Toothbrushes,Electric Toothbrushes,Philips,0,,0,0
SKU1074,1/30/2021,Synergix solutions ,Oral Care,Toothbrushes,Electric Toothbrushes,Philips,0,,0,0
SKU1074,12-04-21,Synergix solutions ,Oral Care,Toothbrushes,Electric Toothbrushes,Philips,37632,23.89333333,1575,4051
SKU1074,9/17/2022,Synergix solutions ,Oral Care,Toothbrushes,Electric Toothbrushes,Philips,0,24.93333333,0,758
SKU1074,12/31/2022,Synergix solutions ,Oral Care,Toothbrushes,Electric Toothbrushes,Philips,24480,21.66371681,1130,4337
SKU1074,06-04-22,Synergix solutions ,Oral Care,Toothbrushes,Electric Toothbrushes,Philips,22412,23.17683557,967,1561
SKU1074,5/29/2021,Synergix solutions ,Oral Care,Toothbrushes,Electric Toothbrushes,Philips,0,,0,0
SKU1074,3/27/2021,Synergix solutions ,Oral Care,Toothbrushes,Electric Toothbrushes,Philips,29070,24.14451827,1204,4271
SKU1074,4/23/2022,Synergix solutions ,Oral Care,Toothbrushes,Electric Toothbrushes,Philips,34371,23.23935091,1479,5876
SKU1074,06-05-21,Synergix solutions ,Oral Care,Toothbrushes,Electric Toothbrushes,Philips,0,,0,0
SKU1074,03-06-21,Synergix solutions ,Oral Care,Toothbrushes,Electric Toothbrushes,Philips,0,,0,0
SKU1074,02-06-21,Synergix solutions ,Oral Care,Toothbrushes,Electric Toothbrushes,Philips,0,,0,0
SKU1074,3/19/2022,Synergix solutions ,Oral Care,Toothbrushes,Electric Toothbrushes,Philips,0,,0,0
SKU1074,02-06-21,Synergix solutions ,Oral Care,Toothbrushes,Electric Toothbrushes,Philips,6658,16.56218905,402,1659
SKU1074,10-08-22,Synergix solutions ,Oral Care,Toothbrushes,Electric Toothbrushes,Philips,42513,29.81276297,1426,3698
SKU1074,7/31/2021,Synergix solutions ,Oral Care,Toothbrushes,Electric Toothbrushes,Philips,16712,46.94382022,356,1277
SKU1074,12/24/2022,Synergix solutions ,Oral Care,Toothbrushes,Electric Toothbrushes,Philips,31081,40.78871391,762,935
SKU1074,09-11-21,Synergix solutions ,Oral Care,Toothbrushes,Electric Toothbrushes,Philips,20302,24.05450237,844,3872
SKU1074,6/18/2022,Synergix solutions ,Oral Care,Toothbrushes,Electric Toothbrushes,Philips,16842,32.01901141,526,4486
SKU1074,3/27/2021,Synergix solutions ,Oral Care,Toothbrushes,Electric Toothbrushes,Philips,0,,0,0
